===== attempt 1: /Users/marcus/conductor/workspaces/helios/wellington-v2/target/quint/guest-flow-owner/steering-recovery-resolves/attempt-1.log =====
[TLC] Compiling to TLA+ (via Apalache)...
Picked up JAVA_TOOL_OPTIONS: -XX:-UsePerfData -Djava.io.tmpdir=/Users/marcus/conductor/workspaces/helios/wellington-v2/target/quint/guest-flow-owner/steering-recovery-resolves/tmp-1
# Usage statistics is OFF. We care about your privacy.
# If you want to help our project, consider enabling statistics with config --enable-stats=true.

Output directory: /Users/marcus/conductor/workspaces/helios/wellington-v2/target/quint/guest-flow-owner/steering-recovery-resolves/_apalache-out/server/2026-10-07T08-57-54_10775715652311419019
# APALACHE version: 0.56.1 | build: 70cdaf4                       I@08:57:54.170
Starting checker server on port 33217...                          I@08:57:54.176
The Apalache server is running on port 33217. Press Ctrl-C to stop.
Oct 07, 2026 8:57:55 AM com.google.protobuf.GeneratedMessage warnPre22Gencode
WARNING: Vulnerable protobuf generated type in use: io.grpc.reflection.v1alpha.ServerReflectionRequest
As of 2022/09/29 (release 21.7) makeExtensionsImmutable should not be called from protobuf gencode. If you are seeing this message, your gencode is vulnerable to a denial of service attack. You should regenerate your code using protobuf 25.6 or later. Use the latest version that meets your needs. However, if you understand the risks and wish to continue with vulnerable gencode, you can set the system property `-Dcom.google.protobuf.use_unsafe_pre22_gencode` on the command line to silence this warning. You also can set `-Dcom.google.protobuf.error_on_unsafe_pre22_gencode` to throw an error instead. See security vulnerability: https://github.com/protocolbuffers/protobuf/security/advisories/GHSA-h4h5-3hr4-j3g2
PASS #0: SanyParser                                               I@08:57:57.866
[TLC] Running TLC model checker...

Picked up JAVA_TOOL_OPTIONS: -XX:-UsePerfData -Djava.io.tmpdir=/Users/marcus/conductor/workspaces/helios/wellington-v2/target/quint/guest-flow-owner/steering-recovery-resolves/tmp-1
TLC2 Version 2.19 of 08 August 2024
Warning: Please run the Java VM which executes TLC with a throughput optimized garbage collector by passing the "-XX:+UseParallelGC" property.
(Use the -nowarning option to disable this warning.)
Running breadth-first search Model-Checking with fp 63 and seed -2475327273195593787 with 8 workers on 8 cores with 8192MB heap and 64MB offheap memory [pid: 437411] (Linux 7.0.0-34-generic aarch64, Eclipse Adoptium 21.0.12.1 x86_64, MSBDiskFPSet, DiskStateQueue).
Parsing file /Users/marcus/conductor/workspaces/helios/wellington-v2/target/quint/guest-flow-owner/steering-recovery-resolves/tmp-1/quint-tlc-gVTahK/steer_detachLive.tla
Parsing file /Users/marcus/conductor/workspaces/helios/wellington-v2/target/quint/guest-flow-owner/steering-recovery-resolves/tmp-1/Integers.tla
Parsing file /Users/marcus/conductor/workspaces/helios/wellington-v2/target/quint/guest-flow-owner/steering-recovery-resolves/tmp-1/Sequences.tla
Parsing file /Users/marcus/conductor/workspaces/helios/wellington-v2/target/quint/guest-flow-owner/steering-recovery-resolves/tmp-1/FiniteSets.tla
Parsing file /Users/marcus/conductor/workspaces/helios/wellington-v2/target/quint/guest-flow-owner/steering-recovery-resolves/tmp-1/TLC.tla
Parsing file /Users/marcus/conductor/workspaces/helios/wellington-v2/target/quint/guest-flow-owner/steering-recovery-resolves/tmp-1/Apalache.tla
Parsing file /Users/marcus/conductor/workspaces/helios/wellington-v2/target/quint/guest-flow-owner/steering-recovery-resolves/tmp-1/Variants.tla
Parsing file /Users/marcus/conductor/workspaces/helios/wellington-v2/target/quint/guest-flow-owner/steering-recovery-resolves/tmp-1/Naturals.tla
Semantic processing of module Naturals
Semantic processing of module Integers
Semantic processing of module Sequences
Semantic processing of module FiniteSets
Semantic processing of module TLC
Semantic processing of module Apalache
Semantic processing of module Variants
Semantic processing of module steer_detachLive
Starting... (2026-10-07 08:57:59)
Implied-temporal checking--satisfiability problem has 1 branches.
Computing initial states...
Finished computing initial states: 1 distinct state generated at 2026-10-07 08:57:59.
Checking temporal properties for the current state space with 20489 total distinct states at (2026-10-07 08:58:02)
Error: Temporal properties were violated.

Error: The following behavior constitutes a counter-example:

State 1: <Initial predicate>
/\ steer_detachLive_steering_sess = FALSE
/\ steer_detachLive_steering_gen = 0
/\ steer_detachLive_steering_rules = FALSE
/\ steer_detachLive_steering_flowL = TRUE
/\ steer_detachLive_steering_g = [ routeUnverified |-> FALSE,
  refused |-> FALSE,
  actPartial |-> FALSE,
  actResidue |-> FALSE,
  actErrDone |-> FALSE,
  relListener |-> FALSE,
  reopenEarly |-> FALSE,
  repairNoHold |-> FALSE,
  resteered |-> FALSE,
  stillQuiesced |-> FALSE,
  overlapped |-> FALSE,
  revokeKept |-> FALSE,
  quiesceWidened |-> FALSE,
  gpsWidened |-> FALSE,
  quiesceFenced |-> FALSE,
  widenClose |-> FALSE,
  widenRoute |-> FALSE ]
/\ steer_detachLive_steering_boot = 0
/\ steer_detachLive_steering_att = [ IpRules |-> 0,
  GuestPrefixSteering |-> 0,
  FlowListeners |-> 0,
  LocalRoute |-> 0 ]
/\ steer_detachLive_steering_winE = 0
/\ steer_detachLive_steering_winF = 0
/\ steer_detachLive_steering_rmv = FALSE
/\ steer_detachLive_steering_win = 0
/\ steer_detachLive_steering_estab = FALSE
/\ steer_detachLive_steering_lastLS = {}
/\ steer_detachLive_steering_verified = {}
/\ steer_detachLive_steering_steerLeft = 0
/\ steer_detachLive_steering_lis = {}
/\ steer_detachLive_steering_tamper = FALSE
/\ steer_detachLive_steering_convLeft = 0
/\ steer_detachLive_steering_fenceLeft = 0
/\ steer_detachLive_steering_verSince = FALSE
/\ steer_detachLive_steering_stop = "none"
/\ steer_detachLive_steering_alloc = "Absent"
/\ steer_detachLive_steering_up = TRUE
/\ steer_detachLive_steering_latch = FALSE
/\ steer_detachLive_steering_bindLeft = 0
/\ steer_detachLive_steering_holders = {}
/\ steer_detachLive_steering_rec = [ IpRules |-> "idle",
  GuestPrefixSteering |-> "idle",
  FlowListeners |-> "idle",
  LocalRoute |-> "idle" ]
/\ steer_detachLive_steering_repLeft = 1
/\ steer_detachLive_steering_entries = {}
/\ steer_detachLive_steering_route = "absent"
/\ steer_detachLive_steering_rfn = FALSE
/\ steer_detachLive_steering_revokeLeft = 0
/\ steer_detachLive_steering_link = FALSE

State 2: <steer_detachLive_steering_BootStep line 1449, col 3 to line 1530, col 42 of module steer_detachLive>
/\ steer_detachLive_steering_sess = FALSE
/\ steer_detachLive_steering_gen = 0
/\ steer_detachLive_steering_rules = FALSE
/\ steer_detachLive_steering_flowL = TRUE
/\ steer_detachLive_steering_g = [ routeUnverified |-> FALSE,
  refused |-> FALSE,
  actPartial |-> FALSE,
  actResidue |-> FALSE,
  actErrDone |-> FALSE,
  relListener |-> FALSE,
  reopenEarly |-> FALSE,
  repairNoHold |-> FALSE,
  resteered |-> FALSE,
  stillQuiesced |-> FALSE,
  overlapped |-> FALSE,
  revokeKept |-> FALSE,
  quiesceWidened |-> FALSE,
  gpsWidened |-> FALSE,
  quiesceFenced |-> FALSE,
  widenClose |-> FALSE,
  widenRoute |-> FALSE ]
/\ steer_detachLive_steering_boot = 1
/\ steer_detachLive_steering_att = [ IpRules |-> 0,
  GuestPrefixSteering |-> 0,
  FlowListeners |-> 0,
  LocalRoute |-> 0 ]
/\ steer_detachLive_steering_winE = 0
/\ steer_detachLive_steering_winF = 0
/\ steer_detachLive_steering_rmv = FALSE
/\ steer_detachLive_steering_win = 0
/\ steer_detachLive_steering_estab = FALSE
/\ steer_detachLive_steering_lastLS = {}
/\ steer_detachLive_steering_verified = {}
/\ steer_detachLive_steering_steerLeft = 0
/\ steer_detachLive_steering_lis = {}
/\ steer_detachLive_steering_tamper = FALSE
/\ steer_detachLive_steering_convLeft = 0
/\ steer_detachLive_steering_fenceLeft = 0
/\ steer_detachLive_steering_verSince = FALSE
/\ steer_detachLive_steering_stop = "none"
/\ steer_detachLive_steering_alloc = "Absent"
/\ steer_detachLive_steering_up = TRUE
/\ steer_detachLive_steering_latch = FALSE
/\ steer_detachLive_steering_bindLeft = 0
/\ steer_detachLive_steering_holders = {}
/\ steer_detachLive_steering_rec = [ IpRules |-> "idle",
  GuestPrefixSteering |-> "idle",
  FlowListeners |-> "idle",
  LocalRoute |-> "idle" ]
/\ steer_detachLive_steering_repLeft = 1
/\ steer_detachLive_steering_entries = {}
/\ steer_detachLive_steering_route = "absent"
/\ steer_detachLive_steering_rfn = FALSE
/\ steer_detachLive_steering_revokeLeft = 0
/\ steer_detachLive_steering_link = FALSE

State 3: <steer_detachLive_steering_BootStep line 1449, col 3 to line 1530, col 42 of module steer_detachLive>
/\ steer_detachLive_steering_sess = FALSE
/\ steer_detachLive_steering_gen = 0
/\ steer_detachLive_steering_rules = TRUE
/\ steer_detachLive_steering_flowL = TRUE
/\ steer_detachLive_steering_g = [ routeUnverified |-> FALSE,
  refused |-> FALSE,
  actPartial |-> FALSE,
  actResidue |-> FALSE,
  actErrDone |-> FALSE,
  relListener |-> FALSE,
  reopenEarly |-> FALSE,
  repairNoHold |-> FALSE,
  resteered |-> FALSE,
  stillQuiesced |-> FALSE,
  overlapped |-> FALSE,
  revokeKept |-> FALSE,
  quiesceWidened |-> FALSE,
  gpsWidened |-> FALSE,
  quiesceFenced |-> FALSE,
  widenClose |-> FALSE,
  widenRoute |-> FALSE ]
/\ steer_detachLive_steering_boot = 2
/\ steer_detachLive_steering_att = [ IpRules |-> 0,
  GuestPrefixSteering |-> 0,
  FlowListeners |-> 0,
  LocalRoute |-> 0 ]
/\ steer_detachLive_steering_winE = 0
/\ steer_detachLive_steering_winF = 0
/\ steer_detachLive_steering_rmv = FALSE
/\ steer_detachLive_steering_win = 0
/\ steer_detachLive_steering_estab = FALSE
/\ steer_detachLive_steering_lastLS = {}
/\ steer_detachLive_steering_verified = {}
/\ steer_detachLive_steering_steerLeft = 0
/\ steer_detachLive_steering_lis = {}
/\ steer_detachLive_steering_tamper = FALSE
/\ steer_detachLive_steering_convLeft = 0
/\ steer_detachLive_steering_fenceLeft = 0
/\ steer_detachLive_steering_verSince = FALSE
/\ steer_detachLive_steering_stop = "none"
/\ steer_detachLive_steering_alloc = "Absent"
/\ steer_detachLive_steering_up = TRUE
/\ steer_detachLive_steering_latch = FALSE
/\ steer_detachLive_steering_bindLeft = 0
/\ steer_detachLive_steering_holders = {}
/\ steer_detachLive_steering_rec = [ IpRules |-> "idle",
  GuestPrefixSteering |-> "idle",
  FlowListeners |-> "idle",
  LocalRoute |-> "idle" ]
/\ steer_detachLive_steering_repLeft = 1
/\ steer_detachLive_steering_entries = {}
/\ steer_detachLive_steering_route = "absent"
/\ steer_detachLive_steering_rfn = FALSE
/\ steer_detachLive_steering_revokeLeft = 0
/\ steer_detachLive_steering_link = FALSE

State 4: <steer_detachLive_steering_BootStep line 1449, col 3 to line 1530, col 42 of module steer_detachLive>
/\ steer_detachLive_steering_sess = FALSE
/\ steer_detachLive_steering_gen = 0
/\ steer_detachLive_steering_rules = TRUE
/\ steer_detachLive_steering_flowL = TRUE
/\ steer_detachLive_steering_g = [ routeUnverified |-> FALSE,
  refused |-> FALSE,
  actPartial |-> FALSE,
  actResidue |-> FALSE,
  actErrDone |-> FALSE,
  relListener |-> FALSE,
  reopenEarly |-> FALSE,
  repairNoHold |-> FALSE,
  resteered |-> FALSE,
  stillQuiesced |-> FALSE,
  overlapped |-> FALSE,
  revokeKept |-> FALSE,
  quiesceWidened |-> FALSE,
  gpsWidened |-> FALSE,
  quiesceFenced |-> FALSE,
  widenClose |-> FALSE,
  widenRoute |-> FALSE ]
/\ steer_detachLive_steering_boot = 3
/\ steer_detachLive_steering_att = [ IpRules |-> 0,
  GuestPrefixSteering |-> 0,
  FlowListeners |-> 0,
  LocalRoute |-> 0 ]
/\ steer_detachLive_steering_winE = 0
/\ steer_detachLive_steering_winF = 0
/\ steer_detachLive_steering_rmv = FALSE
/\ steer_detachLive_steering_win = 0
/\ steer_detachLive_steering_estab = FALSE
/\ steer_detachLive_steering_lastLS = {}
/\ steer_detachLive_steering_verified = {}
/\ steer_detachLive_steering_steerLeft = 0
/\ steer_detachLive_steering_lis = {}
/\ steer_detachLive_steering_tamper = FALSE
/\ steer_detachLive_steering_convLeft = 0
/\ steer_detachLive_steering_fenceLeft = 0
/\ steer_detachLive_steering_verSince = FALSE
/\ steer_detachLive_steering_stop = "none"
/\ steer_detachLive_steering_alloc = "Absent"
/\ steer_detachLive_steering_up = TRUE
/\ steer_detachLive_steering_latch = FALSE
/\ steer_detachLive_steering_bindLeft = 0
/\ steer_detachLive_steering_holders = {}
/\ steer_detachLive_steering_rec = [ IpRules |-> "idle",
  GuestPrefixSteering |-> "idle",
  FlowListeners |-> "idle",
  LocalRoute |-> "idle" ]
/\ steer_detachLive_steering_repLeft = 1
/\ steer_detachLive_steering_entries = {}
/\ steer_detachLive_steering_route = "absent"
/\ steer_detachLive_steering_rfn = FALSE
/\ steer_detachLive_steering_revokeLeft = 0
/\ steer_detachLive_steering_link = TRUE

State 5: <steer_detachLive_steering_BootStep line 1449, col 3 to line 1530, col 42 of module steer_detachLive>
/\ steer_detachLive_steering_sess = FALSE
/\ steer_detachLive_steering_gen = 0
/\ steer_detachLive_steering_rules = TRUE
/\ steer_detachLive_steering_flowL = TRUE
/\ steer_detachLive_steering_g = [ routeUnverified |-> FALSE,
  refused |-> FALSE,
  actPartial |-> FALSE,
  actResidue |-> FALSE,
  actErrDone |-> FALSE,
  relListener |-> FALSE,
  reopenEarly |-> FALSE,
  repairNoHold |-> FALSE,
  resteered |-> FALSE,
  stillQuiesced |-> FALSE,
  overlapped |-> FALSE,
  revokeKept |-> FALSE,
  quiesceWidened |-> FALSE,
  gpsWidened |-> FALSE,
  quiesceFenced |-> FALSE,
  widenClose |-> FALSE,
  widenRoute |-> FALSE ]
/\ steer_detachLive_steering_boot = 4
/\ steer_detachLive_steering_att = [ IpRules |-> 0,
  GuestPrefixSteering |-> 0,
  FlowListeners |-> 0,
  LocalRoute |-> 0 ]
/\ steer_detachLive_steering_winE = 0
/\ steer_detachLive_steering_winF = 0
/\ steer_detachLive_steering_rmv = FALSE
/\ steer_detachLive_steering_win = 0
/\ steer_detachLive_steering_estab = FALSE
/\ steer_detachLive_steering_lastLS = {}
/\ steer_detachLive_steering_verified = {"boot"}
/\ steer_detachLive_steering_steerLeft = 0
/\ steer_detachLive_steering_lis = {}
/\ steer_detachLive_steering_tamper = FALSE
/\ steer_detachLive_steering_convLeft = 0
/\ steer_detachLive_steering_fenceLeft = 0
/\ steer_detachLive_steering_verSince = TRUE
/\ steer_detachLive_steering_stop = "none"
/\ steer_detachLive_steering_alloc = "Absent"
/\ steer_detachLive_steering_up = TRUE
/\ steer_detachLive_steering_latch = FALSE
/\ steer_detachLive_steering_bindLeft = 0
/\ steer_detachLive_steering_holders = {}
/\ steer_detachLive_steering_rec = [ IpRules |-> "idle",
  GuestPrefixSteering |-> "idle",
  FlowListeners |-> "idle",
  LocalRoute |-> "idle" ]
/\ steer_detachLive_steering_repLeft = 1
/\ steer_detachLive_steering_entries = {}
/\ steer_detachLive_steering_route = "absent"
/\ steer_detachLive_steering_rfn = FALSE
/\ steer_detachLive_steering_revokeLeft = 0
/\ steer_detachLive_steering_link = TRUE

State 6: <steer_detachLive_steering_RootDetach line 1813, col 3 to line 1829, col 66 of module steer_detachLive>
/\ steer_detachLive_steering_sess = FALSE
/\ steer_detachLive_steering_gen = 0
/\ steer_detachLive_steering_rules = TRUE
/\ steer_detachLive_steering_flowL = TRUE
/\ steer_detachLive_steering_g = [ routeUnverified |-> FALSE,
  refused |-> FALSE,
  actPartial |-> FALSE,
  actResidue |-> FALSE,
  actErrDone |-> FALSE,
  relListener |-> FALSE,
  reopenEarly |-> FALSE,
  repairNoHold |-> FALSE,
  resteered |-> FALSE,
  stillQuiesced |-> FALSE,
  overlapped |-> FALSE,
  revokeKept |-> FALSE,
  quiesceWidened |-> FALSE,
  gpsWidened |-> FALSE,
  quiesceFenced |-> FALSE,
  widenClose |-> FALSE,
  widenRoute |-> FALSE ]
/\ steer_detachLive_steering_boot = 4
/\ steer_detachLive_steering_att = [ IpRules |-> 0,
  GuestPrefixSteering |-> 0,
  FlowListeners |-> 0,
  LocalRoute |-> 0 ]
/\ steer_detachLive_steering_winE = 0
/\ steer_detachLive_steering_winF = 0
/\ steer_detachLive_steering_rmv = FALSE
/\ steer_detachLive_steering_win = 0
/\ steer_detachLive_steering_estab = FALSE
/\ steer_detachLive_steering_lastLS = {}
/\ steer_detachLive_steering_verified = {"boot"}
/\ steer_detachLive_steering_steerLeft = 0
/\ steer_detachLive_steering_lis = {}
/\ steer_detachLive_steering_tamper = TRUE
/\ steer_detachLive_steering_convLeft = 0
/\ steer_detachLive_steering_fenceLeft = 0
/\ steer_detachLive_steering_verSince = TRUE
/\ steer_detachLive_steering_stop = "none"
/\ steer_detachLive_steering_alloc = "Absent"
/\ steer_detachLive_steering_up = TRUE
/\ steer_detachLive_steering_latch = FALSE
/\ steer_detachLive_steering_bindLeft = 0
/\ steer_detachLive_steering_holders = {}
/\ steer_detachLive_steering_rec = [ IpRules |-> "idle",
  GuestPrefixSteering |-> "idle",
  FlowListeners |-> "idle",
  LocalRoute |-> "idle" ]
/\ steer_detachLive_steering_repLeft = 1
/\ steer_detachLive_steering_entries = {}
/\ steer_detachLive_steering_route = "absent"
/\ steer_detachLive_steering_rfn = FALSE
/\ steer_detachLive_steering_revokeLeft = 0
/\ steer_detachLive_steering_link = FALSE

State 7: <steer_detachLive_steering_BootStep line 1449, col 3 to line 1530, col 42 of module steer_detachLive>
/\ steer_detachLive_steering_sess = FALSE
/\ steer_detachLive_steering_gen = 0
/\ steer_detachLive_steering_rules = TRUE
/\ steer_detachLive_steering_flowL = TRUE
/\ steer_detachLive_steering_g = [ routeUnverified |-> FALSE,
  refused |-> FALSE,
  actPartial |-> FALSE,
  actResidue |-> FALSE,
  actErrDone |-> FALSE,
  relListener |-> FALSE,
  reopenEarly |-> FALSE,
  repairNoHold |-> FALSE,
  resteered |-> FALSE,
  stillQuiesced |-> FALSE,
  overlapped |-> FALSE,
  revokeKept |-> FALSE,
  quiesceWidened |-> FALSE,
  gpsWidened |-> FALSE,
  quiesceFenced |-> FALSE,
  widenClose |-> FALSE,
  widenRoute |-> TRUE ]
/\ steer_detachLive_steering_boot = 5
/\ steer_detachLive_steering_att = [ IpRules |-> 0,
  GuestPrefixSteering |-> 0,
  FlowListeners |-> 0,
  LocalRoute |-> 0 ]
/\ steer_detachLive_steering_winE = 0
/\ steer_detachLive_steering_winF = 0
/\ steer_detachLive_steering_rmv = FALSE
/\ steer_detachLive_steering_win = 0
/\ steer_detachLive_steering_estab = TRUE
/\ steer_detachLive_steering_lastLS = {}
/\ steer_detachLive_steering_verified = {"boot"}
/\ steer_detachLive_steering_steerLeft = 0
/\ steer_detachLive_steering_lis = {}
/\ steer_detachLive_steering_tamper = TRUE
/\ steer_detachLive_steering_convLeft = 0
/\ steer_detachLive_steering_fenceLeft = 0
/\ steer_detachLive_steering_verSince = TRUE
/\ steer_detachLive_steering_stop = "none"
/\ steer_detachLive_steering_alloc = "Absent"
/\ steer_detachLive_steering_up = TRUE
/\ steer_detachLive_steering_latch = FALSE
/\ steer_detachLive_steering_bindLeft = 0
/\ steer_detachLive_steering_holders = {}
/\ steer_detachLive_steering_rec = [ IpRules |-> "idle",
  GuestPrefixSteering |-> "idle",
  FlowListeners |-> "idle",
  LocalRoute |-> "idle" ]
/\ steer_detachLive_steering_repLeft = 1
/\ steer_detachLive_steering_entries = {}
/\ steer_detachLive_steering_route = "local"
/\ steer_detachLive_steering_rfn = FALSE
/\ steer_detachLive_steering_revokeLeft = 0
/\ steer_detachLive_steering_link = FALSE

State 8: <steer_detachLive_steering_Provision line 1676, col 3 to line 1684, col 42 of module steer_detachLive>
/\ steer_detachLive_steering_sess = FALSE
/\ steer_detachLive_steering_gen = 1
/\ steer_detachLive_steering_rules = TRUE
/\ steer_detachLive_steering_flowL = TRUE
/\ steer_detachLive_steering_g = [ routeUnverified |-> FALSE,
  refused |-> FALSE,
  actPartial |-> FALSE,
  actResidue |-> FALSE,
  actErrDone |-> FALSE,
  relListener |-> FALSE,
  reopenEarly |-> FALSE,
  repairNoHold |-> FALSE,
  resteered |-> FALSE,
  stillQuiesced |-> FALSE,
  overlapped |-> FALSE,
  revokeKept |-> FALSE,
  quiesceWidened |-> FALSE,
  gpsWidened |-> FALSE,
  quiesceFenced |-> FALSE,
  widenClose |-> FALSE,
  widenRoute |-> TRUE ]
/\ steer_detachLive_steering_boot = 5
/\ steer_detachLive_steering_att = [ IpRules |-> 0,
  GuestPrefixSteering |-> 0,
  FlowListeners |-> 0,
  LocalRoute |-> 0 ]
/\ steer_detachLive_steering_winE = 0
/\ steer_detachLive_steering_winF = 0
/\ steer_detachLive_steering_rmv = FALSE
/\ steer_detachLive_steering_win = 0
/\ steer_detachLive_steering_estab = TRUE
/\ steer_detachLive_steering_lastLS = {}
/\ steer_detachLive_steering_verified = {"boot"}
/\ steer_detachLive_steering_steerLeft = 0
/\ steer_detachLive_steering_lis = {}
/\ steer_detachLive_steering_tamper = TRUE
/\ steer_detachLive_steering_convLeft = 0
/\ steer_detachLive_steering_fenceLeft = 0
/\ steer_detachLive_steering_verSince = TRUE
/\ steer_detachLive_steering_stop = "none"
/\ steer_detachLive_steering_alloc = "Provisioned"
/\ steer_detachLive_steering_up = TRUE
/\ steer_detachLive_steering_latch = FALSE
/\ steer_detachLive_steering_bindLeft = 0
/\ steer_detachLive_steering_holders = {}
/\ steer_detachLive_steering_rec = [ IpRules |-> "idle",
  GuestPrefixSteering |-> "idle",
  FlowListeners |-> "idle",
  LocalRoute |-> "idle" ]
/\ steer_detachLive_steering_repLeft = 1
/\ steer_detachLive_steering_entries = {}
/\ steer_detachLive_steering_route = "local"
/\ steer_detachLive_steering_rfn = FALSE
/\ steer_detachLive_steering_revokeLeft = 0
/\ steer_detachLive_steering_link = FALSE

State 9: <steer_detachLive_steering_AuditFind line 1895, col 3 to line 1913, col 66 of module steer_detachLive>
/\ steer_detachLive_steering_sess = FALSE
/\ steer_detachLive_steering_gen = 1
/\ steer_detachLive_steering_rules = TRUE
/\ steer_detachLive_steering_flowL = TRUE
/\ steer_detachLive_steering_g = [ routeUnverified |-> FALSE,
  refused |-> FALSE,
  actPartial |-> FALSE,
  actResidue |-> FALSE,
  actErrDone |-> FALSE,
  relListener |-> FALSE,
  reopenEarly |-> FALSE,
  repairNoHold |-> FALSE,
  resteered |-> FALSE,
  stillQuiesced |-> FALSE,
  overlapped |-> FALSE,
  revokeKept |-> FALSE,
  quiesceWidened |-> FALSE,
  gpsWidened |-> FALSE,
  quiesceFenced |-> FALSE,
  widenClose |-> FALSE,
  widenRoute |-> TRUE ]
/\ steer_detachLive_steering_boot = 5
/\ steer_detachLive_steering_att = [ IpRules |-> 0,
  GuestPrefixSteering |-> 0,
  FlowListeners |-> 0,
  LocalRoute |-> 0 ]
/\ steer_detachLive_steering_winE = 0
/\ steer_detachLive_steering_winF = 0
/\ steer_detachLive_steering_rmv = FALSE
/\ steer_detachLive_steering_win = 1
/\ steer_detachLive_steering_estab = TRUE
/\ steer_detachLive_steering_lastLS = {}
/\ steer_detachLive_steering_verified = {"boot"}
/\ steer_detachLive_steering_steerLeft = 0
/\ steer_detachLive_steering_lis = {}
/\ steer_detachLive_steering_tamper = TRUE
/\ steer_detachLive_steering_convLeft = 0
/\ steer_detachLive_steering_fenceLeft = 0
/\ steer_detachLive_steering_verSince = TRUE
/\ steer_detachLive_steering_stop = "none"
/\ steer_detachLive_steering_alloc = "Provisioned"
/\ steer_detachLive_steering_up = TRUE
/\ steer_detachLive_steering_latch = FALSE
/\ steer_detachLive_steering_bindLeft = 0
/\ steer_detachLive_steering_holders = {}
/\ steer_detachLive_steering_rec = [ IpRules |-> "idle",
  GuestPrefixSteering |-> "found",
  FlowListeners |-> "idle",
  LocalRoute |-> "idle" ]
/\ steer_detachLive_steering_repLeft = 1
/\ steer_detachLive_steering_entries = {}
/\ steer_detachLive_steering_route = "local"
/\ steer_detachLive_steering_rfn = FALSE
/\ steer_detachLive_steering_revokeLeft = 0
/\ steer_detachLive_steering_link = FALSE

State 10: <steer_detachLive_steering_RecFence line 1919, col 3 to line 1960, col 66 of module steer_detachLive>
/\ steer_detachLive_steering_sess = FALSE
/\ steer_detachLive_steering_gen = 1
/\ steer_detachLive_steering_rules = TRUE
/\ steer_detachLive_steering_flowL = TRUE
/\ steer_detachLive_steering_g = [ routeUnverified |-> FALSE,
  refused |-> FALSE,
  actPartial |-> FALSE,
  actResidue |-> FALSE,
  actErrDone |-> FALSE,
  relListener |-> FALSE,
  reopenEarly |-> FALSE,
  repairNoHold |-> FALSE,
  resteered |-> FALSE,
  stillQuiesced |-> FALSE,
  overlapped |-> FALSE,
  revokeKept |-> FALSE,
  quiesceWidened |-> FALSE,
  gpsWidened |-> FALSE,
  quiesceFenced |-> FALSE,
  widenClose |-> FALSE,
  widenRoute |-> TRUE ]
/\ steer_detachLive_steering_boot = 5
/\ steer_detachLive_steering_att = [ IpRules |-> 0,
  GuestPrefixSteering |-> 0,
  FlowListeners |-> 0,
  LocalRoute |-> 0 ]
/\ steer_detachLive_steering_winE = 0
/\ steer_detachLive_steering_winF = 0
/\ steer_detachLive_steering_rmv = FALSE
/\ steer_detachLive_steering_win = 2
/\ steer_detachLive_steering_estab = TRUE
/\ steer_detachLive_steering_lastLS = {}
/\ steer_detachLive_steering_verified = {"boot"}
/\ steer_detachLive_steering_steerLeft = 0
/\ steer_detachLive_steering_lis = {}
/\ steer_detachLive_steering_tamper = FALSE
/\ steer_detachLive_steering_convLeft = 0
/\ steer_detachLive_steering_fenceLeft = 0
/\ steer_detachLive_steering_verSince = FALSE
/\ steer_detachLive_steering_stop = "none"
/\ steer_detachLive_steering_alloc = "Provisioned"
/\ steer_detachLive_steering_up = TRUE
/\ steer_detachLive_steering_latch = FALSE
/\ steer_detachLive_steering_bindLeft = 0
/\ steer_detachLive_steering_holders = {}
/\ steer_detachLive_steering_rec = [ IpRules |-> "idle",
  GuestPrefixSteering |-> "fenced",
  FlowListeners |-> "idle",
  LocalRoute |-> "idle" ]
/\ steer_detachLive_steering_repLeft = 1
/\ steer_detachLive_steering_entries = {}
/\ steer_detachLive_steering_route = "fence"
/\ steer_detachLive_steering_rfn = FALSE
/\ steer_detachLive_steering_revokeLeft = 0
/\ steer_detachLive_steering_link = FALSE

State 11: <steer_detachLive_steering_Crash line 1192, col 3 to line 1224, col 66 of module steer_detachLive>
/\ steer_detachLive_steering_sess = FALSE
/\ steer_detachLive_steering_gen = 1
/\ steer_detachLive_steering_rules = TRUE
/\ steer_detachLive_steering_flowL = TRUE
/\ steer_detachLive_steering_g = [ routeUnverified |-> FALSE,
  refused |-> FALSE,
  actPartial |-> FALSE,
  actResidue |-> FALSE,
  actErrDone |-> FALSE,
  relListener |-> FALSE,
  reopenEarly |-> FALSE,
  repairNoHold |-> FALSE,
  resteered |-> FALSE,
  stillQuiesced |-> FALSE,
  overlapped |-> FALSE,
  revokeKept |-> FALSE,
  quiesceWidened |-> FALSE,
  gpsWidened |-> FALSE,
  quiesceFenced |-> FALSE,
  widenClose |-> FALSE,
  widenRoute |-> TRUE ]
/\ steer_detachLive_steering_boot = 0
/\ steer_detachLive_steering_att = [ IpRules |-> 0,
  GuestPrefixSteering |-> 0,
  FlowListeners |-> 0,
  LocalRoute |-> 0 ]
/\ steer_detachLive_steering_winE = 0
/\ steer_detachLive_steering_winF = 0
/\ steer_detachLive_steering_rmv = FALSE
/\ steer_detachLive_steering_win = 0
/\ steer_detachLive_steering_estab = TRUE
/\ steer_detachLive_steering_lastLS = {}
/\ steer_detachLive_steering_verified = {}
/\ steer_detachLive_steering_steerLeft = 0
/\ steer_detachLive_steering_lis = {}
/\ steer_detachLive_steering_tamper = FALSE
/\ steer_detachLive_steering_convLeft = 0
/\ steer_detachLive_steering_fenceLeft = 0
/\ steer_detachLive_steering_verSince = FALSE
/\ steer_detachLive_steering_stop = "crash"
/\ steer_detachLive_steering_alloc = "Absent"
/\ steer_detachLive_steering_up = FALSE
/\ steer_detachLive_steering_latch = FALSE
/\ steer_detachLive_steering_bindLeft = 0
/\ steer_detachLive_steering_holders = {}
/\ steer_detachLive_steering_rec = [ IpRules |-> "idle",
  GuestPrefixSteering |-> "idle",
  FlowListeners |-> "idle",
  LocalRoute |-> "idle" ]
/\ steer_detachLive_steering_repLeft = 1
/\ steer_detachLive_steering_entries = {}
/\ steer_detachLive_steering_route = "fence"
/\ steer_detachLive_steering_rfn = FALSE
/\ steer_detachLive_steering_revokeLeft = 0
/\ steer_detachLive_steering_link = FALSE

State 12: <steer_detachLive_steering_Restart line 1773, col 3 to line 1782, col 66 of module steer_detachLive>
/\ steer_detachLive_steering_sess = FALSE
/\ steer_detachLive_steering_gen = 1
/\ steer_detachLive_steering_rules = TRUE
/\ steer_detachLive_steering_flowL = TRUE
/\ steer_detachLive_steering_g = [ routeUnverified |-> FALSE,
  refused |-> FALSE,
  actPartial |-> FALSE,
  actResidue |-> FALSE,
  actErrDone |-> FALSE,
  relListener |-> FALSE,
  reopenEarly |-> FALSE,
  repairNoHold |-> FALSE,
  resteered |-> FALSE,
  stillQuiesced |-> FALSE,
  overlapped |-> FALSE,
  revokeKept |-> FALSE,
  quiesceWidened |-> FALSE,
  gpsWidened |-> FALSE,
  quiesceFenced |-> FALSE,
  widenClose |-> FALSE,
  widenRoute |-> TRUE ]
/\ steer_detachLive_steering_boot = 0
/\ steer_detachLive_steering_att = [ IpRules |-> 0,
  GuestPrefixSteering |-> 0,
  FlowListeners |-> 0,
  LocalRoute |-> 0 ]
/\ steer_detachLive_steering_winE = 0
/\ steer_detachLive_steering_winF = 0
/\ steer_detachLive_steering_rmv = FALSE
/\ steer_detachLive_steering_win = 0
/\ steer_detachLive_steering_estab = TRUE
/\ steer_detachLive_steering_lastLS = {}
/\ steer_detachLive_steering_verified = {}
/\ steer_detachLive_steering_steerLeft = 0
/\ steer_detachLive_steering_lis = {}
/\ steer_detachLive_steering_tamper = FALSE
/\ steer_detachLive_steering_convLeft = 0
/\ steer_detachLive_steering_fenceLeft = 0
/\ steer_detachLive_steering_verSince = FALSE
/\ steer_detachLive_steering_stop = "none"
/\ steer_detachLive_steering_alloc = "Absent"
/\ steer_detachLive_steering_up = TRUE
/\ steer_detachLive_steering_latch = FALSE
/\ steer_detachLive_steering_bindLeft = 0
/\ steer_detachLive_steering_holders = {}
/\ steer_detachLive_steering_rec = [ IpRules |-> "idle",
  GuestPrefixSteering |-> "idle",
  FlowListeners |-> "idle",
  LocalRoute |-> "idle" ]
/\ steer_detachLive_steering_repLeft = 1
/\ steer_detachLive_steering_entries = {}
/\ steer_detachLive_steering_route = "fence"
/\ steer_detachLive_steering_rfn = FALSE
/\ steer_detachLive_steering_revokeLeft = 0
/\ steer_detachLive_steering_link = FALSE

State 13: <steer_detachLive_steering_BootStep line 1449, col 3 to line 1530, col 42 of module steer_detachLive>
/\ steer_detachLive_steering_sess = FALSE
/\ steer_detachLive_steering_gen = 1
/\ steer_detachLive_steering_rules = TRUE
/\ steer_detachLive_steering_flowL = TRUE
/\ steer_detachLive_steering_g = [ routeUnverified |-> FALSE,
  refused |-> FALSE,
  actPartial |-> FALSE,
  actResidue |-> FALSE,
  actErrDone |-> FALSE,
  relListener |-> FALSE,
  reopenEarly |-> FALSE,
  repairNoHold |-> FALSE,
  resteered |-> FALSE,
  stillQuiesced |-> FALSE,
  overlapped |-> FALSE,
  revokeKept |-> FALSE,
  quiesceWidened |-> FALSE,
  gpsWidened |-> FALSE,
  quiesceFenced |-> FALSE,
  widenClose |-> FALSE,
  widenRoute |-> TRUE ]
/\ steer_detachLive_steering_boot = 1
/\ steer_detachLive_steering_att = [ IpRules |-> 0,
  GuestPrefixSteering |-> 0,
  FlowListeners |-> 0,
  LocalRoute |-> 0 ]
/\ steer_detachLive_steering_winE = 0
/\ steer_detachLive_steering_winF = 0
/\ steer_detachLive_steering_rmv = FALSE
/\ steer_detachLive_steering_win = 0
/\ steer_detachLive_steering_estab = TRUE
/\ steer_detachLive_steering_lastLS = {}
/\ steer_detachLive_steering_verified = {}
/\ steer_detachLive_steering_steerLeft = 0
/\ steer_detachLive_steering_lis = {}
/\ steer_detachLive_steering_tamper = FALSE
/\ steer_detachLive_steering_convLeft = 0
/\ steer_detachLive_steering_fenceLeft = 0
/\ steer_detachLive_steering_verSince = FALSE
/\ steer_detachLive_steering_stop = "none"
/\ steer_detachLive_steering_alloc = "Absent"
/\ steer_detachLive_steering_up = TRUE
/\ steer_detachLive_steering_latch = FALSE
/\ steer_detachLive_steering_bindLeft = 0
/\ steer_detachLive_steering_holders = {}
/\ steer_detachLive_steering_rec = [ IpRules |-> "idle",
  GuestPrefixSteering |-> "idle",
  FlowListeners |-> "idle",
  LocalRoute |-> "idle" ]
/\ steer_detachLive_steering_repLeft = 1
/\ steer_detachLive_steering_entries = {}
/\ steer_detachLive_steering_route = "fence"
/\ steer_detachLive_steering_rfn = FALSE
/\ steer_detachLive_steering_revokeLeft = 0
/\ steer_detachLive_steering_link = FALSE

State 14: <steer_detachLive_steering_BootStep line 1449, col 3 to line 1530, col 42 of module steer_detachLive>
/\ steer_detachLive_steering_sess = FALSE
/\ steer_detachLive_steering_gen = 1
/\ steer_detachLive_steering_rules = TRUE
/\ steer_detachLive_steering_flowL = TRUE
/\ steer_detachLive_steering_g = [ routeUnverified |-> FALSE,
  refused |-> FALSE,
  actPartial |-> FALSE,
  actResidue |-> FALSE,
  actErrDone |-> FALSE,
  relListener |-> FALSE,
  reopenEarly |-> FALSE,
  repairNoHold |-> FALSE,
  resteered |-> FALSE,
  stillQuiesced |-> FALSE,
  overlapped |-> FALSE,
  revokeKept |-> FALSE,
  quiesceWidened |-> FALSE,
  gpsWidened |-> FALSE,
  quiesceFenced |-> FALSE,
  widenClose |-> FALSE,
  widenRoute |-> TRUE ]
/\ steer_detachLive_steering_boot = 2
/\ steer_detachLive_steering_att = [ IpRules |-> 0,
  GuestPrefixSteering |-> 0,
  FlowListeners |-> 0,
  LocalRoute |-> 0 ]
/\ steer_detachLive_steering_winE = 0
/\ steer_detachLive_steering_winF = 0
/\ steer_detachLive_steering_rmv = FALSE
/\ steer_detachLive_steering_win = 0
/\ steer_detachLive_steering_estab = TRUE
/\ steer_detachLive_steering_lastLS = {}
/\ steer_detachLive_steering_verified = {}
/\ steer_detachLive_steering_steerLeft = 0
/\ steer_detachLive_steering_lis = {}
/\ steer_detachLive_steering_tamper = FALSE
/\ steer_detachLive_steering_convLeft = 0
/\ steer_detachLive_steering_fenceLeft = 0
/\ steer_detachLive_steering_verSince = FALSE
/\ steer_detachLive_steering_stop = "none"
/\ steer_detachLive_steering_alloc = "Absent"
/\ steer_detachLive_steering_up = TRUE
/\ steer_detachLive_steering_latch = FALSE
/\ steer_detachLive_steering_bindLeft = 0
/\ steer_detachLive_steering_holders = {}
/\ steer_detachLive_steering_rec = [ IpRules |-> "idle",
  GuestPrefixSteering |-> "idle",
  FlowListeners |-> "idle",
  LocalRoute |-> "idle" ]
/\ steer_detachLive_steering_repLeft = 1
/\ steer_detachLive_steering_entries = {}
/\ steer_detachLive_steering_route = "fence"
/\ steer_detachLive_steering_rfn = FALSE
/\ steer_detachLive_steering_revokeLeft = 0
/\ steer_detachLive_steering_link = FALSE

State 15: <steer_detachLive_steering_BootStep line 1449, col 3 to line 1530, col 42 of module steer_detachLive>
/\ steer_detachLive_steering_sess = FALSE
/\ steer_detachLive_steering_gen = 1
/\ steer_detachLive_steering_rules = TRUE
/\ steer_detachLive_steering_flowL = TRUE
/\ steer_detachLive_steering_g = [ routeUnverified |-> FALSE,
  refused |-> FALSE,
  actPartial |-> FALSE,
  actResidue |-> FALSE,
  actErrDone |-> FALSE,
  relListener |-> FALSE,
  reopenEarly |-> FALSE,
  repairNoHold |-> FALSE,
  resteered |-> FALSE,
  stillQuiesced |-> FALSE,
  overlapped |-> FALSE,
  revokeKept |-> FALSE,
  quiesceWidened |-> FALSE,
  gpsWidened |-> FALSE,
  quiesceFenced |-> FALSE,
  widenClose |-> FALSE,
  widenRoute |-> TRUE ]
/\ steer_detachLive_steering_boot = 3
/\ steer_detachLive_steering_att = [ IpRules |-> 0,
  GuestPrefixSteering |-> 0,
  FlowListeners |-> 0,
  LocalRoute |-> 0 ]
/\ steer_detachLive_steering_winE = 0
/\ steer_detachLive_steering_winF = 0
/\ steer_detachLive_steering_rmv = FALSE
/\ steer_detachLive_steering_win = 0
/\ steer_detachLive_steering_estab = TRUE
/\ steer_detachLive_steering_lastLS = {}
/\ steer_detachLive_steering_verified = {}
/\ steer_detachLive_steering_steerLeft = 0
/\ steer_detachLive_steering_lis = {}
/\ steer_detachLive_steering_tamper = FALSE
/\ steer_detachLive_steering_convLeft = 0
/\ steer_detachLive_steering_fenceLeft = 0
/\ steer_detachLive_steering_verSince = FALSE
/\ steer_detachLive_steering_stop = "none"
/\ steer_detachLive_steering_alloc = "Absent"
/\ steer_detachLive_steering_up = TRUE
/\ steer_detachLive_steering_latch = FALSE
/\ steer_detachLive_steering_bindLeft = 0
/\ steer_detachLive_steering_holders = {}
/\ steer_detachLive_steering_rec = [ IpRules |-> "idle",
  GuestPrefixSteering |-> "idle",
  FlowListeners |-> "idle",
  LocalRoute |-> "idle" ]
/\ steer_detachLive_steering_repLeft = 1
/\ steer_detachLive_steering_entries = {}
/\ steer_detachLive_steering_route = "fence"
/\ steer_detachLive_steering_rfn = FALSE
/\ steer_detachLive_steering_revokeLeft = 0
/\ steer_detachLive_steering_link = TRUE

State 16: <steer_detachLive_steering_BootStep line 1449, col 3 to line 1530, col 42 of module steer_detachLive>
/\ steer_detachLive_steering_sess = FALSE
/\ steer_detachLive_steering_gen = 1
/\ steer_detachLive_steering_rules = TRUE
/\ steer_detachLive_steering_flowL = TRUE
/\ steer_detachLive_steering_g = [ routeUnverified |-> FALSE,
  refused |-> FALSE,
  actPartial |-> FALSE,
  actResidue |-> FALSE,
  actErrDone |-> FALSE,
  relListener |-> FALSE,
  reopenEarly |-> FALSE,
  repairNoHold |-> FALSE,
  resteered |-> FALSE,
  stillQuiesced |-> FALSE,
  overlapped |-> FALSE,
  revokeKept |-> FALSE,
  quiesceWidened |-> FALSE,
  gpsWidened |-> FALSE,
  quiesceFenced |-> FALSE,
  widenClose |-> FALSE,
  widenRoute |-> TRUE ]
/\ steer_detachLive_steering_boot = 4
/\ steer_detachLive_steering_att = [ IpRules |-> 0,
  GuestPrefixSteering |-> 0,
  FlowListeners |-> 0,
  LocalRoute |-> 0 ]
/\ steer_detachLive_steering_winE = 0
/\ steer_detachLive_steering_winF = 0
/\ steer_detachLive_steering_rmv = FALSE
/\ steer_detachLive_steering_win = 0
/\ steer_detachLive_steering_estab = TRUE
/\ steer_detachLive_steering_lastLS = {}
/\ steer_detachLive_steering_verified = {"boot"}
/\ steer_detachLive_steering_steerLeft = 0
/\ steer_detachLive_steering_lis = {}
/\ steer_detachLive_steering_tamper = FALSE
/\ steer_detachLive_steering_convLeft = 0
/\ steer_detachLive_steering_fenceLeft = 0
/\ steer_detachLive_steering_verSince = TRUE
/\ steer_detachLive_steering_stop = "none"
/\ steer_detachLive_steering_alloc = "Absent"
/\ steer_detachLive_steering_up = TRUE
/\ steer_detachLive_steering_latch = FALSE
/\ steer_detachLive_steering_bindLeft = 0
/\ steer_detachLive_steering_holders = {}
/\ steer_detachLive_steering_rec = [ IpRules |-> "idle",
  GuestPrefixSteering |-> "idle",
  FlowListeners |-> "idle",
  LocalRoute |-> "idle" ]
/\ steer_detachLive_steering_repLeft = 1
/\ steer_detachLive_steering_entries = {}
/\ steer_detachLive_steering_route = "fence"
/\ steer_detachLive_steering_rfn = FALSE
/\ steer_detachLive_steering_revokeLeft = 0
/\ steer_detachLive_steering_link = TRUE

State 17: <steer_detachLive_steering_RootDetach line 1813, col 3 to line 1829, col 66 of module steer_detachLive>
/\ steer_detachLive_steering_sess = FALSE
/\ steer_detachLive_steering_gen = 1
/\ steer_detachLive_steering_rules = TRUE
/\ steer_detachLive_steering_flowL = TRUE
/\ steer_detachLive_steering_g = [ routeUnverified |-> FALSE,
  refused |-> FALSE,
  actPartial |-> FALSE,
  actResidue |-> FALSE,
  actErrDone |-> FALSE,
  relListener |-> FALSE,
  reopenEarly |-> FALSE,
  repairNoHold |-> FALSE,
  resteered |-> FALSE,
  stillQuiesced |-> FALSE,
  overlapped |-> FALSE,
  revokeKept |-> FALSE,
  quiesceWidened |-> FALSE,
  gpsWidened |-> FALSE,
  quiesceFenced |-> FALSE,
  widenClose |-> FALSE,
  widenRoute |-> TRUE ]
/\ steer_detachLive_steering_boot = 4
/\ steer_detachLive_steering_att = [ IpRules |-> 0,
  GuestPrefixSteering |-> 0,
  FlowListeners |-> 0,
  LocalRoute |-> 0 ]
/\ steer_detachLive_steering_winE = 0
/\ steer_detachLive_steering_winF = 0
/\ steer_detachLive_steering_rmv = FALSE
/\ steer_detachLive_steering_win = 0
/\ steer_detachLive_steering_estab = TRUE
/\ steer_detachLive_steering_lastLS = {}
/\ steer_detachLive_steering_verified = {"boot"}
/\ steer_detachLive_steering_steerLeft = 0
/\ steer_detachLive_steering_lis = {}
/\ steer_detachLive_steering_tamper = TRUE
/\ steer_detachLive_steering_convLeft = 0
/\ steer_detachLive_steering_fenceLeft = 0
/\ steer_detachLive_steering_verSince = TRUE
/\ steer_detachLive_steering_stop = "none"
/\ steer_detachLive_steering_alloc = "Absent"
/\ steer_detachLive_steering_up = TRUE
/\ steer_detachLive_steering_latch = FALSE
/\ steer_detachLive_steering_bindLeft = 0
/\ steer_detachLive_steering_holders = {}
/\ steer_detachLive_steering_rec = [ IpRules |-> "idle",
  GuestPrefixSteering |-> "idle",
  FlowListeners |-> "idle",
  LocalRoute |-> "idle" ]
/\ steer_detachLive_steering_repLeft = 1
/\ steer_detachLive_steering_entries = {}
/\ steer_detachLive_steering_route = "fence"
/\ steer_detachLive_steering_rfn = FALSE
/\ steer_detachLive_steering_revokeLeft = 0
/\ steer_detachLive_steering_link = FALSE

State 18: <steer_detachLive_steering_BootStep line 1449, col 3 to line 1530, col 42 of module steer_detachLive>
/\ steer_detachLive_steering_sess = FALSE
/\ steer_detachLive_steering_gen = 1
/\ steer_detachLive_steering_rules = TRUE
/\ steer_detachLive_steering_flowL = TRUE
/\ steer_detachLive_steering_g = [ routeUnverified |-> FALSE,
  refused |-> FALSE,
  actPartial |-> FALSE,
  actResidue |-> FALSE,
  actErrDone |-> FALSE,
  relListener |-> FALSE,
  reopenEarly |-> FALSE,
  repairNoHold |-> FALSE,
  resteered |-> FALSE,
  stillQuiesced |-> FALSE,
  overlapped |-> FALSE,
  revokeKept |-> FALSE,
  quiesceWidened |-> FALSE,
  gpsWidened |-> FALSE,
  quiesceFenced |-> FALSE,
  widenClose |-> FALSE,
  widenRoute |-> TRUE ]
/\ steer_detachLive_steering_boot = 5
/\ steer_detachLive_steering_att = [ IpRules |-> 0,
  GuestPrefixSteering |-> 0,
  FlowListeners |-> 0,
  LocalRoute |-> 0 ]
/\ steer_detachLive_steering_winE = 0
/\ steer_detachLive_steering_winF = 0
/\ steer_detachLive_steering_rmv = FALSE
/\ steer_detachLive_steering_win = 0
/\ steer_detachLive_steering_estab = TRUE
/\ steer_detachLive_steering_lastLS = {}
/\ steer_detachLive_steering_verified = {"boot"}
/\ steer_detachLive_steering_steerLeft = 0
/\ steer_detachLive_steering_lis = {}
/\ steer_detachLive_steering_tamper = TRUE
/\ steer_detachLive_steering_convLeft = 0
/\ steer_detachLive_steering_fenceLeft = 0
/\ steer_detachLive_steering_verSince = TRUE
/\ steer_detachLive_steering_stop = "none"
/\ steer_detachLive_steering_alloc = "Absent"
/\ steer_detachLive_steering_up = TRUE
/\ steer_detachLive_steering_latch = FALSE
/\ steer_detachLive_steering_bindLeft = 0
/\ steer_detachLive_steering_holders = {}
/\ steer_detachLive_steering_rec = [ IpRules |-> "idle",
  GuestPrefixSteering |-> "idle",
  FlowListeners |-> "idle",
  LocalRoute |-> "idle" ]
/\ steer_detachLive_steering_repLeft = 1
/\ steer_detachLive_steering_entries = {}
/\ steer_detachLive_steering_route = "local"
/\ steer_detachLive_steering_rfn = FALSE
/\ steer_detachLive_steering_revokeLeft = 0
/\ steer_detachLive_steering_link = FALSE

State 19: <steer_detachLive_steering_ListenerTaskExit line 1877, col 3 to line 1889, col 66 of module steer_detachLive>
/\ steer_detachLive_steering_sess = FALSE
/\ steer_detachLive_steering_gen = 1
/\ steer_detachLive_steering_rules = TRUE
/\ steer_detachLive_steering_flowL = FALSE
/\ steer_detachLive_steering_g = [ routeUnverified |-> FALSE,
  refused |-> FALSE,
  actPartial |-> FALSE,
  actResidue |-> FALSE,
  actErrDone |-> FALSE,
  relListener |-> FALSE,
  reopenEarly |-> FALSE,
  repairNoHold |-> FALSE,
  resteered |-> FALSE,
  stillQuiesced |-> FALSE,
  overlapped |-> FALSE,
  revokeKept |-> FALSE,
  quiesceWidened |-> FALSE,
  gpsWidened |-> FALSE,
  quiesceFenced |-> FALSE,
  widenClose |-> FALSE,
  widenRoute |-> TRUE ]
/\ steer_detachLive_steering_boot = 5
/\ steer_detachLive_steering_att = [ IpRules |-> 0,
  GuestPrefixSteering |-> 0,
  FlowListeners |-> 0,
  LocalRoute |-> 0 ]
/\ steer_detachLive_steering_winE = 0
/\ steer_detachLive_steering_winF = 0
/\ steer_detachLive_steering_rmv = FALSE
/\ steer_detachLive_steering_win = 0
/\ steer_detachLive_steering_estab = TRUE
/\ steer_detachLive_steering_lastLS = {}
/\ steer_detachLive_steering_verified = {"boot"}
/\ steer_detachLive_steering_steerLeft = 0
/\ steer_detachLive_steering_lis = {}
/\ steer_detachLive_steering_tamper = TRUE
/\ steer_detachLive_steering_convLeft = 0
/\ steer_detachLive_steering_fenceLeft = 0
/\ steer_detachLive_steering_verSince = TRUE
/\ steer_detachLive_steering_stop = "none"
/\ steer_detachLive_steering_alloc = "Absent"
/\ steer_detachLive_steering_up = TRUE
/\ steer_detachLive_steering_latch = FALSE
/\ steer_detachLive_steering_bindLeft = 0
/\ steer_detachLive_steering_holders = {}
/\ steer_detachLive_steering_rec = [ IpRules |-> "idle",
  GuestPrefixSteering |-> "idle",
  FlowListeners |-> "idle",
  LocalRoute |-> "idle" ]
/\ steer_detachLive_steering_repLeft = 1
/\ steer_detachLive_steering_entries = {}
/\ steer_detachLive_steering_route = "local"
/\ steer_detachLive_steering_rfn = FALSE
/\ steer_detachLive_steering_revokeLeft = 0
/\ steer_detachLive_steering_link = FALSE

State 20: <steer_detachLive_steering_RecQuiesce line 2194, col 3 to line 2220, col 17 of module steer_detachLive>
/\ steer_detachLive_steering_sess = FALSE
/\ steer_detachLive_steering_gen = 1
/\ steer_detachLive_steering_rules = TRUE
/\ steer_detachLive_steering_flowL = FALSE
/\ steer_detachLive_steering_g = [ routeUnverified |-> FALSE,
  refused |-> FALSE,
  actPartial |-> FALSE,
  actResidue |-> FALSE,
  actErrDone |-> FALSE,
  relListener |-> FALSE,
  reopenEarly |-> FALSE,
  repairNoHold |-> FALSE,
  resteered |-> FALSE,
  stillQuiesced |-> FALSE,
  overlapped |-> FALSE,
  revokeKept |-> FALSE,
  quiesceWidened |-> FALSE,
  gpsWidened |-> FALSE,
  quiesceFenced |-> TRUE,
  widenClose |-> FALSE,
  widenRoute |-> TRUE ]
/\ steer_detachLive_steering_boot = 5
/\ steer_detachLive_steering_att = [ IpRules |-> 0,
  GuestPrefixSteering |-> 0,
  FlowListeners |-> 0,
  LocalRoute |-> 0 ]
/\ steer_detachLive_steering_winE = 0
/\ steer_detachLive_steering_winF = 0
/\ steer_detachLive_steering_rmv = FALSE
/\ steer_detachLive_steering_win = 0
/\ steer_detachLive_steering_estab = TRUE
/\ steer_detachLive_steering_lastLS = {}
/\ steer_detachLive_steering_verified = {"boot"}
/\ steer_detachLive_steering_steerLeft = 0
/\ steer_detachLive_steering_lis = {}
/\ steer_detachLive_steering_tamper = FALSE
/\ steer_detachLive_steering_convLeft = 0
/\ steer_detachLive_steering_fenceLeft = 0
/\ steer_detachLive_steering_verSince = FALSE
/\ steer_detachLive_steering_stop = "none"
/\ steer_detachLive_steering_alloc = "Absent"
/\ steer_detachLive_steering_up = TRUE
/\ steer_detachLive_steering_latch = TRUE
/\ steer_detachLive_steering_bindLeft = 0
/\ steer_detachLive_steering_holders = {"FlowListeners"}
/\ steer_detachLive_steering_rec = [ IpRules |-> "idle",
  GuestPrefixSteering |-> "idle",
  FlowListeners |-> "held",
  LocalRoute |-> "idle" ]
/\ steer_detachLive_steering_repLeft = 1
/\ steer_detachLive_steering_entries = {}
/\ steer_detachLive_steering_route = "fence"
/\ steer_detachLive_steering_rfn = FALSE
/\ steer_detachLive_steering_revokeLeft = 0
/\ steer_detachLive_steering_link = FALSE

State 21: <steer_detachLive_steering_RepConverge line 1987, col 3 to line 2035, col 66 of module steer_detachLive>
/\ steer_detachLive_steering_sess = FALSE
/\ steer_detachLive_steering_gen = 1
/\ steer_detachLive_steering_rules = TRUE
/\ steer_detachLive_steering_flowL = TRUE
/\ steer_detachLive_steering_g = [ routeUnverified |-> FALSE,
  refused |-> FALSE,
  actPartial |-> FALSE,
  actResidue |-> FALSE,
  actErrDone |-> FALSE,
  relListener |-> FALSE,
  reopenEarly |-> FALSE,
  repairNoHold |-> FALSE,
  resteered |-> FALSE,
  stillQuiesced |-> FALSE,
  overlapped |-> FALSE,
  revokeKept |-> FALSE,
  quiesceWidened |-> FALSE,
  gpsWidened |-> FALSE,
  quiesceFenced |-> TRUE,
  widenClose |-> FALSE,
  widenRoute |-> TRUE ]
/\ steer_detachLive_steering_boot = 5
/\ steer_detachLive_steering_att = [ IpRules |-> 0,
  GuestPrefixSteering |-> 0,
  FlowListeners |-> 0,
  LocalRoute |-> 0 ]
/\ steer_detachLive_steering_winE = 0
/\ steer_detachLive_steering_winF = 0
/\ steer_detachLive_steering_rmv = FALSE
/\ steer_detachLive_steering_win = 0
/\ steer_detachLive_steering_estab = TRUE
/\ steer_detachLive_steering_lastLS = {}
/\ steer_detachLive_steering_verified = {"boot"}
/\ steer_detachLive_steering_steerLeft = 0
/\ steer_detachLive_steering_lis = {}
/\ steer_detachLive_steering_tamper = FALSE
/\ steer_detachLive_steering_convLeft = 0
/\ steer_detachLive_steering_fenceLeft = 0
/\ steer_detachLive_steering_verSince = FALSE
/\ steer_detachLive_steering_stop = "none"
/\ steer_detachLive_steering_alloc = "Absent"
/\ steer_detachLive_steering_up = TRUE
/\ steer_detachLive_steering_latch = TRUE
/\ steer_detachLive_steering_bindLeft = 0
/\ steer_detachLive_steering_holders = {"FlowListeners"}
/\ steer_detachLive_steering_rec = [ IpRules |-> "idle",
  GuestPrefixSteering |-> "idle",
  FlowListeners |-> "conv",
  LocalRoute |-> "idle" ]
/\ steer_detachLive_steering_repLeft = 1
/\ steer_detachLive_steering_entries = {}
/\ steer_detachLive_steering_route = "fence"
/\ steer_detachLive_steering_rfn = FALSE
/\ steer_detachLive_steering_revokeLeft = 0
/\ steer_detachLive_steering_link = TRUE

State 22: <steer_detachLive_steering_ListenerTaskExit line 1877, col 3 to line 1889, col 66 of module steer_detachLive>
/\ steer_detachLive_steering_sess = FALSE
/\ steer_detachLive_steering_gen = 1
/\ steer_detachLive_steering_rules = TRUE
/\ steer_detachLive_steering_flowL = FALSE
/\ steer_detachLive_steering_g = [ routeUnverified |-> FALSE,
  refused |-> FALSE,
  actPartial |-> FALSE,
  actResidue |-> FALSE,
  actErrDone |-> FALSE,
  relListener |-> FALSE,
  reopenEarly |-> FALSE,
  repairNoHold |-> FALSE,
  resteered |-> FALSE,
  stillQuiesced |-> FALSE,
  overlapped |-> FALSE,
  revokeKept |-> FALSE,
  quiesceWidened |-> FALSE,
  gpsWidened |-> FALSE,
  quiesceFenced |-> TRUE,
  widenClose |-> FALSE,
  widenRoute |-> TRUE ]
/\ steer_detachLive_steering_boot = 5
/\ steer_detachLive_steering_att = [ IpRules |-> 0,
  GuestPrefixSteering |-> 0,
  FlowListeners |-> 0,
  LocalRoute |-> 0 ]
/\ steer_detachLive_steering_winE = 0
/\ steer_detachLive_steering_winF = 0
/\ steer_detachLive_steering_rmv = FALSE
/\ steer_detachLive_steering_win = 0
/\ steer_detachLive_steering_estab = TRUE
/\ steer_detachLive_steering_lastLS = {}
/\ steer_detachLive_steering_verified = {"boot"}
/\ steer_detachLive_steering_steerLeft = 0
/\ steer_detachLive_steering_lis = {}
/\ steer_detachLive_steering_tamper = FALSE
/\ steer_detachLive_steering_convLeft = 0
/\ steer_detachLive_steering_fenceLeft = 0
/\ steer_detachLive_steering_verSince = FALSE
/\ steer_detachLive_steering_stop = "none"
/\ steer_detachLive_steering_alloc = "Absent"
/\ steer_detachLive_steering_up = TRUE
/\ steer_detachLive_steering_latch = TRUE
/\ steer_detachLive_steering_bindLeft = 0
/\ steer_detachLive_steering_holders = {"FlowListeners"}
/\ steer_detachLive_steering_rec = [ IpRules |-> "idle",
  GuestPrefixSteering |-> "idle",
  FlowListeners |-> "conv",
  LocalRoute |-> "idle" ]
/\ steer_detachLive_steering_repLeft = 1
/\ steer_detachLive_steering_entries = {}
/\ steer_detachLive_steering_route = "fence"
/\ steer_detachLive_steering_rfn = FALSE
/\ steer_detachLive_steering_revokeLeft = 0
/\ steer_detachLive_steering_link = TRUE

State 23: <steer_detachLive_steering_RepFail line 2041, col 3 to line 2073, col 66 of module steer_detachLive>
/\ steer_detachLive_steering_sess = FALSE
/\ steer_detachLive_steering_gen = 1
/\ steer_detachLive_steering_rules = TRUE
/\ steer_detachLive_steering_flowL = FALSE
/\ steer_detachLive_steering_g = [ routeUnverified |-> FALSE,
  refused |-> FALSE,
  actPartial |-> FALSE,
  actResidue |-> FALSE,
  actErrDone |-> FALSE,
  relListener |-> FALSE,
  reopenEarly |-> FALSE,
  repairNoHold |-> FALSE,
  resteered |-> FALSE,
  stillQuiesced |-> FALSE,
  overlapped |-> FALSE,
  revokeKept |-> FALSE,
  quiesceWidened |-> FALSE,
  gpsWidened |-> FALSE,
  quiesceFenced |-> TRUE,
  widenClose |-> FALSE,
  widenRoute |-> TRUE ]
/\ steer_detachLive_steering_boot = 5
/\ steer_detachLive_steering_att = [ IpRules |-> 0,
  GuestPrefixSteering |-> 0,
  FlowListeners |-> 1,
  LocalRoute |-> 0 ]
/\ steer_detachLive_steering_winE = 0
/\ steer_detachLive_steering_winF = 0
/\ steer_detachLive_steering_rmv = FALSE
/\ steer_detachLive_steering_win = 0
/\ steer_detachLive_steering_estab = TRUE
/\ steer_detachLive_steering_lastLS = {}
/\ steer_detachLive_steering_verified = {"boot"}
/\ steer_detachLive_steering_steerLeft = 0
/\ steer_detachLive_steering_lis = {}
/\ steer_detachLive_steering_tamper = FALSE
/\ steer_detachLive_steering_convLeft = 0
/\ steer_detachLive_steering_fenceLeft = 0
/\ steer_detachLive_steering_verSince = FALSE
/\ steer_detachLive_steering_stop = "none"
/\ steer_detachLive_steering_alloc = "Absent"
/\ steer_detachLive_steering_up = TRUE
/\ steer_detachLive_steering_latch = TRUE
/\ steer_detachLive_steering_bindLeft = 0
/\ steer_detachLive_steering_holders = {"FlowListeners"}
/\ steer_detachLive_steering_rec = [ IpRules |-> "idle",
  GuestPrefixSteering |-> "idle",
  FlowListeners |-> "held",
  LocalRoute |-> "idle" ]
/\ steer_detachLive_steering_repLeft = 0
/\ steer_detachLive_steering_entries = {}
/\ steer_detachLive_steering_route = "fence"
/\ steer_detachLive_steering_rfn = FALSE
/\ steer_detachLive_steering_revokeLeft = 0
/\ steer_detachLive_steering_link = TRUE

State 24: <steer_detachLive_steering_RecQuiesce line 2194, col 3 to line 2220, col 17 of module steer_detachLive>
/\ steer_detachLive_steering_sess = FALSE
/\ steer_detachLive_steering_gen = 1
/\ steer_detachLive_steering_rules = TRUE
/\ steer_detachLive_steering_flowL = FALSE
/\ steer_detachLive_steering_g = [ routeUnverified |-> FALSE,
  refused |-> FALSE,
  actPartial |-> FALSE,
  actResidue |-> FALSE,
  actErrDone |-> FALSE,
  relListener |-> FALSE,
  reopenEarly |-> FALSE,
  repairNoHold |-> FALSE,
  resteered |-> FALSE,
  stillQuiesced |-> FALSE,
  overlapped |-> TRUE,
  revokeKept |-> FALSE,
  quiesceWidened |-> FALSE,
  gpsWidened |-> FALSE,
  quiesceFenced |-> TRUE,
  widenClose |-> FALSE,
  widenRoute |-> TRUE ]
/\ steer_detachLive_steering_boot = 5
/\ steer_detachLive_steering_att = [ IpRules |-> 0,
  GuestPrefixSteering |-> 0,
  FlowListeners |-> 1,
  LocalRoute |-> 0 ]
/\ steer_detachLive_steering_winE = 0
/\ steer_detachLive_steering_winF = 0
/\ steer_detachLive_steering_rmv = FALSE
/\ steer_detachLive_steering_win = 0
/\ steer_detachLive_steering_estab = TRUE
/\ steer_detachLive_steering_lastLS = {}
/\ steer_detachLive_steering_verified = {"boot"}
/\ steer_detachLive_steering_steerLeft = 0
/\ steer_detachLive_steering_lis = {}
/\ steer_detachLive_steering_tamper = FALSE
/\ steer_detachLive_steering_convLeft = 0
/\ steer_detachLive_steering_fenceLeft = 0
/\ steer_detachLive_steering_verSince = FALSE
/\ steer_detachLive_steering_stop = "none"
/\ steer_detachLive_steering_alloc = "Absent"
/\ steer_detachLive_steering_up = TRUE
/\ steer_detachLive_steering_latch = TRUE
/\ steer_detachLive_steering_bindLeft = 0
/\ steer_detachLive_steering_holders = {"FlowListeners", "LocalRoute"}
/\ steer_detachLive_steering_rec = [ IpRules |-> "idle",
  GuestPrefixSteering |-> "idle",
  FlowListeners |-> "held",
  LocalRoute |-> "held" ]
/\ steer_detachLive_steering_repLeft = 0
/\ steer_detachLive_steering_entries = {}
/\ steer_detachLive_steering_route = "fence"
/\ steer_detachLive_steering_rfn = FALSE
/\ steer_detachLive_steering_revokeLeft = 0
/\ steer_detachLive_steering_link = TRUE

State 25: Stuttering
Finished checking temporal properties in 00s at 2026-10-07 08:58:02
268868 states generated, 20489 distinct states found, 8291 states left on queue.
Finished in 03s at (2026-10-07 08:58:02)

[violation] Found an issue (3919ms).
error: found a counterexample

===== /Users/marcus/conductor/workspaces/helios/wellington-v2/target/quint/guest-flow-owner/steering-recovery-resolves/events.log =====
1791356257.737 attempt 1 start pgid=437244 port=33217 timeout=900s log=/Users/marcus/conductor/workspaces/helios/wellington-v2/target/quint/guest-flow-owner/steering-recovery-resolves/attempt-1.log
1791356283.091 attempt 1 end Exited { success: false } after 25.7s; group 437244 killed; verdict Final { outcome: Violation, cause: None }
