===== attempt 1: /Users/marcus/conductor/workspaces/helios/wellington-v2/target/quint/guest-flow-owner/steering-repair-forever-resolves/attempt-1.log =====
[TLC] Compiling to TLA+ (via Apalache)...
Picked up JAVA_TOOL_OPTIONS: -XX:-UsePerfData -Djava.io.tmpdir=/Users/marcus/conductor/workspaces/helios/wellington-v2/target/quint/guest-flow-owner/steering-repair-forever-resolves/tmp-1
# Usage statistics is OFF. We care about your privacy.
# If you want to help our project, consider enabling statistics with config --enable-stats=true.

Output directory: /Users/marcus/conductor/workspaces/helios/wellington-v2/target/quint/guest-flow-owner/steering-repair-forever-resolves/_apalache-out/server/2026-10-07T08-57-57_9373789355650302681
# APALACHE version: 0.56.1 | build: 70cdaf4                       I@08:57:58.004
Starting checker server on port 45617...                          I@08:57:58.010
The Apalache server is running on port 45617. Press Ctrl-C to stop.
Oct 07, 2026 8:57:59 AM com.google.protobuf.GeneratedMessage warnPre22Gencode
WARNING: Vulnerable protobuf generated type in use: io.grpc.reflection.v1alpha.ServerReflectionRequest
As of 2022/09/29 (release 21.7) makeExtensionsImmutable should not be called from protobuf gencode. If you are seeing this message, your gencode is vulnerable to a denial of service attack. You should regenerate your code using protobuf 25.6 or later. Use the latest version that meets your needs. However, if you understand the risks and wish to continue with vulnerable gencode, you can set the system property `-Dcom.google.protobuf.use_unsafe_pre22_gencode` on the command line to silence this warning. You also can set `-Dcom.google.protobuf.error_on_unsafe_pre22_gencode` to throw an error instead. See security vulnerability: https://github.com/protocolbuffers/protobuf/security/advisories/GHSA-h4h5-3hr4-j3g2
PASS #0: SanyParser                                               I@08:58:03.314
[TLC] Running TLC model checker...

Picked up JAVA_TOOL_OPTIONS: -XX:-UsePerfData -Djava.io.tmpdir=/Users/marcus/conductor/workspaces/helios/wellington-v2/target/quint/guest-flow-owner/steering-repair-forever-resolves/tmp-1
TLC2 Version 2.19 of 08 August 2024
Warning: Please run the Java VM which executes TLC with a throughput optimized garbage collector by passing the "-XX:+UseParallelGC" property.
(Use the -nowarning option to disable this warning.)
Running breadth-first search Model-Checking with fp 1 and seed 3959517030436255331 with 8 workers on 8 cores with 8192MB heap and 64MB offheap memory [pid: 437490] (Linux 7.0.0-34-generic aarch64, Eclipse Adoptium 21.0.12.1 x86_64, MSBDiskFPSet, DiskStateQueue).
Parsing file /Users/marcus/conductor/workspaces/helios/wellington-v2/target/quint/guest-flow-owner/steering-repair-forever-resolves/tmp-1/quint-tlc-DBdHBi/steer_repairForever.tla
Parsing file /Users/marcus/conductor/workspaces/helios/wellington-v2/target/quint/guest-flow-owner/steering-repair-forever-resolves/tmp-1/Integers.tla
Parsing file /Users/marcus/conductor/workspaces/helios/wellington-v2/target/quint/guest-flow-owner/steering-repair-forever-resolves/tmp-1/Sequences.tla
Parsing file /Users/marcus/conductor/workspaces/helios/wellington-v2/target/quint/guest-flow-owner/steering-repair-forever-resolves/tmp-1/FiniteSets.tla
Parsing file /Users/marcus/conductor/workspaces/helios/wellington-v2/target/quint/guest-flow-owner/steering-repair-forever-resolves/tmp-1/TLC.tla
Parsing file /Users/marcus/conductor/workspaces/helios/wellington-v2/target/quint/guest-flow-owner/steering-repair-forever-resolves/tmp-1/Apalache.tla
Parsing file /Users/marcus/conductor/workspaces/helios/wellington-v2/target/quint/guest-flow-owner/steering-repair-forever-resolves/tmp-1/Variants.tla
Parsing file /Users/marcus/conductor/workspaces/helios/wellington-v2/target/quint/guest-flow-owner/steering-repair-forever-resolves/tmp-1/Naturals.tla
Semantic processing of module Naturals
Semantic processing of module Integers
Semantic processing of module Sequences
Semantic processing of module FiniteSets
Semantic processing of module TLC
Semantic processing of module Apalache
Semantic processing of module Variants
Semantic processing of module steer_repairForever
Starting... (2026-10-07 08:58:04)
Implied-temporal checking--satisfiability problem has 1 branches.
Computing initial states...
Finished computing initial states: 1 distinct state generated at 2026-10-07 08:58:04.
Checking temporal properties for the current state space with 29356 total distinct states at (2026-10-07 08:58:07)
Error: Temporal properties were violated.

Error: The following behavior constitutes a counter-example:

State 1: <Initial predicate>
/\ steer_repairForever_steering_gen = 0
/\ steer_repairForever_steering_convLeft = 0
/\ steer_repairForever_steering_fenceLeft = 0
/\ steer_repairForever_steering_route = "absent"
/\ steer_repairForever_steering_lastLS = {}
/\ steer_repairForever_steering_att = [ IpRules |-> 0,
  GuestPrefixSteering |-> 0,
  FlowListeners |-> 0,
  LocalRoute |-> 0 ]
/\ steer_repairForever_steering_rmv = FALSE
/\ steer_repairForever_steering_g = [ routeUnverified |-> FALSE,
  refused |-> FALSE,
  actPartial |-> FALSE,
  actResidue |-> FALSE,
  actErrDone |-> FALSE,
  relListener |-> FALSE,
  reopenEarly |-> FALSE,
  repairNoHold |-> FALSE,
  resteered |-> FALSE,
  stillQuiesced |-> FALSE,
  overlapped |-> FALSE,
  revokeKept |-> FALSE,
  quiesceWidened |-> FALSE,
  gpsWidened |-> FALSE,
  quiesceFenced |-> FALSE,
  widenClose |-> FALSE,
  widenRoute |-> FALSE ]
/\ steer_repairForever_steering_verSince = FALSE
/\ steer_repairForever_steering_win = 0
/\ steer_repairForever_steering_tamper = FALSE
/\ steer_repairForever_steering_rules = FALSE
/\ steer_repairForever_steering_link = FALSE
/\ steer_repairForever_steering_flowL = TRUE
/\ steer_repairForever_steering_bindLeft = 0
/\ steer_repairForever_steering_sess = FALSE
/\ steer_repairForever_steering_entries = {}
/\ steer_repairForever_steering_boot = 0
/\ steer_repairForever_steering_lis = {}
/\ steer_repairForever_steering_winE = 0
/\ steer_repairForever_steering_winF = 0
/\ steer_repairForever_steering_estab = FALSE
/\ steer_repairForever_steering_revokeLeft = 0
/\ steer_repairForever_steering_up = TRUE
/\ steer_repairForever_steering_holders = {}
/\ steer_repairForever_steering_repLeft = 0
/\ steer_repairForever_steering_rec = [ IpRules |-> "idle",
  GuestPrefixSteering |-> "idle",
  FlowListeners |-> "idle",
  LocalRoute |-> "idle" ]
/\ steer_repairForever_steering_rfn = FALSE
/\ steer_repairForever_steering_alloc = "Absent"
/\ steer_repairForever_steering_steerLeft = 0
/\ steer_repairForever_steering_latch = FALSE
/\ steer_repairForever_steering_stop = "none"
/\ steer_repairForever_steering_verified = {}

State 2: <steer_repairForever_steering_BootStep line 1520, col 3 to line 1615, col 45 of module steer_repairForever>
/\ steer_repairForever_steering_gen = 0
/\ steer_repairForever_steering_convLeft = 0
/\ steer_repairForever_steering_fenceLeft = 0
/\ steer_repairForever_steering_route = "absent"
/\ steer_repairForever_steering_lastLS = {}
/\ steer_repairForever_steering_att = [ IpRules |-> 0,
  GuestPrefixSteering |-> 0,
  FlowListeners |-> 0,
  LocalRoute |-> 0 ]
/\ steer_repairForever_steering_rmv = FALSE
/\ steer_repairForever_steering_g = [ routeUnverified |-> FALSE,
  refused |-> FALSE,
  actPartial |-> FALSE,
  actResidue |-> FALSE,
  actErrDone |-> FALSE,
  relListener |-> FALSE,
  reopenEarly |-> FALSE,
  repairNoHold |-> FALSE,
  resteered |-> FALSE,
  stillQuiesced |-> FALSE,
  overlapped |-> FALSE,
  revokeKept |-> FALSE,
  quiesceWidened |-> FALSE,
  gpsWidened |-> FALSE,
  quiesceFenced |-> FALSE,
  widenClose |-> FALSE,
  widenRoute |-> FALSE ]
/\ steer_repairForever_steering_verSince = FALSE
/\ steer_repairForever_steering_win = 0
/\ steer_repairForever_steering_tamper = FALSE
/\ steer_repairForever_steering_rules = FALSE
/\ steer_repairForever_steering_link = FALSE
/\ steer_repairForever_steering_flowL = TRUE
/\ steer_repairForever_steering_bindLeft = 0
/\ steer_repairForever_steering_sess = FALSE
/\ steer_repairForever_steering_entries = {}
/\ steer_repairForever_steering_boot = 1
/\ steer_repairForever_steering_lis = {}
/\ steer_repairForever_steering_winE = 0
/\ steer_repairForever_steering_winF = 0
/\ steer_repairForever_steering_estab = FALSE
/\ steer_repairForever_steering_revokeLeft = 0
/\ steer_repairForever_steering_up = TRUE
/\ steer_repairForever_steering_holders = {}
/\ steer_repairForever_steering_repLeft = 0
/\ steer_repairForever_steering_rec = [ IpRules |-> "idle",
  GuestPrefixSteering |-> "idle",
  FlowListeners |-> "idle",
  LocalRoute |-> "idle" ]
/\ steer_repairForever_steering_rfn = FALSE
/\ steer_repairForever_steering_alloc = "Absent"
/\ steer_repairForever_steering_steerLeft = 0
/\ steer_repairForever_steering_latch = FALSE
/\ steer_repairForever_steering_stop = "none"
/\ steer_repairForever_steering_verified = {}

State 3: <steer_repairForever_steering_BootStep line 1520, col 3 to line 1615, col 45 of module steer_repairForever>
/\ steer_repairForever_steering_gen = 0
/\ steer_repairForever_steering_convLeft = 0
/\ steer_repairForever_steering_fenceLeft = 0
/\ steer_repairForever_steering_route = "absent"
/\ steer_repairForever_steering_lastLS = {}
/\ steer_repairForever_steering_att = [ IpRules |-> 0,
  GuestPrefixSteering |-> 0,
  FlowListeners |-> 0,
  LocalRoute |-> 0 ]
/\ steer_repairForever_steering_rmv = FALSE
/\ steer_repairForever_steering_g = [ routeUnverified |-> FALSE,
  refused |-> FALSE,
  actPartial |-> FALSE,
  actResidue |-> FALSE,
  actErrDone |-> FALSE,
  relListener |-> FALSE,
  reopenEarly |-> FALSE,
  repairNoHold |-> FALSE,
  resteered |-> FALSE,
  stillQuiesced |-> FALSE,
  overlapped |-> FALSE,
  revokeKept |-> FALSE,
  quiesceWidened |-> FALSE,
  gpsWidened |-> FALSE,
  quiesceFenced |-> FALSE,
  widenClose |-> FALSE,
  widenRoute |-> FALSE ]
/\ steer_repairForever_steering_verSince = FALSE
/\ steer_repairForever_steering_win = 0
/\ steer_repairForever_steering_tamper = FALSE
/\ steer_repairForever_steering_rules = TRUE
/\ steer_repairForever_steering_link = FALSE
/\ steer_repairForever_steering_flowL = TRUE
/\ steer_repairForever_steering_bindLeft = 0
/\ steer_repairForever_steering_sess = FALSE
/\ steer_repairForever_steering_entries = {}
/\ steer_repairForever_steering_boot = 2
/\ steer_repairForever_steering_lis = {}
/\ steer_repairForever_steering_winE = 0
/\ steer_repairForever_steering_winF = 0
/\ steer_repairForever_steering_estab = FALSE
/\ steer_repairForever_steering_revokeLeft = 0
/\ steer_repairForever_steering_up = TRUE
/\ steer_repairForever_steering_holders = {}
/\ steer_repairForever_steering_repLeft = 0
/\ steer_repairForever_steering_rec = [ IpRules |-> "idle",
  GuestPrefixSteering |-> "idle",
  FlowListeners |-> "idle",
  LocalRoute |-> "idle" ]
/\ steer_repairForever_steering_rfn = FALSE
/\ steer_repairForever_steering_alloc = "Absent"
/\ steer_repairForever_steering_steerLeft = 0
/\ steer_repairForever_steering_latch = FALSE
/\ steer_repairForever_steering_stop = "none"
/\ steer_repairForever_steering_verified = {}

State 4: <steer_repairForever_steering_BootStep line 1520, col 3 to line 1615, col 45 of module steer_repairForever>
/\ steer_repairForever_steering_gen = 0
/\ steer_repairForever_steering_convLeft = 0
/\ steer_repairForever_steering_fenceLeft = 0
/\ steer_repairForever_steering_route = "absent"
/\ steer_repairForever_steering_lastLS = {}
/\ steer_repairForever_steering_att = [ IpRules |-> 0,
  GuestPrefixSteering |-> 0,
  FlowListeners |-> 0,
  LocalRoute |-> 0 ]
/\ steer_repairForever_steering_rmv = FALSE
/\ steer_repairForever_steering_g = [ routeUnverified |-> FALSE,
  refused |-> FALSE,
  actPartial |-> FALSE,
  actResidue |-> FALSE,
  actErrDone |-> FALSE,
  relListener |-> FALSE,
  reopenEarly |-> FALSE,
  repairNoHold |-> FALSE,
  resteered |-> FALSE,
  stillQuiesced |-> FALSE,
  overlapped |-> FALSE,
  revokeKept |-> FALSE,
  quiesceWidened |-> FALSE,
  gpsWidened |-> FALSE,
  quiesceFenced |-> FALSE,
  widenClose |-> FALSE,
  widenRoute |-> FALSE ]
/\ steer_repairForever_steering_verSince = FALSE
/\ steer_repairForever_steering_win = 0
/\ steer_repairForever_steering_tamper = FALSE
/\ steer_repairForever_steering_rules = TRUE
/\ steer_repairForever_steering_link = TRUE
/\ steer_repairForever_steering_flowL = TRUE
/\ steer_repairForever_steering_bindLeft = 0
/\ steer_repairForever_steering_sess = FALSE
/\ steer_repairForever_steering_entries = {}
/\ steer_repairForever_steering_boot = 3
/\ steer_repairForever_steering_lis = {}
/\ steer_repairForever_steering_winE = 0
/\ steer_repairForever_steering_winF = 0
/\ steer_repairForever_steering_estab = FALSE
/\ steer_repairForever_steering_revokeLeft = 0
/\ steer_repairForever_steering_up = TRUE
/\ steer_repairForever_steering_holders = {}
/\ steer_repairForever_steering_repLeft = 0
/\ steer_repairForever_steering_rec = [ IpRules |-> "idle",
  GuestPrefixSteering |-> "idle",
  FlowListeners |-> "idle",
  LocalRoute |-> "idle" ]
/\ steer_repairForever_steering_rfn = FALSE
/\ steer_repairForever_steering_alloc = "Absent"
/\ steer_repairForever_steering_steerLeft = 0
/\ steer_repairForever_steering_latch = FALSE
/\ steer_repairForever_steering_stop = "none"
/\ steer_repairForever_steering_verified = {}

State 5: <steer_repairForever_steering_BootStep line 1520, col 3 to line 1615, col 45 of module steer_repairForever>
/\ steer_repairForever_steering_gen = 0
/\ steer_repairForever_steering_convLeft = 0
/\ steer_repairForever_steering_fenceLeft = 0
/\ steer_repairForever_steering_route = "absent"
/\ steer_repairForever_steering_lastLS = {}
/\ steer_repairForever_steering_att = [ IpRules |-> 0,
  GuestPrefixSteering |-> 0,
  FlowListeners |-> 0,
  LocalRoute |-> 0 ]
/\ steer_repairForever_steering_rmv = FALSE
/\ steer_repairForever_steering_g = [ routeUnverified |-> FALSE,
  refused |-> FALSE,
  actPartial |-> FALSE,
  actResidue |-> FALSE,
  actErrDone |-> FALSE,
  relListener |-> FALSE,
  reopenEarly |-> FALSE,
  repairNoHold |-> FALSE,
  resteered |-> FALSE,
  stillQuiesced |-> FALSE,
  overlapped |-> FALSE,
  revokeKept |-> FALSE,
  quiesceWidened |-> FALSE,
  gpsWidened |-> FALSE,
  quiesceFenced |-> FALSE,
  widenClose |-> FALSE,
  widenRoute |-> FALSE ]
/\ steer_repairForever_steering_verSince = TRUE
/\ steer_repairForever_steering_win = 0
/\ steer_repairForever_steering_tamper = FALSE
/\ steer_repairForever_steering_rules = TRUE
/\ steer_repairForever_steering_link = TRUE
/\ steer_repairForever_steering_flowL = TRUE
/\ steer_repairForever_steering_bindLeft = 0
/\ steer_repairForever_steering_sess = FALSE
/\ steer_repairForever_steering_entries = {}
/\ steer_repairForever_steering_boot = 4
/\ steer_repairForever_steering_lis = {}
/\ steer_repairForever_steering_winE = 0
/\ steer_repairForever_steering_winF = 0
/\ steer_repairForever_steering_estab = FALSE
/\ steer_repairForever_steering_revokeLeft = 0
/\ steer_repairForever_steering_up = TRUE
/\ steer_repairForever_steering_holders = {}
/\ steer_repairForever_steering_repLeft = 0
/\ steer_repairForever_steering_rec = [ IpRules |-> "idle",
  GuestPrefixSteering |-> "idle",
  FlowListeners |-> "idle",
  LocalRoute |-> "idle" ]
/\ steer_repairForever_steering_rfn = FALSE
/\ steer_repairForever_steering_alloc = "Absent"
/\ steer_repairForever_steering_steerLeft = 0
/\ steer_repairForever_steering_latch = FALSE
/\ steer_repairForever_steering_stop = "none"
/\ steer_repairForever_steering_verified = {"boot"}

State 6: <steer_repairForever_steering_BootStep line 1520, col 3 to line 1615, col 45 of module steer_repairForever>
/\ steer_repairForever_steering_gen = 0
/\ steer_repairForever_steering_convLeft = 0
/\ steer_repairForever_steering_fenceLeft = 0
/\ steer_repairForever_steering_route = "local"
/\ steer_repairForever_steering_lastLS = {}
/\ steer_repairForever_steering_att = [ IpRules |-> 0,
  GuestPrefixSteering |-> 0,
  FlowListeners |-> 0,
  LocalRoute |-> 0 ]
/\ steer_repairForever_steering_rmv = FALSE
/\ steer_repairForever_steering_g = [ routeUnverified |-> FALSE,
  refused |-> FALSE,
  actPartial |-> FALSE,
  actResidue |-> FALSE,
  actErrDone |-> FALSE,
  relListener |-> FALSE,
  reopenEarly |-> FALSE,
  repairNoHold |-> FALSE,
  resteered |-> FALSE,
  stillQuiesced |-> FALSE,
  overlapped |-> FALSE,
  revokeKept |-> FALSE,
  quiesceWidened |-> FALSE,
  gpsWidened |-> FALSE,
  quiesceFenced |-> FALSE,
  widenClose |-> FALSE,
  widenRoute |-> FALSE ]
/\ steer_repairForever_steering_verSince = TRUE
/\ steer_repairForever_steering_win = 0
/\ steer_repairForever_steering_tamper = FALSE
/\ steer_repairForever_steering_rules = TRUE
/\ steer_repairForever_steering_link = TRUE
/\ steer_repairForever_steering_flowL = TRUE
/\ steer_repairForever_steering_bindLeft = 0
/\ steer_repairForever_steering_sess = FALSE
/\ steer_repairForever_steering_entries = {}
/\ steer_repairForever_steering_boot = 5
/\ steer_repairForever_steering_lis = {}
/\ steer_repairForever_steering_winE = 0
/\ steer_repairForever_steering_winF = 0
/\ steer_repairForever_steering_estab = TRUE
/\ steer_repairForever_steering_revokeLeft = 0
/\ steer_repairForever_steering_up = TRUE
/\ steer_repairForever_steering_holders = {}
/\ steer_repairForever_steering_repLeft = 0
/\ steer_repairForever_steering_rec = [ IpRules |-> "idle",
  GuestPrefixSteering |-> "idle",
  FlowListeners |-> "idle",
  LocalRoute |-> "idle" ]
/\ steer_repairForever_steering_rfn = FALSE
/\ steer_repairForever_steering_alloc = "Absent"
/\ steer_repairForever_steering_steerLeft = 0
/\ steer_repairForever_steering_latch = FALSE
/\ steer_repairForever_steering_stop = "none"
/\ steer_repairForever_steering_verified = {"boot"}

State 7: <steer_repairForever_steering_RootDetach line 1916, col 3 to line 1934, col 72 of module steer_repairForever>
/\ steer_repairForever_steering_gen = 0
/\ steer_repairForever_steering_convLeft = 0
/\ steer_repairForever_steering_fenceLeft = 0
/\ steer_repairForever_steering_route = "local"
/\ steer_repairForever_steering_lastLS = {}
/\ steer_repairForever_steering_att = [ IpRules |-> 0,
  GuestPrefixSteering |-> 0,
  FlowListeners |-> 0,
  LocalRoute |-> 0 ]
/\ steer_repairForever_steering_rmv = FALSE
/\ steer_repairForever_steering_g = [ routeUnverified |-> FALSE,
  refused |-> FALSE,
  actPartial |-> FALSE,
  actResidue |-> FALSE,
  actErrDone |-> FALSE,
  relListener |-> FALSE,
  reopenEarly |-> FALSE,
  repairNoHold |-> FALSE,
  resteered |-> FALSE,
  stillQuiesced |-> FALSE,
  overlapped |-> FALSE,
  revokeKept |-> FALSE,
  quiesceWidened |-> FALSE,
  gpsWidened |-> FALSE,
  quiesceFenced |-> FALSE,
  widenClose |-> FALSE,
  widenRoute |-> FALSE ]
/\ steer_repairForever_steering_verSince = TRUE
/\ steer_repairForever_steering_win = 0
/\ steer_repairForever_steering_tamper = TRUE
/\ steer_repairForever_steering_rules = TRUE
/\ steer_repairForever_steering_link = FALSE
/\ steer_repairForever_steering_flowL = TRUE
/\ steer_repairForever_steering_bindLeft = 0
/\ steer_repairForever_steering_sess = FALSE
/\ steer_repairForever_steering_entries = {}
/\ steer_repairForever_steering_boot = 5
/\ steer_repairForever_steering_lis = {}
/\ steer_repairForever_steering_winE = 0
/\ steer_repairForever_steering_winF = 0
/\ steer_repairForever_steering_estab = TRUE
/\ steer_repairForever_steering_revokeLeft = 0
/\ steer_repairForever_steering_up = TRUE
/\ steer_repairForever_steering_holders = {}
/\ steer_repairForever_steering_repLeft = 0
/\ steer_repairForever_steering_rec = [ IpRules |-> "idle",
  GuestPrefixSteering |-> "idle",
  FlowListeners |-> "idle",
  LocalRoute |-> "idle" ]
/\ steer_repairForever_steering_rfn = FALSE
/\ steer_repairForever_steering_alloc = "Absent"
/\ steer_repairForever_steering_steerLeft = 0
/\ steer_repairForever_steering_latch = FALSE
/\ steer_repairForever_steering_stop = "none"
/\ steer_repairForever_steering_verified = {"boot"}

State 8: <steer_repairForever_steering_Provision line 1774, col 3 to line 1782, col 45 of module steer_repairForever>
/\ steer_repairForever_steering_gen = 1
/\ steer_repairForever_steering_convLeft = 0
/\ steer_repairForever_steering_fenceLeft = 0
/\ steer_repairForever_steering_route = "local"
/\ steer_repairForever_steering_lastLS = {}
/\ steer_repairForever_steering_att = [ IpRules |-> 0,
  GuestPrefixSteering |-> 0,
  FlowListeners |-> 0,
  LocalRoute |-> 0 ]
/\ steer_repairForever_steering_rmv = FALSE
/\ steer_repairForever_steering_g = [ routeUnverified |-> FALSE,
  refused |-> FALSE,
  actPartial |-> FALSE,
  actResidue |-> FALSE,
  actErrDone |-> FALSE,
  relListener |-> FALSE,
  reopenEarly |-> FALSE,
  repairNoHold |-> FALSE,
  resteered |-> FALSE,
  stillQuiesced |-> FALSE,
  overlapped |-> FALSE,
  revokeKept |-> FALSE,
  quiesceWidened |-> FALSE,
  gpsWidened |-> FALSE,
  quiesceFenced |-> FALSE,
  widenClose |-> FALSE,
  widenRoute |-> FALSE ]
/\ steer_repairForever_steering_verSince = TRUE
/\ steer_repairForever_steering_win = 0
/\ steer_repairForever_steering_tamper = TRUE
/\ steer_repairForever_steering_rules = TRUE
/\ steer_repairForever_steering_link = FALSE
/\ steer_repairForever_steering_flowL = TRUE
/\ steer_repairForever_steering_bindLeft = 0
/\ steer_repairForever_steering_sess = FALSE
/\ steer_repairForever_steering_entries = {}
/\ steer_repairForever_steering_boot = 5
/\ steer_repairForever_steering_lis = {}
/\ steer_repairForever_steering_winE = 0
/\ steer_repairForever_steering_winF = 0
/\ steer_repairForever_steering_estab = TRUE
/\ steer_repairForever_steering_revokeLeft = 0
/\ steer_repairForever_steering_up = TRUE
/\ steer_repairForever_steering_holders = {}
/\ steer_repairForever_steering_repLeft = 0
/\ steer_repairForever_steering_rec = [ IpRules |-> "idle",
  GuestPrefixSteering |-> "idle",
  FlowListeners |-> "idle",
  LocalRoute |-> "idle" ]
/\ steer_repairForever_steering_rfn = FALSE
/\ steer_repairForever_steering_alloc = "Provisioned"
/\ steer_repairForever_steering_steerLeft = 0
/\ steer_repairForever_steering_latch = FALSE
/\ steer_repairForever_steering_stop = "none"
/\ steer_repairForever_steering_verified = {"boot"}

State 9: <steer_repairForever_steering_AuditFind line 2007, col 3 to line 2027, col 72 of module steer_repairForever>
/\ steer_repairForever_steering_gen = 1
/\ steer_repairForever_steering_convLeft = 0
/\ steer_repairForever_steering_fenceLeft = 0
/\ steer_repairForever_steering_route = "local"
/\ steer_repairForever_steering_lastLS = {}
/\ steer_repairForever_steering_att = [ IpRules |-> 0,
  GuestPrefixSteering |-> 0,
  FlowListeners |-> 0,
  LocalRoute |-> 0 ]
/\ steer_repairForever_steering_rmv = FALSE
/\ steer_repairForever_steering_g = [ routeUnverified |-> FALSE,
  refused |-> FALSE,
  actPartial |-> FALSE,
  actResidue |-> FALSE,
  actErrDone |-> FALSE,
  relListener |-> FALSE,
  reopenEarly |-> FALSE,
  repairNoHold |-> FALSE,
  resteered |-> FALSE,
  stillQuiesced |-> FALSE,
  overlapped |-> FALSE,
  revokeKept |-> FALSE,
  quiesceWidened |-> FALSE,
  gpsWidened |-> FALSE,
  quiesceFenced |-> FALSE,
  widenClose |-> FALSE,
  widenRoute |-> FALSE ]
/\ steer_repairForever_steering_verSince = TRUE
/\ steer_repairForever_steering_win = 1
/\ steer_repairForever_steering_tamper = TRUE
/\ steer_repairForever_steering_rules = TRUE
/\ steer_repairForever_steering_link = FALSE
/\ steer_repairForever_steering_flowL = TRUE
/\ steer_repairForever_steering_bindLeft = 0
/\ steer_repairForever_steering_sess = FALSE
/\ steer_repairForever_steering_entries = {}
/\ steer_repairForever_steering_boot = 5
/\ steer_repairForever_steering_lis = {}
/\ steer_repairForever_steering_winE = 0
/\ steer_repairForever_steering_winF = 0
/\ steer_repairForever_steering_estab = TRUE
/\ steer_repairForever_steering_revokeLeft = 0
/\ steer_repairForever_steering_up = TRUE
/\ steer_repairForever_steering_holders = {}
/\ steer_repairForever_steering_repLeft = 0
/\ steer_repairForever_steering_rec = [ IpRules |-> "idle",
  GuestPrefixSteering |-> "found",
  FlowListeners |-> "idle",
  LocalRoute |-> "idle" ]
/\ steer_repairForever_steering_rfn = FALSE
/\ steer_repairForever_steering_alloc = "Provisioned"
/\ steer_repairForever_steering_steerLeft = 0
/\ steer_repairForever_steering_latch = FALSE
/\ steer_repairForever_steering_stop = "none"
/\ steer_repairForever_steering_verified = {"boot"}

State 10: <steer_repairForever_steering_RecFence line 2033, col 3 to line 2077, col 72 of module steer_repairForever>
/\ steer_repairForever_steering_gen = 1
/\ steer_repairForever_steering_convLeft = 0
/\ steer_repairForever_steering_fenceLeft = 0
/\ steer_repairForever_steering_route = "fence"
/\ steer_repairForever_steering_lastLS = {}
/\ steer_repairForever_steering_att = [ IpRules |-> 0,
  GuestPrefixSteering |-> 0,
  FlowListeners |-> 0,
  LocalRoute |-> 0 ]
/\ steer_repairForever_steering_rmv = FALSE
/\ steer_repairForever_steering_g = [ routeUnverified |-> FALSE,
  refused |-> FALSE,
  actPartial |-> FALSE,
  actResidue |-> FALSE,
  actErrDone |-> FALSE,
  relListener |-> FALSE,
  reopenEarly |-> FALSE,
  repairNoHold |-> FALSE,
  resteered |-> FALSE,
  stillQuiesced |-> FALSE,
  overlapped |-> FALSE,
  revokeKept |-> FALSE,
  quiesceWidened |-> FALSE,
  gpsWidened |-> FALSE,
  quiesceFenced |-> FALSE,
  widenClose |-> FALSE,
  widenRoute |-> FALSE ]
/\ steer_repairForever_steering_verSince = FALSE
/\ steer_repairForever_steering_win = 2
/\ steer_repairForever_steering_tamper = FALSE
/\ steer_repairForever_steering_rules = TRUE
/\ steer_repairForever_steering_link = FALSE
/\ steer_repairForever_steering_flowL = TRUE
/\ steer_repairForever_steering_bindLeft = 0
/\ steer_repairForever_steering_sess = FALSE
/\ steer_repairForever_steering_entries = {}
/\ steer_repairForever_steering_boot = 5
/\ steer_repairForever_steering_lis = {}
/\ steer_repairForever_steering_winE = 0
/\ steer_repairForever_steering_winF = 0
/\ steer_repairForever_steering_estab = TRUE
/\ steer_repairForever_steering_revokeLeft = 0
/\ steer_repairForever_steering_up = TRUE
/\ steer_repairForever_steering_holders = {}
/\ steer_repairForever_steering_repLeft = 0
/\ steer_repairForever_steering_rec = [ IpRules |-> "idle",
  GuestPrefixSteering |-> "fenced",
  FlowListeners |-> "idle",
  LocalRoute |-> "idle" ]
/\ steer_repairForever_steering_rfn = FALSE
/\ steer_repairForever_steering_alloc = "Provisioned"
/\ steer_repairForever_steering_steerLeft = 0
/\ steer_repairForever_steering_latch = FALSE
/\ steer_repairForever_steering_stop = "none"
/\ steer_repairForever_steering_verified = {"boot"}

State 11: <steer_repairForever_steering_Crash line 1245, col 3 to line 1279, col 72 of module steer_repairForever>
/\ steer_repairForever_steering_gen = 1
/\ steer_repairForever_steering_convLeft = 0
/\ steer_repairForever_steering_fenceLeft = 0
/\ steer_repairForever_steering_route = "fence"
/\ steer_repairForever_steering_lastLS = {}
/\ steer_repairForever_steering_att = [ IpRules |-> 0,
  GuestPrefixSteering |-> 0,
  FlowListeners |-> 0,
  LocalRoute |-> 0 ]
/\ steer_repairForever_steering_rmv = FALSE
/\ steer_repairForever_steering_g = [ routeUnverified |-> FALSE,
  refused |-> FALSE,
  actPartial |-> FALSE,
  actResidue |-> FALSE,
  actErrDone |-> FALSE,
  relListener |-> FALSE,
  reopenEarly |-> FALSE,
  repairNoHold |-> FALSE,
  resteered |-> FALSE,
  stillQuiesced |-> FALSE,
  overlapped |-> FALSE,
  revokeKept |-> FALSE,
  quiesceWidened |-> FALSE,
  gpsWidened |-> FALSE,
  quiesceFenced |-> FALSE,
  widenClose |-> FALSE,
  widenRoute |-> FALSE ]
/\ steer_repairForever_steering_verSince = FALSE
/\ steer_repairForever_steering_win = 0
/\ steer_repairForever_steering_tamper = FALSE
/\ steer_repairForever_steering_rules = TRUE
/\ steer_repairForever_steering_link = FALSE
/\ steer_repairForever_steering_flowL = TRUE
/\ steer_repairForever_steering_bindLeft = 0
/\ steer_repairForever_steering_sess = FALSE
/\ steer_repairForever_steering_entries = {}
/\ steer_repairForever_steering_boot = 0
/\ steer_repairForever_steering_lis = {}
/\ steer_repairForever_steering_winE = 0
/\ steer_repairForever_steering_winF = 0
/\ steer_repairForever_steering_estab = TRUE
/\ steer_repairForever_steering_revokeLeft = 0
/\ steer_repairForever_steering_up = FALSE
/\ steer_repairForever_steering_holders = {}
/\ steer_repairForever_steering_repLeft = 0
/\ steer_repairForever_steering_rec = [ IpRules |-> "idle",
  GuestPrefixSteering |-> "idle",
  FlowListeners |-> "idle",
  LocalRoute |-> "idle" ]
/\ steer_repairForever_steering_rfn = FALSE
/\ steer_repairForever_steering_alloc = "Absent"
/\ steer_repairForever_steering_steerLeft = 0
/\ steer_repairForever_steering_latch = FALSE
/\ steer_repairForever_steering_stop = "crash"
/\ steer_repairForever_steering_verified = {}

State 12: <steer_repairForever_steering_Restart line 1875, col 3 to line 1884, col 72 of module steer_repairForever>
/\ steer_repairForever_steering_gen = 1
/\ steer_repairForever_steering_convLeft = 0
/\ steer_repairForever_steering_fenceLeft = 0
/\ steer_repairForever_steering_route = "fence"
/\ steer_repairForever_steering_lastLS = {}
/\ steer_repairForever_steering_att = [ IpRules |-> 0,
  GuestPrefixSteering |-> 0,
  FlowListeners |-> 0,
  LocalRoute |-> 0 ]
/\ steer_repairForever_steering_rmv = FALSE
/\ steer_repairForever_steering_g = [ routeUnverified |-> FALSE,
  refused |-> FALSE,
  actPartial |-> FALSE,
  actResidue |-> FALSE,
  actErrDone |-> FALSE,
  relListener |-> FALSE,
  reopenEarly |-> FALSE,
  repairNoHold |-> FALSE,
  resteered |-> FALSE,
  stillQuiesced |-> FALSE,
  overlapped |-> FALSE,
  revokeKept |-> FALSE,
  quiesceWidened |-> FALSE,
  gpsWidened |-> FALSE,
  quiesceFenced |-> FALSE,
  widenClose |-> FALSE,
  widenRoute |-> FALSE ]
/\ steer_repairForever_steering_verSince = FALSE
/\ steer_repairForever_steering_win = 0
/\ steer_repairForever_steering_tamper = FALSE
/\ steer_repairForever_steering_rules = TRUE
/\ steer_repairForever_steering_link = FALSE
/\ steer_repairForever_steering_flowL = TRUE
/\ steer_repairForever_steering_bindLeft = 0
/\ steer_repairForever_steering_sess = FALSE
/\ steer_repairForever_steering_entries = {}
/\ steer_repairForever_steering_boot = 0
/\ steer_repairForever_steering_lis = {}
/\ steer_repairForever_steering_winE = 0
/\ steer_repairForever_steering_winF = 0
/\ steer_repairForever_steering_estab = TRUE
/\ steer_repairForever_steering_revokeLeft = 0
/\ steer_repairForever_steering_up = TRUE
/\ steer_repairForever_steering_holders = {}
/\ steer_repairForever_steering_repLeft = 0
/\ steer_repairForever_steering_rec = [ IpRules |-> "idle",
  GuestPrefixSteering |-> "idle",
  FlowListeners |-> "idle",
  LocalRoute |-> "idle" ]
/\ steer_repairForever_steering_rfn = FALSE
/\ steer_repairForever_steering_alloc = "Absent"
/\ steer_repairForever_steering_steerLeft = 0
/\ steer_repairForever_steering_latch = FALSE
/\ steer_repairForever_steering_stop = "none"
/\ steer_repairForever_steering_verified = {}

State 13: <steer_repairForever_steering_BootStep line 1520, col 3 to line 1615, col 45 of module steer_repairForever>
/\ steer_repairForever_steering_gen = 1
/\ steer_repairForever_steering_convLeft = 0
/\ steer_repairForever_steering_fenceLeft = 0
/\ steer_repairForever_steering_route = "fence"
/\ steer_repairForever_steering_lastLS = {}
/\ steer_repairForever_steering_att = [ IpRules |-> 0,
  GuestPrefixSteering |-> 0,
  FlowListeners |-> 0,
  LocalRoute |-> 0 ]
/\ steer_repairForever_steering_rmv = FALSE
/\ steer_repairForever_steering_g = [ routeUnverified |-> FALSE,
  refused |-> FALSE,
  actPartial |-> FALSE,
  actResidue |-> FALSE,
  actErrDone |-> FALSE,
  relListener |-> FALSE,
  reopenEarly |-> FALSE,
  repairNoHold |-> FALSE,
  resteered |-> FALSE,
  stillQuiesced |-> FALSE,
  overlapped |-> FALSE,
  revokeKept |-> FALSE,
  quiesceWidened |-> FALSE,
  gpsWidened |-> FALSE,
  quiesceFenced |-> FALSE,
  widenClose |-> FALSE,
  widenRoute |-> FALSE ]
/\ steer_repairForever_steering_verSince = FALSE
/\ steer_repairForever_steering_win = 0
/\ steer_repairForever_steering_tamper = FALSE
/\ steer_repairForever_steering_rules = TRUE
/\ steer_repairForever_steering_link = FALSE
/\ steer_repairForever_steering_flowL = TRUE
/\ steer_repairForever_steering_bindLeft = 0
/\ steer_repairForever_steering_sess = FALSE
/\ steer_repairForever_steering_entries = {}
/\ steer_repairForever_steering_boot = 1
/\ steer_repairForever_steering_lis = {}
/\ steer_repairForever_steering_winE = 0
/\ steer_repairForever_steering_winF = 0
/\ steer_repairForever_steering_estab = TRUE
/\ steer_repairForever_steering_revokeLeft = 0
/\ steer_repairForever_steering_up = TRUE
/\ steer_repairForever_steering_holders = {}
/\ steer_repairForever_steering_repLeft = 0
/\ steer_repairForever_steering_rec = [ IpRules |-> "idle",
  GuestPrefixSteering |-> "idle",
  FlowListeners |-> "idle",
  LocalRoute |-> "idle" ]
/\ steer_repairForever_steering_rfn = FALSE
/\ steer_repairForever_steering_alloc = "Absent"
/\ steer_repairForever_steering_steerLeft = 0
/\ steer_repairForever_steering_latch = FALSE
/\ steer_repairForever_steering_stop = "none"
/\ steer_repairForever_steering_verified = {}

State 14: <steer_repairForever_steering_ListenerTaskExit line 1988, col 3 to line 2001, col 72 of module steer_repairForever>
/\ steer_repairForever_steering_gen = 1
/\ steer_repairForever_steering_convLeft = 0
/\ steer_repairForever_steering_fenceLeft = 0
/\ steer_repairForever_steering_route = "fence"
/\ steer_repairForever_steering_lastLS = {}
/\ steer_repairForever_steering_att = [ IpRules |-> 0,
  GuestPrefixSteering |-> 0,
  FlowListeners |-> 0,
  LocalRoute |-> 0 ]
/\ steer_repairForever_steering_rmv = FALSE
/\ steer_repairForever_steering_g = [ routeUnverified |-> FALSE,
  refused |-> FALSE,
  actPartial |-> FALSE,
  actResidue |-> FALSE,
  actErrDone |-> FALSE,
  relListener |-> FALSE,
  reopenEarly |-> FALSE,
  repairNoHold |-> FALSE,
  resteered |-> FALSE,
  stillQuiesced |-> FALSE,
  overlapped |-> FALSE,
  revokeKept |-> FALSE,
  quiesceWidened |-> FALSE,
  gpsWidened |-> FALSE,
  quiesceFenced |-> FALSE,
  widenClose |-> FALSE,
  widenRoute |-> FALSE ]
/\ steer_repairForever_steering_verSince = FALSE
/\ steer_repairForever_steering_win = 0
/\ steer_repairForever_steering_tamper = FALSE
/\ steer_repairForever_steering_rules = TRUE
/\ steer_repairForever_steering_link = FALSE
/\ steer_repairForever_steering_flowL = FALSE
/\ steer_repairForever_steering_bindLeft = 0
/\ steer_repairForever_steering_sess = FALSE
/\ steer_repairForever_steering_entries = {}
/\ steer_repairForever_steering_boot = 1
/\ steer_repairForever_steering_lis = {}
/\ steer_repairForever_steering_winE = 0
/\ steer_repairForever_steering_winF = 0
/\ steer_repairForever_steering_estab = TRUE
/\ steer_repairForever_steering_revokeLeft = 0
/\ steer_repairForever_steering_up = TRUE
/\ steer_repairForever_steering_holders = {}
/\ steer_repairForever_steering_repLeft = 0
/\ steer_repairForever_steering_rec = [ IpRules |-> "idle",
  GuestPrefixSteering |-> "idle",
  FlowListeners |-> "idle",
  LocalRoute |-> "idle" ]
/\ steer_repairForever_steering_rfn = FALSE
/\ steer_repairForever_steering_alloc = "Absent"
/\ steer_repairForever_steering_steerLeft = 0
/\ steer_repairForever_steering_latch = FALSE
/\ steer_repairForever_steering_stop = "none"
/\ steer_repairForever_steering_verified = {}

State 15: <steer_repairForever_steering_BootStep line 1520, col 3 to line 1615, col 45 of module steer_repairForever>
/\ steer_repairForever_steering_gen = 1
/\ steer_repairForever_steering_convLeft = 0
/\ steer_repairForever_steering_fenceLeft = 0
/\ steer_repairForever_steering_route = "fence"
/\ steer_repairForever_steering_lastLS = {}
/\ steer_repairForever_steering_att = [ IpRules |-> 0,
  GuestPrefixSteering |-> 0,
  FlowListeners |-> 0,
  LocalRoute |-> 0 ]
/\ steer_repairForever_steering_rmv = FALSE
/\ steer_repairForever_steering_g = [ routeUnverified |-> FALSE,
  refused |-> FALSE,
  actPartial |-> FALSE,
  actResidue |-> FALSE,
  actErrDone |-> FALSE,
  relListener |-> FALSE,
  reopenEarly |-> FALSE,
  repairNoHold |-> FALSE,
  resteered |-> FALSE,
  stillQuiesced |-> FALSE,
  overlapped |-> FALSE,
  revokeKept |-> FALSE,
  quiesceWidened |-> FALSE,
  gpsWidened |-> FALSE,
  quiesceFenced |-> FALSE,
  widenClose |-> FALSE,
  widenRoute |-> FALSE ]
/\ steer_repairForever_steering_verSince = FALSE
/\ steer_repairForever_steering_win = 0
/\ steer_repairForever_steering_tamper = FALSE
/\ steer_repairForever_steering_rules = TRUE
/\ steer_repairForever_steering_link = FALSE
/\ steer_repairForever_steering_flowL = FALSE
/\ steer_repairForever_steering_bindLeft = 0
/\ steer_repairForever_steering_sess = FALSE
/\ steer_repairForever_steering_entries = {}
/\ steer_repairForever_steering_boot = 2
/\ steer_repairForever_steering_lis = {}
/\ steer_repairForever_steering_winE = 0
/\ steer_repairForever_steering_winF = 0
/\ steer_repairForever_steering_estab = TRUE
/\ steer_repairForever_steering_revokeLeft = 0
/\ steer_repairForever_steering_up = TRUE
/\ steer_repairForever_steering_holders = {}
/\ steer_repairForever_steering_repLeft = 0
/\ steer_repairForever_steering_rec = [ IpRules |-> "idle",
  GuestPrefixSteering |-> "idle",
  FlowListeners |-> "idle",
  LocalRoute |-> "idle" ]
/\ steer_repairForever_steering_rfn = FALSE
/\ steer_repairForever_steering_alloc = "Absent"
/\ steer_repairForever_steering_steerLeft = 0
/\ steer_repairForever_steering_latch = FALSE
/\ steer_repairForever_steering_stop = "none"
/\ steer_repairForever_steering_verified = {}

State 16: <steer_repairForever_steering_BootStep line 1520, col 3 to line 1615, col 45 of module steer_repairForever>
/\ steer_repairForever_steering_gen = 1
/\ steer_repairForever_steering_convLeft = 0
/\ steer_repairForever_steering_fenceLeft = 0
/\ steer_repairForever_steering_route = "fence"
/\ steer_repairForever_steering_lastLS = {}
/\ steer_repairForever_steering_att = [ IpRules |-> 0,
  GuestPrefixSteering |-> 0,
  FlowListeners |-> 0,
  LocalRoute |-> 0 ]
/\ steer_repairForever_steering_rmv = FALSE
/\ steer_repairForever_steering_g = [ routeUnverified |-> FALSE,
  refused |-> FALSE,
  actPartial |-> FALSE,
  actResidue |-> FALSE,
  actErrDone |-> FALSE,
  relListener |-> FALSE,
  reopenEarly |-> FALSE,
  repairNoHold |-> FALSE,
  resteered |-> FALSE,
  stillQuiesced |-> FALSE,
  overlapped |-> FALSE,
  revokeKept |-> FALSE,
  quiesceWidened |-> FALSE,
  gpsWidened |-> FALSE,
  quiesceFenced |-> FALSE,
  widenClose |-> FALSE,
  widenRoute |-> FALSE ]
/\ steer_repairForever_steering_verSince = FALSE
/\ steer_repairForever_steering_win = 0
/\ steer_repairForever_steering_tamper = FALSE
/\ steer_repairForever_steering_rules = TRUE
/\ steer_repairForever_steering_link = TRUE
/\ steer_repairForever_steering_flowL = FALSE
/\ steer_repairForever_steering_bindLeft = 0
/\ steer_repairForever_steering_sess = FALSE
/\ steer_repairForever_steering_entries = {}
/\ steer_repairForever_steering_boot = 3
/\ steer_repairForever_steering_lis = {}
/\ steer_repairForever_steering_winE = 0
/\ steer_repairForever_steering_winF = 0
/\ steer_repairForever_steering_estab = TRUE
/\ steer_repairForever_steering_revokeLeft = 0
/\ steer_repairForever_steering_up = TRUE
/\ steer_repairForever_steering_holders = {}
/\ steer_repairForever_steering_repLeft = 0
/\ steer_repairForever_steering_rec = [ IpRules |-> "idle",
  GuestPrefixSteering |-> "idle",
  FlowListeners |-> "idle",
  LocalRoute |-> "idle" ]
/\ steer_repairForever_steering_rfn = FALSE
/\ steer_repairForever_steering_alloc = "Absent"
/\ steer_repairForever_steering_steerLeft = 0
/\ steer_repairForever_steering_latch = FALSE
/\ steer_repairForever_steering_stop = "none"
/\ steer_repairForever_steering_verified = {}

State 17: <steer_repairForever_steering_BootStep line 1520, col 3 to line 1615, col 45 of module steer_repairForever>
/\ steer_repairForever_steering_gen = 1
/\ steer_repairForever_steering_convLeft = 0
/\ steer_repairForever_steering_fenceLeft = 0
/\ steer_repairForever_steering_route = "fence"
/\ steer_repairForever_steering_lastLS = {}
/\ steer_repairForever_steering_att = [ IpRules |-> 0,
  GuestPrefixSteering |-> 0,
  FlowListeners |-> 0,
  LocalRoute |-> 0 ]
/\ steer_repairForever_steering_rmv = FALSE
/\ steer_repairForever_steering_g = [ routeUnverified |-> FALSE,
  refused |-> FALSE,
  actPartial |-> FALSE,
  actResidue |-> FALSE,
  actErrDone |-> FALSE,
  relListener |-> FALSE,
  reopenEarly |-> FALSE,
  repairNoHold |-> FALSE,
  resteered |-> FALSE,
  stillQuiesced |-> FALSE,
  overlapped |-> FALSE,
  revokeKept |-> FALSE,
  quiesceWidened |-> FALSE,
  gpsWidened |-> FALSE,
  quiesceFenced |-> FALSE,
  widenClose |-> FALSE,
  widenRoute |-> FALSE ]
/\ steer_repairForever_steering_verSince = TRUE
/\ steer_repairForever_steering_win = 0
/\ steer_repairForever_steering_tamper = FALSE
/\ steer_repairForever_steering_rules = TRUE
/\ steer_repairForever_steering_link = TRUE
/\ steer_repairForever_steering_flowL = FALSE
/\ steer_repairForever_steering_bindLeft = 0
/\ steer_repairForever_steering_sess = FALSE
/\ steer_repairForever_steering_entries = {}
/\ steer_repairForever_steering_boot = 4
/\ steer_repairForever_steering_lis = {}
/\ steer_repairForever_steering_winE = 0
/\ steer_repairForever_steering_winF = 0
/\ steer_repairForever_steering_estab = TRUE
/\ steer_repairForever_steering_revokeLeft = 0
/\ steer_repairForever_steering_up = TRUE
/\ steer_repairForever_steering_holders = {}
/\ steer_repairForever_steering_repLeft = 0
/\ steer_repairForever_steering_rec = [ IpRules |-> "idle",
  GuestPrefixSteering |-> "idle",
  FlowListeners |-> "idle",
  LocalRoute |-> "idle" ]
/\ steer_repairForever_steering_rfn = FALSE
/\ steer_repairForever_steering_alloc = "Absent"
/\ steer_repairForever_steering_steerLeft = 0
/\ steer_repairForever_steering_latch = FALSE
/\ steer_repairForever_steering_stop = "none"
/\ steer_repairForever_steering_verified = {"boot"}

State 18: <steer_repairForever_steering_RootDetach line 1916, col 3 to line 1934, col 72 of module steer_repairForever>
/\ steer_repairForever_steering_gen = 1
/\ steer_repairForever_steering_convLeft = 0
/\ steer_repairForever_steering_fenceLeft = 0
/\ steer_repairForever_steering_route = "fence"
/\ steer_repairForever_steering_lastLS = {}
/\ steer_repairForever_steering_att = [ IpRules |-> 0,
  GuestPrefixSteering |-> 0,
  FlowListeners |-> 0,
  LocalRoute |-> 0 ]
/\ steer_repairForever_steering_rmv = FALSE
/\ steer_repairForever_steering_g = [ routeUnverified |-> FALSE,
  refused |-> FALSE,
  actPartial |-> FALSE,
  actResidue |-> FALSE,
  actErrDone |-> FALSE,
  relListener |-> FALSE,
  reopenEarly |-> FALSE,
  repairNoHold |-> FALSE,
  resteered |-> FALSE,
  stillQuiesced |-> FALSE,
  overlapped |-> FALSE,
  revokeKept |-> FALSE,
  quiesceWidened |-> FALSE,
  gpsWidened |-> FALSE,
  quiesceFenced |-> FALSE,
  widenClose |-> FALSE,
  widenRoute |-> FALSE ]
/\ steer_repairForever_steering_verSince = TRUE
/\ steer_repairForever_steering_win = 0
/\ steer_repairForever_steering_tamper = TRUE
/\ steer_repairForever_steering_rules = TRUE
/\ steer_repairForever_steering_link = FALSE
/\ steer_repairForever_steering_flowL = FALSE
/\ steer_repairForever_steering_bindLeft = 0
/\ steer_repairForever_steering_sess = FALSE
/\ steer_repairForever_steering_entries = {}
/\ steer_repairForever_steering_boot = 4
/\ steer_repairForever_steering_lis = {}
/\ steer_repairForever_steering_winE = 0
/\ steer_repairForever_steering_winF = 0
/\ steer_repairForever_steering_estab = TRUE
/\ steer_repairForever_steering_revokeLeft = 0
/\ steer_repairForever_steering_up = TRUE
/\ steer_repairForever_steering_holders = {}
/\ steer_repairForever_steering_repLeft = 0
/\ steer_repairForever_steering_rec = [ IpRules |-> "idle",
  GuestPrefixSteering |-> "idle",
  FlowListeners |-> "idle",
  LocalRoute |-> "idle" ]
/\ steer_repairForever_steering_rfn = FALSE
/\ steer_repairForever_steering_alloc = "Absent"
/\ steer_repairForever_steering_steerLeft = 0
/\ steer_repairForever_steering_latch = FALSE
/\ steer_repairForever_steering_stop = "none"
/\ steer_repairForever_steering_verified = {"boot"}

State 19: <steer_repairForever_steering_BootStep line 1520, col 3 to line 1615, col 45 of module steer_repairForever>
/\ steer_repairForever_steering_gen = 1
/\ steer_repairForever_steering_convLeft = 0
/\ steer_repairForever_steering_fenceLeft = 0
/\ steer_repairForever_steering_route = "local"
/\ steer_repairForever_steering_lastLS = {}
/\ steer_repairForever_steering_att = [ IpRules |-> 0,
  GuestPrefixSteering |-> 0,
  FlowListeners |-> 0,
  LocalRoute |-> 0 ]
/\ steer_repairForever_steering_rmv = FALSE
/\ steer_repairForever_steering_g = [ routeUnverified |-> FALSE,
  refused |-> FALSE,
  actPartial |-> FALSE,
  actResidue |-> FALSE,
  actErrDone |-> FALSE,
  relListener |-> FALSE,
  reopenEarly |-> FALSE,
  repairNoHold |-> FALSE,
  resteered |-> FALSE,
  stillQuiesced |-> FALSE,
  overlapped |-> FALSE,
  revokeKept |-> FALSE,
  quiesceWidened |-> FALSE,
  gpsWidened |-> FALSE,
  quiesceFenced |-> FALSE,
  widenClose |-> FALSE,
  widenRoute |-> TRUE ]
/\ steer_repairForever_steering_verSince = TRUE
/\ steer_repairForever_steering_win = 0
/\ steer_repairForever_steering_tamper = TRUE
/\ steer_repairForever_steering_rules = TRUE
/\ steer_repairForever_steering_link = FALSE
/\ steer_repairForever_steering_flowL = FALSE
/\ steer_repairForever_steering_bindLeft = 0
/\ steer_repairForever_steering_sess = FALSE
/\ steer_repairForever_steering_entries = {}
/\ steer_repairForever_steering_boot = 5
/\ steer_repairForever_steering_lis = {}
/\ steer_repairForever_steering_winE = 0
/\ steer_repairForever_steering_winF = 0
/\ steer_repairForever_steering_estab = TRUE
/\ steer_repairForever_steering_revokeLeft = 0
/\ steer_repairForever_steering_up = TRUE
/\ steer_repairForever_steering_holders = {}
/\ steer_repairForever_steering_repLeft = 0
/\ steer_repairForever_steering_rec = [ IpRules |-> "idle",
  GuestPrefixSteering |-> "idle",
  FlowListeners |-> "idle",
  LocalRoute |-> "idle" ]
/\ steer_repairForever_steering_rfn = FALSE
/\ steer_repairForever_steering_alloc = "Absent"
/\ steer_repairForever_steering_steerLeft = 0
/\ steer_repairForever_steering_latch = FALSE
/\ steer_repairForever_steering_stop = "none"
/\ steer_repairForever_steering_verified = {"boot"}

State 20: <steer_repairForever_steering_RecQuiesce line 2325, col 3 to line 2351, col 55 of module steer_repairForever>
/\ steer_repairForever_steering_gen = 1
/\ steer_repairForever_steering_convLeft = 0
/\ steer_repairForever_steering_fenceLeft = 0
/\ steer_repairForever_steering_route = "fence"
/\ steer_repairForever_steering_lastLS = {}
/\ steer_repairForever_steering_att = [ IpRules |-> 0,
  GuestPrefixSteering |-> 0,
  FlowListeners |-> 0,
  LocalRoute |-> 0 ]
/\ steer_repairForever_steering_rmv = FALSE
/\ steer_repairForever_steering_g = [ routeUnverified |-> FALSE,
  refused |-> FALSE,
  actPartial |-> FALSE,
  actResidue |-> FALSE,
  actErrDone |-> FALSE,
  relListener |-> FALSE,
  reopenEarly |-> FALSE,
  repairNoHold |-> FALSE,
  resteered |-> FALSE,
  stillQuiesced |-> FALSE,
  overlapped |-> FALSE,
  revokeKept |-> FALSE,
  quiesceWidened |-> FALSE,
  gpsWidened |-> FALSE,
  quiesceFenced |-> TRUE,
  widenClose |-> FALSE,
  widenRoute |-> TRUE ]
/\ steer_repairForever_steering_verSince = FALSE
/\ steer_repairForever_steering_win = 0
/\ steer_repairForever_steering_tamper = FALSE
/\ steer_repairForever_steering_rules = TRUE
/\ steer_repairForever_steering_link = FALSE
/\ steer_repairForever_steering_flowL = FALSE
/\ steer_repairForever_steering_bindLeft = 0
/\ steer_repairForever_steering_sess = FALSE
/\ steer_repairForever_steering_entries = {}
/\ steer_repairForever_steering_boot = 5
/\ steer_repairForever_steering_lis = {}
/\ steer_repairForever_steering_winE = 0
/\ steer_repairForever_steering_winF = 0
/\ steer_repairForever_steering_estab = TRUE
/\ steer_repairForever_steering_revokeLeft = 0
/\ steer_repairForever_steering_up = TRUE
/\ steer_repairForever_steering_holders = {"FlowListeners"}
/\ steer_repairForever_steering_repLeft = 0
/\ steer_repairForever_steering_rec = [ IpRules |-> "idle",
  GuestPrefixSteering |-> "idle",
  FlowListeners |-> "held",
  LocalRoute |-> "idle" ]
/\ steer_repairForever_steering_rfn = FALSE
/\ steer_repairForever_steering_alloc = "Absent"
/\ steer_repairForever_steering_steerLeft = 0
/\ steer_repairForever_steering_latch = TRUE
/\ steer_repairForever_steering_stop = "none"
/\ steer_repairForever_steering_verified = {"boot"}

State 21: <steer_repairForever_steering_RepConverge line 2105, col 3 to line 2157, col 72 of module steer_repairForever>
/\ steer_repairForever_steering_gen = 1
/\ steer_repairForever_steering_convLeft = 0
/\ steer_repairForever_steering_fenceLeft = 0
/\ steer_repairForever_steering_route = "fence"
/\ steer_repairForever_steering_lastLS = {}
/\ steer_repairForever_steering_att = [ IpRules |-> 0,
  GuestPrefixSteering |-> 0,
  FlowListeners |-> 0,
  LocalRoute |-> 0 ]
/\ steer_repairForever_steering_rmv = FALSE
/\ steer_repairForever_steering_g = [ routeUnverified |-> FALSE,
  refused |-> FALSE,
  actPartial |-> FALSE,
  actResidue |-> FALSE,
  actErrDone |-> FALSE,
  relListener |-> FALSE,
  reopenEarly |-> FALSE,
  repairNoHold |-> FALSE,
  resteered |-> FALSE,
  stillQuiesced |-> FALSE,
  overlapped |-> FALSE,
  revokeKept |-> FALSE,
  quiesceWidened |-> FALSE,
  gpsWidened |-> FALSE,
  quiesceFenced |-> TRUE,
  widenClose |-> FALSE,
  widenRoute |-> TRUE ]
/\ steer_repairForever_steering_verSince = FALSE
/\ steer_repairForever_steering_win = 0
/\ steer_repairForever_steering_tamper = FALSE
/\ steer_repairForever_steering_rules = TRUE
/\ steer_repairForever_steering_link = TRUE
/\ steer_repairForever_steering_flowL = TRUE
/\ steer_repairForever_steering_bindLeft = 0
/\ steer_repairForever_steering_sess = FALSE
/\ steer_repairForever_steering_entries = {}
/\ steer_repairForever_steering_boot = 5
/\ steer_repairForever_steering_lis = {}
/\ steer_repairForever_steering_winE = 0
/\ steer_repairForever_steering_winF = 0
/\ steer_repairForever_steering_estab = TRUE
/\ steer_repairForever_steering_revokeLeft = 0
/\ steer_repairForever_steering_up = TRUE
/\ steer_repairForever_steering_holders = {"FlowListeners"}
/\ steer_repairForever_steering_repLeft = 0
/\ steer_repairForever_steering_rec = [ IpRules |-> "idle",
  GuestPrefixSteering |-> "idle",
  FlowListeners |-> "conv",
  LocalRoute |-> "idle" ]
/\ steer_repairForever_steering_rfn = FALSE
/\ steer_repairForever_steering_alloc = "Absent"
/\ steer_repairForever_steering_steerLeft = 0
/\ steer_repairForever_steering_latch = TRUE
/\ steer_repairForever_steering_stop = "none"
/\ steer_repairForever_steering_verified = {"boot"}

State 22: <steer_repairForever_steering_RepFail line 2163, col 3 to line 2196, col 72 of module steer_repairForever>
/\ steer_repairForever_steering_gen = 1
/\ steer_repairForever_steering_convLeft = 0
/\ steer_repairForever_steering_fenceLeft = 0
/\ steer_repairForever_steering_route = "fence"
/\ steer_repairForever_steering_lastLS = {}
/\ steer_repairForever_steering_att = [ IpRules |-> 0,
  GuestPrefixSteering |-> 0,
  FlowListeners |-> 1,
  LocalRoute |-> 0 ]
/\ steer_repairForever_steering_rmv = FALSE
/\ steer_repairForever_steering_g = [ routeUnverified |-> FALSE,
  refused |-> FALSE,
  actPartial |-> FALSE,
  actResidue |-> FALSE,
  actErrDone |-> FALSE,
  relListener |-> FALSE,
  reopenEarly |-> FALSE,
  repairNoHold |-> FALSE,
  resteered |-> FALSE,
  stillQuiesced |-> FALSE,
  overlapped |-> FALSE,
  revokeKept |-> FALSE,
  quiesceWidened |-> FALSE,
  gpsWidened |-> FALSE,
  quiesceFenced |-> TRUE,
  widenClose |-> FALSE,
  widenRoute |-> TRUE ]
/\ steer_repairForever_steering_verSince = FALSE
/\ steer_repairForever_steering_win = 0
/\ steer_repairForever_steering_tamper = FALSE
/\ steer_repairForever_steering_rules = TRUE
/\ steer_repairForever_steering_link = TRUE
/\ steer_repairForever_steering_flowL = TRUE
/\ steer_repairForever_steering_bindLeft = 0
/\ steer_repairForever_steering_sess = FALSE
/\ steer_repairForever_steering_entries = {}
/\ steer_repairForever_steering_boot = 5
/\ steer_repairForever_steering_lis = {}
/\ steer_repairForever_steering_winE = 0
/\ steer_repairForever_steering_winF = 0
/\ steer_repairForever_steering_estab = TRUE
/\ steer_repairForever_steering_revokeLeft = 0
/\ steer_repairForever_steering_up = TRUE
/\ steer_repairForever_steering_holders = {"FlowListeners"}
/\ steer_repairForever_steering_repLeft = 0
/\ steer_repairForever_steering_rec = [ IpRules |-> "idle",
  GuestPrefixSteering |-> "idle",
  FlowListeners |-> "held",
  LocalRoute |-> "idle" ]
/\ steer_repairForever_steering_rfn = FALSE
/\ steer_repairForever_steering_alloc = "Absent"
/\ steer_repairForever_steering_steerLeft = 0
/\ steer_repairForever_steering_latch = TRUE
/\ steer_repairForever_steering_stop = "none"
/\ steer_repairForever_steering_verified = {"boot"}

State 23: <steer_repairForever_steering_RepFail line 2163, col 3 to line 2196, col 72 of module steer_repairForever>
/\ steer_repairForever_steering_gen = 1
/\ steer_repairForever_steering_convLeft = 0
/\ steer_repairForever_steering_fenceLeft = 0
/\ steer_repairForever_steering_route = "fence"
/\ steer_repairForever_steering_lastLS = {}
/\ steer_repairForever_steering_att = [ IpRules |-> 0,
  GuestPrefixSteering |-> 0,
  FlowListeners |-> 2,
  LocalRoute |-> 0 ]
/\ steer_repairForever_steering_rmv = FALSE
/\ steer_repairForever_steering_g = [ routeUnverified |-> FALSE,
  refused |-> FALSE,
  actPartial |-> FALSE,
  actResidue |-> FALSE,
  actErrDone |-> FALSE,
  relListener |-> FALSE,
  reopenEarly |-> FALSE,
  repairNoHold |-> FALSE,
  resteered |-> FALSE,
  stillQuiesced |-> FALSE,
  overlapped |-> FALSE,
  revokeKept |-> FALSE,
  quiesceWidened |-> FALSE,
  gpsWidened |-> FALSE,
  quiesceFenced |-> TRUE,
  widenClose |-> FALSE,
  widenRoute |-> TRUE ]
/\ steer_repairForever_steering_verSince = FALSE
/\ steer_repairForever_steering_win = 0
/\ steer_repairForever_steering_tamper = FALSE
/\ steer_repairForever_steering_rules = TRUE
/\ steer_repairForever_steering_link = TRUE
/\ steer_repairForever_steering_flowL = TRUE
/\ steer_repairForever_steering_bindLeft = 0
/\ steer_repairForever_steering_sess = FALSE
/\ steer_repairForever_steering_entries = {}
/\ steer_repairForever_steering_boot = 5
/\ steer_repairForever_steering_lis = {}
/\ steer_repairForever_steering_winE = 0
/\ steer_repairForever_steering_winF = 0
/\ steer_repairForever_steering_estab = TRUE
/\ steer_repairForever_steering_revokeLeft = 0
/\ steer_repairForever_steering_up = TRUE
/\ steer_repairForever_steering_holders = {"FlowListeners"}
/\ steer_repairForever_steering_repLeft = 0
/\ steer_repairForever_steering_rec = [ IpRules |-> "idle",
  GuestPrefixSteering |-> "idle",
  FlowListeners |-> "held",
  LocalRoute |-> "idle" ]
/\ steer_repairForever_steering_rfn = FALSE
/\ steer_repairForever_steering_alloc = "Absent"
/\ steer_repairForever_steering_steerLeft = 0
/\ steer_repairForever_steering_latch = TRUE
/\ steer_repairForever_steering_stop = "none"
/\ steer_repairForever_steering_verified = {"boot"}

State 24: <steer_repairForever_steering_RecQuiesce line 2325, col 3 to line 2351, col 55 of module steer_repairForever>
/\ steer_repairForever_steering_gen = 1
/\ steer_repairForever_steering_convLeft = 0
/\ steer_repairForever_steering_fenceLeft = 0
/\ steer_repairForever_steering_route = "fence"
/\ steer_repairForever_steering_lastLS = {}
/\ steer_repairForever_steering_att = [ IpRules |-> 0,
  GuestPrefixSteering |-> 0,
  FlowListeners |-> 2,
  LocalRoute |-> 0 ]
/\ steer_repairForever_steering_rmv = FALSE
/\ steer_repairForever_steering_g = [ routeUnverified |-> FALSE,
  refused |-> FALSE,
  actPartial |-> FALSE,
  actResidue |-> FALSE,
  actErrDone |-> FALSE,
  relListener |-> FALSE,
  reopenEarly |-> FALSE,
  repairNoHold |-> FALSE,
  resteered |-> FALSE,
  stillQuiesced |-> FALSE,
  overlapped |-> TRUE,
  revokeKept |-> FALSE,
  quiesceWidened |-> FALSE,
  gpsWidened |-> FALSE,
  quiesceFenced |-> TRUE,
  widenClose |-> FALSE,
  widenRoute |-> TRUE ]
/\ steer_repairForever_steering_verSince = FALSE
/\ steer_repairForever_steering_win = 0
/\ steer_repairForever_steering_tamper = FALSE
/\ steer_repairForever_steering_rules = TRUE
/\ steer_repairForever_steering_link = TRUE
/\ steer_repairForever_steering_flowL = TRUE
/\ steer_repairForever_steering_bindLeft = 0
/\ steer_repairForever_steering_sess = FALSE
/\ steer_repairForever_steering_entries = {}
/\ steer_repairForever_steering_boot = 5
/\ steer_repairForever_steering_lis = {}
/\ steer_repairForever_steering_winE = 0
/\ steer_repairForever_steering_winF = 0
/\ steer_repairForever_steering_estab = TRUE
/\ steer_repairForever_steering_revokeLeft = 0
/\ steer_repairForever_steering_up = TRUE
/\ steer_repairForever_steering_holders = {"FlowListeners", "LocalRoute"}
/\ steer_repairForever_steering_repLeft = 0
/\ steer_repairForever_steering_rec = [ IpRules |-> "idle",
  GuestPrefixSteering |-> "idle",
  FlowListeners |-> "held",
  LocalRoute |-> "held" ]
/\ steer_repairForever_steering_rfn = FALSE
/\ steer_repairForever_steering_alloc = "Absent"
/\ steer_repairForever_steering_steerLeft = 0
/\ steer_repairForever_steering_latch = TRUE
/\ steer_repairForever_steering_stop = "none"
/\ steer_repairForever_steering_verified = {"boot"}

State 25: <steer_repairForever_steering_RepFail line 2163, col 3 to line 2196, col 72 of module steer_repairForever>
/\ steer_repairForever_steering_gen = 1
/\ steer_repairForever_steering_convLeft = 0
/\ steer_repairForever_steering_fenceLeft = 0
/\ steer_repairForever_steering_route = "fence"
/\ steer_repairForever_steering_lastLS = {}
/\ steer_repairForever_steering_att = [ IpRules |-> 0,
  GuestPrefixSteering |-> 0,
  FlowListeners |-> 2,
  LocalRoute |-> 1 ]
/\ steer_repairForever_steering_rmv = FALSE
/\ steer_repairForever_steering_g = [ routeUnverified |-> FALSE,
  refused |-> FALSE,
  actPartial |-> FALSE,
  actResidue |-> FALSE,
  actErrDone |-> FALSE,
  relListener |-> FALSE,
  reopenEarly |-> FALSE,
  repairNoHold |-> FALSE,
  resteered |-> FALSE,
  stillQuiesced |-> FALSE,
  overlapped |-> TRUE,
  revokeKept |-> FALSE,
  quiesceWidened |-> FALSE,
  gpsWidened |-> FALSE,
  quiesceFenced |-> TRUE,
  widenClose |-> FALSE,
  widenRoute |-> TRUE ]
/\ steer_repairForever_steering_verSince = FALSE
/\ steer_repairForever_steering_win = 0
/\ steer_repairForever_steering_tamper = FALSE
/\ steer_repairForever_steering_rules = TRUE
/\ steer_repairForever_steering_link = TRUE
/\ steer_repairForever_steering_flowL = TRUE
/\ steer_repairForever_steering_bindLeft = 0
/\ steer_repairForever_steering_sess = FALSE
/\ steer_repairForever_steering_entries = {}
/\ steer_repairForever_steering_boot = 5
/\ steer_repairForever_steering_lis = {}
/\ steer_repairForever_steering_winE = 0
/\ steer_repairForever_steering_winF = 0
/\ steer_repairForever_steering_estab = TRUE
/\ steer_repairForever_steering_revokeLeft = 0
/\ steer_repairForever_steering_up = TRUE
/\ steer_repairForever_steering_holders = {"FlowListeners", "LocalRoute"}
/\ steer_repairForever_steering_repLeft = 0
/\ steer_repairForever_steering_rec = [ IpRules |-> "idle",
  GuestPrefixSteering |-> "idle",
  FlowListeners |-> "held",
  LocalRoute |-> "held" ]
/\ steer_repairForever_steering_rfn = FALSE
/\ steer_repairForever_steering_alloc = "Absent"
/\ steer_repairForever_steering_steerLeft = 0
/\ steer_repairForever_steering_latch = TRUE
/\ steer_repairForever_steering_stop = "none"
/\ steer_repairForever_steering_verified = {"boot"}

State 26: Stuttering
Finished checking temporal properties in 00s at 2026-10-07 08:58:07
410754 states generated, 29356 distinct states found, 11560 states left on queue.
Finished in 03s at (2026-10-07 08:58:07)

[violation] Found an issue (3784ms).
error: found a counterexample

===== /Users/marcus/conductor/workspaces/helios/wellington-v2/target/quint/guest-flow-owner/steering-repair-forever-resolves/events.log =====
1791356261.532 attempt 1 start pgid=437314 port=45617 timeout=900s log=/Users/marcus/conductor/workspaces/helios/wellington-v2/target/quint/guest-flow-owner/steering-repair-forever-resolves/attempt-1.log
1791356288.493 attempt 1 end Exited { success: false } after 27.5s; group 437314 killed; verdict Final { outcome: Violation, cause: None }
