===== attempt 1: /Users/marcus/conductor/workspaces/helios/wellington-v2/target/quint/guest-flow-owner/steering-detach-exposure-ends-with-owner/attempt-1.log =====
[TLC] Compiling to TLA+ (via Apalache)...
Picked up JAVA_TOOL_OPTIONS: -XX:-UsePerfData -Djava.io.tmpdir=/Users/marcus/conductor/workspaces/helios/wellington-v2/target/quint/guest-flow-owner/steering-detach-exposure-ends-with-owner/tmp-1
# Usage statistics is OFF. We care about your privacy.
# If you want to help our project, consider enabling statistics with config --enable-stats=true.

Output directory: /Users/marcus/conductor/workspaces/helios/wellington-v2/target/quint/guest-flow-owner/steering-detach-exposure-ends-with-owner/_apalache-out/server/2026-10-07T08-58-18_6754120079367711340
# APALACHE version: 0.56.1 | build: 70cdaf4                       I@08:58:18.396
Starting checker server on port 39467...                          I@08:58:18.401
The Apalache server is running on port 39467. Press Ctrl-C to stop.
Oct 07, 2026 8:58:20 AM com.google.protobuf.GeneratedMessage warnPre22Gencode
WARNING: Vulnerable protobuf generated type in use: io.grpc.reflection.v1alpha.ServerReflectionRequest
As of 2022/09/29 (release 21.7) makeExtensionsImmutable should not be called from protobuf gencode. If you are seeing this message, your gencode is vulnerable to a denial of service attack. You should regenerate your code using protobuf 25.6 or later. Use the latest version that meets your needs. However, if you understand the risks and wish to continue with vulnerable gencode, you can set the system property `-Dcom.google.protobuf.use_unsafe_pre22_gencode` on the command line to silence this warning. You also can set `-Dcom.google.protobuf.error_on_unsafe_pre22_gencode` to throw an error instead. See security vulnerability: https://github.com/protocolbuffers/protobuf/security/advisories/GHSA-h4h5-3hr4-j3g2
PASS #0: SanyParser                                               I@08:58:22.302
[TLC] Running TLC model checker...

Picked up JAVA_TOOL_OPTIONS: -XX:-UsePerfData -Djava.io.tmpdir=/Users/marcus/conductor/workspaces/helios/wellington-v2/target/quint/guest-flow-owner/steering-detach-exposure-ends-with-owner/tmp-1
TLC2 Version 2.19 of 08 August 2024
Warning: Please run the Java VM which executes TLC with a throughput optimized garbage collector by passing the "-XX:+UseParallelGC" property.
(Use the -nowarning option to disable this warning.)
Running breadth-first search Model-Checking with fp 78 and seed -6592058761608421948 with 8 workers on 8 cores with 8192MB heap and 64MB offheap memory [pid: 437605] (Linux 7.0.0-34-generic aarch64, Eclipse Adoptium 21.0.12.1 x86_64, MSBDiskFPSet, DiskStateQueue).
Parsing file /Users/marcus/conductor/workspaces/helios/wellington-v2/target/quint/guest-flow-owner/steering-detach-exposure-ends-with-owner/tmp-1/quint-tlc-Py552c/steer_detachLive.tla
Parsing file /Users/marcus/conductor/workspaces/helios/wellington-v2/target/quint/guest-flow-owner/steering-detach-exposure-ends-with-owner/tmp-1/Integers.tla
Parsing file /Users/marcus/conductor/workspaces/helios/wellington-v2/target/quint/guest-flow-owner/steering-detach-exposure-ends-with-owner/tmp-1/Sequences.tla
Parsing file /Users/marcus/conductor/workspaces/helios/wellington-v2/target/quint/guest-flow-owner/steering-detach-exposure-ends-with-owner/tmp-1/FiniteSets.tla
Parsing file /Users/marcus/conductor/workspaces/helios/wellington-v2/target/quint/guest-flow-owner/steering-detach-exposure-ends-with-owner/tmp-1/TLC.tla
Parsing file /Users/marcus/conductor/workspaces/helios/wellington-v2/target/quint/guest-flow-owner/steering-detach-exposure-ends-with-owner/tmp-1/Apalache.tla
Parsing file /Users/marcus/conductor/workspaces/helios/wellington-v2/target/quint/guest-flow-owner/steering-detach-exposure-ends-with-owner/tmp-1/Variants.tla
Parsing file /Users/marcus/conductor/workspaces/helios/wellington-v2/target/quint/guest-flow-owner/steering-detach-exposure-ends-with-owner/tmp-1/Naturals.tla
Semantic processing of module Naturals
Semantic processing of module Integers
Semantic processing of module Sequences
Semantic processing of module FiniteSets
Semantic processing of module TLC
Semantic processing of module Apalache
Semantic processing of module Variants
Semantic processing of module steer_detachLive
Starting... (2026-10-07 08:58:23)
Implied-temporal checking--satisfiability problem has 1 branches.
Computing initial states...
Finished computing initial states: 1 distinct state generated at 2026-10-07 08:58:23.
Checking temporal properties for the current state space with 45514 total distinct states at (2026-10-07 08:58:26)
Finished checking temporal properties in 00s at 2026-10-07 08:58:26
Progress(20) at 2026-10-07 08:58:26: 625,560 states generated (625,560 s/min), 45,514 distinct states found (45,514 ds/min), 17,700 states left on queue.
Checking temporal properties for the current state space with 533310 total distinct states at (2026-10-07 08:59:25)
Finished checking temporal properties in 05s at 2026-10-07 08:59:31
Progress(27) at 2026-10-07 08:59:31: 9,299,621 states generated (8,674,061 s/min), 533,310 distinct states found (487,796 ds/min), 141,729 states left on queue.
Checking temporal properties for the current state space with 1181362 total distinct states at (2026-10-07 09:00:30)
Finished checking temporal properties in 12s at 2026-10-07 09:00:42
Progress(30) at 2026-10-07 09:00:42: 22,174,340 states generated (12,874,719 s/min), 1,181,362 distinct states found (648,052 ds/min), 253,277 states left on queue.
Checking temporal properties for the current state space with 1616532 total distinct states at (2026-10-07 09:01:41)
Finished checking temporal properties in 16s at 2026-10-07 09:01:58
Progress(31) at 2026-10-07 09:01:58: 31,177,825 states generated (9,003,485 s/min), 1,616,540 distinct states found (435,178 ds/min), 310,972 states left on queue.
Checking temporal properties for the current state space with 2178019 total distinct states at (2026-10-07 09:02:57)
Finished checking temporal properties in 26s at 2026-10-07 09:03:23
Progress(33) at 2026-10-07 09:03:23: 43,351,775 states generated (12,173,950 s/min), 2,178,034 distinct states found (561,494 ds/min), 364,776 states left on queue.
Progress(34) at 2026-10-07 09:04:22: 52,210,737 states generated (8,858,962 s/min), 2,582,035 distinct states found (404,001 ds/min), 399,203 states left on queue.
Checking temporal properties for the current state space with 2998751 total distinct states at (2026-10-07 09:05:21)
Finished checking temporal properties in 38s at 2026-10-07 09:05:59
Progress(35) at 2026-10-07 09:05:59: 61,514,005 states generated (9,303,268 s/min), 2,998,751 distinct states found (416,716 ds/min), 428,215 states left on queue.
Progress(36) at 2026-10-07 09:06:58: 71,729,668 states generated (10,215,663 s/min), 3,446,522 distinct states found (447,771 ds/min), 447,906 states left on queue.
Checking temporal properties for the current state space with 3838865 total distinct states at (2026-10-07 09:07:57)
Finished checking temporal properties in 49s at 2026-10-07 09:08:47
Progress(37) at 2026-10-07 09:08:47: 80,705,183 states generated (8,975,515 s/min), 3,838,865 distinct states found (392,343 ds/min), 461,669 states left on queue.
Progress(37) at 2026-10-07 09:09:46: 89,487,127 states generated (8,781,944 s/min), 4,215,077 distinct states found (376,212 ds/min), 472,243 states left on queue.
Progress(38) at 2026-10-07 09:10:45: 99,530,587 states generated (10,043,460 s/min), 4,641,460 distinct states found (426,383 ds/min), 475,113 states left on queue.
Checking temporal properties for the current state space with 5056839 total distinct states at (2026-10-07 09:11:44)
Finished checking temporal properties in 01min 21s at 2026-10-07 09:13:06
Progress(39) at 2026-10-07 09:13:06: 109,516,091 states generated (9,985,504 s/min), 5,056,839 distinct states found (415,379 ds/min), 471,128 states left on queue.
Progress(40) at 2026-10-07 09:14:05: 117,639,551 states generated (8,123,460 s/min), 5,390,684 distinct states found (333,845 ds/min), 462,038 states left on queue.
Progress(41) at 2026-10-07 09:15:04: 129,319,264 states generated (11,679,713 s/min), 5,872,591 distinct states found (481,907 ds/min), 449,946 states left on queue.
Progress(42) at 2026-10-07 09:16:03: 138,394,265 states generated (9,075,001 s/min), 6,235,499 distinct states found (362,908 ds/min), 430,072 states left on queue.
Progress(43) at 2026-10-07 09:17:02: 146,340,796 states generated (7,946,531 s/min), 6,552,056 distinct states found (316,557 ds/min), 412,151 states left on queue.
Progress(43) at 2026-10-07 09:18:01: 154,187,600 states generated (7,846,804 s/min), 6,862,756 distinct states found (310,700 ds/min), 390,501 states left on queue.
Checking temporal properties for the current state space with 7166755 total distinct states at (2026-10-07 09:19:00)
Finished checking temporal properties in 02min 26s at 2026-10-07 09:21:26
Progress(44) at 2026-10-07 09:21:26: 161,918,552 states generated (7,730,952 s/min), 7,166,757 distinct states found (304,001 ds/min), 365,848 states left on queue.
Progress(45) at 2026-10-07 09:22:25: 168,947,413 states generated (7,028,861 s/min), 7,441,068 distinct states found (274,311 ds/min), 340,141 states left on queue.
Progress(46) at 2026-10-07 09:23:24: 178,429,890 states generated (9,482,477 s/min), 7,803,711 distinct states found (362,643 ds/min), 298,799 states left on queue.
Progress(48) at 2026-10-07 09:24:23: 188,711,775 states generated (10,281,885 s/min), 8,199,321 distinct states found (395,610 ds/min), 251,855 states left on queue.
Progress(50) at 2026-10-07 09:25:22: 199,024,715 states generated (10,312,940 s/min), 8,592,934 distinct states found (393,613 ds/min), 206,169 states left on queue.
Progress(52) at 2026-10-07 09:26:21: 209,696,865 states generated (10,672,150 s/min), 8,993,509 distinct states found (400,575 ds/min), 151,695 states left on queue.
Progress(56) at 2026-10-07 09:27:20: 219,858,093 states generated (10,161,228 s/min), 9,365,362 distinct states found (371,853 ds/min), 87,798 states left on queue.

===== /Users/marcus/conductor/workspaces/helios/wellington-v2/target/quint/guest-flow-owner/steering-detach-exposure-ends-with-owner/events.log =====
1791356283.127 attempt 1 start pgid=437476 port=39467 timeout=1800s log=/Users/marcus/conductor/workspaces/helios/wellington-v2/target/quint/guest-flow-owner/steering-detach-exposure-ends-with-owner/attempt-1.log
1791358052.966 attempt 1 end TimedOut after 1800.2s; group 437476 killed; verdict Final { outcome: TimedOut, cause: Some("exceeded the 1800s timeout; process group killed") }
