cloud-hypervisor:   0.000057s: <main> INFO:cloud-hypervisor/src/main.rs:631 -- v53.0 starting
cloud-hypervisor:   0.000158s: <main> INFO:event_monitor/src/lib.rs:113 -- Event: source = vmm event = starting 
cloud-hypervisor:   0.002143s: <vmm> INFO:vmm/src/api/mod.rs:1278 -- API request event: VmCreate VmConfig { cpus: CpusConfig { boot_vcpus: 1, max_vcpus: 1, topology: None, kvm_hyperv: false, max_phys_bits: 46, affinity: None, features: CpuFeatures { amx: false }, nested: true, core_scheduling: Vm, profile: Host }, memory: MemoryConfig { size: 536870912, mergeable: false, hotplug_method: Acpi, hotplug_size: None, hotplugged_size: None, shared: false, hugepages: false, hugepage_size: None, prefault: false, reserve: false, zones: None, thp: true }, payload: Some(PayloadConfig { firmware: None, kernel: Some("/srv/vm/overdrive-testing/kernel"), cmdline: Some("console=ttyS0 panic=-1 loglevel=4"), initramfs: Some("/home/ubuntu/overdrive/spike-scratch/netns-density-295-ch-vhost-vsock/out/increment-b/initramfs.cpio.gz") }), rate_limit_groups: None, disks: None, net: None, rng: RngConfig { pci_common: PciDeviceCommonConfig { id: None, iommu: false, pci_segment: 0, pci_device_id: None }, src: "/dev/urandom" }, balloon: None, generic_vhost_user: None, fs: None, pmem: None, serial: SerialConfig { common: CommonConsoleConfig { file: Some("/home/ubuntu/overdrive/spike-scratch/netns-density-295-ch-vhost-vsock/out/increment-b/vm-P1-1791212218875/serial.log"), mode: File, socket: None } }, console: ConsoleConfig { common: CommonConsoleConfig { file: None, mode: Off, socket: None }, pci_common: PciDeviceCommonConfig { id: None, iommu: false, pci_segment: 0, pci_device_id: None } }, debug_console: DebugConsoleConfig { file: None, mode: Off, iobase: Some(233) }, devices: None, user_devices: None, vdpa: None, vsock: Some(VsockConfig { pci_common: PciDeviceCommonConfig { id: None, iommu: false, pci_segment: 0, pci_device_id: None }, cid: 3, socket: "/home/ubuntu/overdrive/spike-scratch/netns-density-295-ch-vhost-vsock/out/increment-b/P1.vsock" }), pvpanic: false, iommu: false, numa: None, watchdog: false, rtc: None, pci_segments: None, platform: None, tpm: None, preserved_fds: None, landlock_enable: false, landlock_rules: None }
cloud-hypervisor:   0.003187s: <vmm> INFO:vmm/src/api/mod.rs:1169 -- API request event: VmBoot
cloud-hypervisor:   0.003227s: <vmm> INFO:vmm/src/lib.rs:2230 -- Booting VM
cloud-hypervisor:   0.003263s: <vmm> INFO:event_monitor/src/lib.rs:113 -- Event: source = vm event = booting 
cloud-hypervisor:   0.003756s: <vmm> INFO:vmm/src/memory_manager.rs:681 -- create ram region for zone mem0, region_start: 0x0, region_size: 0x20000000
cloud-hypervisor:   0.003849s: <vmm> INFO:vmm/src/memory_manager.rs:2154 -- RAM region mapping at 0x704de7600000 (size = 0x20000000)
cloud-hypervisor:   0.003895s: <vmm> INFO:vmm/src/vm.rs:606 -- Booting VM from config: Mutex { data: VmConfig { cpus: CpusConfig { boot_vcpus: 1, max_vcpus: 1, topology: None, kvm_hyperv: false, max_phys_bits: 46, affinity: None, features: CpuFeatures { amx: false }, nested: true, core_scheduling: Vm, profile: Host }, memory: MemoryConfig { size: 536870912, mergeable: false, hotplug_method: Acpi, hotplug_size: None, hotplugged_size: None, shared: false, hugepages: false, hugepage_size: None, prefault: false, reserve: false, zones: None, thp: true }, payload: Some(PayloadConfig { firmware: None, kernel: Some("/srv/vm/overdrive-testing/kernel"), cmdline: Some("console=ttyS0 panic=-1 loglevel=4"), initramfs: Some("/home/ubuntu/overdrive/spike-scratch/netns-density-295-ch-vhost-vsock/out/increment-b/initramfs.cpio.gz") }), rate_limit_groups: None, disks: None, net: None, rng: RngConfig { pci_common: PciDeviceCommonConfig { id: None, iommu: false, pci_segment: 0, pci_device_id: None }, src: "/dev/urandom" }, balloon: None, generic_vhost_user: None, fs: None, pmem: None, serial: SerialConfig { common: CommonConsoleConfig { file: Some("/home/ubuntu/overdrive/spike-scratch/netns-density-295-ch-vhost-vsock/out/increment-b/vm-P1-1791212218875/serial.log"), mode: File, socket: None } }, console: ConsoleConfig { common: CommonConsoleConfig { file: None, mode: Off, socket: None }, pci_common: PciDeviceCommonConfig { id: None, iommu: false, pci_segment: 0, pci_device_id: None } }, debug_console: DebugConsoleConfig { file: None, mode: Off, iobase: Some(233) }, devices: None, user_devices: None, vdpa: None, vsock: Some(VsockConfig { pci_common: PciDeviceCommonConfig { id: None, iommu: false, pci_segment: 0, pci_device_id: None }, cid: 3, socket: "/home/ubuntu/overdrive/spike-scratch/netns-density-295-ch-vhost-vsock/out/increment-b/P1.vsock" }), pvpanic: false, iommu: false, numa: None, watchdog: false, rtc: None, pci_segments: None, platform: None, tpm: None, preserved_fds: None, landlock_enable: false, landlock_rules: None }, poisoned: false, .. }
cloud-hypervisor:   0.004553s: <vmm> INFO:arch/src/x86_64/mod.rs:629 -- Generating guest CPUID with physical address size: 46
cloud-hypervisor:   0.004668s: <vmm> INFO:vmm/src/pci_segment.rs:107 -- Adding PCI segment: id=0, PCI MMIO config address: 0xe8000000, mem32 area [0xc0000000-0xe7ffffff], mem64 area [0x100000000-0x3fffffeeffff]
cloud-hypervisor:   0.004712s: <vmm> INFO:vmm/src/memory_manager.rs:2433 -- Creating userspace mapping: 0 -> 704de7600000 20000000, slot 0
cloud-hypervisor:   0.004792s: <vmm> INFO:vmm/src/memory_manager.rs:2491 -- Created userspace mapping: 0 -> 704de7600000 20000000
cloud-hypervisor:   0.004893s: <vmm> INFO:vmm/src/cpu.rs:1100 -- Request to create new vCPUs: desired = 1, max = 1, allocated = 0, present = 0
cloud-hypervisor:   0.004919s: <payload_loader> INFO:vmm/src/vm.rs:1636 -- Loading kernel
cloud-hypervisor:   0.007196s: <payload_loader> INFO:vmm/src/vm.rs:1666 -- bzImage kernel loaded: entry_addr = 0x100000
cloud-hypervisor:   0.007486s: <vmm> INFO:vmm/src/device_manager.rs:3091 -- Creating virtio-rng device: RngConfig { pci_common: PciDeviceCommonConfig { id: None, iommu: false, pci_segment: 0, pci_device_id: None }, src: "/dev/urandom" }
cloud-hypervisor:   0.007585s: <vmm> INFO:vmm/src/device_manager.rs:3519 -- Creating virtio-vsock device: VsockConfig { pci_common: PciDeviceCommonConfig { id: Some("_vsock0"), iommu: false, pci_segment: 0, pci_device_id: None }, cid: 3, socket: "/home/ubuntu/overdrive/spike-scratch/netns-density-295-ch-vhost-vsock/out/increment-b/P1.vsock" }
cloud-hypervisor:   0.008242s: <vmm> INFO:vmm/src/acpi.rs:1166 -- Generated ACPI tables: took 407µs size = 5169
cloud-hypervisor:   0.008284s: <vmm> INFO:vmm/src/vm.rs:2739 -- Created ACPI tables: rsdp_addr = 0xa0000
cloud-hypervisor:   0.008323s: <vmm> INFO:vmm/src/cpu.rs:556 -- Configuring vCPU: cpu_id = 0
cloud-hypervisor:   0.008448s: <vmm> INFO:vmm/src/vm.rs:1826 -- Configuring system
cloud-hypervisor:   0.008666s: <vmm> INFO:vmm/src/vm.rs:1495 -- Initramfs loaded: address = 0x1fe29000
cloud-hypervisor:   0.008723s: <vmm> INFO:vmm/src/cpu.rs:1513 -- Starting vCPUs: desired = 1, allocated = 1, present = 0, paused = false
cloud-hypervisor:   0.017477s: <vcpu0> INFO:vmm/src/cpu.rs:1314 -- vCPU 0: core scheduling cookie = 0xb67dd83a
cloud-hypervisor:   0.017673s: <vmm> INFO:event_monitor/src/lib.rs:113 -- Event: source = vm event = booted 
cloud-hypervisor:   0.361316s: <vcpu0> INFO:vmm/src/vm.rs:500 -- Guest PIO read from unregistered address 0x87
cloud-hypervisor:   0.422442s: <vcpu0> INFO:vmm/src/vm.rs:500 -- Guest PIO read from unregistered address 0x2f9
cloud-hypervisor:   0.422491s: <vcpu0> INFO:vmm/src/vm.rs:510 -- Guest PIO write to unregistered address 0x2f9
cloud-hypervisor:   0.422525s: <vcpu0> INFO:vmm/src/vm.rs:500 -- Guest PIO read from unregistered address 0x2f9
cloud-hypervisor:   0.422559s: <vcpu0> INFO:vmm/src/vm.rs:510 -- Guest PIO write to unregistered address 0x2f9
cloud-hypervisor:   0.422593s: <vcpu0> INFO:vmm/src/vm.rs:500 -- Guest PIO read from unregistered address 0x2f9
cloud-hypervisor:   0.422628s: <vcpu0> INFO:vmm/src/vm.rs:510 -- Guest PIO write to unregistered address 0x2f9
cloud-hypervisor:   0.422784s: <vcpu0> INFO:vmm/src/vm.rs:500 -- Guest PIO read from unregistered address 0x3e9
cloud-hypervisor:   0.422830s: <vcpu0> INFO:vmm/src/vm.rs:510 -- Guest PIO write to unregistered address 0x3e9
cloud-hypervisor:   0.422864s: <vcpu0> INFO:vmm/src/vm.rs:500 -- Guest PIO read from unregistered address 0x3e9
cloud-hypervisor:   0.422899s: <vcpu0> INFO:vmm/src/vm.rs:510 -- Guest PIO write to unregistered address 0x3e9
cloud-hypervisor:   0.422933s: <vcpu0> INFO:vmm/src/vm.rs:500 -- Guest PIO read from unregistered address 0x3e9
cloud-hypervisor:   0.422967s: <vcpu0> INFO:vmm/src/vm.rs:510 -- Guest PIO write to unregistered address 0x3e9
cloud-hypervisor:   0.423106s: <vcpu0> INFO:vmm/src/vm.rs:500 -- Guest PIO read from unregistered address 0x2e9
cloud-hypervisor:   0.423141s: <vcpu0> INFO:vmm/src/vm.rs:510 -- Guest PIO write to unregistered address 0x2e9
cloud-hypervisor:   0.423175s: <vcpu0> INFO:vmm/src/vm.rs:500 -- Guest PIO read from unregistered address 0x2e9
cloud-hypervisor:   0.423209s: <vcpu0> INFO:vmm/src/vm.rs:510 -- Guest PIO write to unregistered address 0x2e9
cloud-hypervisor:   0.423244s: <vcpu0> INFO:vmm/src/vm.rs:500 -- Guest PIO read from unregistered address 0x2e9
cloud-hypervisor:   0.423281s: <vcpu0> INFO:vmm/src/vm.rs:510 -- Guest PIO write to unregistered address 0x2e9
cloud-hypervisor:   0.429451s: <vcpu0> INFO:vmm/src/vm.rs:476 -- Guest MMIO read from unregistered address 0xfed803c0
cloud-hypervisor:   0.522923s: <vcpu0> INFO:virtio-devices/src/transport/pci_device.rs:1288 -- _virtio-pci-_vsock0: Needs activation; writing to activate event fd
cloud-hypervisor:   0.522963s: <vcpu0> INFO:virtio-devices/src/transport/pci_device.rs:1293 -- _virtio-pci-_vsock0: Needs activation; returning barrier
cloud-hypervisor:   0.522985s: <vcpu0> INFO:vmm/src/vm.rs:488 -- Waiting for barrier
cloud-hypervisor:   0.523037s: <vmm> INFO:vmm/src/lib.rs:2108 -- Trying to activate pending virtio devices: count = 1
cloud-hypervisor:   0.523302s: <vmm> INFO:event_monitor/src/lib.rs:113 -- Event: source = virtio-device event = activated id = _vsock0
cloud-hypervisor:   0.523365s: <vmm> INFO:virtio-devices/src/transport/pci_device.rs:347 -- _virtio-pci-_vsock0: Waiting for barrier
cloud-hypervisor:   0.523446s: <vmm> INFO:virtio-devices/src/transport/pci_device.rs:349 -- _virtio-pci-_vsock0: Barrier released
cloud-hypervisor:   0.523455s: <vcpu0> INFO:vmm/src/vm.rs:490 -- Barrier released
cloud-hypervisor:   2.380991s: <vcpu0> INFO:event_monitor/src/lib.rs:113 -- Event: source = virtio-device event = reset id = _vsock0
cloud-hypervisor:   2.389473s: <vcpu0> INFO:devices/src/acpi.rs:81 -- ACPI Shutdown signalled
cloud-hypervisor:   2.389545s: <vmm> INFO:vmm/src/lib.rs:2096 -- VM guest exit event
cloud-hypervisor:   2.389598s: <vmm> INFO:virtio-devices/src/device.rs:485 -- Resuming virtio-rng
cloud-hypervisor:   2.389652s: <vmm> INFO:virtio-devices/src/device.rs:485 -- Resuming virtio-vsock
cloud-hypervisor:   2.390811s: <vmm> INFO:event_monitor/src/lib.rs:113 -- Event: source = vm event = shutdown 
cloud-hypervisor:   2.390872s: <vmm> INFO:virtio-devices/src/device.rs:485 -- Resuming virtio-rng
cloud-hypervisor:   2.390913s: <vmm> INFO:virtio-devices/src/device.rs:485 -- Resuming virtio-vsock
cloud-hypervisor:   2.402592s: <vmm> INFO:event_monitor/src/lib.rs:113 -- Event: source = vm event = deleted 
cloud-hypervisor:   2.402664s: <vmm> INFO:event_monitor/src/lib.rs:113 -- Event: source = vmm event = shutdown 
cloud-hypervisor:   2.402945s: <main> INFO:cloud-hypervisor/src/main.rs:962 -- Cloud Hypervisor exited successfully
