before	alloc-service-vm-liveness-restart-0	Running	0	liveness	pass	none	HTTP 204
terminal	alloc-service-vm-liveness-restart-0	Running	0	liveness	fail	liveness-probe	HTTP 503
terminal	alloc-service-vm-liveness-restart-0	Running	0	liveness	fail	liveness-probe	HTTP 503
after	alloc-service-vm-liveness-restart-0	Running	1	liveness	fail	liveness-probe	HTTP 503
after	alloc-service-vm-liveness-restart-0	Running	1	liveness	fail	liveness-probe	HTTP 503
    Finished `dev` profile [unoptimized + debuginfo] target(s) in 0.21s
     Running `target/debug/xtask metal run -- bash -lc 'timeout --signal=TERM --kill-after=90s 1200s env SVM_E08_OUTPUT_ROOT=/srv/vm/overdrive-testing/svm-e08 examples/service-kind-vm-workloads/run-example.sh run liveness-restart'`
/usr/bin/ssh
xtask: running metal run (one bootstrap lease session)

########## [bootstrap] preflight: ssh to ubuntu@<metal-host-redacted>

########## [bootstrap] remote user=ubuntu home=/home/ubuntu sudo='sudo -n'

########## [bootstrap] acquire canonical metal lease (/run/lock/overdrive-metal-shared.lock)
OVERDRIVE_METAL_LEASE_ACQUIRED token=7bacb58327592adf5ebd0f1a pid=4034727

########## [bootstrap] sync /Users/marcus/conductor/workspaces/helios/accra -> ubuntu@<metal-host-redacted>:/home/ubuntu/overdrive

sent 999,452 bytes  received 94,616 bytes  437,627.20 bytes/sec
total size is 290,723,518  speedup is 265.73

########## [bootstrap] fail-closed native x86_64/KVM preflight
    Finished `dev` profile [unoptimized + debuginfo] target(s) in 0.19s
prepared SVM E08 runtime materialization at /srv/vm/overdrive-testing/svm-e08
verified SVM E08 runtime materialization at /srv/vm/overdrive-testing/svm-e08
Script started on 2026-09-09 14:54:48+00:00 [COMMAND="env OVERDRIVE_CONFIG_DIR=/srv/vm/overdrive-testing/svm-e08/config /home/ubuntu/overdrive/target/debug/overdrive deploy /home/ubuntu/overdrive/examples/service-kind-vm-workloads/liveness-restart.toml" <not executed on terminal>]
Accepted.
Workload ID:   service-vm-liveness-restart
Intent key:    workloads/service-vm-liveness-restart
Spec digest:   0cc2cc76c23580d6f24d8f67c80395ff4f29beb79594af610cecae3eb1b00777
Outcome:       created
Endpoint:      https://127.0.0.1:7644/
Next: overdrive workload describe service-vm-liveness-restart
Service 'service-vm-liveness-restart' is stable (settled in 2233ms; witness: startup probe[0] (tcp 0.0.0.0:18081))

Script done on 2026-09-09 14:54:50+00:00 [COMMAND_EXIT_CODE="0"]
Service 'service-vm-liveness-restart' (kind: Service)
Spec digest: 0cc2cc76c23580d6f24d8f67c80395ff4f29beb79594af610cecae3eb1b00777
Replicas (desired/running): 1/1
Alloc                    State        Restarts   Since               
alloc-service-vm-liveness-restart-0 Running      0          (c=15,w=local)      
    reason: driver started
Memory:        134217728
Addresses:
  alloc-service-vm-liveness-restart-0: 10.99.128.2
VIP:           10.96.0.2
Listeners:
  18080/tcp
Issued certificates:
  serial:        59f61e953f3fee9cc155193747ad1438
    spiffe_id:     spiffe://overdrive.local/workload/service-vm-liveness-restart/alloc/alloc-service-vm-liveness-restart-0
    issuer_serial: 224f270fd850521667123e5a8d0a1152
    not_after:     1788969228.354470096
Probes:
  startup probe[0] tcp 0.0.0.0:18081 last=pass last_observed_at=1788965690507
  readiness probe[0] http GET http://0.0.0.0:18080/ready last=pass last_observed_at=1788965690507
  liveness probe[0] http GET http://0.0.0.0:18080/live last=pass last_observed_at=1788965690507
Service 'service-vm-liveness-restart' (kind: Service)
Spec digest: 0cc2cc76c23580d6f24d8f67c80395ff4f29beb79594af610cecae3eb1b00777
Replicas (desired/running): 1/1
Alloc                    State        Restarts   Since               
alloc-service-vm-liveness-restart-0 Running      0          (c=15,w=local)      
    reason: driver started
Memory:        134217728
Addresses:
  alloc-service-vm-liveness-restart-0: 10.99.128.2
VIP:           10.96.0.2
Listeners:
  18080/tcp
Issued certificates:
  serial:        59f61e953f3fee9cc155193747ad1438
    spiffe_id:     spiffe://overdrive.local/workload/service-vm-liveness-restart/alloc/alloc-service-vm-liveness-restart-0
    issuer_serial: 224f270fd850521667123e5a8d0a1152
    not_after:     1788969228.354470096
Probes:
  startup probe[0] tcp 0.0.0.0:18081 last=pass last_observed_at=1788965690507
  readiness probe[0] http GET http://0.0.0.0:18080/ready last=pass last_observed_at=1788965692513
  liveness probe[0] http GET http://0.0.0.0:18080/live last=fail (HTTP 503) last_observed_at=1788965692513
Service 'service-vm-liveness-restart' (kind: Service)
Spec digest: 0cc2cc76c23580d6f24d8f67c80395ff4f29beb79594af610cecae3eb1b00777
Replicas (desired/running): 1/1
Alloc                    State        Restarts   Since               
alloc-service-vm-liveness-restart-0 Running      1          (c=46,w=local)      
    reason: driver started
    last terminated: Terminated at (c=45,w=local) — stopped
    last terminated ran since: 1788965688.297712459
Memory:        134217728
Addresses:
  alloc-service-vm-liveness-restart-0: 10.99.128.2
VIP:           10.96.0.2
Listeners:
  18080/tcp
Issued certificates:
  serial:        9bb89268096c8341b9e065322f49bd67
    spiffe_id:     spiffe://overdrive.local/workload/service-vm-liveness-restart/alloc/alloc-service-vm-liveness-restart-0
    issuer_serial: 224f270fd850521667123e5a8d0a1152
    not_after:     1788969245.882850189
Probes:
  startup probe[0] tcp 0.0.0.0:18081 last=pass last_observed_at=1788965690507
  readiness probe[0] http GET http://0.0.0.0:18080/ready last=pass last_observed_at=1788965705547
  liveness probe[0] http GET http://0.0.0.0:18080/live last=fail (HTTP 503) last_observed_at=1788965705547
--- E12 ledger begin ---
phase	allocation_id	state	restarts	probe_role	probe_status	terminal_reason	response
before	alloc-service-vm-liveness-restart-0	Running	0	liveness	pass	none	HTTP 204
terminal	alloc-service-vm-liveness-restart-0	Running	0	liveness	fail	liveness-probe	HTTP 503
after	alloc-service-vm-liveness-restart-0	Running	1	liveness	fail	liveness-probe	HTTP 503
--- E12 ledger end ---
E12 PASS: liveness stop, ordinary same-ID replacement, no readiness restart, no dead revival
Stopped workload 'service-vm-liveness-restart'.
Endpoint: https://127.0.0.1:7644/
removed SVM E08-owned materialization from /srv/vm/overdrive-testing/svm-e08
E12 teardown deltas: vm=0 probe=0 network=0 cgroup=0 run-directory=0 mount=0 loop=0 preparation=0
