cloud-hypervisor:   0.000027s: <main> INFO:cloud-hypervisor/src/main.rs:631 -- v53.0.0 starting
cloud-hypervisor:   0.000116s: <main> INFO:event_monitor/src/lib.rs:113 -- Event: source = vmm event = starting 
cloud-hypervisor:   0.002032s: <vmm> INFO:vmm/src/api/mod.rs:1278 -- API request event: VmCreate VmConfig { cpus: CpusConfig { boot_vcpus: 1, max_vcpus: 1, topology: None, kvm_hyperv: false, max_phys_bits: 46, affinity: None, features: CpuFeatures { amx: false }, nested: true, core_scheduling: Vm, profile: Host }, memory: MemoryConfig { size: 536870912, mergeable: false, hotplug_method: Acpi, hotplug_size: None, hotplugged_size: None, shared: false, hugepages: false, hugepage_size: None, prefault: false, reserve: false, zones: None, thp: true }, payload: Some(PayloadConfig { firmware: None, kernel: Some("/srv/vm/overdrive-testing/kernel"), cmdline: Some("console=ttyS0 panic=-1 loglevel=4"), initramfs: Some("/home/ubuntu/overdrive/spike-scratch/netns-density-295-ch-vhost-vsock/out/increment-b/initramfs.cpio.gz") }), rate_limit_groups: None, disks: None, net: None, rng: RngConfig { pci_common: PciDeviceCommonConfig { id: None, iommu: false, pci_segment: 0, pci_device_id: None }, src: "/dev/urandom" }, balloon: None, generic_vhost_user: None, fs: None, pmem: None, serial: SerialConfig { common: CommonConsoleConfig { file: Some("/home/ubuntu/overdrive/spike-scratch/netns-density-295-ch-vhost-vsock/out/increment-b/vm-p2-1791212222241/serial.log"), mode: File, socket: None } }, console: ConsoleConfig { common: CommonConsoleConfig { file: None, mode: Off, socket: None }, pci_common: PciDeviceCommonConfig { id: None, iommu: false, pci_segment: 0, pci_device_id: None } }, debug_console: DebugConsoleConfig { file: None, mode: Off, iobase: Some(233) }, devices: None, user_devices: None, vdpa: None, vsock: Some(VsockConfig { pci_common: PciDeviceCommonConfig { id: None, iommu: false, pci_segment: 0, pci_device_id: None }, cid: 42, socket: None, backend: VhostKernel }), pvpanic: false, iommu: false, numa: None, watchdog: false, rtc: None, pci_segments: None, platform: None, tpm: None, preserved_fds: None, landlock_enable: false, landlock_rules: None }
cloud-hypervisor:   0.003061s: <vmm> INFO:vmm/src/api/mod.rs:1169 -- API request event: VmBoot
cloud-hypervisor:   0.003102s: <vmm> INFO:vmm/src/lib.rs:2230 -- Booting VM
cloud-hypervisor:   0.003135s: <vmm> INFO:event_monitor/src/lib.rs:113 -- Event: source = vm event = booting 
cloud-hypervisor:   0.003602s: <vmm> INFO:vmm/src/memory_manager.rs:681 -- create ram region for zone mem0, region_start: 0x0, region_size: 0x20000000
cloud-hypervisor:   0.003669s: <vmm> INFO:vmm/src/memory_manager.rs:2154 -- RAM region mapping at 0x75c72c000000 (size = 0x20000000)
cloud-hypervisor:   0.003716s: <vmm> INFO:vmm/src/vm.rs:606 -- Booting VM from config: Mutex { data: VmConfig { cpus: CpusConfig { boot_vcpus: 1, max_vcpus: 1, topology: None, kvm_hyperv: false, max_phys_bits: 46, affinity: None, features: CpuFeatures { amx: false }, nested: true, core_scheduling: Vm, profile: Host }, memory: MemoryConfig { size: 536870912, mergeable: false, hotplug_method: Acpi, hotplug_size: None, hotplugged_size: None, shared: false, hugepages: false, hugepage_size: None, prefault: false, reserve: false, zones: None, thp: true }, payload: Some(PayloadConfig { firmware: None, kernel: Some("/srv/vm/overdrive-testing/kernel"), cmdline: Some("console=ttyS0 panic=-1 loglevel=4"), initramfs: Some("/home/ubuntu/overdrive/spike-scratch/netns-density-295-ch-vhost-vsock/out/increment-b/initramfs.cpio.gz") }), rate_limit_groups: None, disks: None, net: None, rng: RngConfig { pci_common: PciDeviceCommonConfig { id: None, iommu: false, pci_segment: 0, pci_device_id: None }, src: "/dev/urandom" }, balloon: None, generic_vhost_user: None, fs: None, pmem: None, serial: SerialConfig { common: CommonConsoleConfig { file: Some("/home/ubuntu/overdrive/spike-scratch/netns-density-295-ch-vhost-vsock/out/increment-b/vm-p2-1791212222241/serial.log"), mode: File, socket: None } }, console: ConsoleConfig { common: CommonConsoleConfig { file: None, mode: Off, socket: None }, pci_common: PciDeviceCommonConfig { id: None, iommu: false, pci_segment: 0, pci_device_id: None } }, debug_console: DebugConsoleConfig { file: None, mode: Off, iobase: Some(233) }, devices: None, user_devices: None, vdpa: None, vsock: Some(VsockConfig { pci_common: PciDeviceCommonConfig { id: None, iommu: false, pci_segment: 0, pci_device_id: None }, cid: 42, socket: None, backend: VhostKernel }), pvpanic: false, iommu: false, numa: None, watchdog: false, rtc: None, pci_segments: None, platform: None, tpm: None, preserved_fds: None, landlock_enable: false, landlock_rules: None }, poisoned: false, .. }
cloud-hypervisor:   0.004280s: <vmm> INFO:arch/src/x86_64/mod.rs:629 -- Generating guest CPUID with physical address size: 46
cloud-hypervisor:   0.004349s: <vmm> INFO:vmm/src/pci_segment.rs:107 -- Adding PCI segment: id=0, PCI MMIO config address: 0xe8000000, mem32 area [0xc0000000-0xe7ffffff], mem64 area [0x100000000-0x3fffffeeffff]
cloud-hypervisor:   0.004393s: <vmm> INFO:vmm/src/memory_manager.rs:2433 -- Creating userspace mapping: 0 -> 75c72c000000 20000000, slot 0
cloud-hypervisor:   0.004494s: <vmm> INFO:vmm/src/memory_manager.rs:2491 -- Created userspace mapping: 0 -> 75c72c000000 20000000
cloud-hypervisor:   0.004615s: <vmm> INFO:vmm/src/cpu.rs:1100 -- Request to create new vCPUs: desired = 1, max = 1, allocated = 0, present = 0
cloud-hypervisor:   0.004617s: <payload_loader> INFO:vmm/src/vm.rs:1636 -- Loading kernel
cloud-hypervisor:   0.004873s: <vmm> INFO:vmm/src/device_manager.rs:3099 -- Creating virtio-rng device: RngConfig { pci_common: PciDeviceCommonConfig { id: None, iommu: false, pci_segment: 0, pci_device_id: None }, src: "/dev/urandom" }
cloud-hypervisor:   0.004953s: <vmm> INFO:vmm/src/device_manager.rs:3527 -- Creating virtio-vsock device: VsockConfig { pci_common: PciDeviceCommonConfig { id: Some("_vsock0"), iommu: false, pci_segment: 0, pci_device_id: None }, cid: 42, socket: None, backend: VhostKernel }
cloud-hypervisor:   0.006931s: <payload_loader> INFO:vmm/src/vm.rs:1666 -- bzImage kernel loaded: entry_addr = 0x100000
cloud-hypervisor:   0.013837s: <vmm> INFO:virtio-devices/src/vsock/vhost_kernel.rs:216 -- Created vhost-kernel vsock _vsock0 with guest CID 42
cloud-hypervisor:   0.014075s: <vmm> INFO:vmm/src/acpi.rs:1166 -- Generated ACPI tables: took 113µs size = 5169
cloud-hypervisor:   0.014105s: <vmm> INFO:vmm/src/vm.rs:2739 -- Created ACPI tables: rsdp_addr = 0xa0000
cloud-hypervisor:   0.014131s: <vmm> INFO:vmm/src/cpu.rs:556 -- Configuring vCPU: cpu_id = 0
cloud-hypervisor:   0.014212s: <vmm> INFO:vmm/src/vm.rs:1826 -- Configuring system
cloud-hypervisor:   0.014429s: <vmm> INFO:vmm/src/vm.rs:1495 -- Initramfs loaded: address = 0x1fe29000
cloud-hypervisor:   0.014466s: <vmm> INFO:vmm/src/cpu.rs:1513 -- Starting vCPUs: desired = 1, allocated = 1, present = 0, paused = false
cloud-hypervisor:   0.019696s: <vcpu0> INFO:vmm/src/cpu.rs:1314 -- vCPU 0: core scheduling cookie = 0xb69b7255
cloud-hypervisor:   0.019897s: <vmm> INFO:event_monitor/src/lib.rs:113 -- Event: source = vm event = booted 
cloud-hypervisor:   0.363415s: <vcpu0> INFO:vmm/src/vm.rs:500 -- Guest PIO read from unregistered address 0x87
cloud-hypervisor:   0.425824s: <vcpu0> INFO:vmm/src/vm.rs:500 -- Guest PIO read from unregistered address 0x2f9
cloud-hypervisor:   0.425879s: <vcpu0> INFO:vmm/src/vm.rs:510 -- Guest PIO write to unregistered address 0x2f9
cloud-hypervisor:   0.425915s: <vcpu0> INFO:vmm/src/vm.rs:500 -- Guest PIO read from unregistered address 0x2f9
cloud-hypervisor:   0.425951s: <vcpu0> INFO:vmm/src/vm.rs:510 -- Guest PIO write to unregistered address 0x2f9
cloud-hypervisor:   0.425987s: <vcpu0> INFO:vmm/src/vm.rs:500 -- Guest PIO read from unregistered address 0x2f9
cloud-hypervisor:   0.426023s: <vcpu0> INFO:vmm/src/vm.rs:510 -- Guest PIO write to unregistered address 0x2f9
cloud-hypervisor:   0.426175s: <vcpu0> INFO:vmm/src/vm.rs:500 -- Guest PIO read from unregistered address 0x3e9
cloud-hypervisor:   0.426212s: <vcpu0> INFO:vmm/src/vm.rs:510 -- Guest PIO write to unregistered address 0x3e9
cloud-hypervisor:   0.426260s: <vcpu0> INFO:vmm/src/vm.rs:500 -- Guest PIO read from unregistered address 0x3e9
cloud-hypervisor:   0.426296s: <vcpu0> INFO:vmm/src/vm.rs:510 -- Guest PIO write to unregistered address 0x3e9
cloud-hypervisor:   0.426331s: <vcpu0> INFO:vmm/src/vm.rs:500 -- Guest PIO read from unregistered address 0x3e9
cloud-hypervisor:   0.426371s: <vcpu0> INFO:vmm/src/vm.rs:510 -- Guest PIO write to unregistered address 0x3e9
cloud-hypervisor:   0.426526s: <vcpu0> INFO:vmm/src/vm.rs:500 -- Guest PIO read from unregistered address 0x2e9
cloud-hypervisor:   0.426564s: <vcpu0> INFO:vmm/src/vm.rs:510 -- Guest PIO write to unregistered address 0x2e9
cloud-hypervisor:   0.426600s: <vcpu0> INFO:vmm/src/vm.rs:500 -- Guest PIO read from unregistered address 0x2e9
cloud-hypervisor:   0.426635s: <vcpu0> INFO:vmm/src/vm.rs:510 -- Guest PIO write to unregistered address 0x2e9
cloud-hypervisor:   0.426690s: <vcpu0> INFO:vmm/src/vm.rs:500 -- Guest PIO read from unregistered address 0x2e9
cloud-hypervisor:   0.426726s: <vcpu0> INFO:vmm/src/vm.rs:510 -- Guest PIO write to unregistered address 0x2e9
cloud-hypervisor:   0.432960s: <vcpu0> INFO:vmm/src/vm.rs:476 -- Guest MMIO read from unregistered address 0xfed803c0
cloud-hypervisor:   0.526806s: <vcpu0> INFO:virtio-devices/src/transport/pci_device.rs:1288 -- _virtio-pci-_vsock0: Needs activation; writing to activate event fd
cloud-hypervisor:   0.526851s: <vcpu0> INFO:virtio-devices/src/transport/pci_device.rs:1293 -- _virtio-pci-_vsock0: Needs activation; returning barrier
cloud-hypervisor:   0.526875s: <vcpu0> INFO:vmm/src/vm.rs:488 -- Waiting for barrier
cloud-hypervisor:   0.526917s: <vmm> INFO:vmm/src/lib.rs:2108 -- Trying to activate pending virtio devices: count = 1
cloud-hypervisor:   0.527246s: <vmm> INFO:event_monitor/src/lib.rs:113 -- Event: source = virtio-device event = activated id = _vsock0
cloud-hypervisor:   0.527317s: <vmm> INFO:virtio-devices/src/transport/pci_device.rs:347 -- _virtio-pci-_vsock0: Waiting for barrier
cloud-hypervisor:   0.527373s: <vmm> INFO:virtio-devices/src/transport/pci_device.rs:349 -- _virtio-pci-_vsock0: Barrier released
cloud-hypervisor:   0.527428s: <vcpu0> INFO:vmm/src/vm.rs:490 -- Barrier released
cloud-hypervisor:  13.680771s: <vcpu0> INFO:event_monitor/src/lib.rs:113 -- Event: source = virtio-device event = reset id = _vsock0
cloud-hypervisor:  13.688559s: <vcpu0> INFO:devices/src/legacy/cmos.rs:80 -- CMOS reset
cloud-hypervisor:  13.688668s: <vmm> INFO:vmm/src/lib.rs:2089 -- VM reset event
cloud-hypervisor:  13.688744s: <vmm> INFO:event_monitor/src/lib.rs:113 -- Event: source = vm event = rebooting 
cloud-hypervisor:  13.688808s: <vmm> INFO:virtio-devices/src/device.rs:485 -- Resuming virtio-vsock
cloud-hypervisor:  13.688861s: <vmm> INFO:virtio-devices/src/device.rs:485 -- Resuming virtio-rng
cloud-hypervisor:  13.690004s: <vmm> INFO:virtio-devices/src/device.rs:485 -- Resuming virtio-vsock
cloud-hypervisor:  13.690056s: <vmm> INFO:virtio-devices/src/device.rs:485 -- Resuming virtio-rng
cloud-hypervisor:  13.718194s: <vmm> INFO:vmm/src/memory_manager.rs:681 -- create ram region for zone mem0, region_start: 0x0, region_size: 0x20000000
cloud-hypervisor:  13.718284s: <vmm> INFO:vmm/src/memory_manager.rs:2154 -- RAM region mapping at 0x75c72c000000 (size = 0x20000000)
cloud-hypervisor:  13.718351s: <vmm> INFO:vmm/src/vm.rs:606 -- Booting VM from config: Mutex { data: VmConfig { cpus: CpusConfig { boot_vcpus: 1, max_vcpus: 1, topology: None, kvm_hyperv: false, max_phys_bits: 46, affinity: None, features: CpuFeatures { amx: false }, nested: true, core_scheduling: Vm, profile: Host }, memory: MemoryConfig { size: 536870912, mergeable: false, hotplug_method: Acpi, hotplug_size: None, hotplugged_size: None, shared: false, hugepages: false, hugepage_size: None, prefault: false, reserve: false, zones: None, thp: true }, payload: Some(PayloadConfig { firmware: None, kernel: Some("/srv/vm/overdrive-testing/kernel"), cmdline: Some("console=ttyS0 panic=-1 loglevel=4"), initramfs: Some("/home/ubuntu/overdrive/spike-scratch/netns-density-295-ch-vhost-vsock/out/increment-b/initramfs.cpio.gz") }), rate_limit_groups: None, disks: None, net: None, rng: RngConfig { pci_common: PciDeviceCommonConfig { id: None, iommu: false, pci_segment: 0, pci_device_id: None }, src: "/dev/urandom" }, balloon: None, generic_vhost_user: None, fs: None, pmem: None, serial: SerialConfig { common: CommonConsoleConfig { file: Some("/home/ubuntu/overdrive/spike-scratch/netns-density-295-ch-vhost-vsock/out/increment-b/vm-p2-1791212222241/serial.log"), mode: File, socket: None } }, console: ConsoleConfig { common: CommonConsoleConfig { file: None, mode: Off, socket: None }, pci_common: PciDeviceCommonConfig { id: None, iommu: false, pci_segment: 0, pci_device_id: None } }, debug_console: DebugConsoleConfig { file: None, mode: Off, iobase: Some(233) }, devices: None, user_devices: None, vdpa: None, vsock: Some(VsockConfig { pci_common: PciDeviceCommonConfig { id: Some("_vsock0"), iommu: false, pci_segment: 0, pci_device_id: None }, cid: 42, socket: None, backend: VhostKernel }), pvpanic: false, iommu: false, numa: None, watchdog: false, rtc: None, pci_segments: None, platform: None, tpm: None, preserved_fds: None, landlock_enable: false, landlock_rules: None }, poisoned: false, .. }
cloud-hypervisor:  13.719495s: <vmm> INFO:arch/src/x86_64/mod.rs:629 -- Generating guest CPUID with physical address size: 46
cloud-hypervisor:  13.719591s: <vmm> INFO:vmm/src/pci_segment.rs:107 -- Adding PCI segment: id=0, PCI MMIO config address: 0xe8000000, mem32 area [0xc0000000-0xe7ffffff], mem64 area [0x100000000-0x3fffffeeffff]
cloud-hypervisor:  13.719687s: <vmm> INFO:vmm/src/memory_manager.rs:2433 -- Creating userspace mapping: 0 -> 75c72c000000 20000000, slot 0
cloud-hypervisor:  13.719814s: <vmm> INFO:vmm/src/memory_manager.rs:2491 -- Created userspace mapping: 0 -> 75c72c000000 20000000
cloud-hypervisor:  13.719923s: <vmm> INFO:vmm/src/cpu.rs:1100 -- Request to create new vCPUs: desired = 1, max = 1, allocated = 0, present = 0
cloud-hypervisor:  13.719979s: <payload_loader> INFO:vmm/src/vm.rs:1636 -- Loading kernel
cloud-hypervisor:  13.720277s: <vmm> INFO:vmm/src/device_manager.rs:3099 -- Creating virtio-rng device: RngConfig { pci_common: PciDeviceCommonConfig { id: None, iommu: false, pci_segment: 0, pci_device_id: None }, src: "/dev/urandom" }
cloud-hypervisor:  13.720421s: <vmm> INFO:vmm/src/device_manager.rs:3527 -- Creating virtio-vsock device: VsockConfig { pci_common: PciDeviceCommonConfig { id: Some("_vsock0"), iommu: false, pci_segment: 0, pci_device_id: None }, cid: 42, socket: None, backend: VhostKernel }
cloud-hypervisor:  13.720683s: <vmm> INFO:virtio-devices/src/vsock/vhost_kernel.rs:216 -- Created vhost-kernel vsock _vsock0 with guest CID 42
cloud-hypervisor:  13.721066s: <vmm> INFO:vmm/src/acpi.rs:1166 -- Generated ACPI tables: took 217µs size = 5169
cloud-hypervisor:  13.721121s: <vmm> INFO:vmm/src/vm.rs:2739 -- Created ACPI tables: rsdp_addr = 0xa0000
cloud-hypervisor:  13.722393s: <payload_loader> INFO:vmm/src/vm.rs:1666 -- bzImage kernel loaded: entry_addr = 0x100000
cloud-hypervisor:  13.722489s: <vmm> INFO:vmm/src/cpu.rs:556 -- Configuring vCPU: cpu_id = 0
cloud-hypervisor:  13.722633s: <vmm> INFO:vmm/src/vm.rs:1826 -- Configuring system
cloud-hypervisor:  13.723029s: <vmm> INFO:vmm/src/vm.rs:1495 -- Initramfs loaded: address = 0x1fe29000
cloud-hypervisor:  13.723098s: <vmm> INFO:vmm/src/cpu.rs:1513 -- Starting vCPUs: desired = 1, allocated = 1, present = 0, paused = false
cloud-hypervisor:  13.723290s: <vcpu0> INFO:vmm/src/cpu.rs:1314 -- vCPU 0: core scheduling cookie = 0x3d601200
cloud-hypervisor:  13.723475s: <vmm> INFO:event_monitor/src/lib.rs:113 -- Event: source = vm event = rebooted 
cloud-hypervisor:  14.067838s: <vcpu0> INFO:vmm/src/vm.rs:500 -- Guest PIO read from unregistered address 0x87
cloud-hypervisor:  14.130364s: <vcpu0> INFO:vmm/src/vm.rs:500 -- Guest PIO read from unregistered address 0x2f9
cloud-hypervisor:  14.130416s: <vcpu0> INFO:vmm/src/vm.rs:510 -- Guest PIO write to unregistered address 0x2f9
cloud-hypervisor:  14.130464s: <vcpu0> INFO:vmm/src/vm.rs:500 -- Guest PIO read from unregistered address 0x2f9
cloud-hypervisor:  14.130499s: <vcpu0> INFO:vmm/src/vm.rs:510 -- Guest PIO write to unregistered address 0x2f9
cloud-hypervisor:  14.130535s: <vcpu0> INFO:vmm/src/vm.rs:500 -- Guest PIO read from unregistered address 0x2f9
cloud-hypervisor:  14.130571s: <vcpu0> INFO:vmm/src/vm.rs:510 -- Guest PIO write to unregistered address 0x2f9
cloud-hypervisor:  14.130734s: <vcpu0> INFO:vmm/src/vm.rs:500 -- Guest PIO read from unregistered address 0x3e9
cloud-hypervisor:  14.130777s: <vcpu0> INFO:vmm/src/vm.rs:510 -- Guest PIO write to unregistered address 0x3e9
cloud-hypervisor:  14.130814s: <vcpu0> INFO:vmm/src/vm.rs:500 -- Guest PIO read from unregistered address 0x3e9
cloud-hypervisor:  14.130849s: <vcpu0> INFO:vmm/src/vm.rs:510 -- Guest PIO write to unregistered address 0x3e9
cloud-hypervisor:  14.130885s: <vcpu0> INFO:vmm/src/vm.rs:500 -- Guest PIO read from unregistered address 0x3e9
cloud-hypervisor:  14.130920s: <vcpu0> INFO:vmm/src/vm.rs:510 -- Guest PIO write to unregistered address 0x3e9
cloud-hypervisor:  14.131077s: <vcpu0> INFO:vmm/src/vm.rs:500 -- Guest PIO read from unregistered address 0x2e9
cloud-hypervisor:  14.131114s: <vcpu0> INFO:vmm/src/vm.rs:510 -- Guest PIO write to unregistered address 0x2e9
cloud-hypervisor:  14.131149s: <vcpu0> INFO:vmm/src/vm.rs:500 -- Guest PIO read from unregistered address 0x2e9
cloud-hypervisor:  14.131186s: <vcpu0> INFO:vmm/src/vm.rs:510 -- Guest PIO write to unregistered address 0x2e9
cloud-hypervisor:  14.131221s: <vcpu0> INFO:vmm/src/vm.rs:500 -- Guest PIO read from unregistered address 0x2e9
cloud-hypervisor:  14.131257s: <vcpu0> INFO:vmm/src/vm.rs:510 -- Guest PIO write to unregistered address 0x2e9
cloud-hypervisor:  14.137425s: <vcpu0> INFO:vmm/src/vm.rs:476 -- Guest MMIO read from unregistered address 0xfed803c0
cloud-hypervisor:  14.231141s: <vcpu0> INFO:virtio-devices/src/transport/pci_device.rs:1288 -- _virtio-pci-_vsock0: Needs activation; writing to activate event fd
cloud-hypervisor:  14.231182s: <vcpu0> INFO:virtio-devices/src/transport/pci_device.rs:1293 -- _virtio-pci-_vsock0: Needs activation; returning barrier
cloud-hypervisor:  14.231208s: <vcpu0> INFO:vmm/src/vm.rs:488 -- Waiting for barrier
cloud-hypervisor:  14.231252s: <vmm> INFO:vmm/src/lib.rs:2108 -- Trying to activate pending virtio devices: count = 1
cloud-hypervisor:  14.231573s: <vmm> INFO:event_monitor/src/lib.rs:113 -- Event: source = virtio-device event = activated id = _vsock0
cloud-hypervisor:  14.231663s: <vmm> INFO:virtio-devices/src/transport/pci_device.rs:347 -- _virtio-pci-_vsock0: Waiting for barrier
cloud-hypervisor:  14.231735s: <vmm> INFO:virtio-devices/src/transport/pci_device.rs:349 -- _virtio-pci-_vsock0: Barrier released
cloud-hypervisor:  14.231791s: <vcpu0> INFO:vmm/src/vm.rs:490 -- Barrier released
cloud-hypervisor:  15.719609s: <vcpu0> INFO:event_monitor/src/lib.rs:113 -- Event: source = virtio-device event = reset id = _vsock0
cloud-hypervisor:  15.726565s: <vcpu0> INFO:devices/src/legacy/cmos.rs:80 -- CMOS reset
cloud-hypervisor:  15.726617s: <vmm> INFO:vmm/src/lib.rs:2089 -- VM reset event
cloud-hypervisor:  15.726679s: <vmm> INFO:event_monitor/src/lib.rs:113 -- Event: source = vm event = rebooting 
cloud-hypervisor:  15.726730s: <vmm> INFO:virtio-devices/src/device.rs:485 -- Resuming virtio-vsock
cloud-hypervisor:  15.726772s: <vmm> INFO:virtio-devices/src/device.rs:485 -- Resuming virtio-rng
cloud-hypervisor:  15.727891s: <vmm> INFO:virtio-devices/src/device.rs:485 -- Resuming virtio-vsock
cloud-hypervisor:  15.727935s: <vmm> INFO:virtio-devices/src/device.rs:485 -- Resuming virtio-rng
cloud-hypervisor:  15.746024s: <vmm> INFO:vmm/src/memory_manager.rs:681 -- create ram region for zone mem0, region_start: 0x0, region_size: 0x20000000
cloud-hypervisor:  15.746075s: <vmm> INFO:vmm/src/memory_manager.rs:2154 -- RAM region mapping at 0x75c72c000000 (size = 0x20000000)
cloud-hypervisor:  15.746112s: <vmm> INFO:vmm/src/vm.rs:606 -- Booting VM from config: Mutex { data: VmConfig { cpus: CpusConfig { boot_vcpus: 1, max_vcpus: 1, topology: None, kvm_hyperv: false, max_phys_bits: 46, affinity: None, features: CpuFeatures { amx: false }, nested: true, core_scheduling: Vm, profile: Host }, memory: MemoryConfig { size: 536870912, mergeable: false, hotplug_method: Acpi, hotplug_size: None, hotplugged_size: None, shared: false, hugepages: false, hugepage_size: None, prefault: false, reserve: false, zones: None, thp: true }, payload: Some(PayloadConfig { firmware: None, kernel: Some("/srv/vm/overdrive-testing/kernel"), cmdline: Some("console=ttyS0 panic=-1 loglevel=4"), initramfs: Some("/home/ubuntu/overdrive/spike-scratch/netns-density-295-ch-vhost-vsock/out/increment-b/initramfs.cpio.gz") }), rate_limit_groups: None, disks: None, net: None, rng: RngConfig { pci_common: PciDeviceCommonConfig { id: None, iommu: false, pci_segment: 0, pci_device_id: None }, src: "/dev/urandom" }, balloon: None, generic_vhost_user: None, fs: None, pmem: None, serial: SerialConfig { common: CommonConsoleConfig { file: Some("/home/ubuntu/overdrive/spike-scratch/netns-density-295-ch-vhost-vsock/out/increment-b/vm-p2-1791212222241/serial.log"), mode: File, socket: None } }, console: ConsoleConfig { common: CommonConsoleConfig { file: None, mode: Off, socket: None }, pci_common: PciDeviceCommonConfig { id: None, iommu: false, pci_segment: 0, pci_device_id: None } }, debug_console: DebugConsoleConfig { file: None, mode: Off, iobase: Some(233) }, devices: None, user_devices: None, vdpa: None, vsock: Some(VsockConfig { pci_common: PciDeviceCommonConfig { id: Some("_vsock0"), iommu: false, pci_segment: 0, pci_device_id: None }, cid: 42, socket: None, backend: VhostKernel }), pvpanic: false, iommu: false, numa: None, watchdog: false, rtc: None, pci_segments: None, platform: None, tpm: None, preserved_fds: None, landlock_enable: false, landlock_rules: None }, poisoned: false, .. }
cloud-hypervisor:  15.746699s: <vmm> INFO:arch/src/x86_64/mod.rs:629 -- Generating guest CPUID with physical address size: 46
cloud-hypervisor:  15.746750s: <vmm> INFO:vmm/src/pci_segment.rs:107 -- Adding PCI segment: id=0, PCI MMIO config address: 0xe8000000, mem32 area [0xc0000000-0xe7ffffff], mem64 area [0x100000000-0x3fffffeeffff]
cloud-hypervisor:  15.746792s: <vmm> INFO:vmm/src/memory_manager.rs:2433 -- Creating userspace mapping: 0 -> 75c72c000000 20000000, slot 0
cloud-hypervisor:  15.746858s: <vmm> INFO:vmm/src/memory_manager.rs:2491 -- Created userspace mapping: 0 -> 75c72c000000 20000000
cloud-hypervisor:  15.746923s: <vmm> INFO:vmm/src/cpu.rs:1100 -- Request to create new vCPUs: desired = 1, max = 1, allocated = 0, present = 0
cloud-hypervisor:  15.747024s: <payload_loader> INFO:vmm/src/vm.rs:1636 -- Loading kernel
cloud-hypervisor:  15.747132s: <vmm> INFO:vmm/src/device_manager.rs:3099 -- Creating virtio-rng device: RngConfig { pci_common: PciDeviceCommonConfig { id: None, iommu: false, pci_segment: 0, pci_device_id: None }, src: "/dev/urandom" }
cloud-hypervisor:  15.747213s: <vmm> INFO:vmm/src/device_manager.rs:3527 -- Creating virtio-vsock device: VsockConfig { pci_common: PciDeviceCommonConfig { id: Some("_vsock0"), iommu: false, pci_segment: 0, pci_device_id: None }, cid: 42, socket: None, backend: VhostKernel }
cloud-hypervisor:  15.747372s: <vmm> INFO:virtio-devices/src/vsock/vhost_kernel.rs:216 -- Created vhost-kernel vsock _vsock0 with guest CID 42
cloud-hypervisor:  15.747581s: <vmm> INFO:vmm/src/acpi.rs:1166 -- Generated ACPI tables: took 122µs size = 5169
cloud-hypervisor:  15.747609s: <vmm> INFO:vmm/src/vm.rs:2739 -- Created ACPI tables: rsdp_addr = 0xa0000
cloud-hypervisor:  15.749821s: <payload_loader> INFO:vmm/src/vm.rs:1666 -- bzImage kernel loaded: entry_addr = 0x100000
cloud-hypervisor:  15.749914s: <vmm> INFO:vmm/src/cpu.rs:556 -- Configuring vCPU: cpu_id = 0
cloud-hypervisor:  15.749994s: <vmm> INFO:vmm/src/vm.rs:1826 -- Configuring system
cloud-hypervisor:  15.750213s: <vmm> INFO:vmm/src/vm.rs:1495 -- Initramfs loaded: address = 0x1fe29000
cloud-hypervisor:  15.750255s: <vmm> INFO:vmm/src/cpu.rs:1513 -- Starting vCPUs: desired = 1, allocated = 1, present = 0, paused = false
cloud-hypervisor:  15.750384s: <vcpu0> INFO:vmm/src/cpu.rs:1314 -- vCPU 0: core scheduling cookie = 0x85e8db72
cloud-hypervisor:  15.750558s: <vmm> INFO:event_monitor/src/lib.rs:113 -- Event: source = vm event = rebooted 
cloud-hypervisor:  16.093969s: <vcpu0> INFO:vmm/src/vm.rs:500 -- Guest PIO read from unregistered address 0x87
cloud-hypervisor:  16.156525s: <vcpu0> INFO:vmm/src/vm.rs:500 -- Guest PIO read from unregistered address 0x2f9
cloud-hypervisor:  16.156580s: <vcpu0> INFO:vmm/src/vm.rs:510 -- Guest PIO write to unregistered address 0x2f9
cloud-hypervisor:  16.156616s: <vcpu0> INFO:vmm/src/vm.rs:500 -- Guest PIO read from unregistered address 0x2f9
cloud-hypervisor:  16.156664s: <vcpu0> INFO:vmm/src/vm.rs:510 -- Guest PIO write to unregistered address 0x2f9
cloud-hypervisor:  16.156700s: <vcpu0> INFO:vmm/src/vm.rs:500 -- Guest PIO read from unregistered address 0x2f9
cloud-hypervisor:  16.156736s: <vcpu0> INFO:vmm/src/vm.rs:510 -- Guest PIO write to unregistered address 0x2f9
cloud-hypervisor:  16.156895s: <vcpu0> INFO:vmm/src/vm.rs:500 -- Guest PIO read from unregistered address 0x3e9
cloud-hypervisor:  16.156935s: <vcpu0> INFO:vmm/src/vm.rs:510 -- Guest PIO write to unregistered address 0x3e9
cloud-hypervisor:  16.156969s: <vcpu0> INFO:vmm/src/vm.rs:500 -- Guest PIO read from unregistered address 0x3e9
cloud-hypervisor:  16.157005s: <vcpu0> INFO:vmm/src/vm.rs:510 -- Guest PIO write to unregistered address 0x3e9
cloud-hypervisor:  16.157042s: <vcpu0> INFO:vmm/src/vm.rs:500 -- Guest PIO read from unregistered address 0x3e9
cloud-hypervisor:  16.157078s: <vcpu0> INFO:vmm/src/vm.rs:510 -- Guest PIO write to unregistered address 0x3e9
cloud-hypervisor:  16.157232s: <vcpu0> INFO:vmm/src/vm.rs:500 -- Guest PIO read from unregistered address 0x2e9
cloud-hypervisor:  16.157269s: <vcpu0> INFO:vmm/src/vm.rs:510 -- Guest PIO write to unregistered address 0x2e9
cloud-hypervisor:  16.157305s: <vcpu0> INFO:vmm/src/vm.rs:500 -- Guest PIO read from unregistered address 0x2e9
cloud-hypervisor:  16.157341s: <vcpu0> INFO:vmm/src/vm.rs:510 -- Guest PIO write to unregistered address 0x2e9
cloud-hypervisor:  16.157377s: <vcpu0> INFO:vmm/src/vm.rs:500 -- Guest PIO read from unregistered address 0x2e9
cloud-hypervisor:  16.157412s: <vcpu0> INFO:vmm/src/vm.rs:510 -- Guest PIO write to unregistered address 0x2e9
cloud-hypervisor:  16.163637s: <vcpu0> INFO:vmm/src/vm.rs:476 -- Guest MMIO read from unregistered address 0xfed803c0
cloud-hypervisor:  16.257545s: <vcpu0> INFO:virtio-devices/src/transport/pci_device.rs:1288 -- _virtio-pci-_vsock0: Needs activation; writing to activate event fd
cloud-hypervisor:  16.257586s: <vcpu0> INFO:virtio-devices/src/transport/pci_device.rs:1293 -- _virtio-pci-_vsock0: Needs activation; returning barrier
cloud-hypervisor:  16.257608s: <vcpu0> INFO:vmm/src/vm.rs:488 -- Waiting for barrier
cloud-hypervisor:  16.257671s: <vmm> INFO:vmm/src/lib.rs:2108 -- Trying to activate pending virtio devices: count = 1
cloud-hypervisor:  16.258013s: <vmm> INFO:event_monitor/src/lib.rs:113 -- Event: source = virtio-device event = activated id = _vsock0
cloud-hypervisor:  16.258083s: <vmm> INFO:virtio-devices/src/transport/pci_device.rs:347 -- _virtio-pci-_vsock0: Waiting for barrier
cloud-hypervisor:  16.258139s: <vmm> INFO:virtio-devices/src/transport/pci_device.rs:349 -- _virtio-pci-_vsock0: Barrier released
cloud-hypervisor:  16.258190s: <vcpu0> INFO:vmm/src/vm.rs:490 -- Barrier released
cloud-hypervisor:  17.754683s: <vcpu0> INFO:event_monitor/src/lib.rs:113 -- Event: source = virtio-device event = reset id = _vsock0
cloud-hypervisor:  17.765402s: <vcpu0> INFO:devices/src/acpi.rs:81 -- ACPI Shutdown signalled
cloud-hypervisor:  17.765520s: <vmm> INFO:vmm/src/lib.rs:2096 -- VM guest exit event
cloud-hypervisor:  17.765583s: <vmm> INFO:virtio-devices/src/device.rs:485 -- Resuming virtio-rng
cloud-hypervisor:  17.765631s: <vmm> INFO:virtio-devices/src/device.rs:485 -- Resuming virtio-vsock
cloud-hypervisor:  17.766800s: <vmm> INFO:event_monitor/src/lib.rs:113 -- Event: source = vm event = shutdown 
cloud-hypervisor:  17.766865s: <vmm> INFO:virtio-devices/src/device.rs:485 -- Resuming virtio-rng
cloud-hypervisor:  17.766912s: <vmm> INFO:virtio-devices/src/device.rs:485 -- Resuming virtio-vsock
cloud-hypervisor:  17.788788s: <vmm> INFO:event_monitor/src/lib.rs:113 -- Event: source = vm event = deleted 
cloud-hypervisor:  17.788862s: <vmm> INFO:event_monitor/src/lib.rs:113 -- Event: source = vmm event = shutdown 
cloud-hypervisor:  17.789227s: <main> INFO:cloud-hypervisor/src/main.rs:962 -- Cloud Hypervisor exited successfully
