    Finished `dev` profile [unoptimized + debuginfo] target(s) in 0.08s
     Running `target/debug/xtask metal run -- bash -lc 'timeout --signal=TERM --kill-after=90s 1200s env SVM_E08_OUTPUT_ROOT=/srv/vm/overdrive-testing/svm-e08 examples/service-kind-vm-workloads/run-example.sh run liveness-restart'`
/usr/bin/ssh
xtask: running metal run (one bootstrap lease session)

########## [bootstrap] preflight: ssh to ubuntu@<metal-host-redacted>

########## [bootstrap] remote user=ubuntu home=/home/ubuntu sudo='sudo -n'

########## [bootstrap] acquire canonical metal lease (/run/lock/overdrive-metal-shared.lock)
OVERDRIVE_METAL_LEASE_ACQUIRED token=055ca18a362cf0f8e691f362 pid=4047109

########## [bootstrap] sync /Users/marcus/conductor/workspaces/helios/accra -> ubuntu@<metal-host-redacted>:/home/ubuntu/overdrive

sent 724,613 bytes  received 94,699 bytes  327,724.80 bytes/sec
total size is 291,079,967  speedup is 355.27

########## [bootstrap] fail-closed native x86_64/KVM preflight
    Finished `dev` profile [unoptimized + debuginfo] target(s) in 0.19s
prepared SVM E08 runtime materialization at /srv/vm/overdrive-testing/svm-e08
verified SVM E08 runtime materialization at /srv/vm/overdrive-testing/svm-e08
Script started on 2026-09-09 15:37:27+00:00 [COMMAND="env OVERDRIVE_CONFIG_DIR=/srv/vm/overdrive-testing/svm-e08/config /home/ubuntu/overdrive/target/debug/overdrive deploy /home/ubuntu/overdrive/examples/service-kind-vm-workloads/liveness-restart.toml" <not executed on terminal>]
Accepted.
Workload ID:   service-vm-liveness-restart
Intent key:    workloads/service-vm-liveness-restart
Spec digest:   bb47326d3bd664ad8e923df9b7ba16ddb9247cdb1d668117a04e5106dd247678
Outcome:       created
Endpoint:      https://127.0.0.1:7644/
Next: overdrive workload describe service-vm-liveness-restart
Service 'service-vm-liveness-restart' is stable (settled in 2219ms; witness: startup probe[0] (tcp 0.0.0.0:18081))

Script done on 2026-09-09 15:37:29+00:00 [COMMAND_EXIT_CODE="0"]
Service 'service-vm-liveness-restart' (kind: Service)
Spec digest: bb47326d3bd664ad8e923df9b7ba16ddb9247cdb1d668117a04e5106dd247678
Replicas (desired/running): 1/1
Alloc                    State        Restarts   Since               
alloc-service-vm-liveness-restart-0 Running      0          (c=15,w=local)      
    reason: driver started
Memory:        134217728
Addresses:
  alloc-service-vm-liveness-restart-0: 10.99.128.2
VIP:           10.96.0.2
Listeners:
  18080/tcp
Issued certificates:
  serial:        63774b112e7e5ed236c005d0786f8b25
    spiffe_id:     spiffe://overdrive.local/workload/service-vm-liveness-restart/alloc/alloc-service-vm-liveness-restart-0
    issuer_serial: 446d3fe94986df615e9e8f67b78b913d
    not_after:     1788971787.448424126
Probes:
  startup probe[0] tcp 0.0.0.0:18081 last=pass last_observed_at=1788968249596
  readiness probe[0] http GET http://0.0.0.0:18080/ready last=pass last_observed_at=1788968249596
  liveness probe[0] http GET http://0.0.0.0:18080/live last=pass last_observed_at=1788968249596
Service 'service-vm-liveness-restart' (kind: Service)
Spec digest: bb47326d3bd664ad8e923df9b7ba16ddb9247cdb1d668117a04e5106dd247678
Replicas (desired/running): 1/0
Alloc                    State        Restarts   Since               
alloc-service-vm-liveness-restart-0 Terminated   0          (c=213,w=local)     
    reason: stopped
Memory:        134217728
VIP:           10.96.0.2
Listeners:
  18080/tcp
Probes:
  startup probe[0] tcp 0.0.0.0:18081 last=pass last_observed_at=1788968249596
  readiness probe[0] http GET http://0.0.0.0:18080/ready last=pass last_observed_at=1788968280688
  liveness probe[0] http GET http://0.0.0.0:18080/live last=fail (HTTP 503) last_observed_at=1788968280688
Service 'service-vm-liveness-restart' (kind: Service)
Spec digest: bb47326d3bd664ad8e923df9b7ba16ddb9247cdb1d668117a04e5106dd247678
Replicas (desired/running): 1/1
Alloc                    State        Restarts   Since               
alloc-service-vm-liveness-restart-0 Running      1          (c=214,w=local)     
    reason: driver started
    last terminated: Terminated at (c=213,w=local) — stopped
    last terminated ran since: 1788968247.396404251
Memory:        134217728
Addresses:
  alloc-service-vm-liveness-restart-0: 10.99.128.2
VIP:           10.96.0.2
Listeners:
  18080/tcp
Issued certificates:
  serial:        407afe8e6980a3d82753ff6fbee6e561
    spiffe_id:     spiffe://overdrive.local/workload/service-vm-liveness-restart/alloc/alloc-service-vm-liveness-restart-0
    issuer_serial: 446d3fe94986df615e9e8f67b78b913d
    not_after:     1788971822.010583575
Probes:
  startup probe[0] tcp 0.0.0.0:18081 last=pass last_observed_at=1788968284160
  readiness probe[0] http GET http://0.0.0.0:18080/ready last=pass last_observed_at=1788968284161
  liveness probe[0] http GET http://0.0.0.0:18080/live last=pass last_observed_at=1788968284161
--- E12 ledger begin ---
phase	allocation_id	state	restarts	probe_role	probe_status	terminal_reason	response	startup_observed_at	started_at	threshold_failures
before	alloc-service-vm-liveness-restart-0	Running	0	liveness	pass	none	HTTP 204	1788968249596	(c=15,w=local)	0
terminal	alloc-service-vm-liveness-restart-0	Terminated	0	liveness	fail	liveness-probe	HTTP 503	1788968249596	(c=213,w=local)	13
after	alloc-service-vm-liveness-restart-0	Running	1	liveness	pass	liveness-probe	HTTP 204	1788968284160	(c=214,w=local)	13
--- E12 ledger end ---
E12 PASS: liveness stop, ordinary same-ID replacement, no readiness restart, no dead revival
Stopped workload 'service-vm-liveness-restart'.
Endpoint: https://127.0.0.1:7644/
removed SVM E08-owned materialization from /srv/vm/overdrive-testing/svm-e08
E12 teardown deltas: vm=0 probe=0 network=0 cgroup=0 run-directory=0 mount=0 loop=0 preparation=0
