cloud-hypervisor:   0.000028s: <main> INFO:cloud-hypervisor/src/main.rs:631 -- v53.0.0 starting
cloud-hypervisor:   0.000091s: <main> INFO:event_monitor/src/lib.rs:113 -- Event: source = vmm event = starting 
cloud-hypervisor:   0.001919s: <vmm> INFO:vmm/src/api/mod.rs:1278 -- API request event: VmCreate VmConfig { cpus: CpusConfig { boot_vcpus: 2, max_vcpus: 2, topology: None, kvm_hyperv: false, max_phys_bits: 46, affinity: None, features: CpuFeatures { amx: false }, nested: true, core_scheduling: Vm, profile: Host }, memory: MemoryConfig { size: 1073741824, mergeable: false, hotplug_method: Acpi, hotplug_size: None, hotplugged_size: None, shared: false, hugepages: false, hugepage_size: None, prefault: false, reserve: false, zones: None, thp: true }, payload: Some(PayloadConfig { firmware: None, kernel: Some("/srv/vm/overdrive-testing/kernel"), cmdline: Some("console=ttyS0 panic=-1 loglevel=4 vfwd_w=10.99.7.2 vfwd_owner=--ack,oob,--flush,yes,--udp,park"), initramfs: Some("/home/ubuntu/overdrive/spike-scratch/netns-density-295-guest-vsock-capture/out/initramfs.cpio.gz") }), rate_limit_groups: None, disks: None, net: None, rng: RngConfig { pci_common: PciDeviceCommonConfig { id: None, iommu: false, pci_segment: 0, pci_device_id: None }, src: "/dev/urandom" }, balloon: None, generic_vhost_user: None, fs: None, pmem: None, serial: SerialConfig { common: CommonConsoleConfig { file: Some("/home/ubuntu/overdrive/spike-scratch/netns-density-295-guest-vsock-capture/out/vm-increment-a-1791220342/serial.log"), mode: File, socket: None } }, console: ConsoleConfig { common: CommonConsoleConfig { file: None, mode: Off, socket: None }, pci_common: PciDeviceCommonConfig { id: None, iommu: false, pci_segment: 0, pci_device_id: None } }, debug_console: DebugConsoleConfig { file: None, mode: Off, iobase: Some(233) }, devices: None, user_devices: None, vdpa: None, vsock: Some(VsockConfig { pci_common: PciDeviceCommonConfig { id: None, iommu: false, pci_segment: 0, pci_device_id: None }, cid: 52401, socket: None, backend: VhostKernel }), pvpanic: false, iommu: false, numa: None, watchdog: false, rtc: None, pci_segments: None, platform: None, tpm: None, preserved_fds: None, landlock_enable: false, landlock_rules: None }
cloud-hypervisor:   0.002611s: <vmm> INFO:vmm/src/api/mod.rs:1169 -- API request event: VmBoot
cloud-hypervisor:   0.002636s: <vmm> INFO:vmm/src/lib.rs:2230 -- Booting VM
cloud-hypervisor:   0.002659s: <vmm> INFO:event_monitor/src/lib.rs:113 -- Event: source = vm event = booting 
cloud-hypervisor:   0.002975s: <vmm> INFO:vmm/src/memory_manager.rs:681 -- create ram region for zone mem0, region_start: 0x0, region_size: 0x40000000
cloud-hypervisor:   0.003034s: <vmm> INFO:vmm/src/memory_manager.rs:2154 -- RAM region mapping at 0x73cbc8000000 (size = 0x40000000)
cloud-hypervisor:   0.003078s: <vmm> INFO:vmm/src/vm.rs:606 -- Booting VM from config: Mutex { data: VmConfig { cpus: CpusConfig { boot_vcpus: 2, max_vcpus: 2, topology: None, kvm_hyperv: false, max_phys_bits: 46, affinity: None, features: CpuFeatures { amx: false }, nested: true, core_scheduling: Vm, profile: Host }, memory: MemoryConfig { size: 1073741824, mergeable: false, hotplug_method: Acpi, hotplug_size: None, hotplugged_size: None, shared: false, hugepages: false, hugepage_size: None, prefault: false, reserve: false, zones: None, thp: true }, payload: Some(PayloadConfig { firmware: None, kernel: Some("/srv/vm/overdrive-testing/kernel"), cmdline: Some("console=ttyS0 panic=-1 loglevel=4 vfwd_w=10.99.7.2 vfwd_owner=--ack,oob,--flush,yes,--udp,park"), initramfs: Some("/home/ubuntu/overdrive/spike-scratch/netns-density-295-guest-vsock-capture/out/initramfs.cpio.gz") }), rate_limit_groups: None, disks: None, net: None, rng: RngConfig { pci_common: PciDeviceCommonConfig { id: None, iommu: false, pci_segment: 0, pci_device_id: None }, src: "/dev/urandom" }, balloon: None, generic_vhost_user: None, fs: None, pmem: None, serial: SerialConfig { common: CommonConsoleConfig { file: Some("/home/ubuntu/overdrive/spike-scratch/netns-density-295-guest-vsock-capture/out/vm-increment-a-1791220342/serial.log"), mode: File, socket: None } }, console: ConsoleConfig { common: CommonConsoleConfig { file: None, mode: Off, socket: None }, pci_common: PciDeviceCommonConfig { id: None, iommu: false, pci_segment: 0, pci_device_id: None } }, debug_console: DebugConsoleConfig { file: None, mode: Off, iobase: Some(233) }, devices: None, user_devices: None, vdpa: None, vsock: Some(VsockConfig { pci_common: PciDeviceCommonConfig { id: None, iommu: false, pci_segment: 0, pci_device_id: None }, cid: 52401, socket: None, backend: VhostKernel }), pvpanic: false, iommu: false, numa: None, watchdog: false, rtc: None, pci_segments: None, platform: None, tpm: None, preserved_fds: None, landlock_enable: false, landlock_rules: None }, poisoned: false, .. }
cloud-hypervisor:   0.003649s: <vmm> INFO:arch/src/x86_64/mod.rs:629 -- Generating guest CPUID with physical address size: 46
cloud-hypervisor:   0.003722s: <vmm> INFO:vmm/src/pci_segment.rs:107 -- Adding PCI segment: id=0, PCI MMIO config address: 0xe8000000, mem32 area [0xc0000000-0xe7ffffff], mem64 area [0x100000000-0x3fffffeeffff]
cloud-hypervisor:   0.003764s: <vmm> INFO:vmm/src/memory_manager.rs:2433 -- Creating userspace mapping: 0 -> 73cbc8000000 40000000, slot 0
cloud-hypervisor:   0.004658s: <vmm> INFO:vmm/src/memory_manager.rs:2491 -- Created userspace mapping: 0 -> 73cbc8000000 40000000
cloud-hypervisor:   0.004779s: <vmm> INFO:vmm/src/cpu.rs:1100 -- Request to create new vCPUs: desired = 2, max = 2, allocated = 0, present = 0
cloud-hypervisor:   0.004862s: <payload_loader> INFO:vmm/src/vm.rs:1636 -- Loading kernel
cloud-hypervisor:   0.005229s: <vmm> INFO:vmm/src/device_manager.rs:3099 -- Creating virtio-rng device: RngConfig { pci_common: PciDeviceCommonConfig { id: None, iommu: false, pci_segment: 0, pci_device_id: None }, src: "/dev/urandom" }
cloud-hypervisor:   0.005311s: <vmm> INFO:vmm/src/device_manager.rs:3527 -- Creating virtio-vsock device: VsockConfig { pci_common: PciDeviceCommonConfig { id: Some("_vsock0"), iommu: false, pci_segment: 0, pci_device_id: None }, cid: 52401, socket: None, backend: VhostKernel }
cloud-hypervisor:   0.007527s: <payload_loader> INFO:vmm/src/vm.rs:1666 -- bzImage kernel loaded: entry_addr = 0x100000
cloud-hypervisor:   0.014115s: <vmm> INFO:virtio-devices/src/vsock/vhost_kernel.rs:216 -- Created vhost-kernel vsock _vsock0 with guest CID 52401
cloud-hypervisor:   0.014400s: <vmm> INFO:vmm/src/acpi.rs:1166 -- Generated ACPI tables: took 130µs size = 5285
cloud-hypervisor:   0.014431s: <vmm> INFO:vmm/src/vm.rs:2739 -- Created ACPI tables: rsdp_addr = 0xa0000
cloud-hypervisor:   0.014458s: <vmm> INFO:vmm/src/cpu.rs:556 -- Configuring vCPU: cpu_id = 0
cloud-hypervisor:   0.014548s: <vmm> INFO:vmm/src/cpu.rs:556 -- Configuring vCPU: cpu_id = 1
cloud-hypervisor:   0.014635s: <vmm> INFO:vmm/src/vm.rs:1826 -- Configuring system
cloud-hypervisor:   0.018342s: <vmm> INFO:vmm/src/vm.rs:1495 -- Initramfs loaded: address = 0x3deda000
cloud-hypervisor:   0.018408s: <vmm> INFO:vmm/src/cpu.rs:1513 -- Starting vCPUs: desired = 2, allocated = 2, present = 0, paused = false
cloud-hypervisor:   0.027674s: <vcpu0> INFO:vmm/src/cpu.rs:1314 -- vCPU 0: core scheduling cookie = 0xab94b48c
cloud-hypervisor:   0.027678s: <vcpu1> INFO:vmm/src/cpu.rs:1314 -- vCPU 1: core scheduling cookie = 0xab94b48c
cloud-hypervisor:   0.028017s: <vmm> INFO:event_monitor/src/lib.rs:113 -- Event: source = vm event = booted 
cloud-hypervisor:   0.368549s: <vcpu1> INFO:vmm/src/vm.rs:500 -- Guest PIO read from unregistered address 0x87
cloud-hypervisor:   0.416426s: <vcpu1> INFO:vmm/src/vm.rs:500 -- Guest PIO read from unregistered address 0x2f9
cloud-hypervisor:   0.416477s: <vcpu1> INFO:vmm/src/vm.rs:510 -- Guest PIO write to unregistered address 0x2f9
cloud-hypervisor:   0.416513s: <vcpu1> INFO:vmm/src/vm.rs:500 -- Guest PIO read from unregistered address 0x2f9
cloud-hypervisor:   0.416548s: <vcpu1> INFO:vmm/src/vm.rs:510 -- Guest PIO write to unregistered address 0x2f9
cloud-hypervisor:   0.416583s: <vcpu1> INFO:vmm/src/vm.rs:500 -- Guest PIO read from unregistered address 0x2f9
cloud-hypervisor:   0.416643s: <vcpu1> INFO:vmm/src/vm.rs:510 -- Guest PIO write to unregistered address 0x2f9
cloud-hypervisor:   0.416803s: <vcpu1> INFO:vmm/src/vm.rs:500 -- Guest PIO read from unregistered address 0x3e9
cloud-hypervisor:   0.416840s: <vcpu1> INFO:vmm/src/vm.rs:510 -- Guest PIO write to unregistered address 0x3e9
cloud-hypervisor:   0.416876s: <vcpu1> INFO:vmm/src/vm.rs:500 -- Guest PIO read from unregistered address 0x3e9
cloud-hypervisor:   0.416915s: <vcpu1> INFO:vmm/src/vm.rs:510 -- Guest PIO write to unregistered address 0x3e9
cloud-hypervisor:   0.416950s: <vcpu1> INFO:vmm/src/vm.rs:500 -- Guest PIO read from unregistered address 0x3e9
cloud-hypervisor:   0.416985s: <vcpu1> INFO:vmm/src/vm.rs:510 -- Guest PIO write to unregistered address 0x3e9
cloud-hypervisor:   0.417137s: <vcpu1> INFO:vmm/src/vm.rs:500 -- Guest PIO read from unregistered address 0x2e9
cloud-hypervisor:   0.417174s: <vcpu1> INFO:vmm/src/vm.rs:510 -- Guest PIO write to unregistered address 0x2e9
cloud-hypervisor:   0.417210s: <vcpu1> INFO:vmm/src/vm.rs:500 -- Guest PIO read from unregistered address 0x2e9
cloud-hypervisor:   0.417245s: <vcpu1> INFO:vmm/src/vm.rs:510 -- Guest PIO write to unregistered address 0x2e9
cloud-hypervisor:   0.417280s: <vcpu1> INFO:vmm/src/vm.rs:500 -- Guest PIO read from unregistered address 0x2e9
cloud-hypervisor:   0.417316s: <vcpu1> INFO:vmm/src/vm.rs:510 -- Guest PIO write to unregistered address 0x2e9
cloud-hypervisor:   0.426224s: <vcpu1> INFO:vmm/src/vm.rs:476 -- Guest MMIO read from unregistered address 0xfed803c0
cloud-hypervisor:   0.838807s: <vcpu1> INFO:virtio-devices/src/transport/pci_device.rs:1288 -- _virtio-pci-_vsock0: Needs activation; writing to activate event fd
cloud-hypervisor:   0.838857s: <vcpu1> INFO:virtio-devices/src/transport/pci_device.rs:1293 -- _virtio-pci-_vsock0: Needs activation; returning barrier
cloud-hypervisor:   0.838882s: <vcpu1> INFO:vmm/src/vm.rs:488 -- Waiting for barrier
cloud-hypervisor:   0.838895s: <vmm> INFO:vmm/src/lib.rs:2108 -- Trying to activate pending virtio devices: count = 1
cloud-hypervisor:   0.839193s: <vmm> INFO:event_monitor/src/lib.rs:113 -- Event: source = virtio-device event = activated id = _vsock0
cloud-hypervisor:   0.839232s: <vmm> INFO:virtio-devices/src/transport/pci_device.rs:347 -- _virtio-pci-_vsock0: Waiting for barrier
cloud-hypervisor:   0.839257s: <vmm> INFO:virtio-devices/src/transport/pci_device.rs:349 -- _virtio-pci-_vsock0: Barrier released
cloud-hypervisor:   0.839264s: <vcpu1> INFO:vmm/src/vm.rs:490 -- Barrier released
