/usr/bin/ssh

########## [bootstrap] preflight: ssh to <redacted-metal-target>

########## [bootstrap] remote user=ubuntu home=<metal-home> sudo='sudo -n'

########## [bootstrap] acquire canonical metal lease (/run/lock/overdrive-metal-shared.lock)
OVERDRIVE_METAL_LEASE_ACQUIRED token=b828606c286f3072e5bd5a00 pid=575652

########## [bootstrap] sync /Users/marcus/conductor/workspaces/helios/bordeaux-v2 -> <redacted-metal-target>:<metal-home>/overdrive
cannot delete non-empty directory: spike-scratch/increment-u-netns-density-295-default-offload-20260913T2302
cannot delete non-empty directory: spike-scratch/increment-t-netns-density-295-bridge-local-20260913T2259
cannot delete non-empty directory: spike-scratch/increment-s-netns-density-295-bridge-dns-20260913T2257
cannot delete non-empty directory: spike-scratch/increment-r-netns-density-295-offload-20260913T2254
cannot delete non-empty directory: spike-scratch/increment-q-netns-density-295-broute-host-20260913T2252
cannot delete non-empty directory: spike-scratch/increment-p-netns-density-295-metal-20260913T2237

sent 161,659 bytes  received 2,500 bytes  13,132.72 bytes/sec
total size is 162,183,047  speedup is 987.96

########## [bootstrap] fail-closed native x86_64/KVM preflight

===== preconditions (build-all.sh --no-sudo must have produced these) =====
all prebuilt artifacts present; PHASE=accept

===== pre-run host state =====

===== stage stock kernel (guest kernel == host kernel) =====

===== artifacts =====
host uname -r: 7.0.0-29-generic
Firecracker v1.17.0
b51367c7dab2f3824ca811c7e33b7f6bb0ddc8122b48248335ba6164de8d9682  <metal-home>/igkm-spike-a/igkmd/kernel/vmlinuz-host
8b2dc450011d8bd164db2194ef2a01bb42849ca0df2af527de84cf733738d98c  <metal-home>/igkm-spike-a/igkmd/out/initramfs-mesh.cpio.gz
643f999797ee7c23a09c6a9ff33b7680477478fe298dd8e7af4542a578c320ab  <metal-home>/igkm-spike-a/igkmd/out/module/igkmd_mtls.ko
ede84b7304b2ae3459d0cafd37e6b19d3164364dd19bda9ecb2ca499dad9a9d0  <metal-home>/igkm-spike-a/igkmd/out/bin/igkmd_app
4544461b2b61e45c08d44b8e269ec64a2da1f08108b90bdc1b890b4b862a2d63  <metal-home>/igkm-spike-a/igkmd-host-target/release/peer
fd9c3e3bd2571af0c5ae487bdf9913a4e6b162f26e065b0353b3251dee3d9e18  <metal-home>/igkm-spike-a/igkmd-host-target/release/relay
df9bee8591b9b8eff8c322239aacd25e4438e82d267a4c6b3c54f8882920a127  <metal-home>/igkm-spike-a/igkmd-host-target/release/inclient
module vermagic: 7.0.0-29-generic SMP preempt mod_unload modversions 

===== service registry + backend health =====
services:
  # name       vip            policy  backends(ip:port,...)                   expected_peer
  svc-a        10.80.0.1:9443 allow   192.168.204.1:6443,192.168.204.1:6444   spiffe://overdrive.test/ns/default/sa/peer-allowed
  svc-hs-deny  10.80.0.2:9443 allow   192.168.204.1:6445                      spiffe://overdrive.test/ns/default/sa/peer-denied
  svc-denied   10.80.0.9:9443 deny    -                                       spiffe://overdrive.test/ns/default/sa/peer-denied

===== create tap igkd03161641 =====
igkd03161641     DOWN           192.168.204.1/24 

===== start capture, backends (peer), agent (relay) =====
tcpdump=576042 peer=576054 relay=576061 t+0.269s

===== firecracker config (igkm_phase=accept) =====

===== launch =====
fc pid=576065 t+0.287s
RUNNER: allowed caller finished; dialing DENIED caller t+1.431s
fc exited on its own exit=1 t+1.621s

===== guest serial =====
2026-10-03T16:16:41.573496628 [igkmd-mesh:main] Running Firecracker v1.17.0
2026-10-03T16:16:41.587993098 [igkmd-mesh:main] Artificially kick devices
2026-10-03T16:16:41.588268793 [igkmd-mesh:fc_vcpu 0] Received a VcpuEvent::Resume message with immediate_exit enabled. immediate_exit was disabled before proceeding
2026-10-03T16:16:41.588267931 [igkmd-mesh:fc_vcpu 1] Received a VcpuEvent::Resume message with immediate_exit enabled. immediate_exit was disabled before proceeding
2026-10-03T16:16:41.588312679 [igkmd-mesh:main] Successfully started microvm that was configured from one single json
2026-10-03T16:16:41.843630794 [igkmd-mesh:fc_vcpu 0] vcpu: IO write @ 0xcf8:0x4 failed: Failed to find address range.
2026-10-03T16:16:41.843681511 [igkmd-mesh:fc_vcpu 0] vcpu: IO read @ 0xcfc:0x2 failed: Failed to find address range.
[    0.000000] Linux version 7.0.0-29-generic (buildd@lcy02-amd64-113) (x86_64-linux-gnu-gcc (Ubuntu 15.2.0-16ubuntu1) 15.2.0, GNU ld (GNU Binutils for Ubuntu) 2.46) #29-Ubuntu SMP PREEMPT_DYNAMIC Fri Jul 17 20:52:35 UTC 2026 (Ubuntu 7.0.0-29.29-generic 7.0.12)
[    0.000000] Command line: console=ttyS0 reboot=t panic=1 pci=off i8042.nokbd i8042.noaux random.trust_cpu=on igkm_phase=accept pci=off virtio_mmio.device=4K@0xc0001000:5 virtio_mmio.device=4K@0xc0002000:6
[    0.000000] KERNEL supported cpus:
[    0.000000]   Intel GenuineIntel
[    0.000000]   AMD AuthenticAMD
[    0.000000]   Hygon HygonGenuine
[    0.000000]   Centaur CentaurHauls
[    0.000000]   zhaoxin   Shanghai  
[    0.000000] [Firmware Bug]: TSC doesn't count with P0 frequency!
[    0.000000] BIOS-provided physical RAM map:
[    0.000000] BIOS-e820: [mem 0x0000000000000000-0x000000000009fbff]  System RAM
[    0.000000] BIOS-e820: [mem 0x000000000009fc00-0x00000000000dffff]  device reserved
[    0.000000] BIOS-e820: [gap 0x00000000000e0000-0x00000000000fffff]
[    0.000000] BIOS-e820: [mem 0x0000000000100000-0x000000001fffffff]  System RAM
[    0.000000] BIOS-e820: [gap 0x0000000020000000-0x00000000eebfffff]
[    0.000000] BIOS-e820: [mem 0x00000000eec00000-0x00000000febfffff]  device reserved
[    0.000000] NX (Execute Disable) protection: active
[    0.000000] APIC: Static calls initialized
[    0.000000] DMI not present or invalid.
[    0.000000] Hypervisor detected: KVM
[    0.000000] last_pfn = 0x20000 max_arch_pfn = 0x10000000000
[    0.000000] kvm-clock: Using msrs 4b564d01 and 4b564d00
[    0.000001] kvm-clock: using sched offset of 271421265 cycles
[    0.000003] clocksource: kvm-clock: mask: 0xffffffffffffffff max_cycles: 0x1cd42e4dffb, max_idle_ns: 881590591483 ns
[    0.000007] tsc: Detected 2396.388 MHz processor
[    0.000025] last_pfn = 0x20000 max_arch_pfn = 0x10000000000
[    0.000069] MTRR map: 0 entries (0 fixed + 0 variable; max 16), built from 8 variable MTRRs
[    0.000073] x86/PAT: Configuration [0-7]: WB  WC  UC- UC  WB  WP  UC- WT  
[    0.000149] found SMP MP-table at [mem 0x0009fc00-0x0009fc0f]
[    0.000167] Using GB pages for direct mapping
[    0.000265] RAMDISK: [mem 0x1fe28000-0x1fffffff]
[    0.000272] ACPI: Early table checksum verification disabled
[    0.000276] ACPI: RSDP 0x00000000000E0000 000024 (v02 FIRECK)
[    0.000280] ACPI: XSDT 0x00000000000A0151 00003C (v01 FIRECK FCMVXSDT 00000000 FCAT 20240119)
[    0.000286] ACPI: FACP 0x000000000009FFB9 000114 (v06 FIRECK FCVMFADT 00000000 FCAT 20240119)
[    0.000291] ACPI: DSDT 0x000000000009FD44 000275 (v02 FIRECK FCVMDSDT 00000000 FCAT 20240119)
[    0.000294] ACPI: APIC 0x00000000000A00CD 000048 (v06 FIRECK FCVMMADT 00000000 FCAT 20240119)
[    0.000296] ACPI: MCFG 0x00000000000A0115 00003C (v01 FIRECK FCMVMCFG 00000000 FCAT 20240119)
[    0.000298] ACPI: Reserving FACP table memory at [mem 0x9ffb9-0xa00cc]
[    0.000299] ACPI: Reserving DSDT table memory at [mem 0x9fd44-0x9ffb8]
[    0.000300] ACPI: Reserving APIC table memory at [mem 0xa00cd-0xa0114]
[    0.000301] ACPI: Reserving MCFG table memory at [mem 0xa0115-0xa0150]
[    0.000401] No NUMA configuration found
[    0.000401] Faking a node at [mem 0x0000000000000000-0x000000001fffffff]
[    0.000413] NODE_DATA(0) allocated [mem 0x1fdfd280-0x1fe27fff]
[    0.000859] IOAPIC[0]: apic_id 0, version 17, address 0xfec00000, GSI 0-23
[    0.000863] ACPI: Using ACPI (MADT) for SMP configuration information
[    0.000865] TSC deadline timer available
[    0.000867] CPU topo: Max. logical packages:   1
[    0.000868] CPU topo: Max. logical nodes:      1
[    0.000869] CPU topo: Num. nodes per package:  1
[    0.000871] CPU topo: Max. logical dies:       1
[    0.000872] CPU topo: Max. dies per package:   1
[    0.000876] CPU topo: Max. threads per core:   1
[    0.000877] CPU topo: Num. cores per package:     2
[    0.000878] CPU topo: Num. threads per package:   2
[    0.000878] CPU topo: Allowing 2 present CPUs plus 0 hotplug CPUs
[    0.000895] kvm-guest: APIC: eoi() replaced with kvm_guest_apic_eoi_write()
[    0.000908] kvm-guest: KVM setup pv remote TLB flush
[    0.000912] kvm-guest: setup PV sched yield
[    0.000921] PM: hibernation: Registered nosave memory: [mem 0x00000000-0x00000fff]
[    0.000923] PM: hibernation: Registered nosave memory: [mem 0x0009f000-0x000fffff]
[    0.000924] [gap 0x20000000-0xeebfffff] available for PCI devices
[    0.000926] Booting paravirtualized kernel on KVM
[    0.000927] clocksource: refined-jiffies: mask: 0xffffffff max_cycles: 0xffffffff, max_idle_ns: 1910969940391419 ns
[    0.002089] Zone ranges:
[    0.002089]   DMA      [mem 0x0000000000001000-0x0000000000ffffff]
[    0.002091]   DMA32    [mem 0x0000000001000000-0x000000001fffffff]
[    0.002093]   Normal   empty
[    0.002094]   Device   empty
[    0.002095] Movable zone start for each node
[    0.002097] Early memory node ranges
[    0.002097]   node   0: [mem 0x0000000000001000-0x000000000009efff]
[    0.002099]   node   0: [mem 0x0000000000100000-0x000000001fffffff]
[    0.002100] Initmem setup node 0 [mem 0x0000000000001000-0x000000001fffffff]
[    0.002106] On node 0, zone DMA: 1 pages in unavailable ranges
[    0.002121] On node 0, zone DMA: 97 pages in unavailable ranges
[    0.007251] setup_percpu: NR_CPUS:8192 nr_cpumask_bits:2 nr_cpu_ids:2 nr_node_ids:1
[    0.007342] percpu: Embedded 85 pages/cpu s225280 r8192 d114688 u1048576
[    0.007389] kvm-guest: PV spinlocks enabled
[    0.007391] PV qspinlock hash table entries: 256 (order: 0, 4096 bytes, linear)
[    0.007394] Kernel command line: console=ttyS0 reboot=t panic=1 pci=off i8042.nokbd i8042.noaux random.trust_cpu=on igkm_phase=accept pci=off virtio_mmio.device=4K@0xc0001000:5 virtio_mmio.device=4K@0xc0002000:6
[    0.007496] Unknown kernel command line parameters "igkm_phase=accept", will be passed to user space.
[    0.007509] random: crng init done
[    0.007510] printk: log buffer data + meta data: 262144 + 1114112 = 1376256 bytes
[    0.008079] Dentry cache hash table entries: 65536 (order: 7, 524288 bytes, linear)
[    0.008363] Inode-cache hash table entries: 32768 (order: 6, 262144 bytes, linear)
[    0.008415] Fallback order for Node 0: 0 
[    0.008418] Built 1 zonelists, mobility grouping on.  Total pages: 130974
[    0.008419] Policy zone: DMA32
[    0.008427] mem auto-init: stack:all(zero), heap alloc:on, heap free:off
[    0.010185] SLUB: HWalign=64, Order=0-3, MinObjects=0, CPUs=2, Nodes=1
[    0.024751] ftrace: allocating 63941 entries in 252 pages
[    0.024754] ftrace: allocated 252 pages with 6 groups
[    0.026221] Dynamic Preempt: lazy
[    0.026400] rcu: Preemptible hierarchical RCU implementation.
[    0.026401] rcu: 	RCU restricting CPUs from NR_CPUS=8192 to nr_cpu_ids=2.
[    0.026403] 	Trampoline variant of Tasks RCU enabled.
[    0.026404] 	Rude variant of Tasks RCU enabled.
[    0.026404] 	Tracing variant of Tasks RCU enabled.
[    0.026405] rcu: RCU calculated value of scheduler-enlistment delay is 100 jiffies.
[    0.026406] rcu: Adjusting geometry for rcu_fanout_leaf=16, nr_cpu_ids=2
[    0.026437] RCU Tasks: Setting shift to 1 and lim to 1 rcu_task_cb_adjust=1 rcu_task_cpu_ids=2.
[    0.026439] RCU Tasks Rude: Setting shift to 1 and lim to 1 rcu_task_cb_adjust=1 rcu_task_cpu_ids=2.
[    0.032316] NR_IRQS: 524544, nr_irqs: 424, preallocated irqs: 0
[    0.032460] rcu: srcu_init: Setting srcu_struct sizes based on contention.
[    0.032648] Console: colour dummy device 80x25
[    0.032723] printk: legacy console [ttyS0] enabled
[    0.164681] ACPI: Core revision 20251212
[    0.165582] APIC: Switch to symmetric I/O mode setup
[    0.166820] x2apic enabled
[    0.167722] APIC: Switched APIC routing to: physical x2apic
[    0.168829] kvm-guest: APIC: send_IPI_mask() replaced with kvm_send_ipi_mask()
[    0.170264] kvm-guest: APIC: send_IPI_mask_allbutself() replaced with kvm_send_ipi_mask_allbutself()
[    0.172059] kvm-guest: setup PV IPIs
[    0.172862] clocksource: tsc-early: mask: 0xffffffffffffffff max_cycles: 0x228ae3847f6, max_idle_ns: 440795295175 ns
[    0.174961] Calibrating delay loop (skipped) preset value.. 4792.77 BogoMIPS (lpj=2396388)
[    0.175955] x86/cpu: User Mode Instruction Prevention (UMIP) activated
[    0.175955] Last level iTLB entries: 4KB 512, 2MB 512, 4MB 256
[    0.175955] Last level dTLB entries: 4KB 3072, 2MB 3072, 4MB 1536, 1GB 0
[    0.175955] mitigations: Enabled attack vectors: user_kernel, user_user, guest_host, guest_guest, SMT mitigations: auto
[    0.175955] Speculative Store Bypass: Mitigation: Speculative Store Bypass disabled via prctl
[    0.175955] Transient Scheduler Attacks: Vulnerable: No microcode
[    0.175955] Spectre V2 : Mitigation: Enhanced / Automatic IBRS
[    0.175955] Speculative Return Stack Overflow: Mitigation: Safe RET
[    0.175955] Spectre V1 : Mitigation: usercopy/swapgs barriers and __user pointer sanitization
[    0.175955] Spectre V2 : mitigation: Enabling conditional Indirect Branch Prediction Barrier
[    0.175955] active return thunk: srso_alias_return_thunk
[    0.175955] x86/fpu: Supporting XSAVE feature 0x001: 'x87 floating point registers'
[    0.175955] x86/fpu: Supporting XSAVE feature 0x002: 'SSE registers'
[    0.175955] x86/fpu: Supporting XSAVE feature 0x004: 'AVX registers'
[    0.175955] x86/fpu: Supporting XSAVE feature 0x020: 'AVX-512 opmask'
[    0.175955] x86/fpu: Supporting XSAVE feature 0x040: 'AVX-512 Hi256'
[    0.175955] x86/fpu: Supporting XSAVE feature 0x080: 'AVX-512 ZMM_Hi256'
[    0.175955] x86/fpu: Supporting XSAVE feature 0x200: 'Protection Keys User registers'
[    0.175955] x86/fpu: Supporting XSAVE feature 0x800: 'Control-flow User registers'
[    0.175955] x86/fpu: Supporting XSAVE feature 0x1000: 'Control-flow Kernel registers (KVM only)'
[    0.175955] x86/fpu: xstate_offset[2]:  576, xstate_sizes[2]:  256
[    0.175955] x86/fpu: xstate_offset[5]:  832, xstate_sizes[5]:   64
[    0.175955] x86/fpu: xstate_offset[6]:  896, xstate_sizes[6]:  512
[    0.175955] x86/fpu: xstate_offset[7]: 1408, xstate_sizes[7]: 1024
[    0.175955] x86/fpu: xstate_offset[9]: 2432, xstate_sizes[9]:    8
[    0.175955] x86/fpu: xstate_offset[11]: 2440, xstate_sizes[11]:   16
[    0.175955] x86/fpu: xstate_offset[12]: 2456, xstate_sizes[12]:   24
[    0.175955] x86/fpu: Enabled xstate features 0x1ae7, context size is 2480 bytes, using 'compacted' format.
[    0.175955] Freeing SMP alternatives memory: 56K
[    0.175955] pid_max: default: 32768 minimum: 301
[    0.175955] landlock: Up and running.
[    0.175955] Yama: becoming mindful.
[    0.175955] AppArmor: AppArmor initialized
[    0.175955] AppArmor: AppArmor secmark mediation reserved: ready to be enabled
[    0.175955] Mount-cache hash table entries: 1024 (order: 1, 8192 bytes, linear)
[    0.175955] Mountpoint-cache hash table entries: 1024 (order: 1, 8192 bytes, linear)
[    0.175955] VFS: Finished mounting rootfs on nullfs
[    0.175955] smpboot: CPU0: AMD EPYC (family: 0x19, model: 0xa0, stepping: 0x2)
[    0.176740] Performance Events: Fam17h+ core perfctr, AMD PMU driver.
[    0.176974] ... version:                   2
[    0.177828] ... bit width:                 48
[    0.177961] ... generic counters:          6
[    0.178812] ... generic bitmap:            000000000000003f
[    0.178961] ... fixed-purpose counters:    0
[    0.179815] ... fixed-purpose bitmap:      0000000000000000
[    0.179961] ... value mask:                0000ffffffffffff
[    0.180961] ... max period:                00007fffffffffff
[    0.181961] ... global_ctrl mask:          000000000000003f
[    0.183157] signal: max sigframe size: 3376
[    0.184056] rcu: Hierarchical SRCU implementation.
[    0.184967] rcu: 	Max phase no-delay instances is 400.
[    0.186183] Timer migration: 1 hierarchy levels; 8 children per group; 1 crossnode level
[    0.195246] smp: Bringing up secondary CPUs ...
[    0.196460] smpboot: x86: Booting SMP configuration:
2026-10-03T16:16:42.141092643 [igkmd-mesh:fc_vcpu 0] vcpu: IO write @ 0x70:0x1 failed: Failed to find address range.
2026-10-03T16:16:42.141113605 [igkmd-mesh:fc_vcpu 0] vcpu: IO write @ 0x71:0x1 failed: Failed to find address range.
2026-10-03T16:16:42.141390432 [igkmd-mesh:fc_vcpu 0] vcpu: IO write @ 0x70:0x1 failed: Failed to find address range.
2026-10-03T16:16:42.141407778 [igkmd-mesh:fc_vcpu 0] vcpu: IO write @ 0x71:0x1 failed: Failed to find address range.
[    0.196966] .... node  #0, CPUs:      #1
[    0.198084] smp: Brought up 1 node, 2 CPUs
[    0.199778] smpboot: Total of 2 processors activated (9585.55 BogoMIPS)
[    0.200323] Memory: 158412K/523896K available (23799K kernel code, 4952K rwdata, 16764K rodata, 5292K init, 5856K bss, 359524K reserved, 0K cma-reserved)
[    0.201366] devtmpfs: initialized
[    0.202119] x86/mm: Memory block size: 128MB
[    0.205018] clocksource: jiffies: mask: 0xffffffff max_cycles: 0xffffffff, max_idle_ns: 1911260446275000 ns
[    0.205995] posixtimers hash table entries: 1024 (order: 2, 16384 bytes, linear)
[    0.207013] futex hash table entries: 512 (32768 bytes on 1 NUMA nodes, total 32 KiB, linear).
2026-10-03T16:16:42.158680666 [igkmd-mesh:fc_vcpu 0] vcpu: IO write @ 0x70:0x1 failed: Failed to find address range.
2026-10-03T16:16:42.158700616 [igkmd-mesh:fc_vcpu 0] vcpu: IO read @ 0x71:0x1 failed: Failed to find address range.
2026-10-03T16:16:42.158714527 [igkmd-mesh:fc_vcpu 0] vcpu: IO write @ 0x70:0x1 failed: Failed to find address range.
2026-10-03T16:16:42.158728248 [igkmd-mesh:fc_vcpu 0] vcpu: IO read @ 0x71:0x1 failed: Failed to find address range.
2026-10-03T16:16:42.158742029 [igkmd-mesh:fc_vcpu 0] vcpu: IO write @ 0x70:0x1 failed: Failed to find address range.
2026-10-03T16:16:42.158755479 [igkmd-mesh:fc_vcpu 0] vcpu: IO read @ 0x71:0x1 failed: Failed to find address range.
2026-10-03T16:16:42.158769149 [igkmd-mesh:fc_vcpu 0] vcpu: IO write @ 0x70:0x1 failed: Failed to find address range.
2026-10-03T16:16:42.158782439 [igkmd-mesh:fc_vcpu 0] vcpu: IO read @ 0x71:0x1 failed: Failed to find address range.
2026-10-03T16:16:42.158795880 [igkmd-mesh:fc_vcpu 0] vcpu: IO write @ 0x70:0x1 failed: Failed to find address range.
2026-10-03T16:16:42.158809310 [igkmd-mesh:fc_vcpu 0] vcpu: IO read @ 0x71:0x1 failed: Failed to find address range.
2026-10-03T16:16:42.158829330 [igkmd-mesh:fc_vcpu 0] vcpu: IO read @ 0x71:0x1 failed: Failed to find address range.
2026-10-03T16:16:42.158849310 [igkmd-mesh:fc_vcpu 0] vcpu: IO read @ 0x71:0x1 failed: Failed to find address range.
2026-10-03T16:16:42.158869250 [igkmd-mesh:fc_vcpu 0] vcpu: IO read @ 0x71:0x1 failed: Failed to find address range.
2026-10-03T16:16:42.158889461 [igkmd-mesh:fc_vcpu 0] vcpu: IO read @ 0x71:0x1 failed: Failed to find address range.
[    0.208634] PM: RTC time: 00:00:00, date: 2000-00-00
[    0.211901] NET: Registered PF_NETLINK/PF_ROUTE protocol family
[    0.212207] DMA: preallocated 128 KiB GFP_KERNEL|GFP_DMA pool for atomic allocations
[    0.213115] DMA: preallocated 128 KiB GFP_KERNEL|GFP_DMA32 pool for atomic allocations
[    0.213974] audit: initializing netlink subsys (disabled)
[    0.215088] audit: type=2000 audit(1791044201.918:1): state=initialized audit_enabled=0 res=1
[    0.215528] thermal_sys: Registered thermal governor 'fair_share'
[    0.215967] thermal_sys: Registered thermal governor 'bang_bang'
[    0.217968] thermal_sys: Registered thermal governor 'step_wise'
[    0.219968] thermal_sys: Registered thermal governor 'user_space'
[    0.222969] thermal_sys: Registered thermal governor 'power_allocator'
[    0.224999] cpuidle: using governor ladder
[    0.229983] cpuidle: using governor menu
[    0.231490] acpiphp: ACPI Hot Plug PCI Controller Driver version: 0.5
[    0.234398] PCI: Fatal: No config space access function found
[    0.238180] kprobes: kprobe jump-optimization is enabled. All kprobes are optimized if possible.
[    0.242254] HugeTLB: registered 1.00 GiB page size, pre-allocated 0 pages
[    0.246090] HugeTLB: 16380 KiB vmemmap can be freed for a 1.00 GiB page
[    0.248971] HugeTLB: registered 2.00 MiB page size, pre-allocated 0 pages
[    0.251973] HugeTLB: 28 KiB vmemmap can be freed for a 2.00 MiB page
[    0.275235] ACPI: Added _OSI(Module Device)
[    0.276980] ACPI: Added _OSI(Processor Device)
[    0.278966] ACPI: Added _OSI(Processor Aggregator Device)
[    0.281427] ACPI: 1 ACPI AML tables successfully acquired and loaded
[    0.283988] ACPI: \_SB_: platform _OSC: OS support mask [006e7eff]
[    0.286166] ACPI: Interpreter enabled
[    0.286979] ACPI: PM: (supports S0)
[    0.287966] ACPI: Using IOAPIC for interrupt routing
[    0.290101] PCI: Using host bridge windows from ACPI; if necessary, use "pci=nocrs" and report a bug
[    0.292966] PCI: Using E820 reservations for host bridge windows
[    0.296977] iommu: Default domain type: Translated
[    0.298967] iommu: DMA domain TLB invalidation policy: lazy mode
[    0.301459] SCSI subsystem initialized
[    0.302061] ACPI: bus type USB registered
[    0.302988] usbcore: registered new interface driver usbfs
[    0.303975] usbcore: registered new interface driver hub
[    0.304998] usbcore: registered new device driver usb
[    0.305998] pps_core: LinuxPPS API ver. 1 registered
[    0.306961] pps_core: Software ver. 5.3.6 - Copyright 2005-2007 Rodolfo Giometti <giometti@linux.it>
[    0.308969] PTP clock support registered
[    0.310064] EDAC MC: Ver: 3.0.0
[    0.311520] NetLabel: Initializing
[    0.311963] NetLabel:  domain hash size = 128
[    0.312831] NetLabel:  protocols = UNLABELED CIPSOv4 CALIPSO
[    0.314040] NetLabel:  unlabeled traffic allowed by default
[    0.315986] mctp: management component transport protocol core
[    0.316975] NET: Registered PF_MCTP protocol family
[    0.317967] PCI: Using ACPI for IRQ routing
[    0.318806] PCI: System does not support PCI
[    0.319016] vgaarb: loaded
[    0.320958] clocksource: Switched to clocksource kvm-clock
[    0.322658] VFS: Disk quotas dquot_6.6.0
[    0.323539] VFS: Dquot-cache hash table entries: 512 (order 0, 4096 bytes)
[    0.325523] AppArmor: AppArmor Filesystem Enabled
[    0.326504] pnp: PnP ACPI init
[    0.327350] pnp: PnP ACPI: found 2 devices
[    0.332583] NET: Registered PF_INET protocol family
[    0.333725] IP idents hash table entries: 8192 (order: 4, 65536 bytes, linear)
[    0.360892] tcp_listen_portaddr_hash hash table entries: 256 (order: 0, 4096 bytes, linear)
[    0.362572] Table-perturb hash table entries: 65536 (order: 6, 262144 bytes, linear)
[    0.364130] TCP established hash table entries: 4096 (order: 3, 32768 bytes, linear)
[    0.365669] TCP bind hash table entries: 4096 (order: 5, 131072 bytes, linear)
[    0.367122] TCP: Hash tables configured (established 4096 bind 4096)
[    0.368502] MPTCP token hash table entries: 512 (order: 2, 12288 bytes, linear)
[    0.370014] UDP hash table entries: 256 (order: 2, 16384 bytes, linear)
[    0.371335] UDP-Lite hash table entries: 256 (order: 2, 16384 bytes, linear)
[    0.372828] NET: Registered PF_UNIX/PF_LOCAL protocol family
[    0.374018] NET: Registered PF_XDP protocol family
[    0.374998] PCI: CLS 0 bytes, default 64
[    0.375934] virtio-mmio: Registering device virtio-mmio.0 at 0xc0001000-0xc0001fff, IRQ 5.
[    0.376045] Trying to unpack rootfs image as initramfs...
[    0.377616] virtio-mmio: Registering device virtio-mmio.1 at 0xc0002000-0xc0002fff, IRQ 6.
[    0.381234] clocksource: tsc: mask: 0xffffffffffffffff max_cycles: 0x228ae3847f6, max_idle_ns: 440795295175 ns
[    0.383241] clocksource: Switched to clocksource tsc
[    0.384270] platform rtc_cmos: registered platform RTC device (no PNP device found)
[    0.386659] Initialise system trusted keyrings
[    0.387632] Key type blacklist registered
[    0.389539] workingset: timestamp_bits=36 max_order=17 bucket_order=0
[    0.391355] squashfs: version 4.0 (2009/01/31) Phillip Lougher
[    0.392755] fuse: init (API version 7.45)
[    0.393851] integrity: Platform Keyring initialized
[    0.394855] integrity: Machine keyring initialized
[    0.408601] Key type asymmetric registered
[    0.409432] Asymmetric key parser 'x509' registered
[    0.410470] Block layer SCSI generic (bsg) driver version 0.4 loaded (major 242)
[    0.412541] io scheduler mq-deadline registered
[    0.414521] ledtrig-cpu: registered to indicate activity on CPUs
[    0.421933] virtio-mmio virtio-mmio.0: error -EBUSY: can't request region for resource [mem 0xc0001000-0xc0001fff]
[    0.422383] Freeing initrd memory: 1888K
[    0.423982] virtio-mmio virtio-mmio.0: probe with driver virtio-mmio failed with error -16
[    0.424000] virtio-mmio virtio-mmio.1: error -EBUSY: can't request region for resource [mem 0xc0002000-0xc0002fff]
[    0.428464] virtio-mmio virtio-mmio.1: probe with driver virtio-mmio failed with error -16
[    0.430242] Serial: 8250/16550 driver, 32 ports, IRQ sharing enabled
[    0.454691] 00:00: ttyS0 at I/O 0x3f8 (irq = 28, base_baud = 115200) is a U6_16550A
2026-10-03T16:16:42.412307687 [igkmd-mesh:fc_vcpu 1] 3 messages were suppressed due to rate limiting
2026-10-03T16:16:42.412319815 [igkmd-mesh:fc_vcpu 1] vcpu: IO read @ 0x2f9:0x1 failed: Failed to find address range.
2026-10-03T16:16:42.412332985 [igkmd-mesh:fc_vcpu 1] 6 messages were suppressed due to rate limiting
2026-10-03T16:16:42.412339084 [igkmd-mesh:fc_vcpu 1] vcpu: IO write @ 0x2f9:0x1 failed: Failed to find address range.
[    0.459945] Linux agpgart interface v0.103
[    0.463270] loop: module loaded
[    0.464265] ACPI: bus type drm_connector registered
[    0.465527] tun: Universal TUN/TAP device driver, 1.6
2026-10-03T16:16:42.423296336 [igkmd-mesh:fc_vcpu 1] [Net:net0] notifying queues
[    0.467599] PPP generic driver version 2.4.2
[    0.468704] i8042: PNP: PS/2 Controller [PNP0303:PS2] at 0x60,0x64 irq 29
[    0.470397] mousedev: PS/2 mouse device common for all mice
[    0.471797] rtc_cmos rtc_cmos: only 24-hr supported
[    0.472815] i2c_dev: i2c /dev entries driver
[    0.473711] device-mapper: core: CONFIG_IMA_DISABLE_HTABLE is disabled. Duplicate IMA measurements will not be recorded in the IMA log.
[    0.476128] device-mapper: uevent: version 1.0.3
[    0.477137] device-mapper: ioctl: 4.50.0-ioctl (2025-04-28) initialised: dm-devel@lists.linux.dev
[    0.478903] amd_pstate: The CPPC feature is supported but currently disabled by the BIOS.
[    0.478903] Please enable it if your BIOS has the CPPC option.
[    0.481637] amd_pstate: the _CPC object is not present in SBIOS or ACPI disabled
[    0.483172] drop_monitor: Initializing network drop monitor service
[    0.484650] NET: Registered PF_INET6 protocol family
[    0.486626] Segment Routing with IPv6
[    0.488008] In-situ OAM (IOAM) with IPv6
[    0.489590] NET: Registered PF_PACKET protocol family
[    0.491584] Key type dns_resolver registered
2026-10-03T16:16:42.448805191 [igkmd-mesh:fc_vcpu 1] Invalid MMIO read @ 0xfed803c0:0x4: Failed to find address range.
2026-10-03T16:16:42.448830419 [igkmd-mesh:fc_vcpu 1] Invalid MMIO read @ 0xfed803c0:0x4: Failed to find address range.
[    0.493119] IPI shorthand broadcast: enabled
[    0.497462] sched_clock: Marking stable (354002880, 142488255)->(606685524, -110194389)
[    0.499434] registered taskstats version 1
[    0.500800] Loading compiled-in X.509 certificates
[    0.503086] Loaded X.509 cert 'Build time autogenerated kernel key: 454b3e9802e3c39a997a1e8863aaf8b3df15fbc0'
[    0.507369] Loaded X.509 cert 'Canonical Ltd. Live Patch Signing 2025 Kmod: d541cef61dc7e793b7eb7e899970a2eef0b5dc8c'
[    0.511879] Loaded X.509 cert 'Canonical Ltd. Live Patch Signing: 14df34d1a87cf37625abec039ef2bf521249b969'
[    0.516066] Loaded X.509 cert 'Canonical Ltd. Kernel Module Signing 2025 Kmod: 4627603d2357a2a3f81006370894c221175893e9'
[    0.520696] Loaded X.509 cert 'Canonical Ltd. Kernel Module Signing: 88f752e560a1e0737e31163a466ad7b70a850c19'
[    0.524192] blacklist: Loading compiled-in revocation X.509 certificates
[    0.526580] Loaded X.509 cert 'Canonical Ltd. Secure Boot Signing: 61482aa2830d0ab2ad5af10b7250da9033ddcef0'
[    0.530047] Loaded X.509 cert 'Canonical Ltd. Secure Boot Signing (2017): 242ade75ac4a15e50d50c84b0d45ff3eae707a03'
[    0.533698] Loaded X.509 cert 'Canonical Ltd. Secure Boot Signing (ESM 2018): 365188c1d374d6b07c3c8f240f8ef722433d6a8b'
[    0.537482] Loaded X.509 cert 'Canonical Ltd. Secure Boot Signing (2019): c0746fd6c5da3ae827864651ad66ae47fe24b3e8'
[    0.541147] Loaded X.509 cert 'Canonical Ltd. Secure Boot Signing (2021 v1): a8d54bbb3825cfb94fa13c9f8a594a195c107b8d'
[    0.544199] Loaded X.509 cert 'Canonical Ltd. Secure Boot Signing (2021 v2): 4cf046892d6fd3c9a5b03f98d845f90851dc6a8c'
[    0.546327] Loaded X.509 cert 'Canonical Ltd. Secure Boot Signing (2021 v3): 100437bb6de6e469b581e61cd66bce3ef4ed53af'
[    0.548522] Loaded X.509 cert 'Canonical Ltd. Secure Boot Signing (Ubuntu Core 2019): c1d57b8f6b743f23ee41f4f7ee292f06eecadfb9'
[    0.561480] Demotion targets for Node 0: null
[    0.562636] Key type .fscrypt registered
[    0.564272] Key type fscrypt-provisioning registered
[    0.566480] Key type big_key registered
[    0.569342] Key type encrypted registered
[    0.570173] AppArmor: AppArmor sha256 policy hashing enabled
[    0.571312] ima: No TPM chip found, activating TPM-bypass!
[    0.572429] Loading compiled-in module X.509 certificates
[    0.573983] Loaded X.509 cert 'Build time autogenerated kernel key: 454b3e9802e3c39a997a1e8863aaf8b3df15fbc0'
[    0.575949] ima: Allocated hash algorithm: sha256
[    0.576950] ima: No architecture policies found
[    0.577902] evm: Initialising EVM extended attributes:
[    0.578938] evm: security.selinux
[    0.579615] evm: security.SMACK64
[    0.580290] evm: security.SMACK64EXEC
[    0.581045] evm: security.SMACK64TRANSMUTE
[    0.581883] evm: security.SMACK64MMAP
[    0.582626] evm: security.apparmor
[    0.583315] evm: security.ima
[    0.583938] evm: security.capability
[    0.584666] evm: HMAC attrs: 0x1
[    0.585843] PM:   Magic number: 0:110:269243
[    0.587140] RAS: Correctable Errors collector initialized.
[    0.589999] clk: Disabling unused clocks
[    0.591616] PM: genpd: Disabling unused power domains
[    0.596893] Freeing unused decrypted memory: 2028K
[    0.599377] Freeing unused kernel image (initmem) memory: 5292K
[    0.600925] Write protecting the kernel read-only data: 43008k
[    0.603393] Freeing unused kernel image (text/rodata gap) memory: 776K
[    0.605756] Freeing unused kernel image (rodata/data gap) memory: 1668K
[    0.677683] x86/mm: Checked W+X mappings: passed, no W+X pages found.
[    0.678530] Run /init as init process
IGKME-INIT: booted 7.0.0-29-generic phase=accept; eth0 2: eth0    inet 192.168.204.2/24 scope global eth0\       valid_lft forever preferred_lft forever
IGKME-INIT: insmod tls OK
[    0.697552] NET: Registered PF_VSOCK protocol family
IGKME-INIT: insmod vsock OK
IGKME-INIT: insmod vmw_vsock_virtio_transport_common OK
2026-10-03T16:16:42.663484459 [igkmd-mesh:fc_vcpu 0] [Vsock:vsock] notifying queues
IGKME-INIT: insmod vmw_vsock_virtio_transport OK
[    0.713330] igkmd_mtls: loading out-of-tree module taints kernel.
[    0.714705] igkmd_mtls: module verification failed: signature and/or required key missing - tainting kernel
[    0.717331] IGKME: init on stock kernel; mesh="10.80.0.1:9443,10.80.0.2:9443,10.80.0.9:9443" mesh_listen="8443,8444" agent cid=2 port=7100
[    0.738603] IGKME: hooked tcp_prot connect/accept/sendmsg/recvmsg; private proto_ops.poll ready (orig_poll=tcp_poll)
IGKME-INIT: insmod igkmd_mtls OK
IGKME-INIT: ===== PART 1 inbound accept() server on :8443 (blocking); runner dials 2 inbound callers =====
IGKME-APP: SERVER-LISTENING-8443 blocking accept, nconn=2 t+0.000s
[    0.765770] IGKME: [accept] inbound on mesh listen :8443 -> child local 192.168.204.2:8443 remote 192.168.204.1:46660; server-side mTLS, handshake driven by kthread
IGKME-APP: server accept#1 from 192.168.204.1:46660 fd=4 (module installs server-side kTLS on first I/O) t+0.024s
[    0.772417] IGKME: [c1] HOLD on first I/O: SERVER accept() local 192.168.204.2:8443 <- remote 192.168.204.1:46660, relaying SERVER TLS handshake over vsock cid=2 port=7100
[    0.779141] ------------[ cut here ]------------
[    0.780314] memcpy: detected field-spanning write (size 36) of single field "dst" at include/linux/sockptr.h:49 (size 0)
[    0.783258] WARNING: include/linux/sockptr.h:49 at do_tls_setsockopt_conf+0x743/0x9c0 [tls], CPU#1: igkme-hs/91
[    0.786015] Modules linked in: igkmd_mtls(OE) vmw_vsock_virtio_transport vmw_vsock_virtio_transport_common vsock tls
[    0.788899] CPU: 1 UID: 0 PID: 91 Comm: igkme-hs Tainted: G           OE       7.0.0-29-generic #29-Ubuntu PREEMPT(lazy) 
[    0.791726] Tainted: [O]=OOT_MODULE, [E]=UNSIGNED_MODULE
[    0.793102] RIP: 0010:do_tls_setsockopt_conf+0x74f/0x9c0 [tls]
[    0.794583] Code: 44 24 04 4c 89 54 24 08 44 88 5c 24 10 4c 89 4c 24 18 48 89 44 24 20 48 8d 3d ed ec ef ff 31 c9 48 c7 c2 00 28 51 c0 4c 89 ee <67> 48 0f b9 3a 44 8b 44 24 04 4c 8b 54 24 08 44 0f b6 5c 24 10 4c
[    0.798662] RSP: 0018:ff7239560025fa68 EFLAGS: 00010246
[    0.799836] RAX: ff419b64c19bf4cc RBX: ff7239560025fbe6 RCX: 0000000000000000
[    0.801393] RDX: ffffffffc0512800 RSI: 0000000000000024 RDI: ffffffffc0500030
[    0.802964] RBP: ff7239560025faf0 R08: 0000000000000001 R09: ff419b64c19bf4c8
[    0.804512] R10: ff419b64c34c4280 R11: ff7239560025fa00 R12: ff419b64c19bf400
[    0.806083] R13: 0000000000000024 R14: 0000000000000001 R15: 0000000000000001
[    0.807651] FS:  0000000000000000(0000) GS:ff419b65444ff000(0000) knlGS:0000000000000000
[    0.809413] CS:  0010 DS: 0000 ES: 0000 CR0: 0000000080050033
[    0.810682] CR2: 00000000378e8a30 CR3: 00000000032ab004 CR4: 0000000000f71ef0
[    0.811574] PKRU: 55555554
[    0.811937] Call Trace:
[    0.812258]  <TASK>
[    0.812555]  ? evict+0xe0/0x290
[    0.812974]  do_tls_setsockopt+0x1dd/0x270 [tls]
[    0.813561]  ? srso_alias_return_thunk+0x5/0xfbef5
[    0.814165]  tls_setsockopt+0x5a/0x80 [tls]
[    0.814702]  do_handshake.cold+0x3b1/0x6e3 [igkmd_mtls]
[    0.815359]  ? __pfx_igkm_drive+0x10/0x10 [igkmd_mtls]
[    0.816021]  igkm_drive+0x1fe/0x2e0 [igkmd_mtls]
[    0.816603]  ? srso_alias_return_thunk+0x5/0xfbef5
[    0.817203]  ? dequeue_entity+0xef/0x710
[    0.817720]  kthread+0xf7/0x130
[    0.818134]  ? __pfx_kthread+0x10/0x10
[    0.818622]  ret_from_fork+0x195/0x2a0
[    0.819105]  ? __pfx_kthread+0x10/0x10
[    0.819595]  ? __pfx_kthread+0x10/0x10
[    0.820077]  ret_from_fork_asm+0x1a/0x30
[    0.820586]  </TASK>
[    0.820888] ---[ end trace 0000000000000000 ]---
[    0.822318] IGKME: [c1] HANDSHAKE DONE role=server peer=spiffe://overdrive.test/ns/default/sa/peer-client; kTLS installed on the workload socket (TO_PEER=1 NEED_PEER=3); kernel carries TLS, relay out of path
[    0.824520] IGKME: [c1] SERVER-IDENTITY verified-client-peer=spiffe://overdrive.test/ns/default/sa/peer-client (the inbound caller the agent authenticated for this accept())
[    0.826371] IGKME: [kthread] role=server background handshake DONE; kTLS installed, waking poll (readiness now reported)
IGKME-APP: server conn#1 read(32) PLAINTEXT-IN-GUEST: IGKM-E-REQI inbound peer->guest
IGKME-APP: server conn#1 wrote response (75 bytes, encrypted by kTLS on the wire) t+0.084s
[    0.831666] IGKME: [accept] inbound on mesh listen :8443 -> child local 192.168.204.2:8443 remote 192.168.204.1:46670; server-side mTLS, handshake driven by kthread
IGKME-APP: server accept#2 from 192.168.204.1:46670 fd=4 (module[    0.835908] IGKME: [c2] HOLD on first I/O: SERVER accept() local 192.168.204.2:8443 <- remote 192.168.204.1:46670, relaying SERVER TLS handshake over vsock cid=2 port=7100
 installs server-side kTLS on first I/O) t+0.089s
[    0.841992] IGKME: [c2] DENY from relay: policy deny: local spiffe://overdrive.test/ns/default/sa/guest-server <-> peer spiffe://overdrive.test/ns/default/sa/peer-client-denied (handshake aborted: invalid peer certificate: ApplicationVerificationFailure) -> first I/O returns -EACCES, no app bytes on wire
[    0.848598] IGKME: [kthread] role=server background handshake FAILED err=-13 -> sk_err=13 (app sees EPOLLERR / SO_ERROR), no app bytes
IGKME-APP: server conn#2 read FAILED errno=13 (Permission denied) -- DENY expected here: no application bytes crossed t+0.106s
IGKME-APP: DONE mode=server t+0.107s
IGKME-INIT: in-guest kTLS proof -- /proc/net/tls_stat (nonzero TxSw/RxSw = kernel kTLS active):
TlsCurrTxSw                     	0
TlsCurrRxSw                     	0
TlsCurrTxDevice                 	0
TlsCurrRxDevice                 	0
TlsTxSw                         	1
TlsRxSw                         	1
TlsTxDevice                     	0
TlsRxDevice                     	0
TlsDecryptError                 	0
TlsRxDeviceResync               	0
TlsDecryptRetry                 	0
TlsRxNoPadViolation             	0
TlsRxRekeyOk                    	0
TlsRxRekeyError                 	0
TlsTxRekeyOk                    	0
TlsTxRekeyError                 	0
TlsRxRekeyReceived              	0
IGKME-INIT: VERDICT phase=accept complete
[    0.871440] reboot: Restarting system
[    0.872425] reboot: machine restart
2026-10-03T16:16:42.830792495 [igkmd-mesh:fc_vcpu 0] Unexpected exit reason on vcpu run: Shutdown
2026-10-03T16:16:42.830844984 [igkmd-mesh:main] Vmm is stopping.
2026-10-03T16:16:42.830864583 [igkmd-mesh:main] Killing vCPU threads
2026-10-03T16:16:42.863297540 [igkmd-mesh:main] RunWithoutApiError error: MicroVMStopped without an error: GenericError
2026-10-03T16:16:42.863351552 [igkmd-mesh:main] Firecracker exiting with error. exit_code=1

===== relay log (agent: OPEN/ACCEPT/RESOLVE, handshakes, custody) =====
RELAY listening on unix <metal-home>/igkm-spike-a/runs-igkmd/20261003T161641Z-576013/vsock.sock_7100 pid=576061 client identity=spiffe://overdrive.test/ns/default/sa/guest-client server identity=spiffe://overdrive.test/ns/default/sa/guest-server (keys: client PKCS#8 138 B, guest-server PKCS#8 138 B, P-256 scalars 32 B, held in this process only; one thread per vsock connection) t+0.256898s
RELAY service registry (D4, health-dir <metal-home>/igkm-spike-a/runs-igkmd/20261003T161641Z-576013/health):
RELAY   service svc-a vip 10.80.0.1:9443 policy=allow backends=[192.168.204.1:6443,192.168.204.1:6444] expected_peer=spiffe://overdrive.test/ns/default/sa/peer-allowed
RELAY   service svc-hs-deny vip 10.80.0.2:9443 policy=allow backends=[192.168.204.1:6445] expected_peer=spiffe://overdrive.test/ns/default/sa/peer-denied
RELAY   service svc-denied vip 10.80.0.9:9443 policy=deny backends=[] expected_peer=spiffe://overdrive.test/ns/default/sa/peer-denied
RELAY[c1] vsock connection accepted t+1.428171s
RELAY[c1] vsock rx ACCEPT payload=13 local=192.168.204.2:8443 remote=192.168.204.1:46660 role=TLS server, local identity=spiffe://overdrive.test/ns/default/sa/guest-server t+1.434529s
RELAY[c1] vsock tx NEED_PEER payload=0 wire=5  t+1.434819s
RELAY[c1] vsock rx FROM_PEER payload=194 records[0x16/189] t+1.435012s
RELAY[c1] vsock tx TO_PEER payload=827 wire=832 records[0x16/122 0x14/1 0x17/689] t+1.435404s
RELAY[c1] vsock tx NEED_PEER payload=0 wire=5  t+1.435424s
RELAY[c1] vsock rx FROM_PEER payload=6 records[0x14/1] t+1.436382s
RELAY[c1] vsock tx NEED_PEER payload=0 wire=5  t+1.436401s
RELAY[c1] vsock rx FROM_PEER payload=607 records[0x17/602] t+1.436531s
RELAY[c1] handshake complete: policy ALLOW local spiffe://overdrive.test/ns/default/sa/guest-server <-> peer spiffe://overdrive.test/ns/default/sa/peer-client; suite=TLS13_AES_128_GCM_SHA256 tx_seq=0 rx_seq=0 buffered_plaintext=false; traffic secrets from rustls KeyLog tx=SERVER_TRAFFIC_SECRET_0 rx=CLIENT_TRAFFIC_SECRET_0 (32 B each), host check HKDF(secret)==rustls key/iv tx=true rx=true t+1.436842s
RELAY[c1] vsock tx SECRETS payload=193 wire=198 (v2 suite=0x1301 tx: seq 0 secret 32B key 16B iv 12B; rx: seq 0 secret 32B key 16B iv 12B; peer id 49B) t+1.436861s
RELAY[c1] guest closed the vsock connection (agent out of the data path) t+1.437007s
RELAY[c1] tally guest->host ACCEPT: frames=1 wire_bytes=18
RELAY[c1] tally guest->host FROM_PEER: frames=3 wire_bytes=822
RELAY[c1] tally host->guest NEED_PEER: frames=3 wire_bytes=15
RELAY[c1] tally host->guest SECRETS: frames=1 wire_bytes=198
RELAY[c1] tally host->guest TO_PEER: frames=1 wire_bytes=832
RELAY[c1] custody: host->guest total 1045 bytes; client SVID key occurrences PKCS#8 DER=0 PEM=0 private scalar=0; guest-server SVID key occurrences PKCS#8 DER=0 PEM=0 private scalar=0; application traffic secrets sent (changed vs Spike B: expected 1 each when ALLOW) = [1,1]
RELAY[c2] vsock connection accepted t+1.493681s
RELAY[c2] vsock rx ACCEPT payload=13 local=192.168.204.2:8443 remote=192.168.204.1:46670 role=TLS server, local identity=spiffe://overdrive.test/ns/default/sa/guest-server t+1.497925s
RELAY[c2] vsock tx NEED_PEER payload=0 wire=5  t+1.498024s
RELAY[c2] vsock rx FROM_PEER payload=194 records[0x16/189] t+1.498184s
RELAY[c2] vsock tx TO_PEER payload=826 wire=831 records[0x16/122 0x14/1 0x17/688] t+1.498347s
RELAY[c2] vsock tx NEED_PEER payload=0 wire=5  t+1.498352s
RELAY[c2] vsock rx FROM_PEER payload=6 records[0x14/1] t+1.499151s
RELAY[c2] vsock tx NEED_PEER payload=0 wire=5  t+1.499162s
RELAY[c2] vsock rx FROM_PEER payload=621 records[0x17/616] t+1.499542s
RELAY[c2] handshake NOT completed: policy deny: local spiffe://overdrive.test/ns/default/sa/guest-server <-> peer spiffe://overdrive.test/ns/default/sa/peer-client-denied (handshake aborted: invalid peer certificate: ApplicationVerificationFailure) t+1.499719s
RELAY[c2] vsock tx DENY payload=213 wire=218  t+1.499731s
RELAY[c2] guest closed the vsock connection (agent out of the data path) t+1.506506s
RELAY[c2] tally guest->host ACCEPT: frames=1 wire_bytes=18
RELAY[c2] tally guest->host FROM_PEER: frames=3 wire_bytes=836
RELAY[c2] tally host->guest DENY: frames=1 wire_bytes=218
RELAY[c2] tally host->guest NEED_PEER: frames=3 wire_bytes=15
RELAY[c2] tally host->guest TO_PEER: frames=1 wire_bytes=831
RELAY[c2] custody: host->guest total 1064 bytes; client SVID key occurrences PKCS#8 DER=0 PEM=0 private scalar=0; guest-server SVID key occurrences PKCS#8 DER=0 PEM=0 private scalar=0; application traffic secrets sent (changed vs Spike B: expected 1 each when ALLOW) = []

===== peer log (backends) =====
PEER listening tls 192.168.204.1:6443 identity=spiffe://overdrive.test/ns/default/sa/peer-allowed backend-label=A send_tls13_tickets=0 (production-faithful: no NewSessionTicket) t+0.252046s
PEER listening tls 192.168.204.1:6444 identity=spiffe://overdrive.test/ns/default/sa/peer-allowed backend-label=B send_tls13_tickets=0 (production-faithful: no NewSessionTicket) t+0.252150s
PEER listening tls 192.168.204.1:6445 identity=spiffe://overdrive.test/ns/default/sa/peer-denied backend-label=DENIED send_tls13_tickets=0 (production-faithful: no NewSessionTicket) t+0.252230s
PEER listening plain 192.168.204.1:5001 (non-mesh pass-through) t+0.252269s
PEER ready t+0.252338s

===== inclient log (inbound host callers) =====
INCLIENT[peer-client] tcp connected to 192.168.204.2:8443 presenting spiffe://overdrive.test/ns/default/sa/peer-client t+1.423463s
INCLIENT[peer-client] client-side handshake done version=TLSv1_3 suite=TLS13_AES_128_GCM_SHA256 server SPIFFE ID=spiffe://overdrive.test/ns/default/sa/guest-server t+1.436267s
INCLIENT[peer-client] wrote 32 bytes: IGKM-E-REQI inbound peer->guest\n t+1.436293s
INCLIENT[peer-client-denied] tcp connected to 192.168.204.2:8443 presenting spiffe://overdrive.test/ns/default/sa/peer-client-denied t+1.448444s
INCLIENT[peer-client] read 75 bytes: IGKM-E-RESP from-guest-server conn1 echo[IGKM-E-REQI inbound peer->guest\n]\n t+1.487668s
INCLIENT[peer-client] read ended: peer closed connection without sending TLS close_notify: https://docs.rs/rustls/latest/rustls/manual/_03_howto/index.html#unexpected-eof; received 75 bytes t+1.489572s
INCLIENT[peer-client-denied] client-side handshake done version=TLSv1_3 suite=TLS13_AES_128_GCM_SHA256 server SPIFFE ID=spiffe://overdrive.test/ns/default/sa/guest-server t+1.498981s
INCLIENT[peer-client-denied] wrote 32 bytes: IGKM-E-REQI inbound peer->guest\n t+1.498996s
INCLIENT[peer-client-denied] read ended: peer closed connection without sending TLS close_notify: https://docs.rs/rustls/latest/rustls/manual/_03_howto/index.html#unexpected-eof; received 0 bytes t+1.506493s

===== tap capture scan =====
-rw-r--r-- 1 tcpdump tcpdump 6558 Oct  3 16:16 <metal-home>/igkm-spike-a/runs-igkmd/20261003T161641Z-576013/tap.pcap
3d3265e07bb3c0d4432259ca214c5998cae2d7657195aec9f6abbb421fc3b3f0  <metal-home>/igkm-spike-a/runs-igkmd/20261003T161641Z-576013/tap.pcap
SCAN conn client peer:46660 -> server guest:8443 (TLS) first packet t+1.423251s
SCAN   guest->peer: 924 bytes flags[FIN,SYN] marker(IGKM-D-)=0 marker(IGKM-E-)=0 records=4 (0x17 count=2) unframed_bytes=0
SCAN     records: 0x16/122 0x14/1 0x17/689 0x17/92
SCAN       seg#1 t+1.435623s: 0x16/122 0x14/1 0x17/689 COALESCED
SCAN       seg#2 t+1.487572s: 0x17/92
SCAN   peer->guest: 861 bytes flags[FIN,SYN] marker(IGKM-D-)=0 marker(IGKM-E-)=0 records=4 (0x17 count=2) unframed_bytes=0
SCAN     records: 0x16/189 0x14/1 0x17/602 0x17/49
SCAN       seg#1 t+1.423521s: 0x16/189
SCAN       seg#2 t+1.436233s: 0x14/1 0x17/602 COALESCED
SCAN       seg#3 t+1.480217s: 0x17/49
SCAN conn client peer:46670 -> server guest:8443 (TLS) first packet t+1.448197s
SCAN   guest->peer: 826 bytes flags[FIN,SYN] marker(IGKM-D-)=0 marker(IGKM-E-)=0 records=3 (0x17 count=1) unframed_bytes=0
SCAN     records: 0x16/122 0x14/1 0x17/688
SCAN       seg#1 t+1.498610s: 0x16/122 0x14/1 0x17/688 COALESCED
SCAN   peer->guest: 875 bytes flags[FIN,SYN] marker(IGKM-D-)=0 marker(IGKM-E-)=0 records=4 (0x17 count=2) unframed_bytes=0
SCAN     records: 0x16/189 0x14/1 0x17/616 0x17/49
SCAN       seg#1 t+1.448467s: 0x16/189
SCAN       seg#2 t+1.498956s: 0x14/1 0x17/616 COALESCED
SCAN       seg#3 t+1.499106s: 0x17/49
SCAN totals:
SCAN   tls streams: 3486 bytes, marker(IGKM-D-) occurrences=0, marker(IGKM-E-) occurrences=0
SCAN     tls: b'IGKM-D-REQ-PT-pt guest->peer plaintext\n' occurrences=0
SCAN     tls: b'IGKM-E-REQI inbound peer->guest\n' occurrences=0
SCAN     tls: b'IGKM-E-FLOOD' occurrences=0
SCAN   plain streams: 0 bytes, marker(IGKM-D-) occurrences=0, marker(IGKM-E-) occurrences=0

===== plaintext marker scan on the WIRE (mesh app markers must be 0x; :5001 PT may appear) =====
  wire occurrences of 'IGKM-E-REQI' : 0
  wire occurrences of 'IGKM-E-RESP' : 0
  wire occurrences of 'IGKM-E-REQN' : 0
  wire occurrences of 'IGKM-E-FLOOD' : 0
  wire occurrences of 'IGKM-D-REQ-PT' : 0
  wire occurrences of 'from-guest-server' : 0
  wire occurrences of 'from-A' : 0
  wire occurrences of 'from-B' : 0
  wire occurrences of 'PLAINTEXT-IN-GUEST' : 0

===== custody (SVID key must never cross vsock) =====
RELAY[c1] custody: host->guest total 1045 bytes; client SVID key occurrences PKCS#8 DER=0 PEM=0 private scalar=0; guest-server SVID key occurrences PKCS#8 DER=0 PEM=0 private scalar=0; application traffic secrets sent (changed vs Spike B: expected 1 each when ALLOW) = [1,1]
RELAY[c2] custody: host->guest total 1064 bytes; client SVID key occurrences PKCS#8 DER=0 PEM=0 private scalar=0; guest-server SVID key occurrences PKCS#8 DER=0 PEM=0 private scalar=0; application traffic secrets sent (changed vs Spike B: expected 1 each when ALLOW) = []

===== verdict markers =====
IGKME-APP: SERVER-LISTENING-8443 blocking accept, nconn=2 t+0.000s
[    0.822318] IGKME: [c1] HANDSHAKE DONE role=server peer=spiffe://overdrive.test/ns/default/sa/peer-client; kTLS installed on the workload socket (TO_PEER=1 NEED_PEER=3); kernel carries TLS, relay out of path
[    0.824520] IGKME: [c1] SERVER-IDENTITY verified-client-peer=spiffe://overdrive.test/ns/default/sa/peer-client (the inbound caller the agent authenticated for this accept())
[    0.826371] IGKME: [kthread] role=server background handshake DONE; kTLS installed, waking poll (readiness now reported)
IGKME-APP: server conn#1 read(32) PLAINTEXT-IN-GUEST: IGKM-E-REQI inbound peer->guest
[    0.841992] IGKME: [c2] DENY from relay: policy deny: local spiffe://overdrive.test/ns/default/sa/guest-server <-> peer spiffe://overdrive.test/ns/default/sa/peer-client-denied (handshake aborted: invalid peer certificate: ApplicationVerificationFailure) -> first I/O returns -EACCES, no app bytes on wire
[    0.848598] IGKME: [kthread] role=server background handshake FAILED err=-13 -> sk_err=13 (app sees EPOLLERR / SO_ERROR), no app bytes
IGKME-APP: server conn#2 read FAILED errno=13 (Permission denied) -- DENY expected here: no application bytes crossed t+0.106s
IGKME-INIT: VERDICT phase=accept complete
RELAY[c1] vsock rx ACCEPT payload=13 local=192.168.204.2:8443 remote=192.168.204.1:46660 role=TLS server, local identity=spiffe://overdrive.test/ns/default/sa/guest-server t+1.434529s
RELAY[c1] handshake complete: policy ALLOW local spiffe://overdrive.test/ns/default/sa/guest-server <-> peer spiffe://overdrive.test/ns/default/sa/peer-client; suite=TLS13_AES_128_GCM_SHA256 tx_seq=0 rx_seq=0 buffered_plaintext=false; traffic secrets from rustls KeyLog tx=SERVER_TRAFFIC_SECRET_0 rx=CLIENT_TRAFFIC_SECRET_0 (32 B each), host check HKDF(secret)==rustls key/iv tx=true rx=true t+1.436842s
RELAY[c2] vsock rx ACCEPT payload=13 local=192.168.204.2:8443 remote=192.168.204.1:46670 role=TLS server, local identity=spiffe://overdrive.test/ns/default/sa/guest-server t+1.497925s
RELAY[c2] handshake NOT completed: policy deny: local spiffe://overdrive.test/ns/default/sa/guest-server <-> peer spiffe://overdrive.test/ns/default/sa/peer-client-denied (handshake aborted: invalid peer certificate: ApplicationVerificationFailure) t+1.499719s

===== tap capture (base64 for the evidence tree) =====
----- BEGIN tap.pcap base64 -----
1MOyoQIABAAAAAAAAAAAAAAABAABAAAAaSrBakzMCABaAAAAWgAAADMzAAAAFgbO4KMIkIbdYAAA
AAAkAAEAAAAAAAAAAAAAAAAAAAAA/wIAAAAAAAAAAAAAAAAAFjoABQIAAAEAjwBmVwAAAAEEAAAA
/wIAAAAAAAAAAAAB/6MIkGoqwWo1QAQAWgAAAFoAAAAzMwAAABYGzuCjCJCG3WAAAAAAJAABAAAA
AAAAAAAAAAAAAAAAAP8CAAAAAAAAAAAAAAAAABY6AAUCAAABAI8AZlcAAAABBAAAAP8CAAAAAAAA
AAAAAf+jCJBqKsFqTjYFAFYAAABWAAAAMzP/owiQBs7gowiQht1gAAAAACA6/wAAAAAAAAAAAAAA
AAAAAAD/AgAAAAAAAAAAAAH/owiQhwBl4gAAAAD+gAAAAAAAAATO4P/+owiQDgFwYLmO6BdqKsFq
xtEJAFoAAABaAAAAMzMAAAAWUlQAGgUHht1gAAAAACQAAQAAAAAAAAAAAAAAAAAAAAD/AgAAAAAA
AAAAAAAAAAAWOgAFAgAAAQCPAGppAAAAAQQAAAD/AgAAAAAAAAAAAAH/GgUHairBaiwACwAqAAAA
KgAAAP///////wbO4KMIkAgGAAEIAAYEAAEGzuCjCJDAqMwBAAAAAAAAwKjMAmoqwWr2AAsAKgAA
ACoAAAAGzuCjCJBSVAAaBQcIBgABCAAGBAACUlQAGgUHwKjMAgbO4KMIkMCozAFqKsFqAgELAEoA
AABKAAAAUlQAGgUHBs7gowiQCABFAAA8kvlAAEAGjm3AqMwBwKjMArZEIPsDD/XbAAAAAKAC+vAZ
hAAAAgQFtAQCCAolQXpKAAAAAAEDAwpqKsFqrwELAEoAAABKAAAABs7gowiQUlQAGgUHCABFAAA8
AABAAEAGIWfAqMwCwKjMASD7tkQNeXOcAw/13KAS/ogZhAAAAgQFtAQCCApWAYgVJUF6SgEDAwdq
KsFqxwELAEIAAABCAAAAUlQAGgUHBs7gowiQCABFAAA0kvpAAEAGjnTAqMwBwKjMArZEIPsDD/Xc
DXlznYAQAD8ZfAAAAQEICiVBekpWAYgVairBahACCwAEAQAABAEAAFJUABoFBwbO4KMIkAgARQAA
9pL7QABABo2xwKjMAcCozAK2RCD7Aw/13A15c52AGAA/Gj4AAAEBCAolQXpKVgGIFRYDAQC9AQAA
uQMDNMV8s5JnGnvt+Cm0zBLfbltKD5EkvdmHQL09yhDvdlEgsp5RyqdiwNau3WUmNZqSHD+snEv3
vxj7dlbHeZV83/AAAhMBAQAAbgAzACYAJAAdACDOae9C3j3KHcBUSjjVr1vFNbqYQvpC9SQA8zvJ
sWugNAAKAAgABgAdABcAGAArAAMCAwQACwACAQAALQACAQEAFwAAAA0AFAASBQMEAwgHCAYIBQgE
BgEFAQQBAAUABQEAAAAAairBamYCCwBCAAAAQgAAAAbO4KMIkFJUABoFBwgARQAANNtcQABABkYS
wKjMAsCozAEg+7ZEDXlznQMP9p6AEAH8GXwAAAEBCApWAYgVJUF6SmoqwWpWMQsAfQMAAH0DAAAG
zuCjCJBSVAAaBQcIAEUAA2/bXUAAQAZC1sCozALAqMwBIPu2RA15c50DD/aegBgB/By3AAABAQgK
VgGIISVBekoWAwMAegIAAHYDA2T5Z5ghdISLu2VYWBb44JBqme0SVymAbfHGueZjYXtJILKeUcqn
YsDWrt1lJjWakhw/rJxL978Y+3ZWx3mVfN/wEwEAAC4AMwAkAB0AINpsRBKwYLC7AMMPgsNVvL4a
afZXzBSOiMfhmndaoC0sACsAAgMEFAMDAAEBFwMDArGDGd3ipo6DawHF/wIa1LrV9wergj0XF0ey
OK4UU1cZYP5GQymZQTjDrS6VI0/N8UM7qPEgU2c4NKoB3mYvqJIv2BvuUdviqG3oqfRYvnPbuzaL
E9GZRXKHiTi7ls5u09JPSMHgpQEID2O6CqSuORV7Nicdpv0iCuzKoSFuPKW2PDf5oG748neXx4yz
tyX/I9hNTsR/dnvwCkKuiQZKe8PsSsPRFSZ8zcTMNvC7eFacQKIDZ9KqBEsxA2PXgzehzTI3sYO6
S6Co1RSPIi2SddBrE3bXyAN2H3eVszUXG+WLHZq/IKX4IuYoI/8hPfgEKYvpUyFIjszz5PFtLWYu
0LY+2FWdYt7tGAHY13+Q3I2UxJBda3BSEngUxGKThtP3OfQphp8mYGGmbP7MdZuiwrV/y7fZxmgx
Jcktt2kccwLv3N5wnpp0RLzYTqo+XXiLH+R8x+kneKqhscJuBcZsG+8hIhNnxCUva6oQ0sLN/cV7
lAH/KyPrTKrRRNQ+c8EuQSbp0QhVQ7kr+W9HKd135dsAO6TPL6h/cl68x9sAtsZ1hVktiCDcyJ3U
32cNKp6lWVkqt/ZPmhjGH/Ca+kQDsU+6xqIvOFzlyAQZGc9TWgj16SW7LOoXkP8gwwrEQyDTTGsG
FjWlSIkBQetlmUo5z4eBS/A/folfYNT2Jq66VZlo24Uy1tsDk+yoxSlof41AsbN693E6Hb1cJheN
AHjqC2NsPxqxI+sccUe3ljheni6NlZbUbhgJgdPJraB/dee/GaBubTA3r+CdeKtWFSo6byCZCOkF
s+KDIB8TmnZ83PkeVUiK4mvpQ9s68+u7GuvW59QmEsAv8yuuCm4Mz61Ik6cjLX5mzR8LDo5Wrsqv
FYfNGJ4UtxIKvHJhi9we3ShnEIbxX4JXKDXN8h6iZxMbDdeWxGoqwWpjMQsAQgAAAEIAAABSVAAa
BQcGzuCjCJAIAEUAADSS/EAAQAaOcsCozAHAqMwCtkQg+wMP9p4NeXbYgBAAQhl8AAABAQgKJUF6
VlYBiCFqKsFquDMLAKcCAACnAgAAUlQAGgUHBs7gowiQCABFAAKZkv1AAEAGjAzAqMwBwKjMArZE
IPsDD/aeDXl22IAYAEIb4QAAAQEICiVBeldWAYghFAMDAAEBFwMDAlrmtAKjc9KnxXXKb7g5T8hu
145pKDXBVjH3O+PYFRMxlmvxDO/eqgAgCCKs0iMvneL7MaQ2u5HG84fulfGeGwlRrgYtbDLM61z7
+lyminctaUGX58FpC9z7X6Y4NVo5fU11kFxdMT2Aja1XbqUWD+Miine1YnJt+Jw8AkPxKd4PSSA8
Ta5hvAeE7Irdl8ZlXFTg09rVFl0IDVQpe7jkpzK2hdeHAMfDH47TEDvizscAU9OlcviugbGFfiwM
r59Um5L7pNgyXoCV62VKx7wsVuzFnJqwmANrL/3s7CTJQVpf+rccje9RQ+/1MNyoaB7QXM2M827i
/VEUCh8PK5cMzI0Pfb0G450Ntl1IjoBsgtqaePqQT5fSrIDT/GF13QPQU3BYI57J+FLT+nsPYcA4
KuJFG3K3VNpqparmYOumWALNJWj5rKvkQQz6cnT5uJH4i7dAdtwYjKh1XUBF1PFSvEHAb/y/znwa
CC9Tjoe/g8DO8JFILUTMEzl4PfrbQG9z0HLyLo102QqTMz+XzHW304i/HEwIGjkaEsu5mLZswJDK
FBXkD4NU6KXvVlSktp9np4DtgagPPoO2OBiUKokJuIUmJMx1R9jSrTCbOyBBLghJkPFDQc9Tlu+U
Q6O60d4/GZZ8xnbMDpF4MQbhVYgjzQqX/iaqWtpJ4MDFH8NbrydF47YUcUOoKKB7xPGZizFtov6H
bwbghptavv02O6Urn2OeotNaxWPErAAHudbqvelG2qEpEDlWbmhQ/lyS7qMBNoCtNNEogP1/FM1Z
+Ry729aJWngtdgc+Mf2snmoqwWp0YgsASgAAAEoAAABSVAAaBQcGzuCjCJAIAEUAADxoCUAAQAa5
XcCozAHAqMwCtk4g+24WiqQAAAAAoAL68BmEAAACBAW0BAIICtpnOkAAAAAAAQMDCmoqwWpHYwsA
SgAAAEoAAAAGzuCjCJBSVAAaBQcIAEUAADwAAEAAQAYhZ8CozALAqMwBIPu2TqpsUHNuFoqloBL+
iBmEAAACBAW0BAIICpS24VzaZzpAAQMDB2oqwWppYwsAQgAAAEIAAABSVAAaBQcGzuCjCJAIAEUA
ADRoCkAAQAa5ZMCozAHAqMwCtk4g+24WiqWqbFB0gBAAPxl8AAABAQgK2mc6QJS24VxqKsFqgmML
AAQBAAAEAQAAUlQAGgUHBs7gowiQCABFAAD2aAtAAEAGuKHAqMwBwKjMArZOIPtuFoqlqmxQdIAY
AD8aPgAAAQEICtpnOkCUtuFcFgMBAL0BAAC5AwOsnEqm6zVOZYGjCSyjA333B9md4nmgmUrZuqw5
lrgJdCB004qilqdXuk7nBxZZQDEcChY0iLblsTNVDxz46DCyhQACEwEBAABuAC0AAgEBAAsAAgEA
ACsAAwIDBAANABQAEgUDBAMIBwgGCAUIBAYBBQEEAQAzACYAJAAdACAcGwjqDgr1DgQP0xvtWBL5
zpTD4BeNZD7lUxHIPnXCTAAFAAUBAAAAAAAKAAgABgAdABcAGAAXAABqKsFqOGQLAEIAAABCAAAA
Bs7gowiQUlQAGgUHCABFAAA0yiZAAEAGV0jAqMwCwKjMASD7tk6qbFB0bhaLZ4AQAfwZfAAAAQEI
CpS24VzaZzpAairBanLfCwBCAAAAQgAAAAbO4KMIkFJUABoFBwgARQAANNteQABABkYQwKjMAsCo
zAEg+7ZEDXl22AMP+QOAEAH4GXwAAAEBCApWAYhNJUF6V2oqwWqI3wsAeAAAAHgAAABSVAAaBQcG
zuCjCJAIAEUAAGqS/kAAQAaOOsCozAHAqMwCtkQg+wMP+QMNeXbYgBgAQhmyAAABAQgKJUF6g1YB
iE0XAwMAMSwb4jcyMA/KHeTZKK6FovXBJ67hmzvdhfO29DsnnJ4M34xzZyry+TkxNZOZsdvuRLBq
KsFqU+ALAEIAAABCAAAABs7gowiQUlQAGgUHCABFAAA0219AAEAGRg/AqMwCwKjMASD7tkQNeXbY
Aw/5OYAQAfgZfAAAAQEIClYBiE4lQXqDairBakP8CwCjAAAAowAAAAbO4KMIkFJUABoFBwgARQAA
ldtgQABABkWtwKjMAsCozAEg+7ZEDXl22AMP+TmAGAH4Gd0AAAEBCApWAYhVJUF6gxcDAwBcXK1a
BMarDeztoxKdFrMuc23vhDpV3Gn1JjXEEC9dDjfJNqDOQXyyHEZLpalJ+20JtkYnB0hi8trHMzTS
rSUlmg1oxw0RHD6VcxMilNBJx2O2+I+8Q4GSQ/xwqR5qKsFq4AMMAEIAAABCAAAABs7gowiQUlQA
GgUHCABFAAA022FAAEAGRg3AqMwCwKjMASD7tkQNeXc5Aw/5OYARAfgZfAAAAQEIClYBiFclQXqD
airBaj0EDABCAAAAQgAAAFJUABoFBwbO4KMIkAgARQAANJL/QABABo5vwKjMAcCozAK2RCD7Aw/5
OQ15dzqAEQBCGXwAAAEBCAolQXqMVgGIVWoqwWqWEgwAQgAAAEIAAAAGzuCjCJBSVAAaBQcIAEUA
ADTbYkAAQAZGDMCozALAqMwBIPu2RA15dzoDD/k6gBAB+Bl8AAABAQgKVgGIWiVBeoxqKsFqYScM
AHwDAAB8AwAABs7gowiQUlQAGgUHCABFAANuyidAAEAGVA3AqMwCwKjMASD7tk6qbFB0bhaLZ4AY
AfwctgAAAQEICpS24Y7aZzpAFgMDAHoCAAB2AwMJDDhWHKrmJLwcZkzMLipxSJDYeqMMMyvZ2bMu
l38BWCB004qilqdXuk7nBxZZQDEcChY0iLblsTNVDxz46DCyhRMBAAAuADMAJAAdACDZFpmCP5g4
0qMNKpMhttkeXNpCYP8pDgBjdMGoC8CaXAArAAIDBBQDAwABARcDAwKw4qPuveNSFBunuWYSdDfe
jFKwMCr4f88rgRpiTmw4fglqmh933drlADfmLsPlLgtz2sIt7cYXbXScs6Ny4MAmlZ2lXSm5QnTu
UCiu3iD/bVdp4dqitrf6/eSe6RGD7LiZQVth0XppMLusmBgc8m6OBO84VqVl6GQz/PNLGJ8AVSQ6
4JEeVnYSbGhEaa6u45Bc0wQ59b03QzWRopZUYAhIbVWTF3m9nduP+K0M15e1W+tBXQl+DDVwJI2F
LIrSCWGaTWJC3CFS+boBzRwFRMEld7i07qSL8dRjgg2xAbDFnZn2OBLLeV3Y70mfzp4ipWr8UB0B
Owc+PzQuT6u+YzMlOBQ1q6803d7/y07ihSMlKyGL9Wg/9wDiC+nlMIxB9UvnXG9y4P4E7NTKUCnr
yWRcgpETEo6GEjniVCXgepyxggSohEemjY8lQ5z0o6yU6Y+UQ2Yb7ZKaWiuaQHw65vcoKltXmqes
dbb8OfKJOYeocMLFrtuqhJt/ot2rg2ESy56wEe/7RoLbaz6spfYlDqVCiK8GEdtWsfAOLsSgpM7n
rIGzjnY7SUgBwMasM9R6C311uz/vnuw85cB1ZFtdngpbqUSc/w9+N7EQ7Ay1BXJJl3TpiJONqhkA
q69hmbHB4TjoA1dGTU7MARd8VevMFX8KooF+yrH5lo0FcPgB13+vGh+x4CSAXFphIixYl9FtnSBm
0sbVQ5yfR6GjxKS5e16Tt3g/82TZY/lxOwIEAQ1pPnFKhy/lFX5LeUAb+V6PiU4yzxvixC8pP2gc
WfKpr+cfc19gLmzXSxdt71MaBxl9S1KwQPkUlCNtRXtYsDecEytHAsTmPZrBUXEl4ouaNin5Wbm9
iogtRIcFKdGLifWeyi/hzYOKbfIzlwxEotIlBEmS6pjtALOFz579CTnv4LqJx2oqwWp4JwwAQgAA
AEIAAABSVAAaBQcGzuCjCJAIAEUAADRoDEAAQAa5YsCozAHAqMwCtk4g+24Wi2eqbFOugBAAQhl8
AAABAQgK2mc6cpS24Y5qKsFquygMALUCAAC1AgAAUlQAGgUHBs7gowiQCABFAAKnaA1AAEAGtu7A
qMwBwKjMArZOIPtuFotnqmxTroAYAEIb7wAAAQEICtpnOnOUtuGOFAMDAAEBFwMDAmg9tKwST6ml
t9MyEh3K3Dbp0lPCKECPOXmrULNFOJzG2Kukr7HX+Mjky9xgLYJlYzEKT5TSPvyCawNNz0ft/40A
sP65OeFPlRTID7NKsHAW+RY8YCXgIbyPHUgl6pymS11zITDpeRmePz1Kwpni5BiSnFiVRdK0HcX6
obhzTCFqstGe9gz+Nxb5VZ8reFwD+6IM3f4HVfDYtpaD4p0sTM+EPuFV+IQ5VKczTRQQtM/UuVcR
ZLWmHK+YuD5VP2jgT7e48fY7QZvnIPKz6KUmGdSckLYTQUedQPgn1CevlMS0qY+8nubLZNwuqzxh
vkHHyVqpUAmxQypeKxD5+OVOlXo3phcwoVPOM07uObCEb9hE78gKJ6wyRFUUl/71wq+f436uyhdS
Fbs30lofhA6Y8k0jPtPzF/aIQcBoDlspnFwM0ixd3IWr3vXXDGnN5OSEKPsin81oBvgw6Ac8iMvG
Kjr8OgCF+rWNhc12y3RnFaKoEUbW4tEMgWyUTo141UFbUyLPOYMLK3P72xsDXbil1rsi5NfSLkyS
ZQvnBYbHKEEGm6cbKB/oRSRt5AAiuorCecXIa2SrAXql7JEs/Yv9cel0koQCSyUcYtVsDCTMNWNg
+NOJZWyzKLZiTj7UJj1KmHj5/ENEs0vqPq6XZHfoEOzFvOBio+nQePtpWXQNTVQ7ycck+vJEY6Ie
gQzCOWo4HelPnAkLyDlKNWGKqzVdSPNJ9GdgZfEE8KULhp1psyAKxJlNh3YrBAG8/3xJM0QS9ALK
TvouFCshl4fEG/VpCXLX7rRBVbD57nH2TdUDGy6U5uJhqcHFytYaairBakcpDABCAAAAQgAAAAbO
4KMIkFJUABoFBwgARQAANMooQABABldGwKjMAsCozAEg+7ZOqmxTrm4WjdqAEAH4GXwAAAEBCAqU
tuGO2mc6c2oqwWpRKQwAeAAAAHgAAABSVAAaBQcGzuCjCJAIAEUAAGpoDkAAQAa5KsCozAHAqMwC
tk4g+24WjdqqbFOugBgAQhmyAAABAQgK2mc6c5S24Y4XAwMAMaL9MtwAlc9t99aEjTZ9Fn524DZ6
4IPMlC6QVppQafeYIGkEynS0yYLDYLI1AZNacv5qKsFqWCoMAEIAAABCAAAABs7gowiQUlQAGgUH
CABFAAA0yilAAEAGV0XAqMwCwKjMASD7tk6qbFOubhaOEIAQAfgZfAAAAQEICpS24Y7aZzpzairB
atQqDABWAAAAVgAAADMz/xoFB1JUABoFB4bdYAAAAAAgOv8AAAAAAAAAAAAAAAAAAAAA/wIAAAAA
AAAAAAAB/xoFB4cAgzAAAAAA/oAAAAAAAABQVAD//hoFBw4BEtKZRuU+airBaghGDABCAAAAQgAA
AAbO4KMIkFJUABoFBwgARQAANMoqQABABldEwKjMAsCozAEg+7ZOqmxTrm4WjhCAEQH4GXwAAAEB
CAqUtuGW2mc6c2oqwWpARgwAQgAAAEIAAABSVAAaBQcGzuCjCJAIAEUAADRoD0AAQAa5X8CozAHA
qMwCtk4g+24WjhCqbFOvgBEAQhl8AAABAQgK2mc6epS24ZZqKsFqTlIMAEIAAABCAAAABs7gowiQ
UlQAGgUHCABFAAA0yitAAEAGV0PAqMwCwKjMASD7tk6qbFOvbhaOEYAQAfgZfAAAAQEICpS24Zna
Zzp6
----- END tap.pcap base64 -----

===== cleanup =====
del tap igkd03161641

===== post-run host state =====
tap igkd03161641 present: no
192.168.204.x on host: 0
firecracker procs: []
peer/relay/inclient procs: []
tcpdump procs: []
