{"ack_oob":true,"arm":true,"declare":[7300,7301,7302],"egress_ifs":["v11h","eno12399np0"],"ev":"programs_loaded","flush":true,"intake_park":true,"pid":1112171,"programs":[{"id":42570,"name":"verdict","tag":"5f61753433e18fc2","verified_insns":884},{"id":42571,"name":"strp_parse","tag":"22614579d5370f67","verified_insns":62},{"id":42572,"name":"strp_verdict","tag":"4c631b1fcdb0e5f6","verified_insns":895},{"id":42573,"name":"lo_decode(tcx lo egress)","tag":"1be1d280222d9e90","verified_insns":465},{"id":42574,"name":"eg_decode_frag(tcx v11h egress)","tag":"a9285dfbbf33b7ff","verified_insns":627},{"id":42574,"name":"eg_decode_frag(tcx eno12399np0 egress)","tag":"a9285dfbbf33b7ff","verified_insns":627},{"id":42575,"name":"sent(fexit skb_send_sock)","tag":"038e16bf070d9335","verified_insns":41},{"id":42576,"name":"sockops(/sys/fs/cgroup/gvc-spike-1112171)","tag":"d3503b23d0e6960e","verified_insns":260}],"role":"host","tuple_from_peer":true,"udp_park":true,"unframe":"hybrid"}
{"ev":"park_pool","slots":256}
{"cid":32173,"ev":"host_ready","intakes":["<metal-address>:2222=22","<metal-address>:2710=7100","<metal-address>:2711=7101","<metal-address>:2713=7303"]}
{"cid":32173,"ev":"hello"}
{"addr":"<metal-address>:2730","bind_us":68,"ev":"d23_bind","gport":7300,"t_us":4520004916786,"why":"listen_state"}
{"client":"<metal-address>:38924","ev":"host_intake","flow":2,"gport":7300,"park":0}
{"ev":"leg_error","events":8216,"flow":2,"leg":0,"so_error":32}
{"age_ms":0,"ev":"flow_closed","flow":2,"kind":2,"reset":true,"why":"leg_error"}
{"client":"<metal-address>:38926","ev":"host_intake","flow":4,"gport":7300,"park":1}
{"client":"<metal-address>:38940","ev":"host_intake","flow":6,"gport":7300,"park":2}
{"ev":"d23_close","gport":7300,"t_us":4520005017705,"why":"listen_state"}
{"ev":"refused","flow":4}
{"age_ms":2,"ev":"flow_closed","flow":4,"kind":2,"reset":true,"why":"refused"}
{"ev":"refused","flow":6}
{"age_ms":2,"ev":"flow_closed","flow":6,"kind":2,"reset":true,"why":"refused"}
{"addr":"<metal-address>:2730","bind_us":111,"ev":"d23_bind","gport":7300,"t_us":4520005118163,"why":"listen_state"}
{"client":"<metal-address>:38990","ev":"host_intake","flow":8,"gport":7300,"park":3}
{"ev":"leg_error","events":8216,"flow":8,"leg":0,"so_error":32}
{"age_ms":0,"ev":"flow_closed","flow":8,"kind":2,"reset":true,"why":"leg_error"}
{"client":"<metal-address>:38996","ev":"host_intake","flow":10,"gport":7300,"park":4}
{"client":"<metal-address>:39010","ev":"host_intake","flow":12,"gport":7300,"park":5}
{"ev":"d23_close","gport":7300,"t_us":4520005218496,"why":"listen_state"}
{"ev":"refused","flow":10}
{"age_ms":2,"ev":"flow_closed","flow":10,"kind":2,"reset":true,"why":"refused"}
{"ev":"refused","flow":12}
{"age_ms":2,"ev":"flow_closed","flow":12,"kind":2,"reset":true,"why":"refused"}
{"addr":"<metal-address>:2730","bind_us":54,"ev":"d23_bind","gport":7300,"t_us":4520005318746,"why":"listen_state"}
{"client":"<metal-address>:39044","ev":"host_intake","flow":14,"gport":7300,"park":6}
{"ev":"leg_error","events":8216,"flow":14,"leg":0,"so_error":32}
{"age_ms":0,"ev":"flow_closed","flow":14,"kind":2,"reset":true,"why":"leg_error"}
{"client":"<metal-address>:39048","ev":"host_intake","flow":16,"gport":7300,"park":7}
{"client":"<metal-address>:39052","ev":"host_intake","flow":18,"gport":7300,"park":8}
{"ev":"d23_close","gport":7300,"t_us":4520005419097,"why":"listen_state"}
{"ev":"refused","flow":16}
{"age_ms":2,"ev":"flow_closed","flow":16,"kind":2,"reset":true,"why":"refused"}
{"ev":"refused","flow":18}
{"age_ms":1,"ev":"flow_closed","flow":18,"kind":2,"reset":true,"why":"refused"}
{"addr":"<metal-address>:2730","bind_us":48,"ev":"d23_bind","gport":7300,"t_us":4520005519414,"why":"listen_state"}
{"client":"<metal-address>:39078","ev":"host_intake","flow":20,"gport":7300,"park":9}
{"ev":"leg_error","events":8216,"flow":20,"leg":0,"so_error":32}
{"age_ms":0,"ev":"flow_closed","flow":20,"kind":2,"reset":true,"why":"leg_error"}
{"client":"<metal-address>:39086","ev":"host_intake","flow":22,"gport":7300,"park":10}
{"client":"<metal-address>:39094","ev":"host_intake","flow":24,"gport":7300,"park":11}
{"ev":"d23_close","gport":7300,"t_us":4520005619737,"why":"listen_state"}
{"ev":"refused","flow":22}
{"age_ms":2,"ev":"flow_closed","flow":22,"kind":2,"reset":true,"why":"refused"}
{"ev":"refused","flow":24}
{"age_ms":1,"ev":"flow_closed","flow":24,"kind":2,"reset":true,"why":"refused"}
{"addr":"<metal-address>:2730","bind_us":48,"ev":"d23_bind","gport":7300,"t_us":4520005720117,"why":"listen_state"}
{"client":"<metal-address>:39142","ev":"host_intake","flow":26,"gport":7300,"park":12}
{"ev":"leg_error","events":8216,"flow":26,"leg":0,"so_error":32}
{"age_ms":0,"ev":"flow_closed","flow":26,"kind":2,"reset":true,"why":"leg_error"}
{"client":"<metal-address>:39146","ev":"host_intake","flow":28,"gport":7300,"park":13}
{"client":"<metal-address>:39148","ev":"host_intake","flow":30,"gport":7300,"park":14}
{"ev":"d23_close","gport":7300,"t_us":4520005820442,"why":"listen_state"}
{"ev":"refused","flow":28}
{"age_ms":2,"ev":"flow_closed","flow":28,"kind":2,"reset":true,"why":"refused"}
{"ev":"refused","flow":30}
{"age_ms":1,"ev":"flow_closed","flow":30,"kind":2,"reset":true,"why":"refused"}
{"addr":"<metal-address>:2730","bind_us":48,"ev":"d23_bind","gport":7300,"t_us":4520005920780,"why":"listen_state"}
{"client":"<metal-address>:39176","ev":"host_intake","flow":32,"gport":7300,"park":15}
{"ev":"leg_error","events":8216,"flow":32,"leg":0,"so_error":32}
{"age_ms":0,"ev":"flow_closed","flow":32,"kind":2,"reset":true,"why":"leg_error"}
{"client":"<metal-address>:39188","ev":"host_intake","flow":34,"gport":7300,"park":16}
{"client":"<metal-address>:39194","ev":"host_intake","flow":36,"gport":7300,"park":17}
{"ev":"d23_close","gport":7300,"t_us":4520006021091,"why":"listen_state"}
{"ev":"refused","flow":34}
{"age_ms":2,"ev":"flow_closed","flow":34,"kind":2,"reset":true,"why":"refused"}
{"ev":"refused","flow":36}
{"age_ms":1,"ev":"flow_closed","flow":36,"kind":2,"reset":true,"why":"refused"}
{"addr":"<metal-address>:2730","bind_us":50,"ev":"d23_bind","gport":7300,"t_us":4520006121422,"why":"listen_state"}
{"client":"<metal-address>:39242","ev":"host_intake","flow":38,"gport":7300,"park":18}
{"ev":"leg_error","events":8216,"flow":38,"leg":0,"so_error":32}
{"age_ms":0,"ev":"flow_closed","flow":38,"kind":2,"reset":true,"why":"leg_error"}
{"client":"<metal-address>:39250","ev":"host_intake","flow":40,"gport":7300,"park":19}
{"client":"<metal-address>:39260","ev":"host_intake","flow":42,"gport":7300,"park":20}
{"ev":"d23_close","gport":7300,"t_us":4520006221738,"why":"listen_state"}
{"ev":"refused","flow":40}
{"age_ms":2,"ev":"flow_closed","flow":40,"kind":2,"reset":true,"why":"refused"}
{"ev":"refused","flow":42}
{"age_ms":1,"ev":"flow_closed","flow":42,"kind":2,"reset":true,"why":"refused"}
{"addr":"<metal-address>:2730","bind_us":56,"ev":"d23_bind","gport":7300,"t_us":4520006321988,"why":"listen_state"}
{"client":"<metal-address>:39290","ev":"host_intake","flow":44,"gport":7300,"park":21}
{"ev":"leg_error","events":8216,"flow":44,"leg":0,"so_error":32}
{"age_ms":0,"ev":"flow_closed","flow":44,"kind":2,"reset":true,"why":"leg_error"}
{"client":"<metal-address>:39292","ev":"host_intake","flow":46,"gport":7300,"park":22}
{"client":"<metal-address>:39306","ev":"host_intake","flow":48,"gport":7300,"park":23}
{"ev":"d23_close","gport":7300,"t_us":4520006422335,"why":"listen_state"}
{"ev":"refused","flow":46}
{"age_ms":2,"ev":"flow_closed","flow":46,"kind":2,"reset":true,"why":"refused"}
{"ev":"refused","flow":48}
{"age_ms":1,"ev":"flow_closed","flow":48,"kind":2,"reset":true,"why":"refused"}
{"addr":"<metal-address>:2730","bind_us":44,"ev":"d23_bind","gport":7300,"t_us":4520006522644,"why":"listen_state"}
{"ev":"leg_error","events":8216,"flow":50,"leg":0,"so_error":32}
{"age_ms":0,"ev":"flow_closed","flow":50,"kind":2,"reset":true,"why":"leg_error"}
{"ev":"d23_close","gport":7300,"t_us":4520006622987,"why":"listen_state"}
{"ev":"refused","flow":52}
{"age_ms":2,"ev":"flow_closed","flow":52,"kind":2,"reset":true,"why":"refused"}
{"ev":"refused","flow":54}
{"age_ms":1,"ev":"flow_closed","flow":54,"kind":2,"reset":true,"why":"refused"}
{"addr":"<metal-address>:2730","bind_us":45,"ev":"d23_bind","gport":7300,"t_us":4520006723299,"why":"listen_state"}
{"ev":"leg_error","events":8216,"flow":56,"leg":0,"so_error":32}
{"age_ms":0,"ev":"flow_closed","flow":56,"kind":2,"reset":true,"why":"leg_error"}
{"ev":"d23_close","gport":7300,"t_us":4520006823723,"why":"listen_state"}
{"ev":"refused","flow":58}
{"age_ms":2,"ev":"flow_closed","flow":58,"kind":2,"reset":true,"why":"refused"}
{"ev":"refused","flow":60}
{"age_ms":1,"ev":"flow_closed","flow":60,"kind":2,"reset":true,"why":"refused"}
{"addr":"<metal-address>:2730","bind_us":45,"ev":"d23_bind","gport":7300,"t_us":4520006924081,"why":"listen_state"}
{"ev":"leg_error","events":8216,"flow":62,"leg":0,"so_error":32}
{"age_ms":0,"ev":"flow_closed","flow":62,"kind":2,"reset":true,"why":"leg_error"}
{"ev":"d23_close","gport":7300,"t_us":4520007024501,"why":"listen_state"}
{"ev":"refused","flow":64}
{"age_ms":2,"ev":"flow_closed","flow":64,"kind":2,"reset":true,"why":"refused"}
{"ev":"refused","flow":66}
{"age_ms":1,"ev":"flow_closed","flow":66,"kind":2,"reset":true,"why":"refused"}
{"addr":"<metal-address>:2730","bind_us":51,"ev":"d23_bind","gport":7300,"t_us":4520007124838,"why":"listen_state"}
{"ev":"leg_error","events":8216,"flow":68,"leg":0,"so_error":32}
{"age_ms":0,"ev":"flow_closed","flow":68,"kind":2,"reset":true,"why":"leg_error"}
{"ev":"d23_close","gport":7300,"t_us":4520007225061,"why":"listen_state"}
{"ev":"refused","flow":70}
{"age_ms":2,"ev":"flow_closed","flow":70,"kind":2,"reset":true,"why":"refused"}
{"ev":"refused","flow":72}
{"age_ms":1,"ev":"flow_closed","flow":72,"kind":2,"reset":true,"why":"refused"}
{"addr":"<metal-address>:2730","bind_us":48,"ev":"d23_bind","gport":7300,"t_us":4520007325290,"why":"listen_state"}
{"ev":"leg_error","events":8216,"flow":74,"leg":0,"so_error":32}
{"age_ms":0,"ev":"flow_closed","flow":74,"kind":2,"reset":true,"why":"leg_error"}
{"ev":"d23_close","gport":7300,"t_us":4520007425595,"why":"listen_state"}
{"ev":"refused","flow":76}
{"age_ms":2,"ev":"flow_closed","flow":76,"kind":2,"reset":true,"why":"refused"}
{"ev":"refused","flow":78}
{"age_ms":1,"ev":"flow_closed","flow":78,"kind":2,"reset":true,"why":"refused"}
{"addr":"<metal-address>:2730","bind_us":46,"ev":"d23_bind","gport":7300,"t_us":4520007525908,"why":"listen_state"}
{"ev":"leg_error","events":8216,"flow":80,"leg":0,"so_error":32}
{"age_ms":0,"ev":"flow_closed","flow":80,"kind":2,"reset":true,"why":"leg_error"}
{"ev":"d23_close","gport":7300,"t_us":4520007626272,"why":"listen_state"}
{"ev":"refused","flow":82}
{"age_ms":2,"ev":"flow_closed","flow":82,"kind":2,"reset":true,"why":"refused"}
{"ev":"refused","flow":84}
{"age_ms":1,"ev":"flow_closed","flow":84,"kind":2,"reset":true,"why":"refused"}
{"addr":"<metal-address>:2730","bind_us":50,"ev":"d23_bind","gport":7300,"t_us":4520007726596,"why":"listen_state"}
{"ev":"leg_error","events":8216,"flow":86,"leg":0,"so_error":32}
{"age_ms":0,"ev":"flow_closed","flow":86,"kind":2,"reset":true,"why":"leg_error"}
{"ev":"d23_close","gport":7300,"t_us":4520007826963,"why":"listen_state"}
{"ev":"refused","flow":88}
{"age_ms":2,"ev":"flow_closed","flow":88,"kind":2,"reset":true,"why":"refused"}
{"ev":"refused","flow":90}
{"age_ms":1,"ev":"flow_closed","flow":90,"kind":2,"reset":true,"why":"refused"}
{"addr":"<metal-address>:2730","bind_us":50,"ev":"d23_bind","gport":7300,"t_us":4520007927129,"why":"listen_state"}
{"ev":"leg_error","events":8216,"flow":92,"leg":0,"so_error":32}
{"age_ms":0,"ev":"flow_closed","flow":92,"kind":2,"reset":true,"why":"leg_error"}
{"ev":"d23_close","gport":7300,"t_us":4520008027541,"why":"listen_state"}
{"ev":"refused","flow":94}
{"age_ms":2,"ev":"flow_closed","flow":94,"kind":2,"reset":true,"why":"refused"}
{"ev":"refused","flow":96}
{"age_ms":1,"ev":"flow_closed","flow":96,"kind":2,"reset":true,"why":"refused"}
{"addr":"<metal-address>:2730","bind_us":50,"ev":"d23_bind","gport":7300,"t_us":4520008127884,"why":"listen_state"}
{"ev":"leg_error","events":8216,"flow":98,"leg":0,"so_error":32}
{"age_ms":0,"ev":"flow_closed","flow":98,"kind":2,"reset":true,"why":"leg_error"}
{"ev":"d23_close","gport":7300,"t_us":4520008228233,"why":"listen_state"}
{"ev":"refused","flow":100}
{"age_ms":2,"ev":"flow_closed","flow":100,"kind":2,"reset":true,"why":"refused"}
{"ev":"refused","flow":102}
{"age_ms":1,"ev":"flow_closed","flow":102,"kind":2,"reset":true,"why":"refused"}
{"addr":"<metal-address>:2730","bind_us":49,"ev":"d23_bind","gport":7300,"t_us":4520008328568,"why":"listen_state"}
{"ev":"leg_error","events":8216,"flow":104,"leg":0,"so_error":32}
{"age_ms":0,"ev":"flow_closed","flow":104,"kind":2,"reset":true,"why":"leg_error"}
{"ev":"d23_close","gport":7300,"t_us":4520008429032,"why":"listen_state"}
{"ev":"refused","flow":106}
{"age_ms":2,"ev":"flow_closed","flow":106,"kind":2,"reset":true,"why":"refused"}
{"ev":"refused","flow":108}
{"age_ms":1,"ev":"flow_closed","flow":108,"kind":2,"reset":true,"why":"refused"}
{"addr":"<metal-address>:2730","bind_us":46,"ev":"d23_bind","gport":7300,"t_us":4520008529382,"why":"listen_state"}
{"ev":"leg_error","events":8216,"flow":110,"leg":0,"so_error":32}
{"age_ms":0,"ev":"flow_closed","flow":110,"kind":2,"reset":true,"why":"leg_error"}
{"ev":"d23_close","gport":7300,"t_us":4520008629651,"why":"listen_state"}
{"ev":"refused","flow":112}
{"age_ms":2,"ev":"flow_closed","flow":112,"kind":2,"reset":true,"why":"refused"}
{"ev":"refused","flow":114}
{"age_ms":1,"ev":"flow_closed","flow":114,"kind":2,"reset":true,"why":"refused"}
{"addr":"<metal-address>:2730","bind_us":50,"ev":"d23_bind","gport":7300,"t_us":4520008730049,"why":"listen_state"}
{"ev":"leg_error","events":8216,"flow":116,"leg":0,"so_error":32}
{"age_ms":0,"ev":"flow_closed","flow":116,"kind":2,"reset":true,"why":"leg_error"}
{"ev":"d23_close","gport":7300,"t_us":4520008830339,"why":"listen_state"}
{"ev":"refused","flow":118}
{"age_ms":2,"ev":"flow_closed","flow":118,"kind":2,"reset":true,"why":"refused"}
{"ev":"refused","flow":120}
{"age_ms":1,"ev":"flow_closed","flow":120,"kind":2,"reset":true,"why":"refused"}
{"addr":"<metal-address>:2730","bind_us":48,"ev":"d23_bind","gport":7300,"t_us":4520008930623,"why":"listen_state"}
{"ev":"leg_error","events":8216,"flow":122,"leg":0,"so_error":32}
{"age_ms":0,"ev":"flow_closed","flow":122,"kind":2,"reset":true,"why":"leg_error"}
{"ev":"d23_close","gport":7300,"t_us":4520009031019,"why":"listen_state"}
{"ev":"refused","flow":124}
{"age_ms":2,"ev":"flow_closed","flow":124,"kind":2,"reset":true,"why":"refused"}
{"ev":"refused","flow":126}
{"age_ms":1,"ev":"flow_closed","flow":126,"kind":2,"reset":true,"why":"refused"}
{"addr":"<metal-address>:2730","bind_us":51,"ev":"d23_bind","gport":7300,"t_us":4520009131359,"why":"listen_state"}
{"ev":"leg_error","events":8216,"flow":128,"leg":0,"so_error":32}
{"age_ms":0,"ev":"flow_closed","flow":128,"kind":2,"reset":true,"why":"leg_error"}
{"ev":"d23_close","gport":7300,"t_us":4520009231669,"why":"listen_state"}
{"ev":"refused","flow":130}
{"age_ms":2,"ev":"flow_closed","flow":130,"kind":2,"reset":true,"why":"refused"}
{"ev":"refused","flow":132}
{"age_ms":1,"ev":"flow_closed","flow":132,"kind":2,"reset":true,"why":"refused"}
{"addr":"<metal-address>:2730","bind_us":46,"ev":"d23_bind","gport":7300,"t_us":4520009332047,"why":"listen_state"}
{"ev":"leg_error","events":8216,"flow":134,"leg":0,"so_error":32}
{"age_ms":0,"ev":"flow_closed","flow":134,"kind":2,"reset":true,"why":"leg_error"}
{"ev":"d23_close","gport":7300,"t_us":4520009432359,"why":"listen_state"}
{"ev":"refused","flow":136}
{"age_ms":2,"ev":"flow_closed","flow":136,"kind":2,"reset":true,"why":"refused"}
{"ev":"refused","flow":138}
{"age_ms":1,"ev":"flow_closed","flow":138,"kind":2,"reset":true,"why":"refused"}
{"addr":"<metal-address>:2730","bind_us":46,"ev":"d23_bind","gport":7300,"t_us":4520009532693,"why":"listen_state"}
{"ev":"leg_error","events":8216,"flow":140,"leg":0,"so_error":32}
{"age_ms":0,"ev":"flow_closed","flow":140,"kind":2,"reset":true,"why":"leg_error"}
{"ev":"d23_close","gport":7300,"t_us":4520009633011,"why":"listen_state"}
{"ev":"refused","flow":142}
{"age_ms":2,"ev":"flow_closed","flow":142,"kind":2,"reset":true,"why":"refused"}
{"ev":"refused","flow":144}
{"age_ms":1,"ev":"flow_closed","flow":144,"kind":2,"reset":true,"why":"refused"}
{"addr":"<metal-address>:2730","bind_us":48,"ev":"d23_bind","gport":7300,"t_us":4520009733300,"why":"listen_state"}
{"ev":"leg_error","events":8216,"flow":146,"leg":0,"so_error":32}
{"age_ms":0,"ev":"flow_closed","flow":146,"kind":2,"reset":true,"why":"leg_error"}
{"ev":"d23_close","gport":7300,"t_us":4520009833721,"why":"listen_state"}
{"ev":"refused","flow":148}
{"age_ms":2,"ev":"flow_closed","flow":148,"kind":2,"reset":true,"why":"refused"}
{"ev":"refused","flow":150}
{"age_ms":1,"ev":"flow_closed","flow":150,"kind":2,"reset":true,"why":"refused"}
{"addr":"<metal-address>:2730","bind_us":49,"ev":"d23_bind","gport":7300,"t_us":4520009934055,"why":"listen_state"}
{"ev":"leg_error","events":8216,"flow":152,"leg":0,"so_error":32}
{"age_ms":0,"ev":"flow_closed","flow":152,"kind":2,"reset":true,"why":"leg_error"}
{"ev":"d23_close","gport":7300,"t_us":4520010034419,"why":"listen_state"}
{"ev":"refused","flow":154}
{"age_ms":2,"ev":"flow_closed","flow":154,"kind":2,"reset":true,"why":"refused"}
{"ev":"refused","flow":156}
{"age_ms":1,"ev":"flow_closed","flow":156,"kind":2,"reset":true,"why":"refused"}
{"addr":"<metal-address>:2730","bind_us":49,"ev":"d23_bind","gport":7300,"t_us":4520010134722,"why":"listen_state"}
{"ev":"leg_error","events":8216,"flow":158,"leg":0,"so_error":32}
{"age_ms":0,"ev":"flow_closed","flow":158,"kind":2,"reset":true,"why":"leg_error"}
{"ev":"d23_close","gport":7300,"t_us":4520010235089,"why":"listen_state"}
{"ev":"refused","flow":160}
{"age_ms":2,"ev":"flow_closed","flow":160,"kind":2,"reset":true,"why":"refused"}
{"ev":"refused","flow":162}
{"age_ms":1,"ev":"flow_closed","flow":162,"kind":2,"reset":true,"why":"refused"}
{"addr":"<metal-address>:2730","bind_us":49,"ev":"d23_bind","gport":7300,"t_us":4520010335378,"why":"listen_state"}
{"ev":"leg_error","events":8216,"flow":164,"leg":0,"so_error":32}
{"age_ms":0,"ev":"flow_closed","flow":164,"kind":2,"reset":true,"why":"leg_error"}
{"ev":"d23_close","gport":7300,"t_us":4520010435744,"why":"listen_state"}
{"ev":"refused","flow":166}
{"age_ms":2,"ev":"flow_closed","flow":166,"kind":2,"reset":true,"why":"refused"}
{"ev":"refused","flow":168}
{"age_ms":1,"ev":"flow_closed","flow":168,"kind":2,"reset":true,"why":"refused"}
{"addr":"<metal-address>:2730","bind_us":47,"ev":"d23_bind","gport":7300,"t_us":4520010536120,"why":"listen_state"}
{"ev":"leg_error","events":8216,"flow":170,"leg":0,"so_error":32}
{"age_ms":0,"ev":"flow_closed","flow":170,"kind":2,"reset":true,"why":"leg_error"}
{"ev":"d23_close","gport":7300,"t_us":4520010636411,"why":"listen_state"}
{"ev":"refused","flow":172}
{"age_ms":2,"ev":"flow_closed","flow":172,"kind":2,"reset":true,"why":"refused"}
{"ev":"refused","flow":174}
{"age_ms":1,"ev":"flow_closed","flow":174,"kind":2,"reset":true,"why":"refused"}
{"addr":"<metal-address>:2730","bind_us":47,"ev":"d23_bind","gport":7300,"t_us":4520010736710,"why":"listen_state"}
{"ev":"leg_error","events":8216,"flow":176,"leg":0,"so_error":32}
{"age_ms":0,"ev":"flow_closed","flow":176,"kind":2,"reset":true,"why":"leg_error"}
{"ev":"d23_close","gport":7300,"t_us":4520010837086,"why":"listen_state"}
{"ev":"refused","flow":178}
{"age_ms":2,"ev":"flow_closed","flow":178,"kind":2,"reset":true,"why":"refused"}
{"ev":"refused","flow":180}
{"age_ms":1,"ev":"flow_closed","flow":180,"kind":2,"reset":true,"why":"refused"}
{"addr":"<metal-address>:2730","bind_us":48,"ev":"d23_bind","gport":7300,"t_us":4520010937361,"why":"listen_state"}
{"ev":"leg_error","events":8216,"flow":182,"leg":0,"so_error":32}
{"age_ms":0,"ev":"flow_closed","flow":182,"kind":2,"reset":true,"why":"leg_error"}
{"ev":"d23_close","gport":7300,"t_us":4520011037667,"why":"listen_state"}
{"ev":"refused","flow":184}
{"age_ms":2,"ev":"flow_closed","flow":184,"kind":2,"reset":true,"why":"refused"}
{"ev":"refused","flow":186}
{"age_ms":1,"ev":"flow_closed","flow":186,"kind":2,"reset":true,"why":"refused"}
{"addr":"<metal-address>:2730","bind_us":56,"ev":"d23_bind","gport":7300,"t_us":4520011137995,"why":"listen_state"}
{"ev":"leg_error","events":8216,"flow":188,"leg":0,"so_error":32}
{"age_ms":0,"ev":"flow_closed","flow":188,"kind":2,"reset":true,"why":"leg_error"}
{"ev":"d23_close","gport":7300,"t_us":4520011238435,"why":"listen_state"}
{"ev":"refused","flow":190}
{"age_ms":2,"ev":"flow_closed","flow":190,"kind":2,"reset":true,"why":"refused"}
{"ev":"refused","flow":192}
{"age_ms":1,"ev":"flow_closed","flow":192,"kind":2,"reset":true,"why":"refused"}
{"addr":"<metal-address>:2730","bind_us":47,"ev":"d23_bind","gport":7300,"t_us":4520011338721,"why":"listen_state"}
{"ev":"leg_error","events":8216,"flow":194,"leg":0,"so_error":32}
{"age_ms":0,"ev":"flow_closed","flow":194,"kind":2,"reset":true,"why":"leg_error"}
{"ev":"d23_close","gport":7300,"t_us":4520011439100,"why":"listen_state"}
{"ev":"refused","flow":196}
{"age_ms":2,"ev":"flow_closed","flow":196,"kind":2,"reset":true,"why":"refused"}
{"ev":"refused","flow":198}
{"age_ms":1,"ev":"flow_closed","flow":198,"kind":2,"reset":true,"why":"refused"}
{"addr":"<metal-address>:2730","bind_us":47,"ev":"d23_bind","gport":7300,"t_us":4520011539447,"why":"listen_state"}
{"ev":"leg_error","events":8216,"flow":200,"leg":0,"so_error":32}
{"age_ms":0,"ev":"flow_closed","flow":200,"kind":2,"reset":true,"why":"leg_error"}
{"ev":"d23_close","gport":7300,"t_us":4520011639755,"why":"listen_state"}
{"ev":"refused","flow":202}
{"age_ms":2,"ev":"flow_closed","flow":202,"kind":2,"reset":true,"why":"refused"}
{"ev":"refused","flow":204}
{"age_ms":1,"ev":"flow_closed","flow":204,"kind":2,"reset":true,"why":"refused"}
{"addr":"<metal-address>:2730","bind_us":47,"ev":"d23_bind","gport":7300,"t_us":4520011740103,"why":"listen_state"}
{"ev":"leg_error","events":8216,"flow":206,"leg":0,"so_error":32}
{"age_ms":0,"ev":"flow_closed","flow":206,"kind":2,"reset":true,"why":"leg_error"}
{"ev":"d23_close","gport":7300,"t_us":4520011840493,"why":"listen_state"}
{"ev":"refused","flow":208}
{"age_ms":2,"ev":"flow_closed","flow":208,"kind":2,"reset":true,"why":"refused"}
{"ev":"refused","flow":210}
{"age_ms":1,"ev":"flow_closed","flow":210,"kind":2,"reset":true,"why":"refused"}
{"addr":"<metal-address>:2730","bind_us":47,"ev":"d23_bind","gport":7300,"t_us":4520011940766,"why":"listen_state"}
{"ev":"leg_error","events":8216,"flow":212,"leg":0,"so_error":32}
{"age_ms":0,"ev":"flow_closed","flow":212,"kind":2,"reset":true,"why":"leg_error"}
{"ev":"d23_close","gport":7300,"t_us":4520012041112,"why":"listen_state"}
{"ev":"refused","flow":214}
{"age_ms":2,"ev":"flow_closed","flow":214,"kind":2,"reset":true,"why":"refused"}
{"ev":"refused","flow":216}
{"age_ms":1,"ev":"flow_closed","flow":216,"kind":2,"reset":true,"why":"refused"}
{"addr":"<metal-address>:2730","bind_us":48,"ev":"d23_bind","gport":7300,"t_us":4520012141395,"why":"listen_state"}
{"ev":"leg_error","events":8216,"flow":218,"leg":0,"so_error":32}
{"age_ms":0,"ev":"flow_closed","flow":218,"kind":2,"reset":true,"why":"leg_error"}
{"ev":"d23_close","gport":7300,"t_us":4520012241773,"why":"listen_state"}
{"ev":"refused","flow":220}
{"age_ms":2,"ev":"flow_closed","flow":220,"kind":2,"reset":true,"why":"refused"}
{"ev":"refused","flow":222}
{"age_ms":1,"ev":"flow_closed","flow":222,"kind":2,"reset":true,"why":"refused"}
{"addr":"<metal-address>:2730","bind_us":49,"ev":"d23_bind","gport":7300,"t_us":4520012342082,"why":"listen_state"}
{"ev":"leg_error","events":8216,"flow":224,"leg":0,"so_error":32}
{"age_ms":0,"ev":"flow_closed","flow":224,"kind":2,"reset":true,"why":"leg_error"}
{"ev":"d23_close","gport":7300,"t_us":4520012442401,"why":"listen_state"}
{"ev":"refused","flow":226}
{"age_ms":2,"ev":"flow_closed","flow":226,"kind":2,"reset":true,"why":"refused"}
{"ev":"refused","flow":228}
{"age_ms":1,"ev":"flow_closed","flow":228,"kind":2,"reset":true,"why":"refused"}
{"addr":"<metal-address>:2730","bind_us":47,"ev":"d23_bind","gport":7300,"t_us":4520012542700,"why":"listen_state"}
{"ev":"leg_error","events":8216,"flow":230,"leg":0,"so_error":32}
{"age_ms":0,"ev":"flow_closed","flow":230,"kind":2,"reset":true,"why":"leg_error"}
{"ev":"d23_close","gport":7300,"t_us":4520012643105,"why":"listen_state"}
{"ev":"refused","flow":232}
{"age_ms":2,"ev":"flow_closed","flow":232,"kind":2,"reset":true,"why":"refused"}
{"ev":"refused","flow":234}
{"age_ms":1,"ev":"flow_closed","flow":234,"kind":2,"reset":true,"why":"refused"}
{"addr":"<metal-address>:2730","bind_us":50,"ev":"d23_bind","gport":7300,"t_us":4520012743420,"why":"listen_state"}
{"ev":"leg_error","events":8216,"flow":236,"leg":0,"so_error":32}
{"age_ms":0,"ev":"flow_closed","flow":236,"kind":2,"reset":true,"why":"leg_error"}
{"ev":"d23_close","gport":7300,"t_us":4520012843792,"why":"listen_state"}
{"ev":"refused","flow":238}
{"age_ms":2,"ev":"flow_closed","flow":238,"kind":2,"reset":true,"why":"refused"}
{"ev":"refused","flow":240}
{"age_ms":1,"ev":"flow_closed","flow":240,"kind":2,"reset":true,"why":"refused"}
{"addr":"<metal-address>:2730","bind_us":47,"ev":"d23_bind","gport":7300,"t_us":4520012944089,"why":"listen_state"}
{"ev":"leg_error","events":8216,"flow":242,"leg":0,"so_error":32}
{"age_ms":0,"ev":"flow_closed","flow":242,"kind":2,"reset":true,"why":"leg_error"}
{"ev":"d23_close","gport":7300,"t_us":4520013044418,"why":"listen_state"}
{"ev":"refused","flow":244}
{"age_ms":2,"ev":"flow_closed","flow":244,"kind":2,"reset":true,"why":"refused"}
{"ev":"refused","flow":246}
{"age_ms":1,"ev":"flow_closed","flow":246,"kind":2,"reset":true,"why":"refused"}
{"addr":"<metal-address>:2730","bind_us":49,"ev":"d23_bind","gport":7300,"t_us":4520013144732,"why":"listen_state"}
{"ev":"leg_error","events":8216,"flow":248,"leg":0,"so_error":32}
{"age_ms":0,"ev":"flow_closed","flow":248,"kind":2,"reset":true,"why":"leg_error"}
{"ev":"d23_close","gport":7300,"t_us":4520013245084,"why":"listen_state"}
{"ev":"refused","flow":250}
{"age_ms":2,"ev":"flow_closed","flow":250,"kind":2,"reset":true,"why":"refused"}
{"ev":"refused","flow":252}
{"age_ms":1,"ev":"flow_closed","flow":252,"kind":2,"reset":true,"why":"refused"}
{"addr":"<metal-address>:2730","bind_us":51,"ev":"d23_bind","gport":7300,"t_us":4520013345368,"why":"listen_state"}
{"ev":"leg_error","events":8216,"flow":254,"leg":0,"so_error":32}
{"age_ms":0,"ev":"flow_closed","flow":254,"kind":2,"reset":true,"why":"leg_error"}
{"ev":"d23_close","gport":7300,"t_us":4520013445601,"why":"listen_state"}
{"ev":"refused","flow":256}
{"age_ms":2,"ev":"flow_closed","flow":256,"kind":2,"reset":true,"why":"refused"}
{"ev":"refused","flow":258}
{"age_ms":1,"ev":"flow_closed","flow":258,"kind":2,"reset":true,"why":"refused"}
{"addr":"<metal-address>:2730","bind_us":46,"ev":"d23_bind","gport":7300,"t_us":4520013545903,"why":"listen_state"}
{"ev":"leg_error","events":8216,"flow":260,"leg":0,"so_error":32}
{"age_ms":0,"ev":"flow_closed","flow":260,"kind":2,"reset":true,"why":"leg_error"}
{"ev":"d23_close","gport":7300,"t_us":4520013646287,"why":"listen_state"}
{"ev":"refused","flow":262}
{"age_ms":2,"ev":"flow_closed","flow":262,"kind":2,"reset":true,"why":"refused"}
{"ev":"refused","flow":264}
{"age_ms":1,"ev":"flow_closed","flow":264,"kind":2,"reset":true,"why":"refused"}
{"addr":"<metal-address>:2730","bind_us":48,"ev":"d23_bind","gport":7300,"t_us":4520013746558,"why":"listen_state"}
{"ev":"leg_error","events":8216,"flow":266,"leg":0,"so_error":32}
{"age_ms":0,"ev":"flow_closed","flow":266,"kind":2,"reset":true,"why":"leg_error"}
{"ev":"d23_close","gport":7300,"t_us":4520013846918,"why":"listen_state"}
{"ev":"refused","flow":268}
{"age_ms":2,"ev":"flow_closed","flow":268,"kind":2,"reset":true,"why":"refused"}
{"ev":"refused","flow":270}
{"age_ms":1,"ev":"flow_closed","flow":270,"kind":2,"reset":true,"why":"refused"}
{"addr":"<metal-address>:2730","bind_us":49,"ev":"d23_bind","gport":7300,"t_us":4520013947285,"why":"listen_state"}
{"ev":"leg_error","events":8216,"flow":272,"leg":0,"so_error":32}
{"age_ms":0,"ev":"flow_closed","flow":272,"kind":2,"reset":true,"why":"leg_error"}
{"ev":"d23_close","gport":7300,"t_us":4520014047642,"why":"listen_state"}
{"ev":"refused","flow":274}
{"age_ms":2,"ev":"flow_closed","flow":274,"kind":2,"reset":true,"why":"refused"}
{"ev":"refused","flow":276}
{"age_ms":1,"ev":"flow_closed","flow":276,"kind":2,"reset":true,"why":"refused"}
{"addr":"<metal-address>:2730","bind_us":49,"ev":"d23_bind","gport":7300,"t_us":4520014147938,"why":"listen_state"}
{"ev":"leg_error","events":8216,"flow":278,"leg":0,"so_error":32}
{"age_ms":0,"ev":"flow_closed","flow":278,"kind":2,"reset":true,"why":"leg_error"}
{"ev":"d23_close","gport":7300,"t_us":4520014248256,"why":"listen_state"}
{"ev":"refused","flow":280}
{"age_ms":2,"ev":"flow_closed","flow":280,"kind":2,"reset":true,"why":"refused"}
{"ev":"refused","flow":282}
{"age_ms":1,"ev":"flow_closed","flow":282,"kind":2,"reset":true,"why":"refused"}
{"addr":"<metal-address>:2730","bind_us":49,"ev":"d23_bind","gport":7300,"t_us":4520014348571,"why":"listen_state"}
{"ev":"leg_error","events":8216,"flow":284,"leg":0,"so_error":32}
{"age_ms":0,"ev":"flow_closed","flow":284,"kind":2,"reset":true,"why":"leg_error"}
{"ev":"d23_close","gport":7300,"t_us":4520014448996,"why":"listen_state"}
{"ev":"refused","flow":286}
{"age_ms":2,"ev":"flow_closed","flow":286,"kind":2,"reset":true,"why":"refused"}
{"ev":"refused","flow":288}
{"age_ms":1,"ev":"flow_closed","flow":288,"kind":2,"reset":true,"why":"refused"}
{"addr":"<metal-address>:2730","bind_us":47,"ev":"d23_bind","gport":7300,"t_us":4520014549247,"why":"listen_state"}
{"ev":"leg_error","events":8216,"flow":290,"leg":0,"so_error":32}
{"age_ms":0,"ev":"flow_closed","flow":290,"kind":2,"reset":true,"why":"leg_error"}
{"ev":"d23_close","gport":7300,"t_us":4520014649511,"why":"listen_state"}
{"ev":"refused","flow":292}
{"age_ms":2,"ev":"flow_closed","flow":292,"kind":2,"reset":true,"why":"refused"}
{"ev":"refused","flow":294}
{"age_ms":1,"ev":"flow_closed","flow":294,"kind":2,"reset":true,"why":"refused"}
{"addr":"<metal-address>:2730","bind_us":48,"ev":"d23_bind","gport":7300,"t_us":4520014749848,"why":"listen_state"}
{"ev":"leg_error","events":8216,"flow":296,"leg":0,"so_error":32}
{"age_ms":0,"ev":"flow_closed","flow":296,"kind":2,"reset":true,"why":"leg_error"}
{"ev":"d23_close","gport":7300,"t_us":4520014850113,"why":"listen_state"}
{"ev":"refused","flow":298}
{"age_ms":2,"ev":"flow_closed","flow":298,"kind":2,"reset":true,"why":"refused"}
{"ev":"refused","flow":300}
{"age_ms":1,"ev":"flow_closed","flow":300,"kind":2,"reset":true,"why":"refused"}
{"addr":"<metal-address>:2730","bind_us":48,"ev":"d23_bind","gport":7300,"t_us":4520014950541,"why":"listen_state"}
{"ev":"leg_error","events":8216,"flow":302,"leg":0,"so_error":32}
{"age_ms":0,"ev":"flow_closed","flow":302,"kind":2,"reset":true,"why":"leg_error"}
{"ev":"d23_close","gport":7300,"t_us":4520015050820,"why":"listen_state"}
{"ev":"refused","flow":304}
{"age_ms":2,"ev":"flow_closed","flow":304,"kind":2,"reset":true,"why":"refused"}
{"ev":"refused","flow":306}
{"age_ms":1,"ev":"flow_closed","flow":306,"kind":2,"reset":true,"why":"refused"}
{"addr":"<metal-address>:2730","bind_us":50,"ev":"d23_bind","gport":7300,"t_us":4520015151162,"why":"listen_state"}
{"ev":"leg_error","events":8216,"flow":308,"leg":0,"so_error":32}
{"age_ms":0,"ev":"flow_closed","flow":308,"kind":2,"reset":true,"why":"leg_error"}
{"ev":"d23_close","gport":7300,"t_us":4520015251531,"why":"listen_state"}
{"ev":"refused","flow":310}
{"age_ms":2,"ev":"flow_closed","flow":310,"kind":2,"reset":true,"why":"refused"}
{"ev":"refused","flow":312}
{"age_ms":1,"ev":"flow_closed","flow":312,"kind":2,"reset":true,"why":"refused"}
{"addr":"<metal-address>:2730","bind_us":48,"ev":"d23_bind","gport":7300,"t_us":4520015351875,"why":"listen_state"}
{"ev":"leg_error","events":8216,"flow":314,"leg":0,"so_error":32}
{"age_ms":0,"ev":"flow_closed","flow":314,"kind":2,"reset":true,"why":"leg_error"}
{"ev":"d23_close","gport":7300,"t_us":4520015452255,"why":"listen_state"}
{"ev":"refused","flow":316}
{"age_ms":2,"ev":"flow_closed","flow":316,"kind":2,"reset":true,"why":"refused"}
{"ev":"refused","flow":318}
{"age_ms":1,"ev":"flow_closed","flow":318,"kind":2,"reset":true,"why":"refused"}
{"addr":"<metal-address>:2730","bind_us":52,"ev":"d23_bind","gport":7300,"t_us":4520015552563,"why":"listen_state"}
{"ev":"leg_error","events":8216,"flow":320,"leg":0,"so_error":32}
{"age_ms":2,"ev":"flow_closed","flow":320,"kind":2,"reset":true,"why":"leg_error"}
{"ev":"d23_close","gport":7300,"t_us":4520015653044,"why":"listen_state"}
{"ev":"refused","flow":322}
{"age_ms":2,"ev":"flow_closed","flow":322,"kind":2,"reset":true,"why":"refused"}
{"ev":"refused","flow":324}
{"age_ms":2,"ev":"flow_closed","flow":324,"kind":2,"reset":true,"why":"refused"}
{"addr":"<metal-address>:2730","bind_us":66,"ev":"d23_bind","gport":7300,"t_us":4520015753396,"why":"listen_state"}
{"ev":"leg_error","events":8216,"flow":326,"leg":0,"so_error":32}
{"age_ms":2,"ev":"flow_closed","flow":326,"kind":2,"reset":true,"why":"leg_error"}
{"ev":"d23_close","gport":7300,"t_us":4520015853720,"why":"listen_state"}
{"ev":"refused","flow":328}
{"age_ms":2,"ev":"flow_closed","flow":328,"kind":2,"reset":true,"why":"refused"}
{"ev":"refused","flow":330}
{"age_ms":2,"ev":"flow_closed","flow":330,"kind":2,"reset":true,"why":"refused"}
{"addr":"<metal-address>:2730","bind_us":65,"ev":"d23_bind","gport":7300,"t_us":4520015954109,"why":"listen_state"}
{"ev":"leg_error","events":8216,"flow":332,"leg":0,"so_error":32}
{"age_ms":1,"ev":"flow_closed","flow":332,"kind":2,"reset":true,"why":"leg_error"}
{"ev":"d23_close","gport":7300,"t_us":4520016054474,"why":"listen_state"}
{"ev":"refused","flow":334}
{"age_ms":3,"ev":"flow_closed","flow":334,"kind":2,"reset":true,"why":"refused"}
{"ev":"refused","flow":336}
{"age_ms":2,"ev":"flow_closed","flow":336,"kind":2,"reset":true,"why":"refused"}
{"addr":"<metal-address>:2730","bind_us":67,"ev":"d23_bind","gport":7300,"t_us":4520016154804,"why":"listen_state"}
{"ev":"leg_error","events":8216,"flow":338,"leg":0,"so_error":32}
{"age_ms":1,"ev":"flow_closed","flow":338,"kind":2,"reset":true,"why":"leg_error"}
{"ev":"d23_close","gport":7300,"t_us":4520016255151,"why":"listen_state"}
{"ev":"refused","flow":340}
{"age_ms":2,"ev":"flow_closed","flow":340,"kind":2,"reset":true,"why":"refused"}
{"ev":"refused","flow":342}
{"age_ms":2,"ev":"flow_closed","flow":342,"kind":2,"reset":true,"why":"refused"}
{"addr":"<metal-address>:2730","bind_us":68,"ev":"d23_bind","gport":7300,"t_us":4520016355478,"why":"listen_state"}
{"ev":"leg_error","events":8216,"flow":344,"leg":0,"so_error":32}
{"age_ms":2,"ev":"flow_closed","flow":344,"kind":2,"reset":true,"why":"leg_error"}
{"ev":"d23_close","gport":7300,"t_us":4520016455799,"why":"listen_state"}
{"ev":"refused","flow":346}
{"age_ms":2,"ev":"flow_closed","flow":346,"kind":2,"reset":true,"why":"refused"}
{"ev":"refused","flow":348}
{"age_ms":2,"ev":"flow_closed","flow":348,"kind":2,"reset":true,"why":"refused"}
{"addr":"<metal-address>:2730","bind_us":72,"ev":"d23_bind","gport":7300,"t_us":4520016555985,"why":"listen_state"}
{"ev":"leg_error","events":8216,"flow":350,"leg":0,"so_error":32}
{"age_ms":2,"ev":"flow_closed","flow":350,"kind":2,"reset":true,"why":"leg_error"}
{"ev":"d23_close","gport":7300,"t_us":4520016656357,"why":"listen_state"}
{"ev":"refused","flow":352}
{"age_ms":2,"ev":"flow_closed","flow":352,"kind":2,"reset":true,"why":"refused"}
{"ev":"refused","flow":354}
{"age_ms":2,"ev":"flow_closed","flow":354,"kind":2,"reset":true,"why":"refused"}
{"addr":"<metal-address>:2730","bind_us":58,"ev":"d23_bind","gport":7300,"t_us":4520016756665,"why":"listen_state"}
{"ev":"leg_error","events":8216,"flow":356,"leg":0,"so_error":32}
{"age_ms":2,"ev":"flow_closed","flow":356,"kind":2,"reset":true,"why":"leg_error"}
{"ev":"d23_close","gport":7300,"t_us":4520016857066,"why":"listen_state"}
{"ev":"refused","flow":358}
{"age_ms":2,"ev":"flow_closed","flow":358,"kind":2,"reset":true,"why":"refused"}
{"ev":"refused","flow":360}
{"age_ms":2,"ev":"flow_closed","flow":360,"kind":2,"reset":true,"why":"refused"}
{"addr":"<metal-address>:2730","bind_us":59,"ev":"d23_bind","gport":7300,"t_us":4520016957414,"why":"listen_state"}
{"ev":"leg_error","events":8216,"flow":362,"leg":0,"so_error":32}
{"age_ms":2,"ev":"flow_closed","flow":362,"kind":2,"reset":true,"why":"leg_error"}
{"ev":"d23_close","gport":7300,"t_us":4520017057758,"why":"listen_state"}
{"ev":"refused","flow":364}
{"age_ms":3,"ev":"flow_closed","flow":364,"kind":2,"reset":true,"why":"refused"}
{"ev":"refused","flow":366}
{"age_ms":2,"ev":"flow_closed","flow":366,"kind":2,"reset":true,"why":"refused"}
{"addr":"<metal-address>:2730","bind_us":57,"ev":"d23_bind","gport":7300,"t_us":4520017158075,"why":"listen_state"}
{"ev":"leg_error","events":8216,"flow":368,"leg":0,"so_error":32}
{"age_ms":1,"ev":"flow_closed","flow":368,"kind":2,"reset":true,"why":"leg_error"}
{"ev":"d23_close","gport":7300,"t_us":4520017258477,"why":"listen_state"}
{"ev":"refused","flow":370}
{"age_ms":2,"ev":"flow_closed","flow":370,"kind":2,"reset":true,"why":"refused"}
{"ev":"refused","flow":372}
{"age_ms":2,"ev":"flow_closed","flow":372,"kind":2,"reset":true,"why":"refused"}
{"addr":"<metal-address>:2730","bind_us":59,"ev":"d23_bind","gport":7300,"t_us":4520017358782,"why":"listen_state"}
{"ev":"leg_error","events":8216,"flow":374,"leg":0,"so_error":32}
{"age_ms":1,"ev":"flow_closed","flow":374,"kind":2,"reset":true,"why":"leg_error"}
{"ev":"d23_close","gport":7300,"t_us":4520017459135,"why":"listen_state"}
{"ev":"refused","flow":376}
{"age_ms":2,"ev":"flow_closed","flow":376,"kind":2,"reset":true,"why":"refused"}
{"ev":"refused","flow":378}
{"age_ms":2,"ev":"flow_closed","flow":378,"kind":2,"reset":true,"why":"refused"}
{"addr":"<metal-address>:2730","bind_us":52,"ev":"d23_bind","gport":7300,"t_us":4520017559292,"why":"listen_state"}
{"ev":"leg_error","events":8216,"flow":380,"leg":0,"so_error":32}
{"age_ms":2,"ev":"flow_closed","flow":380,"kind":2,"reset":true,"why":"leg_error"}
{"ev":"d23_close","gport":7300,"t_us":4520017659722,"why":"listen_state"}
{"ev":"refused","flow":382}
{"age_ms":2,"ev":"flow_closed","flow":382,"kind":2,"reset":true,"why":"refused"}
{"ev":"refused","flow":384}
{"age_ms":2,"ev":"flow_closed","flow":384,"kind":2,"reset":true,"why":"refused"}
{"addr":"<metal-address>:2730","bind_us":60,"ev":"d23_bind","gport":7300,"t_us":4520017760035,"why":"listen_state"}
{"ev":"leg_error","events":8216,"flow":386,"leg":0,"so_error":32}
{"age_ms":1,"ev":"flow_closed","flow":386,"kind":2,"reset":true,"why":"leg_error"}
{"ev":"d23_close","gport":7300,"t_us":4520017860577,"why":"listen_state"}
{"ev":"refused","flow":388}
{"age_ms":2,"ev":"flow_closed","flow":388,"kind":2,"reset":true,"why":"refused"}
{"ev":"refused","flow":390}
{"age_ms":1,"ev":"flow_closed","flow":390,"kind":2,"reset":true,"why":"refused"}
{"addr":"<metal-address>:2730","bind_us":150,"ev":"d23_bind","gport":7300,"t_us":4520017960837,"why":"listen_state"}
{"ev":"leg_error","events":8216,"flow":392,"leg":0,"so_error":32}
{"age_ms":1,"ev":"flow_closed","flow":392,"kind":2,"reset":true,"why":"leg_error"}
{"ev":"d23_close","gport":7300,"t_us":4520018061440,"why":"listen_state"}
{"ev":"refused","flow":394}
{"age_ms":2,"ev":"flow_closed","flow":394,"kind":2,"reset":true,"why":"refused"}
{"ev":"refused","flow":396}
{"age_ms":1,"ev":"flow_closed","flow":396,"kind":2,"reset":true,"why":"refused"}
{"addr":"<metal-address>:2730","bind_us":99,"ev":"d23_bind","gport":7300,"t_us":4520018161678,"why":"listen_state"}
{"ev":"leg_error","events":8216,"flow":398,"leg":0,"so_error":32}
{"age_ms":2,"ev":"flow_closed","flow":398,"kind":2,"reset":true,"why":"leg_error"}
{"ev":"d23_close","gport":7300,"t_us":4520018262292,"why":"listen_state"}
{"ev":"refused","flow":400}
{"age_ms":2,"ev":"flow_closed","flow":400,"kind":2,"reset":true,"why":"refused"}
{"ev":"refused","flow":402}
{"age_ms":1,"ev":"flow_closed","flow":402,"kind":2,"reset":true,"why":"refused"}
{"addr":"<metal-address>:2730","bind_us":58,"ev":"d23_bind","gport":7300,"t_us":4520018362650,"why":"listen_state"}
{"ev":"leg_error","events":8216,"flow":404,"leg":0,"so_error":32}
{"age_ms":2,"ev":"flow_closed","flow":404,"kind":2,"reset":true,"why":"leg_error"}
{"ev":"d23_close","gport":7300,"t_us":4520018463159,"why":"listen_state"}
{"ev":"refused","flow":406}
{"age_ms":2,"ev":"flow_closed","flow":406,"kind":2,"reset":true,"why":"refused"}
{"ev":"refused","flow":408}
{"age_ms":2,"ev":"flow_closed","flow":408,"kind":2,"reset":true,"why":"refused"}
{"addr":"<metal-address>:2730","bind_us":56,"ev":"d23_bind","gport":7300,"t_us":4520018563334,"why":"listen_state"}
{"ev":"leg_error","events":8216,"flow":410,"leg":0,"so_error":32}
{"age_ms":0,"ev":"flow_closed","flow":410,"kind":2,"reset":true,"why":"leg_error"}
{"ev":"d23_close","gport":7300,"t_us":4520018663779,"why":"listen_state"}
{"ev":"refused","flow":412}
{"age_ms":2,"ev":"flow_closed","flow":412,"kind":2,"reset":true,"why":"refused"}
{"ev":"refused","flow":414}
{"age_ms":1,"ev":"flow_closed","flow":414,"kind":2,"reset":true,"why":"refused"}
{"addr":"<metal-address>:2730","bind_us":58,"ev":"d23_bind","gport":7300,"t_us":4520018764129,"why":"listen_state"}
{"ev":"leg_error","events":8216,"flow":416,"leg":0,"so_error":32}
{"age_ms":0,"ev":"flow_closed","flow":416,"kind":2,"reset":true,"why":"leg_error"}
{"ev":"d23_close","gport":7300,"t_us":4520018864566,"why":"listen_state"}
{"ev":"refused","flow":418}
{"age_ms":2,"ev":"flow_closed","flow":418,"kind":2,"reset":true,"why":"refused"}
{"ev":"refused","flow":420}
{"age_ms":1,"ev":"flow_closed","flow":420,"kind":2,"reset":true,"why":"refused"}
{"addr":"<metal-address>:2730","bind_us":62,"ev":"d23_bind","gport":7300,"t_us":4520018964880,"why":"listen_state"}
{"ev":"leg_error","events":8216,"flow":422,"leg":0,"so_error":32}
{"age_ms":0,"ev":"flow_closed","flow":422,"kind":2,"reset":true,"why":"leg_error"}
{"ev":"d23_close","gport":7300,"t_us":4520019065257,"why":"listen_state"}
{"ev":"refused","flow":424}
{"age_ms":2,"ev":"flow_closed","flow":424,"kind":2,"reset":true,"why":"refused"}
{"ev":"refused","flow":426}
{"age_ms":1,"ev":"flow_closed","flow":426,"kind":2,"reset":true,"why":"refused"}
{"addr":"<metal-address>:2730","bind_us":57,"ev":"d23_bind","gport":7300,"t_us":4520019165603,"why":"listen_state"}
{"ev":"leg_error","events":8216,"flow":428,"leg":0,"so_error":32}
{"age_ms":0,"ev":"flow_closed","flow":428,"kind":2,"reset":true,"why":"leg_error"}
{"ev":"d23_close","gport":7300,"t_us":4520019265922,"why":"listen_state"}
{"ev":"refused","flow":430}
{"age_ms":2,"ev":"flow_closed","flow":430,"kind":2,"reset":true,"why":"refused"}
{"ev":"refused","flow":432}
{"age_ms":1,"ev":"flow_closed","flow":432,"kind":2,"reset":true,"why":"refused"}
{"addr":"<metal-address>:2730","bind_us":59,"ev":"d23_bind","gport":7300,"t_us":4520019366270,"why":"listen_state"}
{"ev":"leg_error","events":8216,"flow":434,"leg":0,"so_error":32}
{"age_ms":2,"ev":"flow_closed","flow":434,"kind":2,"reset":true,"why":"leg_error"}
{"ev":"d23_close","gport":7300,"t_us":4520019466619,"why":"listen_state"}
{"ev":"refused","flow":436}
{"age_ms":2,"ev":"flow_closed","flow":436,"kind":2,"reset":true,"why":"refused"}
{"ev":"refused","flow":438}
{"age_ms":1,"ev":"flow_closed","flow":438,"kind":2,"reset":true,"why":"refused"}
{"addr":"<metal-address>:2730","bind_us":50,"ev":"d23_bind","gport":7300,"t_us":4520019566893,"why":"listen_state"}
{"ev":"leg_error","events":8216,"flow":440,"leg":0,"so_error":32}
{"age_ms":0,"ev":"flow_closed","flow":440,"kind":2,"reset":true,"why":"leg_error"}
{"ev":"d23_close","gport":7300,"t_us":4520019667349,"why":"listen_state"}
{"ev":"refused","flow":442}
{"age_ms":2,"ev":"flow_closed","flow":442,"kind":2,"reset":true,"why":"refused"}
{"ev":"refused","flow":444}
{"age_ms":1,"ev":"flow_closed","flow":444,"kind":2,"reset":true,"why":"refused"}
{"addr":"<metal-address>:2730","bind_us":61,"ev":"d23_bind","gport":7300,"t_us":4520019767670,"why":"listen_state"}
{"ev":"leg_error","events":8216,"flow":446,"leg":0,"so_error":32}
{"age_ms":0,"ev":"flow_closed","flow":446,"kind":2,"reset":true,"why":"leg_error"}
{"ev":"d23_close","gport":7300,"t_us":4520019868015,"why":"listen_state"}
{"ev":"refused","flow":448}
{"age_ms":2,"ev":"flow_closed","flow":448,"kind":2,"reset":true,"why":"refused"}
{"ev":"refused","flow":450}
{"age_ms":1,"ev":"flow_closed","flow":450,"kind":2,"reset":true,"why":"refused"}
{"addr":"<metal-address>:2730","bind_us":62,"ev":"d23_bind","gport":7300,"t_us":4520019968368,"why":"listen_state"}
{"ev":"leg_error","events":8216,"flow":452,"leg":0,"so_error":32}
{"age_ms":0,"ev":"flow_closed","flow":452,"kind":2,"reset":true,"why":"leg_error"}
{"ev":"d23_close","gport":7300,"t_us":4520020068599,"why":"listen_state"}
{"ev":"refused","flow":454}
{"age_ms":2,"ev":"flow_closed","flow":454,"kind":2,"reset":true,"why":"refused"}
{"ev":"refused","flow":456}
{"age_ms":1,"ev":"flow_closed","flow":456,"kind":2,"reset":true,"why":"refused"}
{"addr":"<metal-address>:2730","bind_us":59,"ev":"d23_bind","gport":7300,"t_us":4520020168933,"why":"listen_state"}
{"ev":"leg_error","events":8216,"flow":458,"leg":0,"so_error":32}
{"age_ms":0,"ev":"flow_closed","flow":458,"kind":2,"reset":true,"why":"leg_error"}
{"ev":"d23_close","gport":7300,"t_us":4520020269236,"why":"listen_state"}
{"ev":"refused","flow":460}
{"age_ms":2,"ev":"flow_closed","flow":460,"kind":2,"reset":true,"why":"refused"}
{"ev":"refused","flow":462}
{"age_ms":1,"ev":"flow_closed","flow":462,"kind":2,"reset":true,"why":"refused"}
{"addr":"<metal-address>:2730","bind_us":59,"ev":"d23_bind","gport":7300,"t_us":4520020369573,"why":"listen_state"}
{"ev":"leg_error","events":8216,"flow":464,"leg":0,"so_error":32}
{"age_ms":0,"ev":"flow_closed","flow":464,"kind":2,"reset":true,"why":"leg_error"}
{"ev":"d23_close","gport":7300,"t_us":4520020469931,"why":"listen_state"}
{"ev":"refused","flow":466}
{"age_ms":2,"ev":"flow_closed","flow":466,"kind":2,"reset":true,"why":"refused"}
{"ev":"refused","flow":468}
{"age_ms":1,"ev":"flow_closed","flow":468,"kind":2,"reset":true,"why":"refused"}
{"addr":"<metal-address>:2730","bind_us":51,"ev":"d23_bind","gport":7300,"t_us":4520020570225,"why":"listen_state"}
{"ev":"leg_error","events":8216,"flow":470,"leg":0,"so_error":32}
{"age_ms":1,"ev":"flow_closed","flow":470,"kind":2,"reset":true,"why":"leg_error"}
{"ev":"d23_close","gport":7300,"t_us":4520020670521,"why":"listen_state"}
{"ev":"refused","flow":472}
{"age_ms":2,"ev":"flow_closed","flow":472,"kind":2,"reset":true,"why":"refused"}
{"ev":"refused","flow":474}
{"age_ms":1,"ev":"flow_closed","flow":474,"kind":2,"reset":true,"why":"refused"}
{"addr":"<metal-address>:2730","bind_us":55,"ev":"d23_bind","gport":7300,"t_us":4520020770888,"why":"listen_state"}
{"ev":"leg_error","events":8216,"flow":476,"leg":0,"so_error":32}
{"age_ms":0,"ev":"flow_closed","flow":476,"kind":2,"reset":true,"why":"leg_error"}
{"ev":"d23_close","gport":7300,"t_us":4520020871135,"why":"listen_state"}
{"ev":"refused","flow":478}
{"age_ms":2,"ev":"flow_closed","flow":478,"kind":2,"reset":true,"why":"refused"}
{"ev":"refused","flow":480}
{"age_ms":1,"ev":"flow_closed","flow":480,"kind":2,"reset":true,"why":"refused"}
{"addr":"<metal-address>:2730","bind_us":50,"ev":"d23_bind","gport":7300,"t_us":4520020971541,"why":"listen_state"}
{"ev":"leg_error","events":8216,"flow":482,"leg":0,"so_error":32}
{"age_ms":0,"ev":"flow_closed","flow":482,"kind":2,"reset":true,"why":"leg_error"}
{"ev":"d23_close","gport":7300,"t_us":4520021071714,"why":"listen_state"}
{"ev":"refused","flow":484}
{"age_ms":2,"ev":"flow_closed","flow":484,"kind":2,"reset":true,"why":"refused"}
{"ev":"refused","flow":486}
{"age_ms":1,"ev":"flow_closed","flow":486,"kind":2,"reset":true,"why":"refused"}
{"addr":"<metal-address>:2730","bind_us":55,"ev":"d23_bind","gport":7300,"t_us":4520021172056,"why":"listen_state"}
{"ev":"leg_error","events":8216,"flow":488,"leg":0,"so_error":32}
{"age_ms":0,"ev":"flow_closed","flow":488,"kind":2,"reset":true,"why":"leg_error"}
{"ev":"d23_close","gport":7300,"t_us":4520021272432,"why":"listen_state"}
{"ev":"refused","flow":490}
{"age_ms":2,"ev":"flow_closed","flow":490,"kind":2,"reset":true,"why":"refused"}
{"ev":"refused","flow":492}
{"age_ms":1,"ev":"flow_closed","flow":492,"kind":2,"reset":true,"why":"refused"}
{"addr":"<metal-address>:2730","bind_us":64,"ev":"d23_bind","gport":7300,"t_us":4520021372733,"why":"listen_state"}
{"ev":"leg_error","events":8216,"flow":494,"leg":0,"so_error":32}
{"age_ms":0,"ev":"flow_closed","flow":494,"kind":2,"reset":true,"why":"leg_error"}
{"ev":"d23_close","gport":7300,"t_us":4520021473101,"why":"listen_state"}
{"ev":"refused","flow":496}
{"age_ms":2,"ev":"flow_closed","flow":496,"kind":2,"reset":true,"why":"refused"}
{"ev":"refused","flow":498}
{"age_ms":1,"ev":"flow_closed","flow":498,"kind":2,"reset":true,"why":"refused"}
{"addr":"<metal-address>:2730","bind_us":53,"ev":"d23_bind","gport":7300,"t_us":4520021573399,"why":"listen_state"}
{"ev":"leg_error","events":8216,"flow":500,"leg":0,"so_error":32}
{"age_ms":0,"ev":"flow_closed","flow":500,"kind":2,"reset":true,"why":"leg_error"}
{"ev":"d23_close","gport":7300,"t_us":4520021673753,"why":"listen_state"}
{"ev":"refused","flow":502}
{"age_ms":2,"ev":"flow_closed","flow":502,"kind":2,"reset":true,"why":"refused"}
{"ev":"refused","flow":504}
{"age_ms":1,"ev":"flow_closed","flow":504,"kind":2,"reset":true,"why":"refused"}
{"addr":"<metal-address>:2730","bind_us":63,"ev":"d23_bind","gport":7300,"t_us":4520021774112,"why":"listen_state"}
{"ev":"leg_error","events":8216,"flow":506,"leg":0,"so_error":32}
{"age_ms":0,"ev":"flow_closed","flow":506,"kind":2,"reset":true,"why":"leg_error"}
{"ev":"d23_close","gport":7300,"t_us":4520021874425,"why":"listen_state"}
{"ev":"refused","flow":508}
{"age_ms":2,"ev":"flow_closed","flow":508,"kind":2,"reset":true,"why":"refused"}
{"ev":"refused","flow":510}
{"age_ms":1,"ev":"flow_closed","flow":510,"kind":2,"reset":true,"why":"refused"}
{"addr":"<metal-address>:2730","bind_us":56,"ev":"d23_bind","gport":7300,"t_us":4520021974702,"why":"listen_state"}
{"ev":"leg_error","events":8216,"flow":512,"leg":0,"so_error":32}
{"age_ms":1,"ev":"flow_closed","flow":512,"kind":2,"reset":true,"why":"leg_error"}
{"ev":"d23_close","gport":7300,"t_us":4520022075172,"why":"listen_state"}
{"ev":"refused","flow":514}
{"age_ms":3,"ev":"flow_closed","flow":514,"kind":2,"reset":true,"why":"refused"}
{"ev":"refused","flow":516}
{"age_ms":2,"ev":"flow_closed","flow":516,"kind":2,"reset":true,"why":"refused"}
{"addr":"<metal-address>:2730","bind_us":62,"ev":"d23_bind","gport":7300,"t_us":4520022175520,"why":"listen_state"}
{"ev":"leg_error","events":8216,"flow":518,"leg":0,"so_error":32}
{"age_ms":2,"ev":"flow_closed","flow":518,"kind":2,"reset":true,"why":"leg_error"}
{"ev":"d23_close","gport":7300,"t_us":4520022275878,"why":"listen_state"}
{"ev":"refused","flow":520}
{"age_ms":2,"ev":"flow_closed","flow":520,"kind":2,"reset":true,"why":"refused"}
{"ev":"refused","flow":522}
{"age_ms":2,"ev":"flow_closed","flow":522,"kind":2,"reset":true,"why":"refused"}
{"addr":"<metal-address>:2730","bind_us":58,"ev":"d23_bind","gport":7300,"t_us":4520022376286,"why":"listen_state"}
{"ev":"leg_error","events":8216,"flow":524,"leg":0,"so_error":32}
{"age_ms":2,"ev":"flow_closed","flow":524,"kind":2,"reset":true,"why":"leg_error"}
{"ev":"d23_close","gport":7300,"t_us":4520022476639,"why":"listen_state"}
{"ev":"refused","flow":526}
{"age_ms":2,"ev":"flow_closed","flow":526,"kind":2,"reset":true,"why":"refused"}
{"ev":"refused","flow":528}
{"age_ms":2,"ev":"flow_closed","flow":528,"kind":2,"reset":true,"why":"refused"}
{"addr":"<metal-address>:2730","bind_us":55,"ev":"d23_bind","gport":7300,"t_us":4520022576922,"why":"listen_state"}
{"ev":"leg_error","events":8216,"flow":530,"leg":0,"so_error":32}
{"age_ms":2,"ev":"flow_closed","flow":530,"kind":2,"reset":true,"why":"leg_error"}
{"ev":"d23_close","gport":7300,"t_us":4520022677299,"why":"listen_state"}
{"ev":"refused","flow":532}
{"age_ms":2,"ev":"flow_closed","flow":532,"kind":2,"reset":true,"why":"refused"}
{"ev":"refused","flow":534}
{"age_ms":2,"ev":"flow_closed","flow":534,"kind":2,"reset":true,"why":"refused"}
{"addr":"<metal-address>:2730","bind_us":62,"ev":"d23_bind","gport":7300,"t_us":4520022777651,"why":"listen_state"}
{"ev":"leg_error","events":8216,"flow":536,"leg":0,"so_error":32}
{"age_ms":2,"ev":"flow_closed","flow":536,"kind":2,"reset":true,"why":"leg_error"}
{"ev":"d23_close","gport":7300,"t_us":4520022877995,"why":"listen_state"}
{"ev":"refused","flow":538}
{"age_ms":2,"ev":"flow_closed","flow":538,"kind":2,"reset":true,"why":"refused"}
{"ev":"refused","flow":540}
{"age_ms":2,"ev":"flow_closed","flow":540,"kind":2,"reset":true,"why":"refused"}
{"addr":"<metal-address>:2730","bind_us":58,"ev":"d23_bind","gport":7300,"t_us":4520022978321,"why":"listen_state"}
{"ev":"leg_error","events":8216,"flow":542,"leg":0,"so_error":32}
{"age_ms":1,"ev":"flow_closed","flow":542,"kind":2,"reset":true,"why":"leg_error"}
{"ev":"d23_close","gport":7300,"t_us":4520023078666,"why":"listen_state"}
{"ev":"refused","flow":544}
{"age_ms":3,"ev":"flow_closed","flow":544,"kind":2,"reset":true,"why":"refused"}
{"ev":"refused","flow":546}
{"age_ms":2,"ev":"flow_closed","flow":546,"kind":2,"reset":true,"why":"refused"}
{"addr":"<metal-address>:2730","bind_us":60,"ev":"d23_bind","gport":7300,"t_us":4520023178905,"why":"listen_state"}
{"ev":"leg_error","events":8216,"flow":548,"leg":0,"so_error":32}
{"age_ms":2,"ev":"flow_closed","flow":548,"kind":2,"reset":true,"why":"leg_error"}
{"ev":"d23_close","gport":7300,"t_us":4520023279277,"why":"listen_state"}
{"ev":"refused","flow":550}
{"age_ms":2,"ev":"flow_closed","flow":550,"kind":2,"reset":true,"why":"refused"}
{"ev":"refused","flow":552}
{"age_ms":2,"ev":"flow_closed","flow":552,"kind":2,"reset":true,"why":"refused"}
{"addr":"<metal-address>:2730","bind_us":67,"ev":"d23_bind","gport":7300,"t_us":4520023379634,"why":"listen_state"}
{"ev":"leg_error","events":8216,"flow":554,"leg":0,"so_error":32}
{"age_ms":2,"ev":"flow_closed","flow":554,"kind":2,"reset":true,"why":"leg_error"}
{"ev":"d23_close","gport":7300,"t_us":4520023480129,"why":"listen_state"}
{"ev":"refused","flow":556}
{"age_ms":2,"ev":"flow_closed","flow":556,"kind":2,"reset":true,"why":"refused"}
{"ev":"refused","flow":558}
{"age_ms":2,"ev":"flow_closed","flow":558,"kind":2,"reset":true,"why":"refused"}
{"addr":"<metal-address>:2730","bind_us":59,"ev":"d23_bind","gport":7300,"t_us":4520023580420,"why":"listen_state"}
{"ev":"leg_error","events":8216,"flow":560,"leg":0,"so_error":32}
{"age_ms":2,"ev":"flow_closed","flow":560,"kind":2,"reset":true,"why":"leg_error"}
{"ev":"d23_close","gport":7300,"t_us":4520023680800,"why":"listen_state"}
{"ev":"refused","flow":562}
{"age_ms":2,"ev":"flow_closed","flow":562,"kind":2,"reset":true,"why":"refused"}
{"ev":"refused","flow":564}
{"age_ms":2,"ev":"flow_closed","flow":564,"kind":2,"reset":true,"why":"refused"}
{"addr":"<metal-address>:2730","bind_us":59,"ev":"d23_bind","gport":7300,"t_us":4520023781175,"why":"listen_state"}
{"ev":"leg_error","events":8216,"flow":566,"leg":0,"so_error":32}
{"age_ms":2,"ev":"flow_closed","flow":566,"kind":2,"reset":true,"why":"leg_error"}
{"ev":"d23_close","gport":7300,"t_us":4520023881532,"why":"listen_state"}
{"ev":"refused","flow":568}
{"age_ms":2,"ev":"flow_closed","flow":568,"kind":2,"reset":true,"why":"refused"}
{"ev":"refused","flow":570}
{"age_ms":2,"ev":"flow_closed","flow":570,"kind":2,"reset":true,"why":"refused"}
{"addr":"<metal-address>:2730","bind_us":67,"ev":"d23_bind","gport":7300,"t_us":4520023981861,"why":"listen_state"}
{"ev":"leg_error","events":8216,"flow":572,"leg":0,"so_error":32}
{"age_ms":2,"ev":"flow_closed","flow":572,"kind":2,"reset":true,"why":"leg_error"}
{"ev":"d23_close","gport":7300,"t_us":4520024082214,"why":"listen_state"}
{"ev":"refused","flow":574}
{"age_ms":2,"ev":"flow_closed","flow":574,"kind":2,"reset":true,"why":"refused"}
{"ev":"refused","flow":576}
{"age_ms":2,"ev":"flow_closed","flow":576,"kind":2,"reset":true,"why":"refused"}
{"addr":"<metal-address>:2730","bind_us":66,"ev":"d23_bind","gport":7300,"t_us":4520024182551,"why":"listen_state"}
{"ev":"leg_error","events":8216,"flow":578,"leg":0,"so_error":32}
{"age_ms":1,"ev":"flow_closed","flow":578,"kind":2,"reset":true,"why":"leg_error"}
{"ev":"d23_close","gport":7300,"t_us":4520024282868,"why":"listen_state"}
{"ev":"refused","flow":580}
{"age_ms":2,"ev":"flow_closed","flow":580,"kind":2,"reset":true,"why":"refused"}
{"ev":"refused","flow":582}
{"age_ms":2,"ev":"flow_closed","flow":582,"kind":2,"reset":true,"why":"refused"}
{"addr":"<metal-address>:2730","bind_us":59,"ev":"d23_bind","gport":7300,"t_us":4520024383182,"why":"listen_state"}
{"ev":"leg_error","events":8216,"flow":584,"leg":0,"so_error":32}
{"age_ms":0,"ev":"flow_closed","flow":584,"kind":2,"reset":true,"why":"leg_error"}
{"ev":"d23_close","gport":7300,"t_us":4520024483539,"why":"listen_state"}
{"ev":"refused","flow":586}
{"age_ms":2,"ev":"flow_closed","flow":586,"kind":2,"reset":true,"why":"refused"}
{"ev":"refused","flow":588}
{"age_ms":2,"ev":"flow_closed","flow":588,"kind":2,"reset":true,"why":"refused"}
{"addr":"<metal-address>:2730","bind_us":52,"ev":"d23_bind","gport":7300,"t_us":4520024583803,"why":"listen_state"}
{"ev":"leg_error","events":8216,"flow":590,"leg":0,"so_error":32}
{"age_ms":2,"ev":"flow_closed","flow":590,"kind":2,"reset":true,"why":"leg_error"}
{"ev":"d23_close","gport":7300,"t_us":4520024684220,"why":"listen_state"}
{"ev":"refused","flow":592}
{"age_ms":2,"ev":"flow_closed","flow":592,"kind":2,"reset":true,"why":"refused"}
{"ev":"refused","flow":594}
{"age_ms":2,"ev":"flow_closed","flow":594,"kind":2,"reset":true,"why":"refused"}
{"addr":"<metal-address>:2730","bind_us":65,"ev":"d23_bind","gport":7300,"t_us":4520024784596,"why":"listen_state"}
{"ev":"leg_error","events":8216,"flow":596,"leg":0,"so_error":32}
{"age_ms":2,"ev":"flow_closed","flow":596,"kind":2,"reset":true,"why":"leg_error"}
{"ev":"d23_close","gport":7300,"t_us":4520024885423,"why":"listen_state"}
{"ev":"refused","flow":598}
{"age_ms":2,"ev":"flow_closed","flow":598,"kind":2,"reset":true,"why":"refused"}
{"ev":"refused","flow":600}
{"age_ms":1,"ev":"flow_closed","flow":600,"kind":2,"reset":true,"why":"refused"}
