[21:03:03] === preflight
[21:03:03] $ uname -a; systemd-detect-virt || true; grep -m1 'model name' /proc/cpuinfo; nproc; ls -l /dev/kvm  (rc=0)
[21:03:03]     Linux em-determined-roentgen 7.0.0-29-generic #29-Ubuntu SMP PREEMPT_DYNAMIC Fri Jul 17 20:52:35 UTC 2026 x86_64 GNU/Linux
[21:03:03]     none
[21:03:03]     model name	: AMD EPYC 8024P 8-Core Processor
[21:03:03]     16
[21:03:03]     crw-rw---- 1 root kvm 10, 232 Oct  5 21:03 /dev/kvm
[21:03:03] === build
[21:03:04] $ cargo build --release --locked --manifest-path /home/ubuntu/overdrive/vendors/cloud-hypervisor/Cargo.toml --bin cloud-hypervisor  (rc=0)
[21:03:04]         Finished `release` profile [optimized] target(s) in 0.12s
[21:03:04] $ cargo +nightly-2026-08-05 build --release --target bpfel-unknown-none -Z build-std=core --manifest-path /home/ubuntu/overdrive/spike-scratch/netns-density-295-v11-vip-v14/bpf/Cargo.toml  (rc=0)
[21:03:04]        Compiling vfwd-bpf v0.0.0 (/home/ubuntu/overdrive/spike-scratch/netns-density-295-v11-vip-v14/bpf)
[21:03:04]         Finished `release` profile [optimized] target(s) in 0.41s
[21:03:08] $ cargo build --release --target x86_64-unknown-linux-gnu --manifest-path /home/ubuntu/overdrive/spike-scratch/netns-density-295-v11-vip-v14/vfwd/Cargo.toml  (rc=0)
[21:03:08]     257 |     pub fn modify(&self, fd: RawFd, ev: u32) {
[21:03:08]         |            ^^^^^^
[21:03:08]     
[21:03:08]     warning: `vfwd` (bin "vfwd") generated 3 warnings
[21:03:08]         Finished `release` profile [optimized + debuginfo] target(s) in 3.57s
[21:03:08] $ file /home/ubuntu/overdrive/spike-scratch/netns-density-295-v11-vip-v14/out/vfwd-target/x86_64-unknown-linux-gnu/release/vfwd /home/ubuntu/overdrive/spike-scratch/netns-density-295-guest-vsock-capture/out/ch-target/release/cloud-hypervisor /home/ubuntu/overdrive/spike-scratch/netns-density-295-v11-vip-v14/out/bpf-target/bpfel-unknown-none/release/vfwd-bpf; /home/ubuntu/overdrive/spike-scratch/netns-density-295-guest-vsock-capture/out/ch-target/release/cloud-hypervisor --version; bpf-linker --version || true; cargo +nightly-2026-08-05 --version; rustc --version  (rc=0)
[21:03:08]     /home/ubuntu/overdrive/spike-scratch/netns-density-295-v11-vip-v14/out/vfwd-target/x86_64-unknown-linux-gnu/release/vfwd: ELF 64-bit LSB pie executable, x86-64, version 1 (SYSV), static-pie linked, for GNU/Linux 3.2.0, BuildID[sha1]=333f48e42bb27753ada52079dc5bbcb0434e97e3, with debug_info, not stripped
[21:03:08]     /home/ubuntu/overdrive/spike-scratch/netns-density-295-guest-vsock-capture/out/ch-target/release/cloud-hypervisor:        ELF 64-bit LSB pie executable, x86-64, version 1 (SYSV), dynamically linked, interpreter /lib64/ld-linux-x86-64.so.2, for GNU/Linux 3.2.0, BuildID[sha1]=6455e7664cd89d38068ec4b28c00999e1c195455, stripped
[21:03:08]     /home/ubuntu/overdrive/spike-scratch/netns-density-295-v11-vip-v14/out/bpf-target/bpfel-unknown-none/release/vfwd-bpf:    ELF 64-bit LSB relocatable, eBPF, version 1 (SYSV), not stripped
[21:03:08]     cloud-hypervisor v53.0.0
[21:03:08]     Migration Protocol Versions: 0
[21:03:08]     bpf-linker 0.0.0
[21:03:08]     cargo 1.99.0-nightly (7c83d4cc0 2026-07-29)
[21:03:08]     rustc 1.95.0 (59807616e 2026-04-14)
[21:03:08] === guest image
[21:03:09] $ cd /home/ubuntu/overdrive/spike-scratch/netns-density-295-v11-vip-v14/out/initramfs-root && find . | cpio -o -H newc --quiet | gzip -1 > /home/ubuntu/overdrive/spike-scratch/netns-density-295-v11-vip-v14/out/initramfs.cpio.gz  (rc=0)
[21:03:10] launch VM: /home/ubuntu/overdrive/spike-scratch/netns-density-295-guest-vsock-capture/out/ch-target/release/cloud-hypervisor --kernel /srv/vm/overdrive-testing/kernel --initramfs /home/ubuntu/overdrive/spike-scratch/netns-density-295-v11-vip-v14/out/initramfs.cpio.gz --cmdline console=ttyS0 panic=-1 loglevel=4 vfwd_w=10.99.7.2 vfwd_owner=--ack,oob,--intake-mode,park,--arm,yes,--flush,yes,--udp,park,--declare,7300,7301,7302,--listen-mode,event --cpus boot=2 --memory size=1024M --serial file=/home/ubuntu/overdrive/spike-scratch/netns-density-295-v11-vip-v14/out/vm-increment-g-1791234190/serial.log --console off --vsock cid=32173,backend=vhost-kernel --log-file /home/ubuntu/overdrive/spike-scratch/netns-density-295-v11-vip-v14/out/vm-increment-g-1791234190/ch.log -v
[21:03:12] GUEST_BOOT uname_r=7.0.0-29-generic uptime=0.62
net.ipv4.tcp_fwmark_accept = 1
net.ipv4.fwmark_reflect = 1
GUEST_NET_BEGIN
[1;36mlo               [0mUNKNOWN        [1;33m00:00:00:00:00:00 [0m<LOOPBACK,UP,LOWER_UP> 
[1;36mdummy0           [0mUNKNOWN        [1;33m52:14:2b:e0:de:cf [0m<BROADCAST,NOARP,UP,LOWER_UP> 
1: [1;36mlo: [0m<LOOPBACK,UP,LOWER_UP> mtu 65536 qdisc noqueue state UNKNOWN group default qlen 1000
    inet [1;35m127.0.0.1[0m/8 scope host lo
       valid_lft forever preferred_lft forever
2: [1;36mdummy0: [0m<BROADCAST,NOARP,UP,LOWER_UP> mtu 1500 qdisc noqueue state UNKNOWN group default qlen 1000
    inet [1;35m10.99.7.2[0m/32 scope global dummy0
       valid_lft forever preferred_lft forever
0:	from all lookup local
32765:	from all fwmark 0x295 lookup 295
32766:	from all lookup main
32767:	from all lookup default
GUEST_NET_END
dummy0  lo

thread 'main' (112) panicked at src/owner.rs:202:18:
unknown arg 7301
stack backtrace:
   0: __rustc::rust_begin_unwind
             at ./rustc/59807616e1fa2540724bfbac14d7976d7e4a3860/library/std/src/panicking.rs:689:5
   1: core::panicking::panic_fmt
             at ./rustc/59807616e1fa2540724bfbac14d7976d7e4a3860/library/core/src/panicking.rs:80:14
   2: vfwd::owner::parse_cfg
             at ./home/ubuntu/overdrive/spike-scratch/netns-density-295-v11-vip-v14/vfwd/src/owner.rs:202:18
   3: vfwd::owner::run
             at ./home/ubuntu/overdrive/spike-scratch/netns-density-295-v11-vip-v14/vfwd/src/owner.rs:654:13
   4: vfwd::main
             at ./home/ubuntu/overdrive/spike-scratch/netns-density-295-v11-vip-v14/vfwd/src/main.rs:34:29
   5: core::ops::function::FnOnce::call_once
             at ./home/ubuntu/.rustup/toolchains/1.95.0-x86_64-unknown-linux-gnu/lib/rustlib/src/rust/library/core/src/ops/function.rs:250:5
note: Some details are omitted, run with `RUST_BACKTRACE=full` for a verbose backtrace.
GUEST_READY

[21:03:13] guest$ uname -a  (rc=0, 0.0s)
[21:03:13]     Linux (none) 7.0.0-29-generic #29-Ubuntu SMP PREEMPT_DYNAMIC Fri Jul 17 20:52:35 UTC 2026 x86_64 GNU/Linux
[21:03:13] $ ip netns add v11p  (rc=0)
[21:03:13] $ ip link add v11h type veth peer name v11p0  (rc=0)
[21:03:13] $ ip link set v11p0 netns v11p  (rc=0)
[21:03:13] $ ip addr add 10.250.95.1/24 dev v11h  (rc=0)
[21:03:13] $ ip link set v11h mtu 1500 up  (rc=0)
[21:03:13] $ ip -n v11p addr add 10.250.95.2/24 dev v11p0  (rc=0)
[21:03:13] $ ip -n v11p link set v11p0 mtu 1500 up  (rc=0)
[21:03:14] $ ip -n v11p link set lo up  (rc=0)
[21:03:14] $ ip -n v11p route add default via 10.250.95.1  (rc=0)
[21:03:14] $ ip -d link show v11h; ip -n v11p -br addr; ip -n v11p route; ethtool -k v11h | grep -E 'udp|frag|segment'; ip netns exec v11p ss -lunt  (rc=0)
[21:03:14]     63008: v11h@if63007: <BROADCAST,MULTICAST,UP,LOWER_UP> mtu 1500 qdisc noqueue state UP mode DEFAULT group default qlen 1000
[21:03:14]         link/ether 16:30:a7:22:df:96 brd ff:ff:ff:ff:ff:ff link-netns v11p promiscuity 0 allmulti 0 minmtu 68 maxmtu 65535 
[21:03:14]         veth addrgenmode eui64 numtxqueues 16 numrxqueues 16 gso_max_size 65536 gso_max_segs 65535 tso_max_size 524280 tso_max_segs 65535 gro_max_size 65536 gso_ipv4_max_size 65536 gro_ipv4_max_size 65536 
[21:03:14]     lo               UNKNOWN        127.0.0.1/8 ::1/128 
[21:03:14]     v11p0@if63008    UP             10.250.95.2/24 fe80::7440:29ff:fe1a:52f5/64 
[21:03:14]     default via 10.250.95.1 dev v11p0 
[21:03:14]     10.250.95.0/24 dev v11p0 proto kernel scope link src 10.250.95.2 
[21:03:14]     	tx-scatter-gather-fraglist: on
[21:03:14]     tcp-segmentation-offload: on
[21:03:14]     	tx-tcp-segmentation: on
[21:03:14]     	tx-tcp-ecn-segmentation: on
[21:03:14]     	tx-tcp-mangleid-segmentation: on
[21:03:14]     	tx-tcp6-segmentation: on
[21:03:14]     	tx-tcp-accecn-segmentation: on
[21:03:14]     generic-segmentation-offload: on
[21:03:14]     tx-fcoe-segmentation: off [fixed]
[21:03:14]     tx-gre-segmentation: on
[21:03:14]     tx-gre-csum-segmentation: on
[21:03:14]     tx-ipxip4-segmentation: on
[21:03:14]     tx-ipxip6-segmentation: on
[21:03:14]     tx-udp_tnl-segmentation: on
[21:03:14]     tx-udp_tnl-csum-segmentation: on
[21:03:14]     tx-tunnel-remcsum-segmentation: off [fixed]
[21:03:14]     tx-sctp-segmentation: on
[21:03:14]     tx-esp-segmentation: off [fixed]
[21:03:14]     tx-udp-segmentation: on
[21:03:14]     rx-udp_tunnel-port-offload: off [fixed]
[21:03:14]     rx-udp-gro-forwarding: off
[21:03:14]     Netid State  Recv-Q Send-Q Local Address:Port Peer Address:Port
[21:03:14]     udp   UNCONN 0      0        10.250.95.2:7210      0.0.0.0:*   
[21:03:14]     tcp   LISTEN 0      128      10.250.95.2:7200      0.0.0.0:*   
[21:03:14]     tcp   LISTEN 0      128      10.250.95.2:7201      0.0.0.0:*
[21:03:17] guest$ kill $(cat /tmp/owner.pid) 2>/dev/null; sleep 0.5; RUST_BACKTRACE=1 /vfwd guest --ack oob --intake-mode park --arm yes --flush yes --udp park --declare 7300,7301,7302 --listen-mode level > /tmp/owner.out 2>&1 </dev/null & echo $! > /tmp/owner.pid; sleep 1.5; cat /tmp/owner.out  (rc=0, 2.0s)
[21:03:17]     OWNER_READY role=guest pid=125
[21:03:38] guest(stream)$ /vfwd listen-cycle --port 7300 --cycles 100 --up-ms 100 --down-ms 100  (rc=0, 20.1s, 202 lines)
[21:03:41] guest$ kill $(cat /tmp/owner.pid) 2>/dev/null; sleep 0.5; RUST_BACKTRACE=1 /vfwd guest --ack oob --intake-mode park --arm yes --flush yes --udp park --declare 7300,7301,7302 --listen-mode event > /tmp/owner.out 2>&1 </dev/null & echo $! > /tmp/owner.pid; sleep 1.5; cat /tmp/owner.out  (rc=0, 2.0s)
[21:03:41]     OWNER_READY role=guest pid=149
[21:03:46] guest(stream)$ /vfwd listen-cycle --port 7300 --cycles 20 --up-ms 100 --down-ms 100  (rc=0, 4.0s, 42 lines)
[21:04:23] guest(stream)$ /vfwd listen-cycle --port 7300 --cycles 180 --up-ms 100 --down-ms 100  (rc=0, 36.1s, 362 lines)
[21:04:28] guest(stream)$ /vfwd listen-cycle --port 7300 --cycles 2 --up-ms 1000 --down-ms 1000  (rc=0, 4.0s, 6 lines)
[21:04:28] guest$ /vfwd tcp-server --bind 0.0.0.0:7301 > /tmp/k.log 2>&1 </dev/null & echo $! > /tmp/k.pid  (rc=0, 0.0s)
[21:04:29] $ timeout 20 /home/ubuntu/overdrive/spike-scratch/netns-density-295-v11-vip-v14/out/vfwd-target/x86_64-unknown-linux-gnu/release/vfwd tcp-client --dst <metal-address>:2731 --size 1000  (rc=0)
[21:04:29]     {"connect_ms":0.104157,"dst":"<metal-address>:2731","local":"<metal-address>:38854","ms":3.324084,"ok":true,"peer":"<metal-address>:2731","server_saw_peer":"<metal-address>:38854","size":1000}
[21:04:29] guest$ kill -9 $(cat /tmp/k.pid)  (rc=0, 0.0s)
[21:04:29] guest$ /vfwd tcp-server --bind 0.0.0.0:7301 > /tmp/k.log 2>&1 </dev/null & echo $! > /tmp/k.pid  (rc=0, 0.0s)
[21:04:29] $ timeout 20 /home/ubuntu/overdrive/spike-scratch/netns-density-295-v11-vip-v14/out/vfwd-target/x86_64-unknown-linux-gnu/release/vfwd tcp-client --dst <metal-address>:2731 --size 1000  (rc=0)
[21:04:29]     {"connect_ms":0.097907,"dst":"<metal-address>:2731","local":"<metal-address>:38894","ms":3.613839,"ok":true,"peer":"<metal-address>:2731","server_saw_peer":"<metal-address>:38894","size":1000}
[21:04:29] guest$ kill -TERM $(cat /tmp/k.pid)  (rc=0, 0.0s)
[21:04:29] guest(stream)$ /vfwd listen-churn --port 7302 --iterations 2000 --final open --hold-ms 4000 & sleep 0.5; echo PROBE  (rc=0, 0.5s, 3 lines)
[21:04:33] guest$ /vfwd listen-churn --port 7302 --iterations 2000 --final closed  (rc=0, 0.0s)
[21:04:33]     {"bind_errors":0,"ev":"CHURN_DONE","final_open":false,"iterations":2000,"ms":34.298538,"t_us":82877927}
[21:04:34] guest$ /vfwd listen-cycle --reuseport --port 7302 --cycles 1 --up-ms 8000 --down-ms 0 > /tmp/rp.log 2>&1 </dev/null & echo $! > /tmp/rp.pid  (rc=0, 0.0s)
[21:04:34] guest$ /vfwd listen-churn --reuseport --port 7302 --iterations 2000 --final closed  (rc=0, 0.0s)
[21:04:34]     {"bind_errors":0,"ev":"CHURN_DONE","final_open":false,"iterations":2000,"ms":19.436622,"t_us":83409683}
[21:04:34] guest$ kill $(cat /tmp/rp.pid)  (rc=0, 0.0s)
[21:04:34] guest$ /vfwd listen-cycle --port 7300 --cycles 1 --up-ms 60000 --down-ms 0 > /tmp/hold.log 2>&1 </dev/null & echo $! > /tmp/hold.pid  (rc=0, 0.0s)
[21:04:34] guest$ kill -9 $(cat /tmp/owner.pid)  (rc=0, 0.0s)
[21:04:36] guest$ kill $(cat /tmp/owner.pid) 2>/dev/null; sleep 0.5; RUST_BACKTRACE=1 /vfwd guest --ack oob --intake-mode park --arm yes --flush yes --udp park --declare 7300,7301,7302 --listen-mode event > /tmp/owner.out 2>&1 </dev/null & echo $! > /tmp/owner.pid; sleep 1.5; cat /tmp/owner.out  (rc=0, 2.0s)
[21:04:36]     OWNER_READY role=guest pid=4456
[21:04:36] guest$ kill -9 $(cat /tmp/owner.pid)  (rc=0, 0.0s)
[21:04:36] guest$ kill $(cat /tmp/hold.pid)  (rc=0, 0.0s)
[21:04:38] guest$ kill $(cat /tmp/owner.pid) 2>/dev/null; sleep 0.5; RUST_BACKTRACE=1 /vfwd guest --ack oob --intake-mode park --arm yes --flush yes --udp park --declare 7300,7301,7302 --listen-mode event > /tmp/owner.out 2>&1 </dev/null & echo $! > /tmp/owner.pid; sleep 1.5; cat /tmp/owner.out  (rc=0, 2.0s)
[21:04:38]     OWNER_READY role=guest pid=4469
[21:04:39] guest$ /vfwd listen-cycle --port 7300 --cycles 1 --up-ms 60000 --down-ms 0 > /tmp/hold.log 2>&1 </dev/null & echo $! > /tmp/hold.pid  (rc=0, 0.0s)
[21:04:40] guest$ cat /tmp/owner.out; tail -c 30000 /tmp/owner.log; cat /tmp/owner-stats.json; tail -60 /tmp/sshd.log; tail -20 /tmp/srv7100.log /tmp/srv7101.log  (rc=0, 0.0s)
[21:04:40]     OWNER_READY role=guest pid=4469
[21:04:40]     {"ack_oob":true,"arm":true,"declare":[7300,7301,7302],"egress_ifs":[],"ev":"programs_loaded","flush":true,"intake_park":true,"pid":4469,"programs":[{"id":68,"name":"verdict","tag":"5f61753433e18fc2","verified_insns":884},{"id":69,"name":"strp_parse","tag":"22614579d5370f67","verified_insns":62},{"id":70,"name":"strp_verdict","tag":"4c631b1fcdb0e5f6","verified_insns":895},{"id":71,"name":"lo_decode(tcx lo egress)","tag":"1be1d280222d9e90","verified_insns":465},{"id":72,"name":"sent(fexit skb_send_sock)","tag":"038e16bf070d9335","verified_insns":41},{"id":73,"name":"connect4","tag":"ad52658a44f6fc01","verified_insns":234},{"id":74,"name":"sendmsg4","tag":"25313d2a991262c4","verified_insns":204},{"id":75,"name":"recvmsg4","tag":"5924dfd9424078bf","verified_insns":82},{"id":76,"name":"getpeername4","tag":"90774192d60dfced","verified_insns":127},{"id":77,"name":"sock_release","tag":"e4511879b8661ea8","verified_insns":69},{"id":78,"name":"sockops(root cgroup)","tag":"d3503b23d0e6960e","verified_insns":260},{"id":79,"name":"listen_start(fexit inet_csk_listen_start)","tag":"c546b9f4bb5015a3","verified_insns":114},{"id":80,"name":"listen_stop(fexit inet_csk_listen_stop)","tag":"75bbcb6a8014345d","verified_insns":97}],"role":"guest","tuple_from_peer":true,"udp_park":true,"unframe":"tc"}
[21:04:40]     {"ev":"park_pool","slots":256}
[21:04:40]     {"ev":"ctl_open","t_us":86901724}
[21:04:40]     {"ev":"lset_seeded","lset":"{}"}
[21:04:40]     {"ev":"listen_state_sent","event_to_send_us":null,"listeners":0,"listening":false,"mode":"event","port":7300,"reason":"session_open","seq":1,"t_us":86901808}
[21:04:40]     {"ev":"listen_state_sent","event_to_send_us":null,"listeners":0,"listening":false,"mode":"event","port":7301,"reason":"session_open","seq":2,"t_us":86901872}
[21:04:40]     {"ev":"listen_state_sent","event_to_send_us":null,"listeners":0,"listening":false,"mode":"event","port":7302,"reason":"session_open","seq":3,"t_us":86901936}
[21:04:40]     {"ev":"guest_ready","slots":64,"w":"10.99.7.2"}
[21:04:40]     {"cookie":9759,"ev":"listen_event","family":2,"kind":"start","ktime_us":88966664,"port":7300,"reachable":true,"wake_lag_us":38}
[21:04:40]     {"ev":"listen_state_sent","event_to_send_us":173,"listeners":1,"listening":true,"mode":"event","port":7300,"reason":"event","seq":4,"t_us":88966837}
[21:04:40]     {"ev":"bad_accept_request"}
[21:04:40]     {"ev":"ctl_closed","t_us":88968971}
[21:04:40]     {"err":"Connection reset by peer (os error 104)","ev":"ctl_connect_failed"}
[21:04:40]     {"err":"Connection reset by peer (os error 104)","ev":"ctl_connect_failed"}
[21:04:40]     {"ev":"ctl_open","t_us":89721820}
[21:04:40]     {"ev":"lset_seeded","lset":"{7300: {9759}}"}
[21:04:40]     {"ev":"listen_state_sent","event_to_send_us":null,"listeners":1,"listening":true,"mode":"event","port":7300,"reason":"session_open","seq":5,"t_us":89722020}
[21:04:40]     {"ev":"listen_state_sent","event_to_send_us":null,"listeners":0,"listening":false,"mode":"event","port":7301,"reason":"session_open","seq":6,"t_us":89722161}
[21:04:40]     {"ev":"listen_state_sent","event_to_send_us":null,"listeners":0,"listening":false,"mode":"event","port":7302,"reason":"session_open","seq":7,"t_us":89722309}
[21:04:40]     {"client":"<metal-address>:38268","ev":"tcp_accept","flow":2,"gport":7300}
[21:04:40]     {"client":"<metal-address>:38282","ev":"tcp_accept","flow":4,"gport":7300}
[21:04:40]     {"age_ms":1,"ev":"flow_closed","flow":2,"kind":2,"reset":false,"why":"both_directions_done"}
[21:04:40]     {"age_ms":1,"ev":"flow_closed","flow":4,"kind":2,"reset":false,"why":"both_directions_done"}
[21:04:40]     {"aborted_on_ctl_loss":0,"counters":[0,0,0,0,0,0,0,0,0,0,0,0,0,0,0,0,0,0,0,0,0,0,0,0,0,0,0,0,0,0,0,0,0,0,0,6,0,0,0,0],"ctl_connect_failed":2,"ctl_sessions_opened":2,"flows_open":0,"listen_events":6,"listen_state_sent":7,"t_ms":1791234280705.4553}Server listening on 0.0.0.0 port 22.
[21:04:40]     ==> /tmp/srv7100.log <==
[21:04:40]     {"banner":false,"bind":"0.0.0.0:7100","ev":"tcp_server_ready","rst":false}
[21:04:40]     
[21:04:40]     ==> /tmp/srv7101.log <==
[21:04:40]     {"banner":true,"bind":"0.0.0.0:7101","ev":"tcp_server_ready","rst":false}
[21:04:44] === done
