    Finished `dev` profile [unoptimized + debuginfo] target(s) in 0.07s
     Running `target/debug/xtask metal run -- bash -lc 'timeout --signal=TERM --kill-after=90s 1200s env SVM_E08_OUTPUT_ROOT=/srv/vm/overdrive-testing/svm-e08 examples/service-kind-vm-workloads/run-example.sh run liveness-restart'`
/usr/bin/ssh
xtask: running metal run (one bootstrap lease session)

########## [bootstrap] preflight: ssh to ubuntu@<metal-host-redacted>

########## [bootstrap] remote user=ubuntu home=/home/ubuntu sudo='sudo -n'

########## [bootstrap] acquire canonical metal lease (/run/lock/overdrive-metal-shared.lock)
OVERDRIVE_METAL_LEASE_ACQUIRED token=3480cf9e09c8b12c8867c056 pid=4040062

########## [bootstrap] sync /Users/marcus/conductor/workspaces/helios/accra -> ubuntu@<metal-host-redacted>:/home/ubuntu/overdrive

sent 1,331,881 bytes  received 95,007 bytes  570,755.20 bytes/sec
total size is 290,988,282  speedup is 203.93

########## [bootstrap] fail-closed native x86_64/KVM preflight
    Finished `dev` profile [unoptimized + debuginfo] target(s) in 0.19s
prepared SVM E08 runtime materialization at /srv/vm/overdrive-testing/svm-e08
verified SVM E08 runtime materialization at /srv/vm/overdrive-testing/svm-e08
Script started on 2026-09-09 15:33:07+00:00 [COMMAND="env OVERDRIVE_CONFIG_DIR=/srv/vm/overdrive-testing/svm-e08/config /home/ubuntu/overdrive/target/debug/overdrive deploy /home/ubuntu/overdrive/examples/service-kind-vm-workloads/liveness-restart.toml" <not executed on terminal>]
Accepted.
Workload ID:   service-vm-liveness-restart
Intent key:    workloads/service-vm-liveness-restart
Spec digest:   bb47326d3bd664ad8e923df9b7ba16ddb9247cdb1d668117a04e5106dd247678
Outcome:       created
Endpoint:      https://127.0.0.1:7644/
Next: overdrive workload describe service-vm-liveness-restart
Service 'service-vm-liveness-restart' is stable (settled in 2229ms; witness: startup probe[0] (tcp 0.0.0.0:18081))

Script done on 2026-09-09 15:33:09+00:00 [COMMAND_EXIT_CODE="0"]
Service 'service-vm-liveness-restart' (kind: Service)
Spec digest: bb47326d3bd664ad8e923df9b7ba16ddb9247cdb1d668117a04e5106dd247678
Replicas (desired/running): 1/1
Alloc                    State        Restarts   Since               
alloc-service-vm-liveness-restart-0 Running      0          (c=15,w=local)      
    reason: driver started
Memory:        134217728
Addresses:
  alloc-service-vm-liveness-restart-0: 10.99.128.2
VIP:           10.96.0.2
Listeners:
  18080/tcp
Issued certificates:
  serial:        7b70e1b678eb90f31d9cb68f9832d18d
    spiffe_id:     spiffe://overdrive.local/workload/service-vm-liveness-restart/alloc/alloc-service-vm-liveness-restart-0
    issuer_serial: 33d85e5671bdea45aa994fefd2037d16
    not_after:     1788971527.359248271
Probes:
  startup probe[0] tcp 0.0.0.0:18081 last=pass last_observed_at=1788967989508
  readiness probe[0] http GET http://0.0.0.0:18080/ready last=pass last_observed_at=1788967989508
  liveness probe[0] http GET http://0.0.0.0:18080/live last=pass last_observed_at=1788967989508
Service 'service-vm-liveness-restart' (kind: Service)
Spec digest: bb47326d3bd664ad8e923df9b7ba16ddb9247cdb1d668117a04e5106dd247678
Replicas (desired/running): 1/0
Alloc                    State        Restarts   Since               
alloc-service-vm-liveness-restart-0 Terminated   0          (c=213,w=local)     
    reason: stopped
Memory:        134217728
VIP:           10.96.0.2
Listeners:
  18080/tcp
Probes:
  startup probe[0] tcp 0.0.0.0:18081 last=pass last_observed_at=1788967989508
  readiness probe[0] http GET http://0.0.0.0:18080/ready last=pass last_observed_at=1788968020596
  liveness probe[0] http GET http://0.0.0.0:18080/live last=fail (HTTP 503) last_observed_at=1788968020596
Service 'service-vm-liveness-restart' (kind: Service)
Spec digest: bb47326d3bd664ad8e923df9b7ba16ddb9247cdb1d668117a04e5106dd247678
Replicas (desired/running): 1/1
Alloc                    State        Restarts   Since               
alloc-service-vm-liveness-restart-0 Running      1          (c=214,w=local)     
    reason: driver started
    last terminated: Terminated at (c=213,w=local) — stopped
    last terminated ran since: 1788967987.299894507
Memory:        134217728
Addresses:
  alloc-service-vm-liveness-restart-0: 10.99.128.2
VIP:           10.96.0.2
Listeners:
  18080/tcp
Issued certificates:
  serial:        fe910ee991156b3c6e5a1edc6e997dd4
    spiffe_id:     spiffe://overdrive.local/workload/service-vm-liveness-restart/alloc/alloc-service-vm-liveness-restart-0
    issuer_serial: 33d85e5671bdea45aa994fefd2037d16
    not_after:     1788971561.924381708
Probes:
  startup probe[0] tcp 0.0.0.0:18081 last=pass last_observed_at=1788968024081
  readiness probe[0] http GET http://0.0.0.0:18080/ready last=pass last_observed_at=1788968024081
  liveness probe[0] http GET http://0.0.0.0:18080/live last=pass last_observed_at=1788968024081
--- E12 ledger begin ---
phase	allocation_id	state	restarts	probe_role	probe_status	terminal_reason	response	startup_observed_at	started_at	threshold_failures
before	alloc-service-vm-liveness-restart-0	Running	0	liveness	pass	none	HTTP 204	1788967989508	(c=15,w=local)	0
terminal	alloc-service-vm-liveness-restart-0	Terminated	0	liveness	fail	liveness-probe	HTTP 503	1788967989508	(c=213,w=local)	13
after	alloc-service-vm-liveness-restart-0	Running	1	liveness	pass	liveness-probe	HTTP 204	1788968024081	(c=214,w=local)	13
--- E12 ledger end ---
E12 PASS: liveness stop, ordinary same-ID replacement, no readiness restart, no dead revival
Stopped workload 'service-vm-liveness-restart'.
Endpoint: https://127.0.0.1:7644/
removed SVM E08-owned materialization from /srv/vm/overdrive-testing/svm-e08
E12 teardown deltas: vm=0 probe=0 network=0 cgroup=0 run-directory=0 mount=0 loop=0 preparation=0
