GUEST_BOOT uname_r=7.0.0-29-generic uptime=0.60
net.ipv4.tcp_fwmark_accept = 1
net.ipv4.fwmark_reflect = 1
GUEST_NET_BEGIN
[1;36mlo               [0mUNKNOWN        [1;33m00:00:00:00:00:00 [0m<LOOPBACK,UP,LOWER_UP> 
[1;36mdummy0           [0mUNKNOWN        [1;33m5a:af:a4:69:1c:62 [0m<BROADCAST,NOARP,UP,LOWER_UP> 
1: [1;36mlo: [0m<LOOPBACK,UP,LOWER_UP> mtu 65536 qdisc noqueue state UNKNOWN group default qlen 1000
    inet [1;35m127.0.0.1[0m/8 scope host lo
       valid_lft forever preferred_lft forever
2: [1;36mdummy0: [0m<BROADCAST,NOARP,UP,LOWER_UP> mtu 1500 qdisc noqueue state UNKNOWN group default qlen 1000
    inet [1;35m10.99.7.2[0m/32 scope global dummy0
       valid_lft forever preferred_lft forever
0:	from all lookup local
32765:	from all fwmark 0x295 lookup 295
32766:	from all lookup main
32767:	from all lookup default
GUEST_NET_END
dummy0  lo

thread 'main' (110) panicked at src/owner.rs:190:18:
unknown arg 7301
stack backtrace:
   0: __rustc::rust_begin_unwind
             at ./rustc/59807616e1fa2540724bfbac14d7976d7e4a3860/library/std/src/panicking.rs:689:5
   1: core::panicking::panic_fmt
             at ./rustc/59807616e1fa2540724bfbac14d7976d7e4a3860/library/core/src/panicking.rs:80:14
   2: vfwd::owner::parse_cfg
             at ./home/ubuntu/overdrive/spike-scratch/netns-density-295-v11-vip-v14/vfwd/src/owner.rs:190:18
   3: vfwd::owner::run
             at ./home/ubuntu/overdrive/spike-scratch/netns-density-295-v11-vip-v14/vfwd/src/owner.rs:640:13
   4: vfwd::main
             at ./home/ubuntu/overdrive/spike-scratch/netns-density-295-v11-vip-v14/vfwd/src/main.rs:34:29
   5: core::ops::function::FnOnce::call_once
             at ./home/ubuntu/.rustup/toolchains/1.95.0-x86_64-unknown-linux-gnu/lib/rustlib/src/rust/library/core/src/ops/function.rs:250:5
note: Some details are omitted, run with `RUST_BACKTRACE=full` for a verbose backtrace.
GUEST_READY
