/usr/bin/ssh

########## [bootstrap] preflight: ssh to <redacted-metal-target>

########## [bootstrap] remote user=ubuntu home=<metal-home> sudo='sudo -n'

########## [bootstrap] acquire canonical metal lease (/run/lock/overdrive-metal-shared.lock)
OVERDRIVE_METAL_LEASE_ACQUIRED token=70d2239bfd6bde98ac274c9b pid=340784

########## [bootstrap] sync /Users/marcus/conductor/workspaces/helios/bordeaux-v2 -> <redacted-metal-target>:<metal-home>/overdrive
cannot delete non-empty directory: spike-scratch/increment-u-netns-density-295-default-offload-20260913T2302
cannot delete non-empty directory: spike-scratch/increment-t-netns-density-295-bridge-local-20260913T2259
cannot delete non-empty directory: spike-scratch/increment-s-netns-density-295-bridge-dns-20260913T2257
cannot delete non-empty directory: spike-scratch/increment-r-netns-density-295-offload-20260913T2254
cannot delete non-empty directory: spike-scratch/increment-q-netns-density-295-broute-host-20260913T2252
cannot delete non-empty directory: spike-scratch/increment-p-netns-density-295-metal-20260913T2237

sent 165,078 bytes  received 3,696 bytes  67,509.60 bytes/sec
total size is 168,501,902  speedup is 998.39

########## [bootstrap] fail-closed native x86_64/KVM preflight

##### [build-guest go-strace] pristine sources (must be clean at the pinned SHAs)  (11:09:38)
unikraft (pristine) HEAD=eb8fa2368618cea11c9bde196f79e6e6b9caeed5 dirty=0
lib-lwip (pristine) HEAD=ec55ae17618feeb57c8c10109bcf5c42723e8e95 dirty=0
--- Spike B / B2 worktrees (must still be exactly their patches)
 lib/posix-socket/exportsyms.uk       |  2 ++
 lib/posix-socket/include/uk/socket.h | 24 ++++++++++++++++++++++++
 lib/posix-socket/socket.c            | 23 +++++++++++++++++++++++
 3 files changed, 49 insertions(+)
 lib/posix-socket/exportsyms.uk       |  2 ++
 lib/posix-socket/include/uk/socket.h | 24 ++++++++++++++++++++++++
 lib/posix-socket/socket.c            | 23 +++++++++++++++++++++++
 3 files changed, 49 insertions(+)
 include/uk/lwip_readiness.h | 19 +++++++++++++++++++
 sockets.c                   | 25 +++++++++++++++++++++++--
 2 files changed, 42 insertions(+), 2 deletions(-)

##### [build-guest go-strace] patches (reused read-only from increments d and e)  (11:09:38)
e3b35083cba6adf3def8328105dfbe3cd289714f34df61814ae852600969dfae  <metal-home>/overdrive/spike-scratch/in-guest-kernel-mtls/increment-f/../increment-d/patches/0001-posix-socket-connect-post-hook.patch
9c798cce6ffca36e6d379f7a6463c9d7f5cb31fd3ac2c46228860c0ee13b10f4  <metal-home>/overdrive/spike-scratch/in-guest-kernel-mtls/increment-f/../increment-d/patches/0002-posix-socket-accept-post-hook.patch
a4857fcef29d354dce2c55d6d4d019098cf4c9cfd3414cfe5aa521cd952302ff  <metal-home>/overdrive/spike-scratch/in-guest-kernel-mtls/increment-f/../increment-e/patches/0003-lib-lwip-readiness-interposition.patch

##### [build-guest go-strace] app-elfloader clone <metal-home>/igkm-spike-a/unikraft/app-elfloader (pinned a6c9dc2b655572bee1f9657cbcc2d1eca8f6cb73; used read-only as A=)  (11:09:38)
app-elfloader a6c9dc2b655572bee1f9657cbcc2d1eca8f6cb73 2026-06-05 13:50:21 +0200 Empty Kraftfile
https://github.com/unikraft/app-elfloader.git

##### [build-guest go-strace] lib-libelf clone <metal-home>/igkm-spike-a/unikraft/lib-libelf (HEAD recorded; first clone pins it)  (11:09:38)
lib-libelf c03d4ceb22a2b9e9799238f9c277a14284d313ad 2026-01-22 13:00:07 +0200 .github/workflows: Add dispatch to catalog-core
https://github.com/unikraft/lib-libelf.git
--- lib-libelf fetch/checksum lines

##### [build-guest go-strace] Unikraft worktree <metal-home>/igkm-spike-a/unikraft/unikraft-igkmf = eb8fa236 + increment-d 0001 + 0002  (11:09:38)
 lib/posix-socket/exportsyms.uk       |  2 ++
 lib/posix-socket/include/uk/socket.h | 24 ++++++++++++++++++++++++
 lib/posix-socket/socket.c            | 23 +++++++++++++++++++++++
 3 files changed, 49 insertions(+)

##### [build-guest go-strace] lib-lwip worktree <metal-home>/igkm-spike-a/unikraft/lib-lwip-igkmf = ec55ae17 + increment-e 0003  (11:09:38)
 include/uk/lwip_readiness.h | 19 +++++++++++++++++++
 sockets.c                   | 25 +++++++++++++++++++++++--
 2 files changed, 42 insertions(+), 2 deletions(-)

##### [build-guest go-strace] Mbed TLS 3.6.7 (sha256-pinned, shared)  (11:09:38)
<metal-home>/igkm-spike-a/unikraft/mbedtls/mbedtls-3.6.7.tar.bz2: OK

##### [build-guest go-strace] lib-mtlsguard (increment-f copy) + config fragment  (11:09:38)
8110e65a402fc6cde2619ead88059efa7150461c5d594dba6c335730ad7024f7  lib-mtlsguard/guard.c
d6e700d9ba59b1f69af03549630392d60dcaf97d05e2df3777860241490bc5ca  lib-mtlsguard/Makefile.uk
367a785a5aeac1f97b5c5c136648f545495fa1a587e3904baa17da719eca0915  lib-mtlsguard/Config.uk
33998acc3c00fbc07e3638e92e4ddf95ecedba2ee1845dc4a80642dfa6e99e2e  lib-mtlsguard/include/igkme_mbedtls_config.h
642f642a24f9c72825706cec96ca14d41729732c206d777d03ddde830e14bab6  config/igkmf.defconfig
--- guard.c vs Spike B2's (increment-e): only the evidence addition may differ
  changed lines: 39
  removed lines (must be 0): 0
f7b6d62305d31fe5ba2ea0d96b4fc951dc5be1b1a68381edce1c297def3418fc  <metal-home>/overdrive/spike-scratch/in-guest-kernel-mtls/increment-f/config/igkmf-go.fragment
gcc    /usr/bin/gcc  gcc (Ubuntu 15.2.0-16ubuntu1) 15.2.0
make   /usr/bin/make  GNU Make 4.4.1
ld     /usr/bin/ld  GNU ld (GNU Binutils for Ubuntu) 2.46
flex   <metal-home>/igkm-spike-a/unikraft/tools/prefix/bin/flex  flex 2.6.4
bison  <metal-home>/igkm-spike-a/unikraft/tools/prefix/bin/bison  bison (GNU Bison) 3.8.2
m4     <metal-home>/igkm-spike-a/unikraft/tools/prefix/bin/m4  m4 (GNU M4) 1.4.19
wget   /usr/bin/wget  GNU Wget 1.25.0 built on linux-gnu.

##### [build-guest go-strace] clean build dir  (11:09:38)

##### [build-guest go-strace] configure: make defconfig  (11:09:38)
# configuration written to <metal-home>/igkm-spike-a/unikraft/config-igkmf-go-strace/.config
#
make: Leaving directory '<metal-home>/igkm-spike-a/unikraft/unikraft-igkmf'

##### [build-guest go-strace] required symbols  (11:09:40)
  CONFIG_PLAT_KVM=y
  CONFIG_KVM_VMM_FIRECRACKER=y
  CONFIG_KVM_BOOT_PROTO_LXBOOT=y
  CONFIG_LIBVIRTIO_MMIO=y
  CONFIG_LIBVIRTIO_NET=y
  CONFIG_LIBVIRTIO_VSOCK=y
  CONFIG_LIBUKVSOCKDEV=y
  CONFIG_LIBUKNETDEV=y
  CONFIG_LIBUKLIBPARAM=y
  CONFIG_LIBPOSIX_SOCKET=y
  CONFIG_LIBLWIP=y
  CONFIG_LWIP_SOCKET=y
  CONFIG_LWIP_TCP=y
  CONFIG_LIBMTLSGUARD=y
  CONFIG_LIBPOSIX_TIME=y
  CONFIG_LIBUKPS2_SYSRESET=y
  CONFIG_LIBPOSIX_POLL=y
  CONFIG_LIBUKSCHEDCOOP=y
  CONFIG_LIBUKBOOT_MAINTHREAD=y
  CONFIG_APPELFLOADER_INITRDEXEC=y
  CONFIG_APPELFLOADER_CUSTOMAPPNAME=y
  CONFIG_LIBELF=y
  CONFIG_LIBSYSCALL_SHIM=y
  CONFIG_LIBSYSCALL_SHIM_HANDLER=y
  CONFIG_LIBSYSCALL_SHIM_HANDLER_ULTLS=y
  CONFIG_LIBPOSIX_PROCESS=y
  CONFIG_LIBPOSIX_PROCESS_MULTITHREADING=y
  CONFIG_LIBPOSIX_PROCESS_ARCH_PRCTL=y
  CONFIG_LIBPOSIX_PROCESS_BRK=y
  CONFIG_LIBUKRANDOM_GETRANDOM=y
  CONFIG_LIBPOSIX_MMAP=y
  CONFIG_LIBSYSCALL_SHIM_STRACE=y
  CONFIG_LIBPOSIX_FUTEX=y
  CONFIG_LIBPOSIX_EVENTFD=y
  CONFIG_LIBPOSIX_PIPE=y
  CONFIG_LIBPOSIX_VFS=y
  CONFIG_LIBPOSIX_VFS_MULTICTX=y
  CONFIG_LIBVFSCORE off
  CONFIG_APPELFLOADER_AUTOGEN off

##### [build-guest go-strace] full resolved .config (sha256 084fcd947493cc788c7e6a46107596ef0f136b982f8214b3bb4ec82bb343c9b9)  (11:09:40)
----- BEGIN .config -----
#
# Automatically generated file; DO NOT EDIT.
# Unikraft/0.21.0~eb8fa236-custom Configuration
#
CONFIG_UK_FULLVERSION="0.21.0~eb8fa236-custom"
CONFIG_UK_CODENAME="Ijiraq"
CONFIG_UK_ARCH="x86_64"
CONFIG_HOST_ARCH="x86_64"
CONFIG_UK_BASE="<metal-home>/igkm-spike-a/unikraft/unikraft-igkmf"
CONFIG_UK_APP="<metal-home>/igkm-spike-a/unikraft/app-elfloader"
CONFIG_UK_DEFNAME="app-elfloader"

#
# Architecture Selection
#
CONFIG_ARCH_X86_64=y
# CONFIG_ARCH_ARM_64 is not set
# CONFIG_ARCH_ARM_32 is not set
# CONFIG_MARCH_X86_64_NATIVE is not set
CONFIG_MARCH_X86_64_GENERIC=y
# CONFIG_MARCH_X86_64_NOCONA is not set
# CONFIG_MARCH_X86_64_CORE2 is not set
# CONFIG_MARCH_X86_64_COREI7 is not set
# CONFIG_MARCH_X86_64_COREI7AVX is not set
# CONFIG_MARCH_X86_64_COREI7AVXI is not set
# CONFIG_MARCH_X86_64_ATOM is not set
# CONFIG_MARCH_X86_64_K8 is not set
# CONFIG_MARCH_X86_64_K8SSE3 is not set
# CONFIG_MARCH_X86_64_AMDFAM10 is not set
# CONFIG_MARCH_X86_64_BTVER1 is not set
# CONFIG_MARCH_X86_64_BDVER1 is not set
# CONFIG_MARCH_X86_64_BDVER2 is not set
# CONFIG_MARCH_X86_64_BDVER3 is not set
# CONFIG_MARCH_X86_64_BTVER2 is not set
CONFIG_STACK_SIZE_PAGE_ORDER=4
CONFIG_CPU_EXCEPT_STACK_SIZE_PAGE_ORDER=4
CONFIG_AUXSTACK_SIZE_PAGE_ORDER=4
# end of Architecture Selection

#
# Platform Configuration
#
CONFIG_PLAT_KVM=y
CONFIG_KVM_BOOT_PROTO_LXBOOT=y
# CONFIG_KVM_VMM_QEMU is not set
CONFIG_KVM_VMM_FIRECRACKER=y
CONFIG_LIBUKPLAT_NATIVE_PAL=y
CONFIG_LIBUKPLAT_NATIVE=y
CONFIG_LIBUKPLAT_NATIVE_ADDR=y
CONFIG_LIBUKPLAT_NATIVE_PAGE=y
CONFIG_LIBUKPLAT_NATIVE_PAGING=y
CONFIG_LIBUKPLAT_NATIVE_PT=y
CONFIG_LIBUKPLAT_NATIVE_TLB=y
CONFIG_LIBUKPLAT_NATIVE_ECTX=y
# CONFIG_LIBUKPLAT_NATIVE_ECTX_ISR_ASSERTIONS is not set
CONFIG_LIBUKPLAT_NATIVE_AUXSP=y
CONFIG_LIBUKPLAT_NATIVE_LCPU=y
CONFIG_LIBUKPLAT_NATIVE_REGS=y
CONFIG_LIBUKPLAT_NATIVE_EXCEPT=y
CONFIG_LIBUKPLAT_NATIVE_SYSCTX=y
CONFIG_LIBUKPLAT_NATIVE_LCPU_PM=y
CONFIG_LIBUKPLAT_NATIVE_START=y
# CONFIG_PLAT_XEN is not set

#
# Platform Interface Options
#
# CONFIG_UKPLAT_MEMRNAME is not set
CONFIG_UKPLAT_MEMREGION_MAX_COUNT=128
CONFIG_UKPLAT_CPU_MAXCOUNT=1
# end of Platform Interface Options

CONFIG_HZ=100
CONFIG_HAVE_SHUTDOWN_DISPATCHER=y
CONFIG_HAVE_PAGING=y
CONFIG_HAVE_CPU_MULTI_PHASE_STARTUP=y
# end of Platform Configuration

#
# Device Drivers
#

#
# Real Time Clock
#
# end of Real Time Clock

CONFIG_VIRTIO_DEVICE=y

#
# Bus drivers
#
CONFIG_LIBUKBUS_PLATFORM=y
# end of Bus drivers

#
# Interrupt controller
#
CONFIG_HAVE_APIC=y
CONFIG_LIBUKINTCTLR_XPIC=y
# CONFIG_LIBUKINTCTLR_APIC is not set
# end of Interrupt controller

#
# Platform
#

#
# Input devices
#
CONFIG_HAVE_IBMPC_PS2=y
CONFIG_LIBUKPS2=y
CONFIG_LIBUKPS2_KBD=y
CONFIG_LIBUKPS2_SYSRESET=y
# end of Input devices

#
# Random Number Generator
#
CONFIG_LIBUKRANDOM_LCPU=y
# end of Random Number Generator

#
# Serial console
#
CONFIG_HAVE_IBMPC_NS16550=y
CONFIG_LIBNS16550=y
CONFIG_LIBNS16550_EARLY_CONSOLE=y
CONFIG_LIBNS16550_COM_AVAIL=y
CONFIG_LIBNS16550_COM1=y
CONFIG_LIBNS16550_COM1_BAUD_115200=y
# CONFIG_LIBNS16550_COM1_BAUD_57600 is not set
# CONFIG_LIBNS16550_COM1_BAUD_38400 is not set
# CONFIG_LIBNS16550_COM1_BAUD_19200 is not set
# CONFIG_LIBNS16550_COM2 is not set
# CONFIG_LIBNS16550_COM3 is not set
# CONFIG_LIBNS16550_COM4 is not set
CONFIG_LIBNS16550_COM1_EARLY=y
# end of Serial console

#
# Virtio
#
CONFIG_LIBVIRTIO_BUS=y
# CONFIG_LIBVIRTIO_CONSOLE is not set
# CONFIG_LIBVIRTIO_FS is not set
CONFIG_HAVE_MMIO=y
CONFIG_LIBVIRTIO_MMIO=y
CONFIG_VIRTIO_MMIO_MAX_DEV_CMDLINE=4
CONFIG_VIRTIO_MMIO_LINUX_COMPAT_CMDLINE=y
CONFIG_LIBVIRTIO_NET=y
CONFIG_LIBVIRTIO_RING=y
CONFIG_LIBVIRTIO_VSOCK=y
# end of Virtio

#
# Xen
#
# CONFIG_LIBXENEMGCONS is not set
# end of Xen

#
# Firmware
#
# CONFIG_LIBUKACPI is not set
# CONFIG_LIBUKEFI is not set
# end of Firmware
# end of Device Drivers

#
# Library Configuration
#
CONFIG_LIBISRLIB=y
CONFIG_LIBNOLIBC=y
CONFIG_LIBNOLIBC_UKDEBUG_ASSERT=y
# CONFIG_LIBNOLIBC_SYSLOG is not set
CONFIG_LIBNOLIBC_FD_SETSIZE=64
CONFIG_LIBNOLIBC_HAVE_VFS=y
CONFIG_LIBPOSIX_ENVIRON=y

#
# Compiled-in environment variables
#
CONFIG_LIBPOSIX_ENVIRON_ENVP0="PATH=/bin"
CONFIG_LIBPOSIX_ENVIRON_ENVP0_NOTEMPTY=y
CONFIG_LIBPOSIX_ENVIRON_ENVP1=""
CONFIG_LIBPOSIX_ENVIRON_ENVP2=""
CONFIG_LIBPOSIX_ENVIRON_ENVP3=""
CONFIG_LIBPOSIX_ENVIRON_ENVP4=""
CONFIG_LIBPOSIX_ENVIRON_ENVP5=""
CONFIG_LIBPOSIX_ENVIRON_ENVP6=""
CONFIG_LIBPOSIX_ENVIRON_ENVP7=""
CONFIG_LIBPOSIX_ENVIRON_ENVP8=""
CONFIG_LIBPOSIX_ENVIRON_ENVP9=""
CONFIG_LIBPOSIX_ENVIRON_ENVP10=""
CONFIG_LIBPOSIX_ENVIRON_ENVP11=""
CONFIG_LIBPOSIX_ENVIRON_ENVP12=""
CONFIG_LIBPOSIX_ENVIRON_ENVP13=""
CONFIG_LIBPOSIX_ENVIRON_ENVP14=""
CONFIG_LIBPOSIX_ENVIRON_ENVP15=""
# end of Compiled-in environment variables

# CONFIG_LIBPOSIX_ENVIRON_LIBPARAM is not set
CONFIG_LIBPOSIX_EVENTFD=y
CONFIG_LIBPOSIX_FD=y
CONFIG_LIBPOSIX_FD_HEAPOFD=y
CONFIG_LIBPOSIX_FDIO=y
CONFIG_LIBPOSIX_FDIO_VMA_COPY=y
CONFIG_LIBPOSIX_FDTAB=y
CONFIG_LIBPOSIX_FDTAB_MAXFDS=1024
CONFIG_LIBPOSIX_FDTAB_MULTITAB=y
CONFIG_LIBPOSIX_FDTAB_LEGACY_SHIM=y
CONFIG_LIBPOSIX_FUTEX=y
# CONFIG_LIBPOSIX_FUTEX_DEBUG is not set
# CONFIG_LIBPOSIX_FUTEX_TEST is not set
# CONFIG_LIBPOSIX_LIBDL is not set
CONFIG_LIBPOSIX_MMAP=y
# CONFIG_LIBPOSIX_MMAP_TEST is not set
# CONFIG_LIBPOSIX_NETLINK is not set
CONFIG_LIBPOSIX_PIPE=y
CONFIG_LIBPOSIX_PIPE_SIZE_ORDER=16
CONFIG_LIBPOSIX_PIPE_PACKET=y
CONFIG_LIBPOSIX_PIPE_MAX_PACKETS=64
CONFIG_LIBPOSIX_POLL=y
CONFIG_LIBPOSIX_POLL_YIELD=y
CONFIG_LIBPOSIX_PROCESS=y
CONFIG_LIBPOSIX_PROCESS_MULTITHREADING=y
CONFIG_LIBPOSIX_PROCESS_MAX_PID=31
CONFIG_LIBPOSIX_PROCESS_BRK=y
CONFIG_LIBPOSIX_PROCESS_BRK_PAGE_ORDER=9
CONFIG_LIBPOSIX_PROCESS_BRK_INC_MEMZERO=y
# CONFIG_LIBPOSIX_PROCESS_BRK_DEC_DONTNEED is not set
# CONFIG_LIBPOSIX_PROCESS_CLONE_PREFER_CHILD is not set
# CONFIG_LIBPOSIX_PROCESS_EXECVE is not set
# CONFIG_LIBPOSIX_PROCESS_MULTIPROCESS is not set
# CONFIG_LIBPOSIX_PROCESS_SIGNAL is not set
CONFIG_LIBPOSIX_PROCESS_ARCH_PRCTL=y
# CONFIG_LIBPOSIX_PROCESS_DEBUG is not set
CONFIG_LIBPOSIX_SOCKET=y
# CONFIG_LIBPOSIX_SOCKET_PRINT_ERRORS is not set
# CONFIG_LIBPOSIX_SOCKET_EVENTS is not set
CONFIG_LIBPOSIX_SYSINFO=y
CONFIG_LIBPOSIX_TIME=y
# CONFIG_LIBPOSIX_TIMERFD is not set
CONFIG_LIBPOSIX_TTY=y
CONFIG_LIBPOSIX_TTY_SERIAL=y
CONFIG_LIBPOSIX_TTY_STDIO=y
CONFIG_LIBPOSIX_TTY_PSEUDO=y
CONFIG_LIBPOSIX_TTY_STDIN_NULL=y
# CONFIG_LIBPOSIX_TTY_STDIN_VOID is not set
# CONFIG_LIBPOSIX_TTY_STDIN_SERIAL is not set
CONFIG_LIBPOSIX_TTY_STDOUT_SERIAL=y
# CONFIG_LIBPOSIX_TTY_STDOUT_NULL is not set
# CONFIG_LIBPOSIX_UNIXSOCKET is not set
CONFIG_LIBPOSIX_USER=y
CONFIG_LIBPOSIX_USER_UID=0
CONFIG_LIBPOSIX_USER_GID=0
CONFIG_LIBPOSIX_USER_USERNAME="root"
CONFIG_LIBPOSIX_USER_GROUPNAME="root"
CONFIG_LIBPOSIX_VFS=y
CONFIG_LIBPOSIX_VFS_SYSCALLS=y
# CONFIG_LIBPOSIX_VFS_PERMISSIONS is not set
# CONFIG_LIBPOSIX_VFS_MOUNT_CLEANUP is not set

#
# VFS limits:
#
CONFIG_LIBPOSIX_VFS_MAX_MOUNTS=8
CONFIG_LIBPOSIX_VFS_SYMLIMIT_DEPTH=y
# CONFIG_LIBPOSIX_VFS_SYMLIMIT_NUM is not set
CONFIG_LIBPOSIX_VFS_MAX_SYMDEPTH=32

#
# Nonstandard API relaxations (require driver support):
#
# CONFIG_LIBPOSIX_VFS_RELAX_UNLINK is not set
# CONFIG_LIBPOSIX_VFS_RELAX_RMDIR is not set
CONFIG_LIBPOSIX_VFS_MULTICTX=y
# CONFIG_LIBPOSIX_VFS_FSTAB is not set
CONFIG_LIBSYSCALL_SHIM=y
# CONFIG_LIBSYSCALL_SHIM_LIBCSTUBS is not set
CONFIG_LIBSYSCALL_SHIM_HANDLER=y
CONFIG_LIBSYSCALL_SHIM_HANDLER_ULTLS=y

#
# Debugging
#
# CONFIG_LIBSYSCALL_SHIM_DEBUG_SYSCALLS is not set
# CONFIG_LIBSYSCALL_SHIM_DEBUG_HANDLER is not set
CONFIG_LIBSYSCALL_SHIM_STRACE=y
# CONFIG_LIBSYSCALL_SHIM_STRACE_ANSI_COLOR is not set
CONFIG_LIBSYSCALL_SHIM_STRACE_PRINT_TYPE=y
# CONFIG_LIBSYSCALL_SHIM_DEBUG is not set
CONFIG_LIBSYSCALL_SHIM_LEGACY_VERBOSE=y
# end of Debugging

# CONFIG_LIBUBSAN is not set
# CONFIG_LIBUK9P is not set
CONFIG_LIBUKALLOC=y
# CONFIG_LIBUKALLOC_IFMALLOC is not set
# CONFIG_LIBUKALLOC_IFSTATS is not set
CONFIG_LIBUKALLOCBBUDDY=y
# CONFIG_LIBUKALLOCBBUDDY_FREELIST_SANITY is not set
# CONFIG_LIBUKALLOCPOOL is not set
# CONFIG_LIBUKALLOCREGION is not set
CONFIG_LIBUKALLOCSTACK=y
CONFIG_LIBUKALLOCSTACK_PAGE_GUARDS=y
CONFIG_LIBUKARGPARSE=y
# CONFIG_LIBUKARGPARSE_TEST is not set
CONFIG_LIBUKATOMIC=y
# CONFIG_LIBUKBINFMT is not set
CONFIG_LIBUKBITOPS=y
# CONFIG_LIBUKBLKDEV is not set
CONFIG_LIBUKBOOT=y
# CONFIG_LIBUKBOOT_BANNER_NONE is not set
# CONFIG_LIBUKBOOT_BANNER_MINIMAL is not set
# CONFIG_LIBUKBOOT_BANNER_CLASSIC is not set
CONFIG_LIBUKBOOT_BANNER_POWEREDBY=y
# CONFIG_LIBUKBOOT_BANNER_POWEREDBY_ANSI is not set
# CONFIG_LIBUKBOOT_BANNER_POWEREDBY_ANSI2 is not set
# CONFIG_LIBUKBOOT_BANNER_POWEREDBY_EA is not set
# CONFIG_LIBUKBOOT_BANNER_POWEREDBY_EAANSI is not set
# CONFIG_LIBUKBOOT_BANNER_POWEREDBY_EAANSI2 is not set
# CONFIG_LIBUKBOOT_BANNER_POWEREDBY_U8 is not set
# CONFIG_LIBUKBOOT_BANNER_POWEREDBY_U8ANSI is not set
# CONFIG_LIBUKBOOT_BANNER_POWEREDBY_U8ANSI2 is not set
CONFIG_LIBUKBOOT_CMDLINE_MAX_LEN=4096
CONFIG_LIBUKBOOT_MAXNBARGS=60
CONFIG_LIBUKBOOT_INITALLOC=y
CONFIG_LIBUKBOOT_INITBBUDDY=y
# CONFIG_LIBUKBOOT_INITREGION is not set
# CONFIG_LIBUKBOOT_INITNOALLOC is not set
CONFIG_LIBUKBOOT_HEAP_BASE=0x400000000
CONFIG_LIBUKBOOT_INITSCHED=y
CONFIG_LIBUKBOOT_INITSCHEDCOOP=y
# CONFIG_LIBUKBOOT_INITNOSCHED is not set
CONFIG_LIBUKBOOT_MAINTHREAD=y
# CONFIG_LIBUKBOOT_MAINTHREAD_NOHALT is not set
CONFIG_LIBUKBOOT_SHUTDOWNREQ_HANDLER=y
CONFIG_LIBUKBOOT_ALLOCSTACK=y
CONFIG_LIBUKBOOT_ALLOCSTACK_PREMAP_ORDER=1
CONFIG_LIBUKBUS=y
CONFIG_LIBUKCONSOLE=y
CONFIG_LIBUKCONSOLE_DEVICES_MAXCOUNT=16
# CONFIG_LIBUKCONSOLE_TEST is not set
# CONFIG_LIBUKCPIO is not set
CONFIG_LIBUKDEBUG=y
CONFIG_LIBUKDEBUG_ENABLE_ASSERT=y
CONFIG_LIBUKDEBUG_CRASH_SCREEN=y
# CONFIG_LIBUKDEBUG_CRASH_PRINT_STACK is not set
# CONFIG_LIBUKDEBUG_CRASH_PRINT_CALL_TRACE is not set
# CONFIG_LIBUKDEBUG_TRACEPOINTS is not set
# CONFIG_LIBUKDEBUG_GDBSTUB is not set
CONFIG_LIBUKFALLOC=y
# CONFIG_LIBUKFALLOC_STATS is not set
CONFIG_LIBUKFALLOCBUDDY=y
CONFIG_LIBUKFALLOCBUDDY_MAX_ALLOC_ORDER=30
# CONFIG_LIBUKFALLOCBUDDY_DEBUG is not set
# CONFIG_LIBUKFALLOCBUDDY_STATS is not set
CONFIG_LIBUKFILE=y
CONFIG_LIBUKFILE_CHAINUPDATE=y
CONFIG_LIBUKFILE_FINALIZERS=y
CONFIG_LIBUKFILE_CONSOLE=y
# CONFIG_LIBUKFILE_CONSOLE_OUT_NOCARRIAGERETURN is not set
# CONFIG_LIBUKFILE_CONSOLE_IN_NOECHOBACK is not set
CONFIG_LIBUKFILE_PSEUDO=y
CONFIG_LIBUKFS=y
# CONFIG_LIBUKFS_DEVFS is not set
# CONFIG_LIBUKFS_RAMFS is not set
# CONFIG_LIBUKFS_VIRTIOFS is not set
# CONFIG_LIBUKGCOV is not set
CONFIG_HAVE_INTCTLR=y
CONFIG_LIBUKINTCTLR=y
CONFIG_LIBUKINTCTLR_MAX_HANDLERS_PER_IRQ=8
CONFIG_LIBUKLCPU=y
CONFIG_LIBUKLIBID=y
CONFIG_LIBUKLIBID_INFO=y

#
# Global metadata
#
CONFIG_LIBUKLIBID_INFO_UKFULLVERSION=y
# CONFIG_LIBUKLIBID_INFO_UKCODENAME is not set
# CONFIG_LIBUKLIBID_INFO_COMPILER is not set
CONFIG_LIBUKLIBID_INFO_COMPILEDATE=y
# CONFIG_LIBUKLIBID_INFO_UKCONFIGGZ is not set
# end of Global metadata

#
# Per library metadata
#
# CONFIG_LIBUKLIBID_INFO_LIB_UKVERSION is not set
# CONFIG_LIBUKLIBID_INFO_LIB_UKCODENAME is not set
CONFIG_LIBUKLIBID_INFO_LIB_COMPILER=y
# CONFIG_LIBUKLIBID_INFO_LIB_COMPILEDATE is not set
# end of Per library metadata

# CONFIG_LIBUKLIBID_INFO_COMPILEDBY is not set
# CONFIG_LIBUKLIBID_INFO_BOOTDUMP is not set
CONFIG_LIBUKLIBPARAM=y
CONFIG_LIBUKLOCK=y
CONFIG_LIBUKLOCK_SEMAPHORE=y
CONFIG_LIBUKLOCK_MUTEX=y
CONFIG_LIBUKLOCK_MUTEX_ATOMIC=y
# CONFIG_LIBUKLOCK_MUTEX_METRICS is not set
CONFIG_LIBUKLOCK_RWLOCK=y
CONFIG_LIBUKMPI=y
CONFIG_LIBUKMPI_MBOX=y
CONFIG_LIBUKNETDEV=y
CONFIG_LIBUKNETDEV_MAXNBQUEUES=1
CONFIG_LIBUKNETDEV_DISPATCHERTHREADS=y
CONFIG_LIBUKNETDEV_EINFO_LIBPARAM=y
CONFIG_LIBUKNETDEV_EINFO_LIBPARAM_MAXCOUNT=4
# CONFIG_LIBUKNETDEV_STATS is not set
# CONFIG_LIBUKNOFAULT is not set
CONFIG_LIBUKPAGING=y
CONFIG_LIBUKPAGING_DIRECTMAP=y
# CONFIG_LIBUKPAGING_STATS is not set
CONFIG_LIBUKPAL=y
CONFIG_LIBUKPCPUVAR=y
CONFIG_LIBUKPM=y
# CONFIG_LIBUKPOD is not set
CONFIG_LIBUKPRINT=y
CONFIG_LIBUKPRINT_PRINTK=y
# CONFIG_LIBUKPRINT_NOCARRIAGERETURN is not set
CONFIG_LIBUKPRINT_PRINT_TIME=y
# CONFIG_LIBUKPRINT_PRINT_THREAD is not set
# CONFIG_LIBUKPRINT_PRINT_CALLER is not set
CONFIG_LIBUKPRINT_PRINT_SRCNAME=y
# CONFIG_LIBUKPRINT_ANSI_COLOR is not set
# CONFIG_LIBUKPRINT_PRINTK_UKSTORE is not set
# CONFIG_LIBUKPRINT_KLVL_DEBUG is not set
CONFIG_LIBUKPRINT_KLVL_INFO=y
# CONFIG_LIBUKPRINT_KLVL_WARN is not set
# CONFIG_LIBUKPRINT_KLVL_ERR is not set
# CONFIG_LIBUKPRINT_KLVL_CRIT is not set
# CONFIG_LIBUKPRINT_LOGBUF is not set
CONFIG_LIBUKRANDOM=y
# CONFIG_LIBUKRANDOM_CMDLINE_SEED is not set
CONFIG_LIBUKRANDOM_RESEED=y
CONFIG_LIBUKRANDOM_RESEED_INTERVAL=300
CONFIG_LIBUKRANDOM_GETRANDOM=y
# CONFIG_LIBUKRANDOM_DEVFS is not set
# CONFIG_LIBUKRANDOM_TEST is not set
# CONFIG_LIBUKRING is not set
# CONFIG_LIBUKRUST is not set
CONFIG_LIBUKSCHED=y
# CONFIG_LIBUKSCHED_DEBUG is not set
CONFIG_LIBUKSCHEDCOOP=y
CONFIG_LIBUKSGLIST=y
# CONFIG_LIBUKSP is not set
# CONFIG_LIBUKSPARSEBUF is not set
# CONFIG_LIBUKSTORE is not set
CONFIG_LIBUKSTREAMBUF=y
# CONFIG_LIBUKSTREAMBUF_TEST is not set
# CONFIG_LIBUKTEST is not set
CONFIG_LIBUKTIMECONV=y
CONFIG_LIBUKVMEM=y
CONFIG_LIBUKVMEM_DEMAND_PAGE_IN_SIZE=12
CONFIG_LIBUKVMEM_PAGEFAULT_HANDLER_PRIO=4
CONFIG_LIBUKVMEM_DEFAULT_BASE=0x0000001000000000
# CONFIG_LIBUKVMEM_DEDICATED_ANON_BASE is not set
# CONFIG_LIBUKVMEM_DEDICATED_DMA_BASE is not set
# CONFIG_LIBUKVMEM_DEDICATED_FILE_BASE is not set
# CONFIG_LIBUKVMEM_DEDICATED_STACK_BASE is not set
CONFIG_LIBUKVMEM_STACK_GUARD_PAGES_TOP=4
CONFIG_LIBUKVMEM_STACK_GUARD_PAGES_BOTTOM=1
# CONFIG_LIBUKVMEM_TEST is not set
CONFIG_LIBUKVSOCKDEV=y
CONFIG_LIBUKVSOCKDEV_VSOCK_BUF_SIZE=65536
CONFIG_LIBUKVSOCKDEV_VSOCK_BUF_MAX_SIZE=65536
CONFIG_LIBUKVSOCKDEV_DISPATCHERTHREADS=y
# CONFIG_LIBVFSCORE is not set
CONFIG_HAVE_BOOTENTRY=y
CONFIG_HAVE_TIME=y
CONFIG_HAVE_SCHED=y
CONFIG_HAVE_NW_STACK=y
CONFIG_HAVE_SYSCALL=y
CONFIG_HAVE_VFS=y
CONFIG_LIBELF=y
CONFIG_LIBLWIP=y
# CONFIG_LWIP_RELEASE212 is not set
# CONFIG_LWIP_LATEST21X is not set
CONFIG_LWIP_UNIKRAFT21X=y

#
# Netif drivers
#
# CONFIG_LWIP_LOOPIF is not set
CONFIG_LWIP_UKNETDEV=y
# CONFIG_LWIP_UKNETDEV_POLLONLY is not set
CONFIG_LWIP_UKNETDEV_SCRATCH=64
# end of Netif drivers

CONFIG_LWIP_AUTOIFACE=y
# CONFIG_LWIP_FAILNOIFACE is not set
# CONFIG_LWIP_NOTHREADS is not set
CONFIG_LWIP_THREADS=y
# CONFIG_LWIP_STACKTHREAD_MBOX_SIZE_32 is not set
# CONFIG_LWIP_STACKTHREAD_MBOX_SIZE_64 is not set
# CONFIG_LWIP_STACKTHREAD_MBOX_SIZE_128 is not set
CONFIG_LWIP_STACKTHREAD_MBOX_SIZE_256=y
# CONFIG_LWIP_STACKTHREAD_MBOX_SIZE_512 is not set
# CONFIG_LWIP_STACKTHREAD_MBOX_SIZE_1024 is not set
# CONFIG_LWIP_STACKTHREAD_MBOX_SIZE_2048 is not set
CONFIG_LWIP_STACKTHREAD_MBOX_SIZE=256
CONFIG_LWIP_HEAP=y
# CONFIG_LWIP_POOLS is not set
CONFIG_LWIP_NETIF_EXT_STATUS_CALLBACK=y
CONFIG_LWIP_NETIF_STATUS_PRINT=y
CONFIG_LWIP_RCVBUF=y
CONFIG_LWIP_LINGER=y
CONFIG_LWIP_LOOPBACK=y
CONFIG_LWIP_IPV4=y
# CONFIG_LWIP_IPV6 is not set

#
# IP Configuration
#
CONFIG_LWIP_IP_REASS_MAX_PBUFS=10
# end of IP Configuration

CONFIG_LWIP_UDP=y
# CONFIG_LWIP_RAW is not set
CONFIG_LWIP_TCP=y
CONFIG_LWIP_TCP_MSS=1460
CONFIG_LWIP_WND_SCALE=y
# CONFIG_LWIP_TCP_KEEPALIVE is not set
# CONFIG_LWIP_TCP_TIMESTAMPS is not set
CONFIG_LWIP_NUM_TCPCON=64
CONFIG_LWIP_NUM_TCPLISTENERS=64
CONFIG_LWIP_ICMP=y
# CONFIG_LWIP_IGMP is not set
# CONFIG_LWIP_SNMP is not set
# CONFIG_LWIP_DHCP is not set
CONFIG_LWIP_DNS=y
CONFIG_LWIP_DNS_MAX_SERVERS=2
CONFIG_LWIP_DNS_TABLE_SIZE=32
CONFIG_LWIP_SOCKET=y
CONFIG_LWIP_UDP_RECVMBOX_FACTOR=2
CONFIG_LWIP_TCP_RECVMBOX_FACTOR=2
# CONFIG_LWIP_DEBUG is not set
CONFIG_LIBMTLSGUARD=y
# end of Library Configuration

#
# Application Options
#
CONFIG_APPELFLOADER_DEPENDENCIES=y
# CONFIG_APPELFLOADER_VFSEXEC is not set
CONFIG_APPELFLOADER_INITRDEXEC=y
CONFIG_APPELFLOADER_CUSTOMAPPNAME=y
CONFIG_APPELFLOADER_STACK_NBPAGES=256
# CONFIG_APPELFLOADER_DEBUG is not set
# CONFIG_APPELFLOADER_VDSO is not set
# CONFIG_APPELFLOADER_AUTOGEN is not set
# end of Application Options

#
# Build Options
#
# CONFIG_OPTIMIZE_NONE is not set
CONFIG_OPTIMIZE_PERF=y
# CONFIG_OPTIMIZE_SIZE is not set

#
# Hint: Specify a CPU type to get most benefits from performance optimization
#
CONFIG_OPTIMIZE_NOOMITFP=y
# CONFIG_OPTIMIZE_DEADELIM is not set
# CONFIG_OPTIMIZE_LTO is not set
# CONFIG_OPTIMIZE_PIE is not set
# CONFIG_DEBUG_SYMBOLS_LVL0 is not set
# CONFIG_DEBUG_SYMBOLS_LVL1 is not set
# CONFIG_DEBUG_SYMBOLS_LVL2 is not set
CONFIG_DEBUG_SYMBOLS_LVL3=y
# CONFIG_ELF_PHDRS_IN_PT_LOAD is not set
# CONFIG_OPTIMIZE_WARNISERROR is not set
# CONFIG_OPTIMIZE_SYMFILE is not set
# CONFIG_OPTIMIZE_COMPRESS is not set
# CONFIG_RECORD_BUILDTIME is not set
CONFIG_CROSS_COMPILE=""
CONFIG_LLVM_TARGET_ARCH=""
# end of Build Options

CONFIG_UK_NAME="igkmf"
----- END .config -----

##### [build-guest go-strace] build: make -j16  (11:09:40)
compiler warnings: 1
      1 ~/igkm-spike-a/unikraft/unikraft-igkmf/lib/posix-tty/serial.c:162:17: warning: ‘tty_cons’ may be used uninitialized [-Wmaybe-uninitialized]
--- fetched archives (lib-libelf's elftoolchain)
1cf15ac8a70946f49327cfa4bc6923555b8c4ceeb11e4dc4f20e530b674403af  <metal-home>/igkm-spike-a/unikraft/build-igkmf-go-strace/liblwip/UNIKRAFT-2_1_x.zip
  OBJCOPY libukplat_native.o
  OBJCOPY libelf.o
  LD      igkmf_fc-x86_64.dbg
  UKPCPUVAR igkmf_fc-x86_64.dbg.uk_pcpuvar.bin
  SCSTRIP igkmf_fc-x86_64
  UKBI    igkmf_fc-x86_64.bootinfo
  COMPDB  compile_commands.json
make: Leaving directory '<metal-home>/igkm-spike-a/unikraft/unikraft-igkmf'

##### [build-guest go-strace] image identity  (11:09:48)
19fab2cbd277ebdee10b7e668bb5b54f3c7b740589b9c638c77bf2fb2c1876cd  <metal-home>/igkm-spike-a/unikraft/out-igkmf/igkmf-go-strace_fc-x86_64
fb016047013541ee752527cd5c7ca968f2bc897c2f5dafb2c32aea0d284e6ee2  <metal-home>/igkm-spike-a/unikraft/out-igkmf/igkmf-go-strace_fc-x86_64.dbg
total 26828
-rwxr-xr-x 1 ubuntu ubuntu 1097128 Sep 29 11:09 igkmf-go-strace_fc-x86_64
-rwxr-xr-x 1 ubuntu ubuntu 8759008 Sep 29 11:09 igkmf-go-strace_fc-x86_64.dbg
-rwxr-xr-x 1 ubuntu ubuntu  985752 Sep 29 10:57 igkmf-main_fc-x86_64
-rwxr-xr-x 1 ubuntu ubuntu 7814448 Sep 29 10:57 igkmf-main_fc-x86_64.dbg
-rwxr-xr-x 1 ubuntu ubuntu  985840 Sep 29 10:56 igkmf-strace_fc-x86_64
-rwxr-xr-x 1 ubuntu ubuntu 7821736 Sep 29 10:56 igkmf-strace_fc-x86_64.dbg
  Class:                             ELF64
  Type:                              EXEC (Executable file)
  Entry point address:               0x1d9e1a
--- uk_socket_connect_hook: definitions (must be ONE strong 'T', from lib-mtlsguard; a local 't' means a weak default was localized)
00000000001c5f90 T uk_socket_connect_hook
--- uk_socket_accept_hook: definitions (must be ONE strong 'T', from lib-mtlsguard; a local 't' means a weak default was localized)
00000000001c64c0 T uk_socket_accept_hook
--- lwip_posix_socket_events_hook: definitions (must be ONE strong 'T', from lib-mtlsguard; a local 't' means a weak default was localized)
00000000001c5e40 T lwip_posix_socket_events_hook
--- call sites must target the strong definitions
  __uk_syscall_r_connect -> uk_socket_connect_hook (strong at 0x00000000001c5f90):
  13d2b1:	call   1c5f90 <uk_socket_connect_hook>
  uk_sys_accept -> uk_socket_accept_hook (strong at 0x00000000001c64c0):
  137bf4:	call   1c64c0 <uk_socket_accept_hook>
  lwip_posix_socket_event_callback -> lwip_posix_socket_events_hook (strong at 0x00000000001c5e40):
  1a5e23:	call   1c5e40 <lwip_posix_socket_events_hook>
  lwip_posix_socket_poll_setup -> lwip_posix_socket_events_hook (strong at 0x00000000001c5e40):
  1a5d03:	call   1c5e40 <lwip_posix_socket_events_hook>
--- binary-syscall path: the Linux-ABI handler and the socket/poll handlers it dispatches to
0000000000161660 T uk_syscall6_do_e
00000000001382b0 T uk_syscall_r_accept
0000000000138ad0 T uk_syscall_r_accept4
0000000000187390 T uk_syscall_r_clock_nanosleep
000000000013d6a0 T uk_syscall_r_connect
000000000012d410 T uk_syscall_r_epoll_pwait
000000000012d9a0 T uk_syscall_r_epoll_wait
0000000000131a60 T uk_syscall_r_exit_group
000000000013bfd0 T uk_syscall_r_getsockopt
000000000012e6c0 T uk_syscall_r_poll
000000000012e4d0 T uk_syscall_r_ppoll
0000000000123590 T uk_syscall_r_read
000000000013e950 T uk_syscall_r_recvfrom
0000000000141470 T uk_syscall_r_sendto
0000000000124780 T uk_syscall_r_write
0000000000164d00 T ukplat_syscall_handler
--- uk_syscall_r_connect / _accept4 reach the hooked paths
000000000013d6a0 <uk_syscall_r_connect>:
  13d6b7:	call   16db90 <_uk_syscall_wrapper_do_entertab>
  13d6c5:	call   13d180 <__uk_syscall_r_connect>
  13d6ce:	call   16dc00 <_uk_syscall_wrapper_do_exittab>
  137cc8:	call   137bc0 <uk_sys_accept>
--- elfloader + evidence symbols
0000000000113720 t elf_ctx_init
0000000000112af0 t elf_load_img
00000000001c0e00 t initrd_evidence
00000000001cb4b0 T mbedtls_sha256
--- object sizes
   text	   data	    bss	    dec	    hex	filename
  60599	      4	   8872	  69475	  10f63	<metal-home>/igkm-spike-a/unikraft/build-igkmf-go-strace/libmtlsguard.o
 132493	    224	  13728	 146445	  23c0d	<metal-home>/igkm-spike-a/unikraft/build-igkmf-go-strace/liblwip.o
  13151	      8	      0	  13159	   3367	<metal-home>/igkm-spike-a/unikraft/build-igkmf-go-strace/appelfloader.o
  57771	    280	      0	  58051	   e2c3	<metal-home>/igkm-spike-a/unikraft/build-igkmf-go-strace/libelf.o

##### [build-guest go-strace] done  (11:09:48)
IMAGE=<metal-home>/igkm-spike-a/unikraft/out-igkmf/igkmf-go-strace_fc-x86_64
