/usr/bin/ssh

########## [bootstrap] preflight: ssh to <redacted-metal-target>

########## [bootstrap] remote user=ubuntu home=<metal-home> sudo='sudo -n'

########## [bootstrap] acquire canonical metal lease (/run/lock/overdrive-metal-shared.lock)
OVERDRIVE_METAL_LEASE_ACQUIRED token=b04bbb01986381a6382d1db0 pid=353710

########## [bootstrap] sync /Users/marcus/conductor/workspaces/helios/bordeaux-v2 -> <redacted-metal-target>:<metal-home>/overdrive
cannot delete non-empty directory: spike-scratch/increment-u-netns-density-295-default-offload-20260913T2302
cannot delete non-empty directory: spike-scratch/increment-t-netns-density-295-bridge-local-20260913T2259
cannot delete non-empty directory: spike-scratch/increment-s-netns-density-295-bridge-dns-20260913T2257
cannot delete non-empty directory: spike-scratch/increment-r-netns-density-295-offload-20260913T2254
cannot delete non-empty directory: spike-scratch/increment-q-netns-density-295-broute-host-20260913T2252
cannot delete non-empty directory: spike-scratch/increment-p-netns-density-295-metal-20260913T2237

sent 162,409 bytes  received 3,305 bytes  66,285.60 bytes/sec
total size is 168,627,071  speedup is 1,017.58

########## [bootstrap] fail-closed native x86_64/KVM preflight

===== pre-run host state =====
links: eno12399np0 eno12409np1 eno8303 lo 
firecracker processes: []

===== versions / artifacts =====
7.0.0-29-generic
Firecracker v1.17.0
unikraft-igkmf  eb8fa2368618cea11c9bde196f79e6e6b9caeed5
 lib/posix-socket/exportsyms.uk       |  2 ++
 lib/posix-socket/include/uk/socket.h | 24 ++++++++++++++++++++++++
 lib/posix-socket/socket.c            | 23 +++++++++++++++++++++++
 3 files changed, 49 insertions(+)
lib-lwip-igkmf  ec55ae17618feeb57c8c10109bcf5c42723e8e95
 include/uk/lwip_readiness.h | 19 +++++++++++++++++++
 sockets.c                   | 25 +++++++++++++++++++++++--
 2 files changed, 42 insertions(+), 2 deletions(-)
app-elfloader   a6c9dc2b655572bee1f9657cbcc2d1eca8f6cb73
lib-libelf      c03d4ceb22a2b9e9799238f9c277a14284d313ad
99ad0f5cd0514a88aad0e9ae8cfdb3cc3b4ab9d190e1194602406c786b5de7a5  <metal-home>/igkm-spike-a/firecracker/v1.17.0/release-v1.17.0-x86_64/firecracker-v1.17.0-x86_64
7d0da3102cc4718459f1aec93a529115fb58e624d69156c1e8d61623167bbb7f  <metal-home>/igkm-spike-a/unikraft/out-igkmf/igkmf-go_fc-x86_64
21d496d7b67acf11e726bacbfa4c5a42f2335dcbfe0d62a46a0ca46d51149f4e  <metal-home>/igkm-spike-a/igkmf-host-target/release/peer
ad9c0b483db3702f6be04d1ce394d50b6e1b94633c560f460e626e9873b5cad4  <metal-home>/igkm-spike-a/igkmf-host-target/release/relay
da30d240aac45c2dad035b67ec6ebc2e39ca6ed469f86ffd829667fa179083b4  <metal-home>/igkm-spike-a/igkmf-host-target/release/inclient
e3b35083cba6adf3def8328105dfbe3cd289714f34df61814ae852600969dfae  <metal-home>/overdrive/spike-scratch/in-guest-kernel-mtls/increment-f/../increment-d/patches/0001-posix-socket-connect-post-hook.patch
9c798cce6ffca36e6d379f7a6463c9d7f5cb31fd3ac2c46228860c0ee13b10f4  <metal-home>/overdrive/spike-scratch/in-guest-kernel-mtls/increment-f/../increment-d/patches/0002-posix-socket-accept-post-hook.patch
a4857fcef29d354dce2c55d6d4d019098cf4c9cfd3414cfe5aa521cd952302ff  <metal-home>/overdrive/spike-scratch/in-guest-kernel-mtls/increment-f/../increment-e/patches/0003-lib-lwip-readiness-interposition.patch
--- the application: an unmodified Linux ELF, given to Firecracker as the initrd
<metal-home>/overdrive/spike-scratch/in-guest-kernel-mtls/increment-f/out/bin/igkmf-go: ELF 64-bit LSB pie executable, x86-64, version 1 (GNU/Linux), static-pie linked, BuildID[sha1]=17ebb80ba0b329ba5eb05f3d1ef42427b3ec3b87, for GNU/Linux 3.2.0, with debug_info, not stripped
initrd (host) sha256=1d39ec35bf7e0d1e7252ddf454c73990e026814a20e46a4e3c3d10a8d7c52651 size=10145848
preset=http-go boot_args="igkmf netdev.ip=192.168.204.2/24:192.168.204.1 mtlsguard.mesh=192.168.204.1:6443-6451 mtlsguard.mesh_in=192.168.204.2:7443 mtlsguard.agent_port=7100 -- igkmf-go http://192.168.204.1:6451/igkm-f-http"

===== create tap igkf29111147 (the only host network change) =====
igkf29111147     DOWN           192.168.204.1/24 

===== start capture, peer, relay =====
tcpdump: listening on igkf29111147, link-type EN10MB (Ethernet), snapshot length 262144 bytes
tcpdump pid=354115 peer pid=354124 relay pid=354137 t+0.294296s
LISTEN 0      128    192.168.204.1:6443 0.0.0.0:* users:(("peer",pid=354124,fd=3))                          
LISTEN 0      128    192.168.204.1:6446 0.0.0.0:* users:(("peer",pid=354124,fd=7))                          
LISTEN 0      128    192.168.204.1:6447 0.0.0.0:* users:(("peer",pid=354124,fd=10))                         
LISTEN 0      128    192.168.204.1:6444 0.0.0.0:* users:(("peer",pid=354124,fd=4))                          
LISTEN 0      128    192.168.204.1:6445 0.0.0.0:* users:(("peer",pid=354124,fd=6))                          
LISTEN 0      128    192.168.204.1:6450 0.0.0.0:* users:(("peer",pid=354124,fd=16))                         
LISTEN 0      128    192.168.204.1:6451 0.0.0.0:* users:(("peer",pid=354124,fd=18))                         
LISTEN 0      128    192.168.204.1:6448 0.0.0.0:* users:(("peer",pid=354124,fd=12))                         
LISTEN 0      128    192.168.204.1:6449 0.0.0.0:* users:(("peer",pid=354124,fd=13))                         
LISTEN 0      128    192.168.204.1:5001 0.0.0.0:* users:(("peer",pid=354124,fd=19))                         
u_str LISTEN 0      4096   <metal-home>/igkm-spike-a/runs-igkmf/20260929T111147Z-354060/vsock.sock_7100 52417856 * 0 users:(("relay",pid=354137,fd=3))                                                                                                    

===== control: the SAME Go binary natively on the host Linux, without the guest mechanism, against the TLS port (expected to fail: plain HTTP to a TLS server) =====
native binary sha256=1d39ec35bf7e0d1e7252ddf454c73990e026814a20e46a4e3c3d10a8d7c52651
IGKM-F-GO: go1.27.1 linux/amd64 GOMAXPROCS=16 NumCPU=16 args=["<metal-home>/overdrive/spike-scratch/in-guest-kernel-mtls/increment-f/out/bin/igkmf-go" "http://192.168.204.1:6451/igkm-f-http"]
IGKM-F-GO: GET http://192.168.204.1:6451/igkm-f-http failed after 740.715µs: Get "http://192.168.204.1:6451/igkm-f-http": net/http: HTTP/1.x transport connection broken: malformed HTTP response "\x15\x03\x03\x00\x02\x022"
native exit=1
PEER[6451#1] accepted tcp from 192.168.204.1:55542 t+0.392566s
PEER[6451#1] handshake FAILED: received corrupt message of type InvalidContentType; application plaintext bytes received=0 t+0.392899s

===== firecracker config =====
{
  "boot-source": {
    "kernel_image_path": "<metal-home>/igkm-spike-a/unikraft/out-igkmf/igkmf-go_fc-x86_64",
    "initrd_path": "<metal-home>/overdrive/spike-scratch/in-guest-kernel-mtls/increment-f/out/bin/igkmf-go",
    "boot_args": "igkmf netdev.ip=192.168.204.2/24:192.168.204.1 mtlsguard.mesh=192.168.204.1:6443-6451 mtlsguard.mesh_in=192.168.204.2:7443 mtlsguard.agent_port=7100 -- igkmf-go http://192.168.204.1:6451/igkm-f-http"
  },
  "drives": [],
  "machine-config": { "vcpu_count": 1, "mem_size_mib": 512 },
  "network-interfaces": [
    { "iface_id": "net0", "guest_mac": "52:54:00:1a:04:06", "host_dev_name": "igkf29111147" }
  ],
  "vsock": { "vsock_id": "vsock0", "guest_cid": 3, "uds_path": "<metal-home>/igkm-spike-a/runs-igkmf/20260929T111147Z-354060/vsock.sock" },
  "logger": { "log_path": "<metal-home>/igkm-spike-a/runs-igkmf/20260929T111147Z-354060/fc.log", "level": "Info", "show_level": true, "show_log_origin": true },
  "metrics": { "metrics_path": "<metal-home>/igkm-spike-a/runs-igkmf/20260929T111147Z-354060/fc.metrics" }
}

===== launch =====
firecracker pid=354160 t+1.063082s
firecracker exited on its own: exit=0 t+1.510097s
tcpdump pid 354115 still running -> SIGINT
peer pid 354124 still running -> SIGTERM
relay pid 354137 still running -> SIGTERM

===== inbound caller log =====
cat: <metal-home>/igkm-spike-a/runs-igkmf/20260929T111147Z-354060/inclient.log: No such file or directory

===== relay log =====
RELAY listening on unix <metal-home>/igkm-spike-a/runs-igkmf/20260929T111147Z-354060/vsock.sock_7100 pid=354137 client identity=spiffe://overdrive.test/ns/default/sa/guest-client server identity=spiffe://overdrive.test/ns/default/sa/guest-server (keys: client PKCS#8 138 B, guest-server PKCS#8 138 B, P-256 scalars 32 B, held in this process only; one thread per vsock connection) t+0.281928s
RELAY[c1] vsock connection accepted t+1.379924s
RELAY[c1] vsock rx OPEN payload=7 dst=192.168.204.1:6451 role=TLS client, local identity=spiffe://overdrive.test/ns/default/sa/guest-client t+1.381349s
RELAY[c1] vsock tx TO_PEER payload=194 wire=199 records[0x16/189] t+1.381673s
RELAY[c1] vsock tx NEED_PEER payload=0 wire=5  t+1.381692s
RELAY[c1] vsock rx FROM_PEER payload=127 records[0x16/122] t+1.386696s
RELAY[c1] vsock tx TO_PEER payload=6 wire=11 records[0x14/1] t+1.386829s
RELAY[c1] vsock tx NEED_PEER payload=0 wire=5  t+1.386839s
RELAY[c1] vsock rx FROM_PEER payload=6 records[0x14/1] t+1.392022s
RELAY[c1] vsock tx NEED_PEER payload=0 wire=5  t+1.392035s
RELAY[c1] vsock rx FROM_PEER payload=695 records[0x17/690] t+1.395519s
RELAY[c1] vsock tx TO_PEER payload=609 wire=614 records[0x17/604] t+1.395916s
RELAY[c1] handshake complete: policy ALLOW local spiffe://overdrive.test/ns/default/sa/guest-client <-> peer spiffe://overdrive.test/ns/default/sa/peer-allowed; suite=TLS13_AES_128_GCM_SHA256 tx_seq=0 rx_seq=0 buffered_plaintext=false; traffic secrets from rustls KeyLog tx=CLIENT_TRAFFIC_SECRET_0 rx=SERVER_TRAFFIC_SECRET_0 (32 B each), host check HKDF(secret)==rustls key/iv tx=true rx=true t+1.395937s
RELAY[c1] vsock tx SECRETS payload=194 wire=199 (v2 suite=0x1301 tx: seq 0 secret 32B key 16B iv 12B; rx: seq 0 secret 32B key 16B iv 12B; peer id 50B) t+1.395952s
RELAY[c1] guest closed the vsock connection (agent out of the data path) t+1.407948s
RELAY[c1] tally guest->host FROM_PEER: frames=3 wire_bytes=843
RELAY[c1] tally guest->host OPEN: frames=1 wire_bytes=12
RELAY[c1] tally host->guest NEED_PEER: frames=3 wire_bytes=15
RELAY[c1] tally host->guest SECRETS: frames=1 wire_bytes=199
RELAY[c1] tally host->guest TO_PEER: frames=3 wire_bytes=824
RELAY[c1] custody: host->guest total 1038 bytes; client SVID key occurrences PKCS#8 DER=0 PEM=0 private scalar=0; guest-server SVID key occurrences PKCS#8 DER=0 PEM=0 private scalar=0; application traffic secrets sent (changed vs Spike B: expected 1 each when ALLOW) = [1,1]

===== peer log =====
PEER listening tls 192.168.204.1:6443 identity=spiffe://overdrive.test/ns/default/sa/peer-allowed mode=Echo tickets=2 (rustls default) t+0.276155s
PEER listening tls 192.168.204.1:6444 identity=spiffe://overdrive.test/ns/default/sa/peer-denied mode=Echo tickets=2 (rustls default) t+0.276305s
PEER listening tls 192.168.204.1:6445 identity=spiffe://overdrive.test/ns/default/sa/peer-allowed mode=ServerFirst tickets=2 (rustls default) t+0.276414s
PEER listening tls 192.168.204.1:6446 identity=spiffe://overdrive.test/ns/default/sa/peer-allowed mode=KeyUpdateEcho tickets=2 (rustls default) t+0.276543s
PEER listening tls 192.168.204.1:6447 identity=spiffe://overdrive.test/ns/default/sa/peer-allowed mode=Bulk tickets=2 (rustls default) t+0.276654s
PEER listening tls 192.168.204.1:6448 identity=spiffe://overdrive.test/ns/default/sa/peer-allowed mode=RawOk tickets=0 via rustls (crafted by the raw record layer) t+0.276747s
PEER listening tls 192.168.204.1:6449 identity=spiffe://overdrive.test/ns/default/sa/peer-allowed mode=RawBad tickets=0 via rustls (crafted by the raw record layer) t+0.276836s
PEER listening tls 192.168.204.1:6450 identity=spiffe://overdrive.test/ns/default/sa/peer-allowed mode=Echo tickets=2 (rustls default) t+0.276925s
PEER listening tls 192.168.204.1:6451 identity=spiffe://overdrive.test/ns/default/sa/peer-allowed mode=Http tickets=2 (rustls default) t+0.277014s
PEER listening plain 192.168.204.1:5001 (non-mesh pass-through) t+0.277050s
PEER ready t+0.277078s
PEER[6451#1] accepted tcp from 192.168.204.1:55542 t+0.392566s
PEER[6451#1] handshake FAILED: received corrupt message of type InvalidContentType; application plaintext bytes received=0 t+0.392899s
PEER[6451#2] accepted tcp from 192.168.204.2:62233 t+1.377611s
PEER[6451#2] handshake OK version=TLSv1_3 suite=TLS13_AES_128_GCM_SHA256 verified client SPIFFE ID=spiffe://overdrive.test/ns/default/sa/guest-client mode=Http send_tls13_tickets=2 t+1.413298s
PEER[6451#2] http rx plaintext request (110 bytes, 4 lines): GET /igkm-f-http HTTP/1.1 t+1.413322s
PEER[6451#2]   header: Host: 192.168.204.1:6451
PEER[6451#2]   header: User-Agent: Go-http-client/1.1
PEER[6451#2]   header: Accept-Encoding: gzip
PEER[6451#2] http tx 200 OK (168 bytes incl. body 84 bytes): IGKM-F-HTTP-BODY served by the host peer over the mesh (TLS terminated at the peer)\n t+1.413351s

===== guest serial console (Unikraft + the unmodified ELF) =====
2026-09-29T11:11:48.631932915 [igkm-f:main] Running Firecracker v1.17.0
[    0.000000] Info: [libukrandom] <swrand.c @  111> Initializing the random number generator...
[    0.000000] Info: [libukrandom] <random.c @  108> CSPRNG seed source: CPU
[    0.000000] Info: [libkvmplat] <setup.c @   94> SYSCALL entrance @ 0x101000
[    0.000000] Info: [libkvmplat] <setup.c @  179> Switch from bootstrap stack to stack @0x11000
[    0.000000] Info: [libukboot] <boot.c @  279> Unikraft constructor table at 0x202000 - 0x202048
[    0.000000] Info: [libukboot] <boot.c @  288> Initialize memory allocator...
[    0.000000] Info: [libukallocbbuddy] <bbuddy.c @  659> Initialize binary buddy allocator 400000000
[    0.000000] Info: [libukboot] <boot.c @  347> Initialize the IRQ subsystem...
[    0.000000] Info: [libukboot] <boot.c @  354> Initialize platform time...
[    0.000000] Info: [libkvmplat] <tscclock.c @  258> Calibrating TSC clock against i8254 timer
[    0.100001] Info: [libkvmplat] <tscclock.c @  279> Clock source: TSC, frequency estimate is 2396543520 Hz
[    0.101840] Info: [libukboot] <boot.c @  358> Initialize scheduling...
[    0.103080] Info: [libukschedcoop] <schedcoop.c @  289> Initializing cooperative scheduler
[    0.104883] Info: [libukboot] <boot.c @  391> Init Table @ 0x202048 - 0x202158
[    0.106400] Info: [libukbus] <bus.c @  133> Initialize bus handlers...
[    0.107641] Info: [libukbus] <bus.c @  135> Probe buses...
[    0.108684] Info: [libvirtio_mmio] <virtio_mmio_cmdl.c @   93> virtio-mmio device 4K@0xc0001000:5
[    0.110456] Info: [libvirtio_bus] <virtio_bus.c @  128> Virtio device 0x40001c020 initialized
[    0.112077] Info: [libuknetdev] <netdev.c @  198> Registered netdev0: 0x40001d030 (virtio-net)
[    0.113714] Info: [libvirtio_mmio] <virtio_mmio.c @  548> finish probing a virtio mmio dev
[    0.115266] Info: [libvirtio_mmio] <virtio_mmio_cmdl.c @   93> virtio-mmio device 4K@0xc0002000:6
[    0.117010] Info: [libvirtio_bus] <virtio_bus.c @  128> Virtio device 0x400009020 initialized
[    0.121895] Info: [libukvsockdev] <vsockdev.c @  176> vsockdev: Configured event queue
[    0.123507] Info: [libukvsockdev] <vsockdev.c @  152> vsockdev: Configured receive queue
[    0.125111] Info: [libvirtio_vsock] <virtio_vsock.c @ 2073> Started virtio-vsock device
[    0.126622] Info: [libvirtio_mmio] <virtio_mmio.c @  548> finish probing a virtio mmio dev
[    0.128302] Info: [liblwip] <init.c @  174> Initializing lwip
[    0.129594] Info: [liblwip] <init.c @  225> Attach network device 0 to lwIP...
  1: Set IPv4 address 192.168.204.2 mask 255.255.255.0 gw 192.168.204.1
[    0.132380] Warn: [libvirtio_mmio] <virtio_mmio.c @  173> Unaligned io read: 6 bytes
[    0.133923] Info: [libuknetdev] <netdev.c @  407> netdev0: Configured interface
[    0.138140] Info: [libuknetdev] <netdev.c @  554> netdev0: Configured receive queue 0
[    0.139744] Info: [libuknetdev] <netdev.c @  587> netdev0: Configured transmit queue 0
[    0.141320] Info: [libvirtio_net] <virtio_net.c @ 1403> virtio-net: 0 started
[    0.142679] Info: [libuknetdev] <netdev.c @  606> netdev0: Started interface
en1: Added
[    0.144198] Info: [liblwip] <init.c @  345> en1: Hardware address: 52:54:00:1a:04:06
[    0.145661] Info: [liblwip] <init.c @  352> en1: Check checksums:
[    0.146808] Info: [liblwip] <init.c @  371> en1: Generate checksums: IP UDP TCP ICMP ICMP6
[    0.148361] Info: [liblwip] <init.c @  442> en1: Set as default interface
en1: Interface is up
[    0.150134] Warn: [libposix_process] <clone.c @  193> uk_posix_clone_sighand() stubbed
[    0.151641] Warn: [libuklock] <semaphore.c @   23> uk_posix_clone_sysvsem() stubbed
MTLSGUARD: evidence: initrd0 (the ELF app-elfloader will load) vbase=0x1f652000 pg_off=0 len=10145848 sha256=1d39ec35bf7e0d1e7252ddf454c73990e026814a20e46a4e3c3d10a8d7c52651
Powered by
o.   .o       _ _               __ _
Oo   Oo  ___ (_) | __ __  __ _ ' _) :_
oO   oO ' _ `| | |/ /  _)' _` | |_|  _)
oOo oOO| | | | |   (| | | (_) |  _) :_
 OoOoO ._, ._:_:_,\_._,  .__,_:_, \___)
          Ijiraq 0.21.0~eb8fa236-custom
[    0.208212] Info: [libukboot] <boot.c @  470> Pre-init table at 0x202270 - 0x202270
[    0.209667] Info: [libukboot] <boot.c @  481> Constructor table at 0x202270 - 0x202278
[    0.211165] Info: [libukboot] <boot.c @  496> Environment variables:
[    0.212365] Info: [libukboot] <boot.c @  498> 	PATH=/bin
[    0.213369] Info: [libukboot] <boot.c @  504> Calling main(3, ['igkmf', 'igkmf-go', 'http://192.168.204.1:6451/igkm-f-http'])
[    0.215508] Info: [appelfloader] <main.c @  299> Image at 0x1f652000, len 10145848 bytes
[    0.270813] Info: [appelfloader] <main.c @  358> igkmf-go: ELF program loaded to 0x418001000-0x41a771000 (41353216 B), entry at 0x41809d8a0
[    0.273632] Warn: [libuksched] <sched.c @  434> __uk_syscall_r_sched_getaffinity() stubbed
[    0.275689] Warn: [libposix_process] <rt_sigprocmask.c @   72> __uk_syscall_r_rt_sigprocmask() stubbed
[    0.277624] Warn: [libposix_process] <sigaltstack.c @   68> __uk_syscall_r_sigaltstack() stubbed
[    0.279369] Warn: [libposix_process] <rt_sigaction.c @   69> __uk_syscall_r_rt_sigaction() stubbed
IGKM-F-GO: go1.27.1 linux/amd64 GOMAXPROCS=1 NumCPU=1 args=["igkmf-go" "http://192.168.204.1:6451/igkm-f-http"]
MTLSGUARD: self test: Mbed TLS 3.6.7 gcm=0 sha256=0 AES-NI=yes; HKDF-Expand-Label RFC 8448 key=OK iv=OK, traffic upd (python vector)=OK
MTLSGUARD: config mesh="192.168.204.1:6443-6451" mesh_in="192.168.204.2:7443" agent vsock port=7100
MTLSGUARD: [c1] connect 192.168.204.1:6451: mesh destination, NON-BLOCKING connect (lwIP connect returned -115) t=0.292539
MTLSGUARD: [c1] guard driver installed on 192.168.204.1:6451: lwIP raw readiness 0x0, app readiness 0x0 (withheld until the record layer is installed) t=0.294578
MTLSGUARD: [c1] connect 192.168.204.1:6451: returning EINPROGRESS now; the guard thread drives TCP + handshake t=0.297361
MTLSGUARD: [c1] TCP connected after 7145 us (lwIP raw EPOLLOUT at t=0.299674); the app still sees no EPOLLOUT -> relay the handshake
MTLSGUARD: [c1] vsock connected to host relay (cid 2 port 7100) t=0.302192
MTLSGUARD: [c1] vsock tx OPEN payload=7 wire=12 t=0.303474
MTLSGUARD: [c1] vsock rx TO_PEER payload=194 wire=199 t=0.304488
MTLSGUARD: [c1] tcp tx 194 handshake bytes to peer
MTLSGUARD: [c1] vsock rx NEED_PEER payload=0 wire=5 t=0.306467
MTLSGUARD: [c1] tcp rx one handshake record from peer: 127 bytes (type 0x16)
MTLSGUARD: [c1] vsock tx FROM_PEER payload=127 wire=132 t=0.308846
MTLSGUARD: [c1] vsock rx TO_PEER payload=6 wire=11 t=0.309989
MTLSGUARD: [c1] tcp tx 6 handshake bytes to peer
MTLSGUARD: [c1] vsock rx NEED_PEER payload=0 wire=5 t=0.311859
MTLSGUARD: [c1] tcp rx one handshake record from peer: 6 bytes (type 0x14)
MTLSGUARD: [c1] vsock tx FROM_PEER payload=6 wire=11 t=0.314172
MTLSGUARD: [c1] vsock rx NEED_PEER payload=0 wire=5 t=0.315267
MTLSGUARD: [c1] tcp rx one handshake record from peer: 695 bytes (type 0x17)
MTLSGUARD: [c1] vsock tx FROM_PEER payload=695 wire=700 t=0.317622
MTLSGUARD: [c1] vsock rx TO_PEER payload=609 wire=614 t=0.318766
MTLSGUARD: [c1] tcp tx 609 handshake bytes to peer
MTLSGUARD: [c1] vsock rx SECRETS payload=194 wire=199 t=0.320717
MTLSGUARD: [c1] record layer installed: TLS_AES_128_GCM_SHA256 tx_seq=0 rx_seq=0; key/iv derived in the guest by HKDF-Expand-Label(SHA-256) from the traffic secrets and equal to rustls' key/iv (tx and rx); peer identity (from host) spiffe://overdrive.test/ns/default/sa/peer-allowed; app write() EAGAINs during the handshake=0, read() EAGAINs=0 t=0.321819
MTLSGUARD: [c1] vsock summary: rx TO_PEER x3 (809 B), NEED_PEER x3; tx FROM_PEER 828 B; closing vsock (agent leaves the data path) t=0.327698
MTLSGUARD: [c1] app readiness none-> OUT (published by the guard) t=0.330075
MTLSGUARD: [c1] connect 192.168.204.1:6451: handshake done after 38852 us; RX pump running t=0.331391
MTLSGUARD: [c1] tx record gen=0 seq=0 appdata plaintext=110 wire=132 (outer 0x17, inner 0x17) t=0.333246
[    0.335017] Info: [libvirtio_vsock] <virtio_vsock.c @ 1021> Got packet to port 0 without socket
MTLSGUARD: [c1] rx record gen=0 seq=0 wire=184 inner=0x16 plaintext=162 t=0.336721
MTLSGUARD: [c1] rx post-handshake NewSessionTicket #1 (77 B body) in record seq=0 -> discarded (no resumption) t=0.338108
MTLSGUARD: [c1] rx post-handshake NewSessionTicket #2 (77 B body) in record seq=0 -> discarded (no resumption) t=0.340132
MTLSGUARD: [c1] rx record gen=0 seq=1 wire=190 inner=0x17 plaintext=168 t=0.342160
MTLSGUARD: [c1] app readiness OUT -> IN OUT (published by the guard) t=0.343540
MTLSGUARD: [c1] app readiness IN OUT -> OUT (published by the guard) t=0.344905
MTLSGUARD: [c1] close: state=established tx records=1 rx records=1 NewSessionTickets discarded=2 KeyUpdates rx=0 tx=0
MTLSGUARD: [c1] tx record gen=0 seq=1 close_notify plaintext=2 wire=24 (outer 0x17, inner 0x15) t=0.348258
IGKM-F-GO: GET http://192.168.204.1:6451/igkm-f-http -> "200 OK" proto=HTTP/1.1 content-length=84, read 84 body bytes (err=<nil>) after 66.048595ms
IGKM-F-HTTP-BODY served by the host peer over the mesh (TLS terminated at the peer)
IGKM-F-GO: done, goroutines=3
[    0.354466] Info: [libukboot] <shutdown_req.c @   50> Shutdown requested (0)
[    0.355847] Info: [libukboot] <boot.c @  430> Shutting down system (0)
[  
===== firecracker stderr =====

===== firecracker log =====
2026-09-29T11:11:48.640642303 [igkm-f:main:INFO:src/vmm/src/device_manager/mod.rs:387] Artificially kick devices
2026-09-29T11:11:48.640847903 [igkm-f:fc_vcpu 0:WARN:src/vmm/src/vstate/vcpu.rs:323] Received a VcpuEvent::Resume message with immediate_exit enabled. immediate_exit was disabled before proceeding
2026-09-29T11:11:48.640885529 [igkm-f:main:INFO:src/firecracker/src/main.rs:610] Successfully started microvm that was configured from one single json
2026-09-29T11:11:48.656124335 [igkm-f:fc_vcpu 0:WARN:src/vmm/src/arch/x86_64/vcpu.rs:774] vcpu: IO write @ 0x70:0x1 failed: Failed to find address range.
2026-09-29T11:11:48.656144486 [igkm-f:fc_vcpu 0:WARN:src/vmm/src/arch/x86_64/vcpu.rs:764] vcpu: IO read @ 0x71:0x1 failed: Failed to find address range.
2026-09-29T11:11:48.656158937 [igkm-f:fc_vcpu 0:WARN:src/vmm/src/arch/x86_64/vcpu.rs:774] vcpu: IO write @ 0x70:0x1 failed: Failed to find address range.
2026-09-29T11:11:48.656173319 [igkm-f:fc_vcpu 0:WARN:src/vmm/src/arch/x86_64/vcpu.rs:764] vcpu: IO read @ 0x71:0x1 failed: Failed to find address range.
2026-09-29T11:11:48.656187590 [igkm-f:fc_vcpu 0:WARN:src/vmm/src/arch/x86_64/vcpu.rs:774] vcpu: IO write @ 0x70:0x1 failed: Failed to find address range.
2026-09-29T11:11:48.656201692 [igkm-f:fc_vcpu 0:WARN:src/vmm/src/arch/x86_64/vcpu.rs:764] vcpu: IO read @ 0x71:0x1 failed: Failed to find address range.
2026-09-29T11:11:48.656215923 [igkm-f:fc_vcpu 0:WARN:src/vmm/src/arch/x86_64/vcpu.rs:774] vcpu: IO write @ 0x70:0x1 failed: Failed to find address range.
2026-09-29T11:11:48.656230014 [igkm-f:fc_vcpu 0:WARN:src/vmm/src/arch/x86_64/vcpu.rs:764] vcpu: IO read @ 0x71:0x1 failed: Failed to find address range.
2026-09-29T11:11:48.656244306 [igkm-f:fc_vcpu 0:WARN:src/vmm/src/arch/x86_64/vcpu.rs:774] vcpu: IO write @ 0x70:0x1 failed: Failed to find address range.
2026-09-29T11:11:48.656258347 [igkm-f:fc_vcpu 0:WARN:src/vmm/src/arch/x86_64/vcpu.rs:764] vcpu: IO read @ 0x71:0x1 failed: Failed to find address range.
2026-09-29T11:11:48.656272518 [igkm-f:fc_vcpu 0:WARN:src/vmm/src/arch/x86_64/vcpu.rs:774] vcpu: IO write @ 0x70:0x1 failed: Failed to find address range.
2026-09-29T11:11:48.656286569 [igkm-f:fc_vcpu 0:WARN:src/vmm/src/arch/x86_64/vcpu.rs:764] vcpu: IO read @ 0x71:0x1 failed: Failed to find address range.
2026-09-29T11:11:48.656300761 [igkm-f:fc_vcpu 0:WARN:src/vmm/src/arch/x86_64/vcpu.rs:774] vcpu: IO write @ 0x70:0x1 failed: Failed to find address range.
2026-09-29T11:11:48.656314882 [igkm-f:fc_vcpu 0:WARN:src/vmm/src/arch/x86_64/vcpu.rs:764] vcpu: IO read @ 0x71:0x1 failed: Failed to find address range.
2026-09-29T11:11:48.783038572 [igkm-f:fc_vcpu 0:INFO:src/vmm/src/devices/virtio/device.rs:228] [Vsock:vsock] notifying queues
2026-09-29T11:11:48.790259020 [igkm-f:fc_vcpu 0:WARN:src/vmm/src/devices/virtio/device.rs:159] Received acknowledge request for unknown feature: 0x202089a3
2026-09-29T11:11:48.799252315 [igkm-f:fc_vcpu 0:INFO:src/vmm/src/devices/virtio/device.rs:228] [Net:net0] notifying queues
2026-09-29T11:11:49.015081347 [igkm-f:main:INFO:src/vmm/src/lib.rs:693] Vmm is stopping.
2026-09-29T11:11:49.015108318 [igkm-f:main:INFO:src/vmm/src/lib.rs:768] Killing vCPU threads
2026-09-29T11:11:49.015122670 [igkm-f:fc_vcpu 0:WARN:src/vmm/src/vstate/vcpu.rs:409] Requested a vCPU run with immediate_exit enabled. The operation was skipped
2026-09-29T11:11:49.035961914 [igkm-f:main:INFO:src/firecracker/src/main.rs:116] Firecracker exiting successfully. exit_code=0

===== firecracker metrics (non-zero vsock/net/i8042 counters) =====
   line2 i8042.missed_write_count = 1
   line2 i8042.read_count = 2
   line2 i8042.reset_count = 1
   line2 i8042.write_count = 4
   line2 net.no_tx_avail_buffer = 1
   line2 net.rx_queue_event_count = 7
   line2 net.rx_tap_event_count = 9
   line2 net.rx_bytes_count = 1852
   line2 net.rx_packets_count = 9
   line2 net.rx_count = 9
   line2 net.tap_write_agg.sum_us = 292
   line2 net.tx_bytes_count = 1543
   line2 net.tx_count = 9
   line2 net.tx_packets_count = 9
   line2 net.tx_queue_event_count = 10
   line2 vsock.tx_queue_event_count = 7
   line2 vsock.rx_bytes_count = 1038
   line2 vsock.tx_bytes_count = 855
   line2 vsock.rx_packets_count = 12
   line2 vsock.tx_packets_count = 9
   line2 vsock.conns_added = 1
   line2 vsock.conns_removed = 1

===== initrd identity: host file vs the bytes the guest hashed before app-elfloader loaded them =====
host  sha256=1d39ec35bf7e0d1e7252ddf454c73990e026814a20e46a4e3c3d10a8d7c52651
guest sha256=1d39ec35bf7e0d1e7252ddf454c73990e026814a20e46a4e3c3d10a8d7c52651
initrd sha256 match: yes

===== tcpdump =====
tcpdump: listening on igkf29111147, link-type EN10MB (Ethernet), snapshot length 262144 bytes
18 packets captured
18 packets received by filter
0 packets dropped by kernel
-rw-r--r-- 1 root root 3491 Sep 29 11:11 <metal-home>/igkm-spike-a/runs-igkmf/20260929T111147Z-354060/tap.pcap
e9ea348f95ef004ed2173462a851492b49455d2574e8e64a96d2ee2c2a244e03  <metal-home>/igkm-spike-a/runs-igkmf/20260929T111147Z-354060/tap.pcap

===== tap capture scan =====
SCAN conn client guest:62233 -> server peer:6451 (TLS) first packet t+1.377357s
SCAN   guest->peer: 965 bytes flags[SYN] marker(IGKM-E-)=0 marker(IGKM-F-)=0 marker(igkm-f)=0 records=5 (0x17 count=3) unframed_bytes=0
SCAN     records: 0x16/189 0x14/1 0x17/604 0x17/127 0x17/19
SCAN       seg#1 t+1.383425s: 0x16/189
SCAN       seg#2 t+1.388862s: 0x14/1
SCAN       seg#3 t+1.412838s: 0x17/604 0x17/127 COALESCED
SCAN       seg#4 t+1.427884s: 0x17/19
SCAN   peer->guest: 1226 bytes flags[FIN,RST,SYN] marker(IGKM-E-)=0 marker(IGKM-F-)=0 marker(igkm-f)=0 records=6 (0x17 count=4) unframed_bytes=0
SCAN     records: 0x16/122 0x14/1 0x17/690 0x17/179 0x17/185 0x17/19
SCAN       seg#1 t+1.383817s: 0x16/122 0x14/1 0x17/690 COALESCED
SCAN       seg#2 t+1.413258s: 0x17/179
SCAN       seg#3 t+1.413366s: 0x17/185 0x17/19 COALESCED
SCAN totals:
SCAN   tls streams: 2191 bytes, marker(IGKM-E-) occurrences=0, marker(IGKM-F-) occurrences=0, marker(igkm-f) occurrences=0
SCAN     tls: b'IGKM-E-EARLY must-not-leave guest->peer\n' occurrences=0
SCAN     tls: b'IGKM-E-PLAIN-REQ pass-through guest->host\n' occurrences=0
SCAN     tls: b'IGKM-E-PLAIN-RESP pass-through host->guest\n' occurrences=0
SCAN     tls: b'IGKM-E-GREETING server-first peer->guest\n' occurrences=0
SCAN     tls: b'IGKM-E-REQS server-first guest->peer\n' occurrences=0
SCAN     tls: b'IGKM-E-RESPS server-first peer->guest\n' occurrences=0
SCAN     tls: b'IGKM-E-REQI inbound peer->guest\n' occurrences=0
SCAN     tls: b'IGKM-E-RESPI inbound guest->peer\n' occurrences=0
SCAN     tls: b'IGKM-E-REQ1 nb-client-first guest->peer\n' occurrences=0
SCAN     tls: b'IGKM-E-RESP1 nb-client-first peer->guest\n' occurrences=0
SCAN     tls: b'IGKM-E-REQB et-bulk guest->peer\n' occurrences=0
SCAN     tls: b'IGKM-E-RESPB et-bulk peer->guest\n' occurrences=0
SCAN     tls: b'IGKM-E-REQP poll-1byte guest->peer\n' occurrences=0
SCAN     tls: b'IGKM-E-RESPP poll-1byte peer->guest\n' occurrences=0
SCAN     tls: b'IGKM-E-REQK1 keyupdate guest->peer\n' occurrences=0
SCAN     tls: b'IGKM-E-RESPK1 keyupdate peer->guest\n' occurrences=0
SCAN     tls: b'IGKM-E-REQK3 keyupdate guest->peer\n' occurrences=0
SCAN     tls: b'IGKM-E-RESPK3 keyupdate peer->guest\n' occurrences=0
SCAN     tls: b'IGKM-E-GREETING raw-nst peer->guest\n' occurrences=0
SCAN     tls: b'IGKM-E-REQR raw-nst guest->peer\n' occurrences=0
SCAN     tls: b'IGKM-E-RESPR raw-nst peer->guest\n' occurrences=0
SCAN     tls: b'IGKM-E-REQR2 after-keyupdate guest->peer\n' occurrences=0
SCAN     tls: b'IGKM-E-RESPR2 after-keyupdate peer->guest\n' occurrences=0
SCAN     tls: b'IGKM-E-SHOULD-NOT-ARRIVE raw-bad peer->guest\n' occurrences=0
SCAN     tls: b'IGKM-E-REQ1 client-first guest->peer\n' occurrences=0
SCAN     tls: b'IGKM-E-RESP1 client-first peer->guest\n' occurrences=0
SCAN     tls: b'IGKM-E-REQ2 after-relay-kill guest->peer\n' occurrences=0
SCAN     tls: b'IGKM-E-RESP2 after-relay-kill peer->guest\n' occurrences=0
SCAN     tls: b'GET /igkm-f-http' occurrences=0
SCAN     tls: b'IGKM-F-HTTP-BODY served by the host peer over the mesh (TLS terminated at the peer)\n' occurrences=0
SCAN     tls: b'HTTP/1.1 200 OK' occurrences=0
SCAN   plain streams: 0 bytes, marker(IGKM-E-) occurrences=0, marker(IGKM-F-) occurrences=0, marker(igkm-f) occurrences=0

===== tap capture (base64, for the evidence tree) =====
----- BEGIN tap.pcap base64 -----
1MOyoQIABAAAAAAAAAAAAAAABAABAAAA9Jy7atOuCQBaAAAAWgAAADMzAAAAFjpPGfrKVIbdYAAA
AAAkAAEAAAAAAAAAAAAAAAAAAAAA/wIAAAAAAAAAAAAAAAAAFjoABQIAAAEAjwCkOwAAAAEEAAAA
/wIAAAAAAAAAAAAB//rKVPScu2qDVAwAKgAAACoAAAD///////9SVAAaBAYIBgABCAAGBAABUlQA
GgQGwKjMAgAAAAAAAMCozAL0nLtqJ2EOACoAAAAqAAAA////////UlQAGgQGCAYAAQgABgQAAVJU
ABoEBsCozAIAAAAAAADAqMwB9Jy7akhhDgAqAAAAKgAAAFJUABoEBjpPGfrKVAgGAAEIAAYEAAI6
Txn6ylTAqMwBUlQAGgQGwKjMAvScu2o+nA4APgAAAD4AAAA6Txn6ylRSVAAaBAYIAEUAADAAAAAA
/waicsCozALAqMwB8xkZMwAAGW0AAAAAcAL//0UMAAACBAW0AQMDBPScu2pjnA4APgAAAD4AAABS
VAAaBAY6Txn6ylQIAEUAADAAAEAAQAYhc8CozAHAqMwCGTPzGT/y5CMAABlucBL68Bl4AAACBAW0
AQMDCvScu2rOnA4ANgAAADYAAAA6Txn6ylRSVAAaBAYIAEUAACgAAQAA/waiecCozALAqMwB8xkZ
MwAAGW4/8uQkUBA//wyuAAD0nLtq8rMOAPgAAAD4AAAAOk8Z+spUUlQAGgQGCABFAADqAAIAAP8G
obbAqMwCwKjMAfMZGTMAABluP/LkJFAYP//zIgAAFgMBAL0BAAC5AwOYGizsGJxq0iCRAtm7CUtG
1b/YUn4o3rOB+anT6GxChCD7TKqFpiBwuUWM9jAG86qp5MzOmbKC9SnZQpdL4bjZqAACEwEBAABu
ACsAAwIDBAAKAAgABgAdABcAGAALAAIBAAAtAAIBAQAFAAUBAAAAAAAXAAAAMwAmACQAHQAg1zxl
dKGAFtAK64var8Dy9aV9Seym2irqhP89FArzvz0ADQAUABIFAwQDCAcIBggFCAQGAQUBBAH0nLtq
BrQOADYAAAA2AAAAUlQAGgQGOk8Z+spUCABFAAAob01AAEAGsi3AqMwBwKjMAhkz8xk/8uQkAAAa
MFAQAD8ZcAAA9Jy7anq1DgByAwAAcgMAAFJUABoEBjpPGfrKVAgARQADZG9OQABABq7wwKjMAcCo
zAIZM/MZP/LkJAAAGjBQGAA/HKwAABYDAwB6AgAAdgMDBjIlW6Z5oLKQzIg7aZcjCX/2V93Gb3fY
r3vMm9DWP00g+0yqhaYgcLlFjPYwBvOqqeTMzpmygvUp2UKXS+G42agTAQAALgAzACQAHQAg8OSu
FbU3RloKtNlV1p9kwbIzLBh0bbroK1g6VlM/6GsAKwACAwQUAwMAAQEXAwMCsnnNaUiCrGg/Q6S1
lcvGLoNardblIC5pO3NUwbexSTSZPfnwjlfuhW1HKG/Wa1JEnDfWnBu6HUoWQ2AZYkE2a+E5fuvJ
V/SYOzGGjwXvSttw98NB1Q3uV5OqsO10hbkoGafJJwywFV3yL0DzNKBuV+1HTXx5B3rd5pYgLC03
Wmvy8tokzxgeT/szPSOPFNHuz8CmsuR2ub5WMpBDYIjDhX0pEOlQtnuWWwCqJHp3KrM6iAtBrbLe
NzCVrqknQgpfI4r5s50r4qjvBJCXgb8ciHvkSotTC5c9Jooj7XGM0KcjTaHytE43zj43NOq0hnw+
973r7KGi108fkiQ50M75HyicaqxqSmKVujwWp60LA2R/aWPnW6ujAwRCzaZVs5MK1+9/0n5aMRgB
USMoQzA/5w1nwW/59nXb4O9zdkvUnBfKyCVzNW6cxFM5T7NRbecG5EAg0UjJHAD2qE29bNtblSy2
Q+elQDliqkrHcCzLHhcvgRawN/emDzYMo0d4hztNzIIj4wm7ebyzUuIJY1IdnJaw5IzkNCp3boVM
w22m93hr69Mi5QoxR5tNvUPsWM6C5biuBP1U8tQKM2uBJRKPhgR5ZWv9bC1Fm7TYEKtQKA132sxP
gfz2ekeG1ssDvaIzNGhmLSbG4rzbkpzb/ZrTZS2lRh7SQHaHTRf5l6CAIFOIYYyEb6kjmAOOihvR
qJzfWKEJ0IKEdCuiTiiCafjxEBvRSRkYg5SW6zKS/gVMYE63zC8s9CE/hrCHmBr2FL32Ea2NqMjp
hJWmMdMaS2s5n9Cs2jOsSwGfJlystfO9Lu9EIgjw8BBvKS7t+CX3ygBVUBrYLQqybPKfCTAG6JMA
vV9mUrNF3bpVI6HXUNNfqlneIJvaU6fvFCZIx8HAnT0vcqpmq+/yUY00V8v6VqdrmH2ImPScu2ov
yQ4APAAAADwAAAA6Txn6ylRSVAAaBAYIAEUAAC4AAwAA/waiccCozALAqMwB8xkZMwAAGjA/8udg
UBg/zPDQAAAUAwMAAQH0nLtq1yYPABsDAAAbAwAAOk8Z+spUUlQAGgQGCABFAAMNAAQAAP8Gn5HA
qMwCwKjMAfMZGTMAABo2P/LnYFAYP8yVWwAAFwMDAlzxgu5PscI+Q+nlbbbvaZDkn7io5h8K80c9
SUxnHF0nJq8wYmDBcIHiKOJJDY847oIuF6chWQOISqpaImuwcxFRTpL6UjjzoIpf/ZpAFE+phejR
Pp/e65o14E1BIjLJEnpo61JQmqihupq9/FTvCGefpRdkPYBabhYNov7CJ5kJQ9ODvu+xpdaMmQEI
5HAB72kDp/9dp2d6UYWqjc25aAojJUBwcsgKCyc08eGKBT2OZNKeMgGV0XkJh9ybtCgmhntBBflU
KW4gmhhInb5dBZPwmJIY39mT65//uhbikrruYmudLtH4XreEltpE9q73j8mjRcZkXjdkTgVsM3jC
hWSaNvHQANh2LX0fwrWiusAEWuLfUiwmfeyvoKdV4mXqBalJUfWdz61UrWeNhyqsY33dy7LLwDjO
hPCT7Hl+xWqZKVl2vaYNRzbX85HFamdDpunort37VUSuUPhB8VIPYx1xMWXrX+1Qu4OnRboA1XOq
M+NZEat80KhBnkprgFosvSMTx17iS2VmTeLysp6Onjcmd1cOEp7Ck96QahBHKozO8Uli4oNr2QmV
FEtWdE/Y/YFeC+dowPHDOlG1x1IvQmrrmNu8u3NCY5kjB4XhOhQMt0jFlRvta6knjX759WoH46Z2
yJgzuzWyFpLLCzpCibdCd+oPJpZpL3bWLZdONwXGatIfQu70Vu1Est4Zj08j5FhNMzl9h2JxrEo4
NwH6qbrn+zdf3S2152IgJDCvjVYylfiKXdA/W2rDCIfYaSbVrUHsUazh0hfvTxIa0hEeQ1CtXQKL
EwtnLJkIJj3RFwMDAH/gOgSxeCli4U4miFVcBKqYyTk1+pzxI3ejJ0PqGgSISnWvLUSpT1PVroTD
xBaT2giYPU2oS5VpHd6W1/MIoGESJSlCVOuDhptD0cS8Itj4m9TUc+QSDjKWetyHIjW5Kq70Tg8z
W7MPKPC0pBzMgF2fvDnOuCy6JyZjBayDeDa49Jy7ausmDwA2AAAANgAAAFJUABoEBjpPGfrKVAgA
RQAAKG9PQABABrIrwKjMAcCozAIZM/MZP/LnYAAAHRtQEAA/GXAAAPScu2p7KA8A7gAAAO4AAABS
VAAaBAY6Txn6ylQIAEUAAOBvUEAAQAaxcsCozAHAqMwCGTPzGT/y52AAAB0bUBgAPxooAAAXAwMA
s1X4SVD+ss1I5ZDvjqGI6xqr9tlN5f4WPkmIn2zswySXsJV2csdfW6mWt+soqxQm6aSEEbrv25cy
Zvkf8KYei/0EayZxzUcomswG9GLNNfCCbzxyCQc4myyAz/MmBXCnLN4Ji532AkzlJPdqSRffY19U
z2payxf4HiXdxeU+U21q6OLLWckJnR5SKlIawgJq3wzErRobzyBq12yiNHjN0SouvtC16Q3xuXah
ENY4FG8Gluyb9Jy7aucoDwAMAQAADAEAAFJUABoEBjpPGfrKVAgARQAA/m9RQABABrFTwKjMAcCo
zAIZM/MZP/LoGAAAHRtQGQA/GkYAABcDAwC5VyRq2vpFkmbMj897zPboTKSa+s+oZG84k2JhiStf
hapeYYV9jozhqro4RJQWtfwo4JyvmRgkGNY4rMFEgdzyzs6/q30ZNErFRQgTH0+IZp5Flrj7d0C6
+6Xc88Gr8fj+GPuC4DBQ0C8FtA4GOVLfTDupT+AGV1cLAjYHr9v8wIdvLPAXyMSmukJ+TrAJSxPz
wRiRfUF+xtvNrLNxG0wQEW7MyXMwfUx2FmM23kZCB+rhgjAhDqj6aPYXAwMAE5/j6wSIZsrL+o3B
AMftOR5xxsv0nLtqfC0PADYAAAA2AAAAOk8Z+spUUlQAGgQGCABFAAAoAAUAAP8GonXAqMwCwKjM
AfMZGTMAAB0bP/Lo71AQP7MEggAA9Zy7al0fAABOAAAATgAAADpPGfrKVFJUABoEBggARQAAQAAG
AAD/BqJcwKjMAsCozAHzGRkzAAAdGz/y6O9QGD+z85kAABcDAwATww+Pu3NMe2dSe/pWNDFMRi0a
ifWcu2pzHwAANgAAADYAAABSVAAaBAY6Txn6ylQIAEUAACgAAEAAQAYhe8CozAHAqMwCGTPzGT/y
6O8AAAAAUAQAAGFcAAA=
----- END tap.pcap base64 -----

===== run verdict =====
RELAY[c1] custody: host->guest total 1038 bytes; client SVID key occurrences PKCS#8 DER=0 PEM=0 private scalar=0; guest-server SVID key occurrences PKCS#8 DER=0 PEM=0 private scalar=0; application traffic secrets sent (changed vs Spike B: expected 1 each when ALLOW) = [1,1]

===== cleanup =====
deleting tap igkf29111147

===== post-run host state (must match pre-run) =====
links added:   
links removed: 
firecracker processes before: [] after: []
tap igkf29111147 present: no
192.168.204.x on host: 0
listeners on 5001/6443-6451: []
igkmf processes left: []
run dir present: no
