    Finished `dev` profile [unoptimized + debuginfo] target(s) in 0.22s
     Running `target/debug/xtask metal run -- python3 spike-scratch/netns-density-295-ovs-kernel/increment-d/run.py`
/usr/bin/ssh
xtask: running metal run (one bootstrap lease session)

########## [bootstrap] preflight: ssh to <redacted canonical metal target>

########## [bootstrap] remote user=ubuntu home=/home/ubuntu sudo='sudo -n'

########## [bootstrap] acquire canonical metal lease (/run/lock/overdrive-metal-shared.lock)
OVERDRIVE_METAL_LEASE_ACQUIRED token=afcf930ea70b1845418b8a26 pid=835596

########## [bootstrap] sync /Users/marcus/conductor/workspaces/helios/wellington-v2 -> <redacted canonical metal target>:/home/ubuntu/overdrive

sent 5,285,962 bytes  received 112,505 bytes  327,179.82 bytes/sec
total size is 1,033,598,899  speedup is 191.46

########## [bootstrap] fail-closed native x86_64/KVM preflight
{"at_s": 0.00021291058510541916, "control": "stock OVS Generic Netlink UAPI direct configuration", "event": "identity", "guest_boots": 0, "lease_owner": "pid=835596\nstarted_at=2026-10-04T15:43:54Z\naction=run\nscenario=spike-ovs-kernel-increment-d\nworkspace=/Users/marcus/conductor/workspaces/helios/wellington-v2\ncommit=0fd3f756b584326ee38c939c130ab50ad955ec40\ntoken=afcf930ea70b1845418b8a26\n", "namespace": "ok295-835957", "pid": 835957, "requested_taps": 16384, "uname": ["Linux", "em-determined-roentgen", "7.0.0-29-generic", "#29-Ubuntu SMP PREEMPT_DYNAMIC Fri Jul 17 20:52:35 UTC 2026", "x86_64"], "userspace_forwarding_daemons": 0}
{"at_s": 1.0615266179665923, "binary_sha256": "d0b515251843f182eda348f82a8316bc3b463084f5d5490ec5b06e5f9c3729d2", "event": "built", "rust_source_sha256": "cddc205e5f58684c1e6da7f9417e0ace5f742905d2b72833d682f48762549770"}
{"dp_ifindex":2,"event":"dp_ready","families":{"datapath":43,"flow":45,"packet":46,"vport":44},"packet_execute_requests":0,"pid":836040}
{"at_s": 1.2434771237894893, "event": "local-gateway-configured", "global_gc_tuning": false, "namespace_only": true, "permanent_owned_neighbors": 16384}
{"after":{"flows":0,"hit":0,"lost":1,"missed":1},"before":{"flows":0,"hit":0,"lost":0,"missed":0},"event":"cold_unconfigured_drop","reply_received":false,"upcall_pid":0}
{"actual_tap_netdevices":4,"arp_gateway_roundtrips":4,"attach_and_flow_s":0.15286668,"byte_exact_icmp_payload_roundtrips":8,"elapsed_s":0.153930272,"event":"stage_held","first_and_steady_roundtrips_each_port":2,"kernel_netdev_vports":4,"local_internal_vports":1,"packet_execute_requests":0,"pid":836040,"stats_after":{"flows":8,"hit":24,"lost":1,"missed":1},"stats_before":{"flows":8,"hit":0,"lost":1,"missed":1},"tap_fds":4,"traffic_s":0.00088355}
{"all_upcall_pids_zero": true, "at_s": 1.6186765627935529, "distinct_ifindices": 4, "dp_stats": [24, 1, 1, 8], "event": "independent-audit", "exact_owner_fdinfo": 4, "held_taps": 4, "kernel_netdev_vports": 4, "local_internal_vports": 1, "output_only_flows": 8, "owned_permanent_neighbors": 16384, "process_fds": 10, "process_threads": 1, "validated": true}
{"actual_tap_netdevices":1024,"arp_gateway_roundtrips":1024,"attach_and_flow_s":0.779017294,"byte_exact_icmp_payload_roundtrips":2048,"elapsed_s":1.325932694,"event":"stage_held","first_and_steady_roundtrips_each_port":2,"kernel_netdev_vports":1024,"local_internal_vports":1,"packet_execute_requests":0,"pid":836040,"stats_after":{"flows":2048,"hit":6168,"lost":1,"missed":1},"stats_before":{"flows":2048,"hit":24,"lost":1,"missed":1},"tap_fds":1024,"traffic_s":0.169155949}
{"all_upcall_pids_zero": true, "at_s": 2.979389808140695, "distinct_ifindices": 1024, "dp_stats": [6168, 1, 1, 2048], "event": "independent-audit", "exact_owner_fdinfo": 1024, "held_taps": 1024, "kernel_netdev_vports": 1024, "local_internal_vports": 1, "output_only_flows": 2048, "owned_permanent_neighbors": 16384, "process_fds": 1030, "process_threads": 1, "validated": true}
{"actual_tap_netdevices":4096,"arp_gateway_roundtrips":4096,"attach_and_flow_s":2.523932978,"byte_exact_icmp_payload_roundtrips":8192,"elapsed_s":4.94091693,"event":"stage_held","first_and_steady_roundtrips_each_port":2,"kernel_netdev_vports":4096,"local_internal_vports":1,"packet_execute_requests":0,"pid":836040,"stats_after":{"flows":8192,"hit":30744,"lost":1,"missed":1},"stats_before":{"flows":8192,"hit":6168,"lost":1,"missed":1},"tap_fds":4096,"traffic_s":0.675811631}
{"all_upcall_pids_zero": true, "at_s": 7.189077372662723, "distinct_ifindices": 4096, "dp_stats": [30744, 1, 1, 8192], "event": "independent-audit", "exact_owner_fdinfo": 4096, "held_taps": 4096, "kernel_netdev_vports": 4096, "local_internal_vports": 1, "output_only_flows": 8192, "owned_permanent_neighbors": 16384, "process_fds": 4102, "process_threads": 1, "validated": true}
{"actual_tap_netdevices":8192,"arp_gateway_roundtrips":8192,"attach_and_flow_s":3.893442913,"byte_exact_icmp_payload_roundtrips":16384,"elapsed_s":11.207860024,"event":"stage_held","first_and_steady_roundtrips_each_port":2,"kernel_netdev_vports":8192,"local_internal_vports":1,"packet_execute_requests":0,"pid":836040,"stats_after":{"flows":16384,"hit":79896,"lost":1,"missed":1},"stats_before":{"flows":16384,"hit":30744,"lost":1,"missed":1},"tap_fds":8192,"traffic_s":1.354005388}
{"all_upcall_pids_zero": true, "at_s": 14.314599865116179, "distinct_ifindices": 8192, "dp_stats": [79896, 1, 1, 16384], "event": "independent-audit", "exact_owner_fdinfo": 8192, "held_taps": 8192, "kernel_netdev_vports": 8192, "local_internal_vports": 1, "output_only_flows": 16384, "owned_permanent_neighbors": 16384, "process_fds": 8198, "process_threads": 1, "validated": true}
{"actual_tap_netdevices":16384,"arp_gateway_roundtrips":16384,"attach_and_flow_s":9.815273735,"byte_exact_icmp_payload_roundtrips":32768,"elapsed_s":25.652369475,"event":"stage_held","first_and_steady_roundtrips_each_port":2,"kernel_netdev_vports":16384,"local_internal_vports":1,"packet_execute_requests":0,"pid":836040,"stats_after":{"flows":32768,"hit":178200,"lost":1,"missed":1},"stats_before":{"flows":32768,"hit":79896,"lost":1,"missed":1},"tap_fds":16384,"traffic_s":2.737794386}
{"all_upcall_pids_zero": true, "at_s": 30.47251325007528, "distinct_ifindices": 16384, "dp_stats": [178200, 1, 1, 32768], "event": "independent-audit", "exact_owner_fdinfo": 16384, "held_taps": 16384, "kernel_netdev_vports": 16384, "local_internal_vports": 1, "output_only_flows": 32768, "owned_permanent_neighbors": 16384, "process_fds": 16390, "process_threads": 1, "validated": true}
{"after":{"flows":32768,"hit":194584,"lost":1,"missed":1},"before":{"flows":32768,"hit":178200,"lost":1,"missed":1},"bidirectional_pairs":8192,"event":"paired_tcp_held","exact_tcp_frames_forwarded":16384,"exact_tcp_payload_bytes":524288,"held_taps":16384,"packet_execute_requests":0,"traffic_s":0.767294388}
{"all_upcall_pids_zero": true, "at_s": 37.73832560144365, "distinct_ifindices": 16384, "dp_stats": [194584, 1, 1, 32768], "event": "independent-audit", "exact_owner_fdinfo": 16384, "held_taps": 16384, "kernel_netdev_vports": 16384, "local_internal_vports": 1, "output_only_flows": 32768, "owned_permanent_neighbors": 16384, "process_fds": 16390, "process_threads": 1, "validated": true}
{"after":{"flows":32767,"hit":194584,"lost":2,"missed":2},"before":{"flows":32768,"hit":194584,"lost":1,"missed":1},"event":"removed_flow_drop","held_taps":16384,"packet_execute_requests":0,"reply_received":false}
{"datapath_delete_s":2.6988427010000002,"deleted_exact_datapath":"ok295dp","event":"cleaned","generic_netlink_configuration_requests":81943,"packet_execute_requests":0,"released_taps":16384,"tap_fds_close_s":99.547734967}
{"actual_received_datagrams": 163886, "actual_sent_datagrams": 81943, "at_s": 143.66422189306468, "capture_range": "before first family resolution through acknowledged datapath deletion", "event": "netlink-wire-audit", "packet_execute_requests": 0, "packet_family": 46, "packet_family_received_messages": 0, "requests_by_family_command": {"16:3": 4, "43:1": 1, "43:2": 1, "43:3": 16, "44:1": 16384, "45:1": 65536, "45:2": 1}}
{"at_s": 143.66429583355784, "event": "harness-exit", "full_population_validated": true, "rc": 0}
{"at_s": 143.74478251859546, "different_keys": [], "event": "cleanup", "foreign_configuration_matched": true, "foreign_ovs_matched": true, "global_module_unload": false, "namespace": "ok295-835957", "namespace_absent": true, "new_oom_kills": 0, "owned_pid": 836040, "owned_process_absent": true, "stock_module_kept_loaded": true}
{"at_s": 149.86852983292192, "event": "final", "passed": true, "wall_s": 149.8685277896002}
{"launcher_rc": 0, "wall_s": 197.7646537499968}
