/usr/bin/ssh

########## [bootstrap] preflight: ssh to <redacted-metal-target>

########## [bootstrap] remote user=ubuntu home=<metal-home> sudo='sudo -n'

########## [bootstrap] acquire canonical metal lease (/run/lock/overdrive-metal-shared.lock)
OVERDRIVE_METAL_LEASE_ACQUIRED token=5ef270260c42589df546e0b9 pid=181850

########## [bootstrap] sync /Users/marcus/conductor/workspaces/helios/bordeaux-v2 -> <redacted-metal-target>:<metal-home>/overdrive
cannot delete non-empty directory: spike-scratch/increment-u-netns-density-295-default-offload-20260913T2302
cannot delete non-empty directory: spike-scratch/increment-t-netns-density-295-bridge-local-20260913T2259
cannot delete non-empty directory: spike-scratch/increment-s-netns-density-295-bridge-dns-20260913T2257
cannot delete non-empty directory: spike-scratch/increment-r-netns-density-295-offload-20260913T2254
cannot delete non-empty directory: spike-scratch/increment-q-netns-density-295-broute-host-20260913T2252
cannot delete non-empty directory: spike-scratch/increment-p-netns-density-295-metal-20260913T2237

sent 171,339 bytes  received 2,184 bytes  69,409.20 bytes/sec
total size is 156,512,460  speedup is 901.97

########## [bootstrap] fail-closed native x86_64/KVM preflight

=== substrate probes ===
uname -m: x86_64
uname -r: 7.0.0-29-generic
systemd-detect-virt: none (exit 1)
cpu vmx/svm flag count: 16
crw-rw---- 1 root kvm 10, 232 Sep 28 06:42 /dev/kvm
KVM_GET_API_VERSION=12 KVM_CREATE_VM=ok
model name	: AMD EPYC 8024P 8-Core Processor
16

=== firecracker on the host ===
firecracker on PATH: MISSING
jailer on PATH:      MISSING
ls: cannot access '<metal-home>/igkm-spike-a/firecracker': No such file or directory
crw-rw-rw- 1 root root 10, 200 Sep  9 06:46 /dev/net/tun

=== identity / scratch ===
uid=1000(ubuntu) gid=1000(ubuntu) groups=1000(ubuntu),4(adm),24(cdrom),27(sudo),30(dip),102(lxd),991(kvm)
HOME=<metal-home>
/dev/md1        847G  135G  669G  17% /

=== Spike A artifacts reused (must exist, unchanged) ===
aad473aad2f73a9893d5c32be333f2796725ab82
stock tree dirty files: 0
c99b7da38017ee74d5e1999ae1f76654420ffca859972a25a1637aa87ef9f521  <metal-home>/igkm-spike-a/nanos/output/platform/pc/bin/kernel.img
792bf6e7fa5b190d435d229a7c07608b783f3388cf68897aab9b7f86870f259d  <metal-home>/igkm-spike-a/out/kernel-pvhfix.img
27157a22bd2ceb9d0167248b3b04bb68add394368c2840e2f8ffce75a542beec  <metal-home>/igkm-spike-a/out/nanos-vsock.img
d541c4a7e452e23a2021e31a08a44503df8ff7c0b5a590c6757a653dec39992a  <metal-home>/igkm-spike-a/out/vsock_probe
  Xen                  0x00000004	Unknown note type: (0x00000012)
   description data: dc 00 20 00 
  Entry point address:               0x201d87

=== network reachability (HEAD/metadata only) ===
github.com -> 200

=== tap name / subnet availability ===
igkmb0 present: no
192.168.203.x on host: 0
lo               UNKNOWN        127.0.0.1/8 
eno12399np0      UP             <redacted-metal-host>/24 metric 100 
default via <redacted-provider-ip> dev eno12399np0 proto dhcp src <redacted-metal-host> metric 100 
<redacted-provider-ip>/24 dev eno12399np0 proto kernel scope link src <redacted-metal-host> metric 100 
<redacted-provider-ip> dev eno12399np0 proto dhcp scope link src <redacted-metal-host> metric 100 
<redacted-provider-ip> via <redacted-provider-ip> dev eno12399np0 proto dhcp src <redacted-metal-host> metric 100 
<redacted-provider-ip> via <redacted-provider-ip> dev eno12399np0 proto dhcp src <redacted-metal-host> metric 100 

=== staging files for preflight ===
total 32536
drwxr-xr-x 4 root root       95 Sep 22 22:36 gti-failure-serve-BxF37V
drwxr-xr-x 4 root root       95 Sep 22 22:31 gti-failure-serve-iGHl3d
drwxr-xr-x 3 root root      125 Aug 29 17:42 gti-mesh-rNMmre
drwxr-xr-x 3 root root       33 Aug 28 20:30 gti-net-apply-failure-K9y6OS
drwxr-xr-x 3 root root       20 Aug 30 01:17 gti-resolver-refusal-7IqZMm
drwxr-xr-x 4 root root       35 Sep 22 22:29 gti-resolver-refusal-WArgHG
drwxr-xr-x 4 root root       35 Sep 22 22:35 gti-resolver-refusal-eoGBYv
drwxr-xr-x 5 root root      188 Sep 23 04:58 gti-restart-reinstall-failure-6jWnm8
drwxr-xr-x 5 root root      188 Sep 23 07:50 gti-restart-reinstall-failure-AGn9Kh

=== verdict ===
SUBSTRATE OK
