=========================================================
init: VSOCK-SNAP PROBE up. BOOT_NONCE=1da1ee2679e76f5f917fc6c5ec71a095
init: vcpus_online=1
init: /dev/vsock present BEFORE insmod = false
init: insmod /modules/vsock.ko -> rc=0
init: insmod /modules/vmw_vsock_virtio_transport_common.ko -> rc=0
init: insmod /modules/vmw_vsock_virtio_transport.ko -> rc=0
init: all three vsock modules loaded = true
init: /dev/vsock present AFTER insmod = true
init: PREREQ OK socket(AF_VSOCK) = fd 3
=========================================================
init: HELD connect(cid=2,port=1234) OK fd=3 attempt=1
init: HELD first send -> w=53
TICK n=0 nonce=1da1ee2679e76f5f917fc6c5ec71a095 mono_ms=310 real_ms=1786386424043 vcpu_online=1 held_w=w=48 held_r=E11/EAGAIN new=ok(w=47) new_ok_total=1
TICK n=1 nonce=1da1ee2679e76f5f917fc6c5ec71a095 mono_ms=813 real_ms=1786386424546 vcpu_online=1 held_w=w=48 held_r=E11/EAGAIN new=ok(w=47) new_ok_total=2
TICK n=2 nonce=1da1ee2679e76f5f917fc6c5ec71a095 mono_ms=1318 real_ms=1786386425051 vcpu_online=1 held_w=w=48 held_r=E11/EAGAIN new=ok(w=47) new_ok_total=3
TICK n=3 nonce=1da1ee2679e76f5f917fc6c5ec71a095 mono_ms=1824 real_ms=1786386425557 vcpu_online=1 held_w=w=48 held_r=E11/EAGAIN new=ok(w=47) new_ok_total=4
TICK n=4 nonce=1da1ee2679e76f5f917fc6c5ec71a095 mono_ms=2330 real_ms=1786386426063 vcpu_online=1 held_w=w=48 held_r=E11/EAGAIN new=ok(w=47) new_ok_total=5
TICK n=5 nonce=1da1ee2679e76f5f917fc6c5ec71a095 mono_ms=2835 real_ms=1786386426568 vcpu_online=1 held_w=w=48 held_r=E11/EAGAIN new=ok(w=47) new_ok_total=6
TICK n=6 nonce=1da1ee2679e76f5f917fc6c5ec71a095 mono_ms=3341 real_ms=1786386427074 vcpu_online=1 held_w=w=48 held_r=E11/EAGAIN new=ok(w=47) new_ok_total=7
TICK n=7 nonce=1da1ee2679e76f5f917fc6c5ec71a095 mono_ms=3846 real_ms=1786386427580 vcpu_online=1 held_w=w=48 held_r=E11/EAGAIN new=ok(w=47) new_ok_total=8
TICK n=8 nonce=1da1ee2679e76f5f917fc6c5ec71a095 mono_ms=4352 real_ms=1786386428085 vcpu_online=1 held_w=w=48 held_r=E11/EAGAIN new=ok(w=47) new_ok_total=9
TICK n=9 nonce=1da1ee2679e76f5f917fc6c5ec71a095 mono_ms=4858 real_ms=1786386428591 vcpu_online=1 held_w=w=48 held_r=E11/EAGAIN new=ok(w=47) new_ok_total=10
TICK n=10 nonce=1da1ee2679e76f5f917fc6c5ec71a095 mono_ms=5363 real_ms=1786386429096 vcpu_online=1 held_w=w=49 held_r=E11/EAGAIN new=ok(w=48) new_ok_total=11
