=========================================================
init: VSOCK-SNAP PROBE up. BOOT_NONCE=9d756f7e7d51fd0d330508cebb052ea0
init: vcpus_online=1
init: /dev/vsock present BEFORE insmod = false
init: insmod /modules/vsock.ko -> rc=0
init: insmod /modules/vmw_vsock_virtio_transport_common.ko -> rc=0
init: insmod /modules/vmw_vsock_virtio_transport.ko -> rc=0
init: all three vsock modules loaded = true
init: /dev/vsock present AFTER insmod = true
init: PREREQ OK socket(AF_VSOCK) = fd 3
=========================================================
init: HELD connect(cid=2,port=1234) OK fd=3 attempt=1
init: HELD first send -> w=53
TICK n=0 nonce=9d756f7e7d51fd0d330508cebb052ea0 mono_ms=307 real_ms=1786386462987 vcpu_online=1 held_w=w=48 held_r=E11/EAGAIN new=ok(w=47) new_ok_total=1
TICK n=1 nonce=9d756f7e7d51fd0d330508cebb052ea0 mono_ms=811 real_ms=1786386463490 vcpu_online=1 held_w=w=48 held_r=E11/EAGAIN new=ok(w=47) new_ok_total=2
TICK n=2 nonce=9d756f7e7d51fd0d330508cebb052ea0 mono_ms=1316 real_ms=1786386463996 vcpu_online=1 held_w=w=48 held_r=E11/EAGAIN new=ok(w=47) new_ok_total=3
TICK n=3 nonce=9d756f7e7d51fd0d330508cebb052ea0 mono_ms=1822 real_ms=1786386464501 vcpu_online=1 held_w=w=48 held_r=E11/EAGAIN new=ok(w=47) new_ok_total=4
TICK n=4 nonce=9d756f7e7d51fd0d330508cebb052ea0 mono_ms=2327 real_ms=1786386465007 vcpu_online=1 held_w=w=48 held_r=E11/EAGAIN new=ok(w=47) new_ok_total=5
TICK n=5 nonce=9d756f7e7d51fd0d330508cebb052ea0 mono_ms=2833 real_ms=1786386465513 vcpu_online=1 held_w=w=48 held_r=E11/EAGAIN new=ok(w=47) new_ok_total=6
TICK n=6 nonce=9d756f7e7d51fd0d330508cebb052ea0 mono_ms=3339 real_ms=1786386466018 vcpu_online=1 held_w=w=48 held_r=E11/EAGAIN new=ok(w=47) new_ok_total=7
TICK n=7 nonce=9d756f7e7d51fd0d330508cebb052ea0 mono_ms=3844 real_ms=1786386466524 vcpu_online=1 held_w=w=48 held_r=E11/EAGAIN new=ok(w=47) new_ok_total=8
TICK n=8 nonce=9d756f7e7d51fd0d330508cebb052ea0 mono_ms=4350 real_ms=1786386467029 vcpu_online=1 held_w=w=48 held_r=E11/EAGAIN new=ok(w=47) new_ok_total=9
TICK n=9 nonce=9d756f7e7d51fd0d330508cebb052ea0 mono_ms=4855 real_ms=1786386467535 vcpu_online=1 held_w=w=48 held_r=E11/EAGAIN new=ok(w=47) new_ok_total=10
TICK n=10 nonce=9d756f7e7d51fd0d330508cebb052ea0 mono_ms=5361 real_ms=1786386468041 vcpu_online=1 held_w=w=49 held_r=E11/EAGAIN new=ok(w=48) new_ok_total=11
