3f9983fff2d083040b7a8e624fc60e5111e25fd226db5f9ef211a1f281b62606  spike-scratch/guest-stack-transparent-mtls-intercept/terminal-contention/probe.sh
0b5143e66c69ea04353f2c535237a61651adf9da70aca6ad297375fbbe4108c7  spike-scratch/guest-stack-transparent-mtls-intercept/terminal-contention/transcript.log
d13d9f17ebfd3b67c9b9e62223d4bba9d00a6f7d24fc760d4b8e78a875a2a660  docs/feature/guest-stack-transparent-mtls-intercept/spike/fault-injection-terminal-contention.md
 M AGENTS.md
?? docs/feature/guest-stack-transparent-mtls-intercept/spike/fault-injection-terminal-contention.md
?? spike-scratch/guest-stack-transparent-mtls-intercept/terminal-contention/probe.sh
?? spike-scratch/guest-stack-transparent-mtls-intercept/terminal-contention/runs/0002.meta
?? spike-scratch/guest-stack-transparent-mtls-intercept/terminal-contention/runs/0002.stderr
?? spike-scratch/guest-stack-transparent-mtls-intercept/terminal-contention/runs/0002.stdout
?? spike-scratch/guest-stack-transparent-mtls-intercept/terminal-contention/runs/0011.meta
?? spike-scratch/guest-stack-transparent-mtls-intercept/terminal-contention/runs/0011.stderr
?? spike-scratch/guest-stack-transparent-mtls-intercept/terminal-contention/runs/0011.stdout
?? spike-scratch/guest-stack-transparent-mtls-intercept/terminal-contention/runs/0012.meta
?? spike-scratch/guest-stack-transparent-mtls-intercept/terminal-contention/runs/0012.stderr
?? spike-scratch/guest-stack-transparent-mtls-intercept/terminal-contention/runs/0012.stdout
?? spike-scratch/guest-stack-transparent-mtls-intercept/terminal-contention/runs/0013.meta
?? spike-scratch/guest-stack-transparent-mtls-intercept/terminal-contention/runs/0013.stderr
?? spike-scratch/guest-stack-transparent-mtls-intercept/terminal-contention/runs/0013.stdout
?? spike-scratch/guest-stack-transparent-mtls-intercept/terminal-contention/runs/0014.meta
?? spike-scratch/guest-stack-transparent-mtls-intercept/terminal-contention/runs/0014.stderr
?? spike-scratch/guest-stack-transparent-mtls-intercept/terminal-contention/runs/0014.stdout
?? spike-scratch/guest-stack-transparent-mtls-intercept/terminal-contention/runs/0015.meta
?? spike-scratch/guest-stack-transparent-mtls-intercept/terminal-contention/runs/0015.stderr
?? spike-scratch/guest-stack-transparent-mtls-intercept/terminal-contention/runs/0015.stdout
?? spike-scratch/guest-stack-transparent-mtls-intercept/terminal-contention/runs/0016.meta
?? spike-scratch/guest-stack-transparent-mtls-intercept/terminal-contention/runs/0016.stderr
?? spike-scratch/guest-stack-transparent-mtls-intercept/terminal-contention/runs/0016.stdout
?? spike-scratch/guest-stack-transparent-mtls-intercept/terminal-contention/runs/0017.meta
?? spike-scratch/guest-stack-transparent-mtls-intercept/terminal-contention/runs/0017.stderr
?? spike-scratch/guest-stack-transparent-mtls-intercept/terminal-contention/runs/0017.stdout
?? spike-scratch/guest-stack-transparent-mtls-intercept/terminal-contention/runs/0018.meta
?? spike-scratch/guest-stack-transparent-mtls-intercept/terminal-contention/runs/0018.stderr
?? spike-scratch/guest-stack-transparent-mtls-intercept/terminal-contention/runs/0018.stdout
?? spike-scratch/guest-stack-transparent-mtls-intercept/terminal-contention/runs/0019.meta
?? spike-scratch/guest-stack-transparent-mtls-intercept/terminal-contention/runs/0019.stderr
?? spike-scratch/guest-stack-transparent-mtls-intercept/terminal-contention/runs/0019.stdout
?? spike-scratch/guest-stack-transparent-mtls-intercept/terminal-contention/runs/0020.meta
?? spike-scratch/guest-stack-transparent-mtls-intercept/terminal-contention/runs/0020.stderr
?? spike-scratch/guest-stack-transparent-mtls-intercept/terminal-contention/runs/0020.stdout
?? spike-scratch/guest-stack-transparent-mtls-intercept/terminal-contention/runs/0021.stderr
?? spike-scratch/guest-stack-transparent-mtls-intercept/terminal-contention/runs/0021.stdout
?? spike-scratch/guest-stack-transparent-mtls-intercept/terminal-contention/runs/0028.meta
?? spike-scratch/guest-stack-transparent-mtls-intercept/terminal-contention/runs/0028.stderr
?? spike-scratch/guest-stack-transparent-mtls-intercept/terminal-contention/runs/0028.stdout
?? spike-scratch/guest-stack-transparent-mtls-intercept/terminal-contention/runs/0029.meta
?? spike-scratch/guest-stack-transparent-mtls-intercept/terminal-contention/runs/0029.stderr
?? spike-scratch/guest-stack-transparent-mtls-intercept/terminal-contention/runs/0029.stdout
?? spike-scratch/guest-stack-transparent-mtls-intercept/terminal-contention/runs/0030.meta
?? spike-scratch/guest-stack-transparent-mtls-intercept/terminal-contention/runs/0030.stderr
?? spike-scratch/guest-stack-transparent-mtls-intercept/terminal-contention/runs/0030.stdout
?? spike-scratch/guest-stack-transparent-mtls-intercept/terminal-contention/runs/0032.meta
?? spike-scratch/guest-stack-transparent-mtls-intercept/terminal-contention/runs/0032.stderr
?? spike-scratch/guest-stack-transparent-mtls-intercept/terminal-contention/runs/0032.stdout
?? spike-scratch/guest-stack-transparent-mtls-intercept/terminal-contention/runs/0033.meta
?? spike-scratch/guest-stack-transparent-mtls-intercept/terminal-contention/runs/0033.stderr
?? spike-scratch/guest-stack-transparent-mtls-intercept/terminal-contention/runs/0033.stdout
?? spike-scratch/guest-stack-transparent-mtls-intercept/terminal-contention/runs/0034.meta
?? spike-scratch/guest-stack-transparent-mtls-intercept/terminal-contention/runs/0034.stderr
?? spike-scratch/guest-stack-transparent-mtls-intercept/terminal-contention/runs/0034.stdout
?? spike-scratch/guest-stack-transparent-mtls-intercept/terminal-contention/runs/0035.meta
?? spike-scratch/guest-stack-transparent-mtls-intercept/terminal-contention/runs/0035.stderr
?? spike-scratch/guest-stack-transparent-mtls-intercept/terminal-contention/runs/0035.stdout
?? spike-scratch/guest-stack-transparent-mtls-intercept/terminal-contention/runs/0036.meta
?? spike-scratch/guest-stack-transparent-mtls-intercept/terminal-contention/runs/0036.stderr
?? spike-scratch/guest-stack-transparent-mtls-intercept/terminal-contention/runs/0036.stdout
?? spike-scratch/guest-stack-transparent-mtls-intercept/terminal-contention/runs/0037.meta
?? spike-scratch/guest-stack-transparent-mtls-intercept/terminal-contention/runs/0037.stderr
?? spike-scratch/guest-stack-transparent-mtls-intercept/terminal-contention/runs/0037.stdout
?? spike-scratch/guest-stack-transparent-mtls-intercept/terminal-contention/transcript.log
