    Finished `dev` profile [unoptimized + debuginfo] target(s) in 0.18s
     Running `target/debug/xtask metal run -- python3 spike-scratch/netns-density-295-vsock-scale/increment-c/run.py`
/usr/bin/ssh
xtask: running metal run (one bootstrap lease session)

########## [bootstrap] preflight: ssh to <redacted canonical metal target>

########## [bootstrap] remote user=ubuntu home=/home/ubuntu sudo='sudo -n'

########## [bootstrap] acquire canonical metal lease (/run/lock/overdrive-metal-shared.lock)
OVERDRIVE_METAL_LEASE_ACQUIRED token=366ba1d33a9392b0b674f30f pid=811404

########## [bootstrap] sync /Users/marcus/conductor/workspaces/helios/wellington-v2 -> <redacted canonical metal target>:/home/ubuntu/overdrive

sent 950,405 bytes  received 104,497 bytes  140,653.60 bytes/sec
total size is 984,214,529  speedup is 932.99

########## [bootstrap] fail-closed native x86_64/KVM preflight
{"actual_guest_boots": 0, "at_s": 0.0009718630462884903, "event": "identity", "lease_owner": "pid=811404\nstarted_at=2026-10-04T11:06:04Z\naction=run\nscenario=spike-vsock-increment-c\nworkspace=/Users/marcus/conductor/workspaces/helios/wellington-v2\ncommit=5ea2d0c506f5c1f0672c2a4b5b7c5d0d415d6bde\ntoken=366ba1d33a9392b0b674f30f\n", "pid": 811758, "requested_count": 16384, "runner_sha256": "d095c593d97d6be9de21d3c0b4a691c549a574eb53fa8f6e55146f0705ddba34", "rust_source_sha256": "8363e2849f4a701e3aa081cd15a62e20ac8da58a3697f3a3d1eb8214f5629356", "uname": ["Linux", "em-determined-roentgen", "7.0.0-29-generic", "#29-Ubuntu SMP PREEMPT_DYNAMIC Fri Jul 17 20:52:35 UTC 2026", "x86_64"], "upstream_git_rev": "9ed824d6d08df3e96f7d5f50795d9449ac99f431", "user_approved_boundary": "stock activated transport devices and independent muxers; no guest cohort"}
{"argv": ["cargo", "build", "--manifest-path", "/home/ubuntu/overdrive/spike-scratch/netns-density-295-vsock-scale/increment-c/Cargo.toml", "--release"], "at_s": 0.09396740514785051, "event": "build-start"}
{"at_s": 28.570209346711636, "binary_bytes": 1307672, "binary_sha256": "4d0b81949b62283fe31396ec0e83cf2aab10e452002122d41442fc4b3a19c11e", "event": "build-complete", "rc": 0}
{"admission_reserve_kib": 8388608, "argv": ["/home/ubuntu/overdrive/spike-scratch/netns-density-295-vsock-scale/target/release/vsock-device-capacity-probe", "/run/vs295-scale-811758", "/home/ubuntu/overdrive/spike-scratch/netns-density-295-vsock-scale/out/increment-c", "4,1024,4096,8192,16384"], "at_s": 28.570273122750223, "event": "capacity-start", "global_limits_changed": false, "inherited_nofile_hard": 524288, "original_nofile_soft": 1024, "owned_process_nofile_soft": 524288}
{"actual_kvm_vms":0,"actual_linux_guests":0,"actual_stock_activated_devices":4,"actual_stock_muxers":4,"elapsed_s":0.009994343,"event":"stage_held","every_peer_tagged_bidirectional_exchange_passed":true,"full_pool_recheck_s":0.000959765,"held_transport_connections":4,"independent_synthetic_driver_contexts":4,"process_fd_count":88,"process_task_count":5}
{"all_checks_passed": true, "at_s": 28.588160536251962, "distinct_device_addresses": 4, "distinct_exit_eventfd_ids": 4, "distinct_memory_contexts": 4, "distinct_peer_connections": 4, "distinct_stock_muxer_epoll_fds": 4, "distinct_worker_outer_epoll_fds": 4, "event": "independent-frozen-owner-audit", "held_stock_activated_devices": 4, "host_memavailable_kib": 62738252, "kernel_unique_listening_socket_inodes": 4, "native_process_fds": 87, "native_process_tasks": 5}
{"actual_kvm_vms":0,"actual_linux_guests":0,"actual_stock_activated_devices":1024,"actual_stock_muxers":1024,"elapsed_s":0.661724563,"event":"stage_held","every_peer_tagged_bidirectional_exchange_passed":true,"full_pool_recheck_s":0.244360008,"held_transport_connections":1024,"independent_synthetic_driver_contexts":1024,"process_fd_count":21508,"process_task_count":1025}
{"all_checks_passed": true, "at_s": 29.629691652953625, "distinct_device_addresses": 1024, "distinct_exit_eventfd_ids": 1024, "distinct_memory_contexts": 1024, "distinct_peer_connections": 1024, "distinct_stock_muxer_epoll_fds": 1024, "distinct_worker_outer_epoll_fds": 1024, "event": "independent-frozen-owner-audit", "held_stock_activated_devices": 1024, "host_memavailable_kib": 62653004, "kernel_unique_listening_socket_inodes": 1024, "native_process_fds": 21507, "native_process_tasks": 1025}
{"actual_kvm_vms":0,"actual_linux_guests":0,"actual_stock_activated_devices":4096,"actual_stock_muxers":4096,"elapsed_s":3.314184594,"event":"stage_held","every_peer_tagged_bidirectional_exchange_passed":true,"full_pool_recheck_s":0.943922722,"held_transport_connections":4096,"independent_synthetic_driver_contexts":4096,"process_fd_count":86020,"process_task_count":4097}
{"all_checks_passed": true, "at_s": 33.43846010789275, "distinct_device_addresses": 4096, "distinct_exit_eventfd_ids": 4096, "distinct_memory_contexts": 4096, "distinct_peer_connections": 4096, "distinct_stock_muxer_epoll_fds": 4096, "distinct_worker_outer_epoll_fds": 4096, "event": "independent-frozen-owner-audit", "held_stock_activated_devices": 4096, "host_memavailable_kib": 62408688, "kernel_unique_listening_socket_inodes": 4096, "native_process_fds": 86019, "native_process_tasks": 4097}
{"actual_kvm_vms":0,"actual_linux_guests":0,"actual_stock_activated_devices":8192,"actual_stock_muxers":8192,"elapsed_s":8.779964735,"event":"stage_held","every_peer_tagged_bidirectional_exchange_passed":true,"full_pool_recheck_s":1.704718321,"held_transport_connections":8192,"independent_synthetic_driver_contexts":8192,"process_fd_count":172036,"process_task_count":8193}
{"all_checks_passed": true, "at_s": 40.40440875291824, "distinct_device_addresses": 8192, "distinct_exit_eventfd_ids": 8192, "distinct_memory_contexts": 8192, "distinct_peer_connections": 8192, "distinct_stock_muxer_epoll_fds": 8192, "distinct_worker_outer_epoll_fds": 8192, "event": "independent-frozen-owner-audit", "held_stock_activated_devices": 8192, "host_memavailable_kib": 62034452, "kernel_unique_listening_socket_inodes": 8192, "native_process_fds": 172035, "native_process_tasks": 8193}
{"actual_kvm_vms":0,"actual_linux_guests":0,"actual_stock_activated_devices":16384,"actual_stock_muxers":16384,"elapsed_s":21.226878916,"event":"stage_held","every_peer_tagged_bidirectional_exchange_passed":true,"full_pool_recheck_s":3.282924353,"held_transport_connections":16384,"independent_synthetic_driver_contexts":16384,"process_fd_count":344068,"process_task_count":16385}
{"all_checks_passed": true, "at_s": 55.849601212888956, "distinct_device_addresses": 16384, "distinct_exit_eventfd_ids": 16384, "distinct_memory_contexts": 16384, "distinct_peer_connections": 16384, "distinct_stock_muxer_epoll_fds": 16384, "distinct_worker_outer_epoll_fds": 16384, "event": "independent-frozen-owner-audit", "held_stock_activated_devices": 16384, "host_memavailable_kib": 61118072, "kernel_unique_listening_socket_inodes": 16384, "native_process_fds": 344067, "native_process_tasks": 16385}
{"event":"final_recheck_begin","held":16384}
{"elapsed_s":56.451896895,"event":"cleaned","final_fds":4,"final_tasks":1,"initial_fds":4,"initial_tasks":1,"released_devices":16384,"remaining_socket_paths":0}
{"at_s": 85.70792024210095, "event": "capacity-exit", "full_16384_device_capacity_validated": true, "rc": 0}
{"actual_guest_boots": 0, "administrative_configuration_matched": true, "at_s": 85.75141867436469, "different_keys": [], "event": "cleanup", "exact_owned_residual_sockets_removed_after_process_exit": [], "foreign_configuration_mutated": false, "global_limits_changed": false, "new_host_oom_kills": 0, "owned_pid": 814497, "owned_pid_alive": false, "owned_socket_directory": "/run/vs295-scale-811758", "owned_socket_directory_exists": false}
{"at_s": 85.7571875071153, "event": "final", "passed": true, "wall_s": 85.75718600489199}
{"launcher_rc": 0, "wall_s": 145.50352470899816}
