   Compiling unicode-ident v1.0.24
   Compiling cfg-if v1.0.4
   Compiling libc v0.2.185
   Compiling once_cell v1.21.4
   Compiling zerocopy v0.8.48
   Compiling memchr v2.8.0
   Compiling lazy_static v1.5.0
   Compiling pin-project-lite v0.2.17
   Compiling utf8parse v0.2.2
   Compiling serde_core v1.0.228
   Compiling serde v1.0.228
   Compiling gimli v0.32.3
   Compiling colorchoice v1.0.5
   Compiling anstyle v1.0.14
   Compiling adler2 v2.0.1
   Compiling anstyle-query v1.1.5
   Compiling thread_local v1.1.9
   Compiling anstyle-parse v1.0.0
   Compiling sharded-slab v0.1.7
   Compiling proc-macro2 v1.0.106
   Compiling is_terminal_polyfill v1.70.2
   Compiling miniz_oxide v0.8.9
   Compiling serde_json v1.0.149
   Compiling owo-colors v4.3.0
   Compiling tracing-core v0.1.36
   Compiling anstream v1.0.0
   Compiling zmij v1.0.21
   Compiling object v0.37.3
   Compiling quote v1.0.45
   Compiling tracing-subscriber v0.3.23
   Compiling tracing v0.1.44
   Compiling syn v2.0.117
   Compiling itoa v1.0.18
   Compiling strsim v0.11.1
   Compiling indenter v0.3.4
   Compiling rustc-demangle v0.1.27
   Compiling clap_lex v1.1.0
   Compiling eyre v0.6.12
   Compiling clap_builder v4.6.0
   Compiling tracing-error v0.2.1
   Compiling color-spantrace v0.3.0
   Compiling dotenvy v0.15.7
   Compiling addr2line v0.25.1
   Compiling camino v1.2.2
   Compiling semver v1.0.28
   Compiling getrandom v0.2.17
   Compiling backtrace v0.3.76
   Compiling rand_core v0.6.4
   Compiling color-eyre v0.6.5
   Compiling ppv-lite86 v0.2.21
   Compiling rand_chacha v0.3.1
   Compiling rand v0.8.6
   Compiling serde_derive v1.0.228
   Compiling thiserror-impl v1.0.69
   Compiling clap_derive v4.6.1
   Compiling thiserror v1.0.69
   Compiling clap v4.6.1
   Compiling cargo-platform v0.1.9
   Compiling cargo_metadata v0.18.1
   Compiling xtask v0.0.0 (/Users/marcus/conductor/workspaces/helios/bordeaux-v2/xtask)
    Finished `dev` profile [unoptimized + debuginfo] target(s) in 9.82s
     Running `target/debug/xtask metal run --no-sudo -- bash spike-scratch/in-guest-kernel-mtls/increment-i/host-inventory.sh`
xtask: running metal run (one bootstrap lease session)
