    Finished `dev` profile [unoptimized + debuginfo] target(s) in 0.46s
     Running `target/debug/xtask metal run -- bash spike-scratch/service-kind-vm-workloads/increment-c-codec-ab/run.sh`
xtask: running metal run (one bootstrap lease session)
rsync: [generator] delete_file: rmdir(.context/service-vm-spike/target/x86_64-unknown-linux-musl/release/incremental) failed: Permission denied (13)
rsync: [generator] delete_file: rmdir(.context/service-vm-spike/target/x86_64-unknown-linux-musl/release/examples) failed: Permission denied (13)
rsync: [generator] delete_file: unlink(.context/service-vm-spike/target/x86_64-unknown-linux-musl/release/deps/zmij-02456df7a2864f7c.d) failed: Permission denied (13)
rsync: [generator] delete_file: unlink(.context/service-vm-spike/target/x86_64-unknown-linux-musl/release/deps/spike_workload-547623daf42caaba.d) failed: Permission denied (13)
rsync: [generator] delete_file: unlink(.context/service-vm-spike/target/x86_64-unknown-linux-musl/release/deps/spike_workload-547623daf42caaba) failed: Permission denied (13)
rsync: [generator] delete_file: unlink(.context/service-vm-spike/target/x86_64-unknown-linux-musl/release/deps/spike_probe-1073666a4ec04dd1.d) failed: Permission denied (13)
rsync: [generator] delete_file: unlink(.context/service-vm-spike/target/x86_64-unknown-linux-musl/release/deps/spike_probe-1073666a4ec04dd1) failed: Permission denied (13)
rsync: [generator] delete_file: unlink(.context/service-vm-spike/target/x86_64-unknown-linux-musl/release/deps/spike_init-9deab2177d5711bd.d) failed: Permission denied (13)
rsync: [generator] delete_file: unlink(.context/service-vm-spike/target/x86_64-unknown-linux-musl/release/deps/spike_init-9deab2177d5711bd) failed: Permission denied (13)
rsync: [generator] delete_file: unlink(.context/service-vm-spike/target/x86_64-unknown-linux-musl/release/deps/serde_json-052621406e7b38b7.d) failed: Permission denied (13)
rsync: [generator] delete_file: unlink(.context/service-vm-spike/target/x86_64-unknown-linux-musl/release/deps/serde_core-8ca7074373dcdc34.d) failed: Permission denied (13)
rsync: [generator] delete_file: unlink(.context/service-vm-spike/target/x86_64-unknown-linux-musl/release/deps/nix-365b69a3d3df441b.d) failed: Permission denied (13)
rsync: [generator] delete_file: unlink(.context/service-vm-spike/target/x86_64-unknown-linux-musl/release/deps/memoffset-567bdac9b7b98719.d) failed: Permission denied (13)
rsync: [generator] delete_file: unlink(.context/service-vm-spike/target/x86_64-unknown-linux-musl/release/deps/memchr-d1f9f21ccca9315e.d) failed: Permission denied (13)
rsync: [generator] delete_file: unlink(.context/service-vm-spike/target/x86_64-unknown-linux-musl/release/deps/libzmij-02456df7a2864f7c.rmeta) failed: Permission denied (13)
rsync: [generator] delete_file: unlink(.context/service-vm-spike/target/x86_64-unknown-linux-musl/release/deps/libzmij-02456df7a2864f7c.rlib) failed: Permission denied (13)
rsync: [generator] delete_file: unlink(.context/service-vm-spike/target/x86_64-unknown-linux-musl/release/deps/libserde_json-052621406e7b38b7.rmeta) failed: Permission denied (13)
rsync: [generator] delete_file: unlink(.context/service-vm-spike/target/x86_64-unknown-linux-musl/release/deps/libserde_json-052621406e7b38b7.rlib) failed: Permission denied (13)
rsync: [generator] delete_file: unlink(.context/service-vm-spike/target/x86_64-unknown-linux-musl/release/deps/libserde_core-8ca7074373dcdc34.rmeta) failed: Permission denied (13)
rsync: [generator] delete_file: unlink(.context/service-vm-spike/target/x86_64-unknown-linux-musl/release/deps/libserde_core-8ca7074373dcdc34.rlib) failed: Permission denied (13)
rsync: [generator] delete_file: unlink(.context/service-vm-spike/target/x86_64-unknown-linux-musl/release/deps/libnix-365b69a3d3df441b.rmeta) failed: Permission denied (13)
rsync: [generator] delete_file: unlink(.context/service-vm-spike/target/x86_64-unknown-linux-musl/release/deps/libnix-365b69a3d3df441b.rlib) failed: Permission denied (13)
rsync: [generator] delete_file: unlink(.context/service-vm-spike/target/x86_64-unknown-linux-musl/release/deps/libmemoffset-567bdac9b7b98719.rmeta) failed: Permission denied (13)
rsync: [generator] delete_file: unlink(.context/service-vm-spike/target/x86_64-unknown-linux-musl/release/deps/libmemoffset-567bdac9b7b98719.rlib) failed: Permission denied (13)
rsync: [generator] delete_file: unlink(.context/service-vm-spike/target/x86_64-unknown-linux-musl/release/deps/libmemchr-d1f9f21ccca9315e.rmeta) failed: Permission denied (13)
rsync: [generator] delete_file: unlink(.context/service-vm-spike/target/x86_64-unknown-linux-musl/release/deps/libmemchr-d1f9f21ccca9315e.rlib) failed: Permission denied (13)
rsync: [generator] delete_file: unlink(.context/service-vm-spike/target/x86_64-unknown-linux-musl/release/deps/liblibc-afa678e335a04f3b.rmeta) failed: Permission denied (13)
rsync: [generator] delete_file: unlink(.context/service-vm-spike/target/x86_64-unknown-linux-musl/release/deps/liblibc-afa678e335a04f3b.rlib) failed: Permission denied (13)
rsync: [generator] delete_file: unlink(.context/service-vm-spike/target/x86_64-unknown-linux-musl/release/deps/libitoa-aebd88412de19510.rmeta) failed: Permission denied (13)
rsync: [generator] delete_file: unlink(.context/service-vm-spike/target/x86_64-unknown-linux-musl/release/deps/libitoa-aebd88412de19510.rlib) failed: Permission denied (13)
rsync: [generator] delete_file: unlink(.context/service-vm-spike/target/x86_64-unknown-linux-musl/release/deps/libcfg_if-dc59b477a55542a8.rmeta) failed: Permission denied (13)
rsync: [generator] delete_file: unlink(.context/service-vm-spike/target/x86_64-unknown-linux-musl/release/deps/libcfg_if-dc59b477a55542a8.rlib) failed: Permission denied (13)
rsync: [generator] delete_file: unlink(.context/service-vm-spike/target/x86_64-unknown-linux-musl/release/deps/libc-afa678e335a04f3b.d) failed: Permission denied (13)
rsync: [generator] delete_file: unlink(.context/service-vm-spike/target/x86_64-unknown-linux-musl/release/deps/libbitflags-f329fb997c1c7c99.rmeta) failed: Permission denied (13)
rsync: [generator] delete_file: unlink(.context/service-vm-spike/target/x86_64-unknown-linux-musl/release/deps/libbitflags-f329fb997c1c7c99.rlib) failed: Permission denied (13)
rsync: [generator] delete_file: unlink(.context/service-vm-spike/target/x86_64-unknown-linux-musl/release/deps/itoa-aebd88412de19510.d) failed: Permission denied (13)
rsync: [generator] delete_file: unlink(.context/service-vm-spike/target/x86_64-unknown-linux-musl/release/deps/cfg_if-dc59b477a55542a8.d) failed: Permission denied (13)
rsync: [generator] delete_file: unlink(.context/service-vm-spike/target/x86_64-unknown-linux-musl/release/deps/bitflags-f329fb997c1c7c99.d) failed: Permission denied (13)
rsync: [generator] delete_file: rmdir(.context/service-vm-spike/target/x86_64-unknown-linux-musl/release/deps) failed: Permission denied (13)
rsync: [generator] delete_file: rmdir(.context/service-vm-spike/target/x86_64-unknown-linux-musl/release/build/zmij-7869ad4d58250a80/out) failed: Permission denied (13)
rsync: [generator] delete_file: unlink(.context/service-vm-spike/target/x86_64-unknown-linux-musl/release/build/zmij-7869ad4d58250a80/stderr) failed: Permission denied (13)
rsync: [generator] delete_file: unlink(.context/service-vm-spike/target/x86_64-unknown-linux-musl/release/build/zmij-7869ad4d58250a80/root-output) failed: Permission denied (13)
rsync: [generator] delete_file: unlink(.context/service-vm-spike/target/x86_64-unknown-linux-musl/release/build/zmij-7869ad4d58250a80/output) failed: Permission denied (13)
rsync: [generator] delete_file: unlink(.context/service-vm-spike/target/x86_64-unknown-linux-musl/release/build/zmij-7869ad4d58250a80/invoked.timestamp) failed: Permission denied (13)
rsync: [generator] delete_file: rmdir(.context/service-vm-spike/target/x86_64-unknown-linux-musl/release/build/zmij-7869ad4d58250a80) failed: Permission denied (13)
rsync: [generator] delete_file: rmdir(.context/service-vm-spike/target/x86_64-unknown-linux-musl/release/build/serde_json-59dddce72a50b4d7/out) failed: Permission denied (13)
rsync: [generator] delete_file: unlink(.context/service-vm-spike/target/x86_64-unknown-linux-musl/release/build/serde_json-59dddce72a50b4d7/stderr) failed: Permission denied (13)
rsync: [generator] delete_file: unlink(.context/service-vm-spike/target/x86_64-unknown-linux-musl/release/build/serde_json-59dddce72a50b4d7/root-output) failed: Permission denied (13)
rsync: [generator] delete_file: unlink(.context/service-vm-spike/target/x86_64-unknown-linux-musl/release/build/serde_json-59dddce72a50b4d7/output) failed: Permission denied (13)
rsync: [generator] delete_file: unlink(.context/service-vm-spike/target/x86_64-unknown-linux-musl/release/build/serde_json-59dddce72a50b4d7/invoked.timestamp) failed: Permission denied (13)
rsync: [generator] delete_file: rmdir(.context/service-vm-spike/target/x86_64-unknown-linux-musl/release/build/serde_json-59dddce72a50b4d7) failed: Permission denied (13)
rsync: [generator] delete_file: unlink(.context/service-vm-spike/target/x86_64-unknown-linux-musl/release/build/serde_core-27f018ce5bb13621/out/private.rs) failed: Permission denied (13)
rsync: [generator] delete_file: rmdir(.context/service-vm-spike/target/x86_64-unknown-linux-musl/release/build/serde_core-27f018ce5bb13621/out) failed: Permission denied (13)
rsync: [generator] delete_file: unlink(.context/service-vm-spike/target/x86_64-unknown-linux-musl/release/build/serde_core-27f018ce5bb13621/stderr) failed: Permission denied (13)
rsync: [generator] delete_file: unlink(.context/service-vm-spike/target/x86_64-unknown-linux-musl/release/build/serde_core-27f018ce5bb13621/root-output) failed: Permission denied (13)
rsync: [generator] delete_file: unlink(.context/service-vm-spike/target/x86_64-unknown-linux-musl/release/build/serde_core-27f018ce5bb13621/output) failed: Permission denied (13)
rsync: [generator] delete_file: unlink(.context/service-vm-spike/target/x86_64-unknown-linux-musl/release/build/serde_core-27f018ce5bb13621/invoked.timestamp) failed: Permission denied (13)
rsync: [generator] delete_file: rmdir(.context/service-vm-spike/target/x86_64-unknown-linux-musl/release/build/serde_core-27f018ce5bb13621) failed: Permission denied (13)
rsync: [generator] delete_file: rmdir(.context/service-vm-spike/target/x86_64-unknown-linux-musl/release/build/nix-841ceff4a7ba2ddc/out) failed: Permission denied (13)
rsync: [generator] delete_file: unlink(.context/service-vm-spike/target/x86_64-unknown-linux-musl/release/build/nix-841ceff4a7ba2ddc/stderr) failed: Permission denied (13)
rsync: [generator] delete_file: unlink(.context/service-vm-spike/target/x86_64-unknown-linux-musl/release/build/nix-841ceff4a7ba2ddc/root-output) failed: Permission denied (13)
rsync: [generator] delete_file: unlink(.context/service-vm-spike/target/x86_64-unknown-linux-musl/release/build/nix-841ceff4a7ba2ddc/output) failed: Permission denied (13)
rsync: [generator] delete_file: unlink(.context/service-vm-spike/target/x86_64-unknown-linux-musl/release/build/nix-841ceff4a7ba2ddc/invoked.timestamp) failed: Permission denied (13)
rsync: [generator] delete_file: rmdir(.context/service-vm-spike/target/x86_64-unknown-linux-musl/release/build/nix-841ceff4a7ba2ddc) failed: Permission denied (13)
rsync: [generator] delete_file: rmdir(.context/service-vm-spike/target/x86_64-unknown-linux-musl/release/build/memoffset-2940257d314b69ec/out) failed: Permission denied (13)
rsync: [generator] delete_file: unlink(.context/service-vm-spike/target/x86_64-unknown-linux-musl/release/build/memoffset-2940257d314b69ec/stderr) failed: Permission denied (13)
rsync: [generator] delete_file: unlink(.context/service-vm-spike/target/x86_64-unknown-linux-musl/release/build/memoffset-2940257d314b69ec/root-output) failed: Permission denied (13)
rsync: [generator] delete_file: unlink(.context/service-vm-spike/target/x86_64-unknown-linux-musl/release/build/memoffset-2940257d314b69ec/output) failed: Permission denied (13)
rsync: [generator] delete_file: unlink(.context/service-vm-spike/target/x86_64-unknown-linux-musl/release/build/memoffset-2940257d314b69ec/invoked.timestamp) failed: Permission denied (13)
rsync: [generator] delete_file: rmdir(.context/service-vm-spike/target/x86_64-unknown-linux-musl/release/build/memoffset-2940257d314b69ec) failed: Permission denied (13)
rsync: [generator] delete_file: rmdir(.context/service-vm-spike/target/x86_64-unknown-linux-musl/release/build/libc-00c85b154fc33801/out) failed: Permission denied (13)
rsync: [generator] delete_file: unlink(.context/service-vm-spike/target/x86_64-unknown-linux-musl/release/build/libc-00c85b154fc33801/stderr) failed: Permission denied (13)
rsync: [generator] delete_file: unlink(.context/service-vm-spike/target/x86_64-unknown-linux-musl/release/build/libc-00c85b154fc33801/root-output) failed: Permission denied (13)
rsync: [generator] delete_file: unlink(.context/service-vm-spike/target/x86_64-unknown-linux-musl/release/build/libc-00c85b154fc33801/output) failed: Permission denied (13)
rsync: [generator] delete_file: unlink(.context/service-vm-spike/target/x86_64-unknown-linux-musl/release/build/libc-00c85b154fc33801/invoked.timestamp) failed: Permission denied (13)
rsync: [generator] delete_file: rmdir(.context/service-vm-spike/target/x86_64-unknown-linux-musl/release/build/libc-00c85b154fc33801) failed: Permission denied (13)
rsync: [generator] delete_file: rmdir(.context/service-vm-spike/target/x86_64-unknown-linux-musl/release/build) failed: Permission denied (13)
rsync: [generator] delete_file: unlink(.context/service-vm-spike/target/x86_64-unknown-linux-musl/release/.fingerprint/zmij-7869ad4d58250a80/run-build-script-build-script-build.json) failed: Permission denied (13)
rsync: [generator] delete_file: unlink(.context/service-vm-spike/target/x86_64-unknown-linux-musl/release/.fingerprint/zmij-7869ad4d58250a80/run-build-script-build-script-build) failed: Permission denied (13)
rsync: [generator] delete_file: rmdir(.context/service-vm-spike/target/x86_64-unknown-linux-musl/release/.fingerprint/zmij-7869ad4d58250a80) failed: Permission denied (13)
rsync: [generator] delete_file: unlink(.context/service-vm-spike/target/x86_64-unknown-linux-musl/release/.fingerprint/zmij-02456df7a2864f7c/lib-zmij.json) failed: Permission denied (13)
rsync: [generator] delete_file: unlink(.context/service-vm-spike/target/x86_64-unknown-linux-musl/release/.fingerprint/zmij-02456df7a2864f7c/lib-zmij) failed: Permission denied (13)
rsync: [generator] delete_file: unlink(.context/service-vm-spike/target/x86_64-unknown-linux-musl/release/.fingerprint/zmij-02456df7a2864f7c/invoked.timestamp) failed: Permission denied (13)
rsync: [generator] delete_file: unlink(.context/service-vm-spike/target/x86_64-unknown-linux-musl/release/.fingerprint/zmij-02456df7a2864f7c/dep-lib-zmij) failed: Permission denied (13)
rsync: [generator] delete_file: rmdir(.context/service-vm-spike/target/x86_64-unknown-linux-musl/release/.fingerprint/zmij-02456df7a2864f7c) failed: Permission denied (13)
rsync: [generator] delete_file: unlink(.context/service-vm-spike/target/x86_64-unknown-linux-musl/release/.fingerprint/service-vm-spike-9deab2177d5711bd/invoked.timestamp) failed: Permission denied (13)
rsync: [generator] delete_file: unlink(.context/service-vm-spike/target/x86_64-unknown-linux-musl/release/.fingerprint/service-vm-spike-9deab2177d5711bd/dep-bin-spike-init) failed: Permission denied (13)
rsync: [generator] delete_file: unlink(.context/service-vm-spike/target/x86_64-unknown-linux-musl/release/.fingerprint/service-vm-spike-9deab2177d5711bd/bin-spike-init.json) failed: Permission denied (13)
rsync: [generator] delete_file: unlink(.context/service-vm-spike/target/x86_64-unknown-linux-musl/release/.fingerprint/service-vm-spike-9deab2177d5711bd/bin-spike-init) failed: Permission denied (13)
rsync: [generator] delete_file: rmdir(.context/service-vm-spike/target/x86_64-unknown-linux-musl/release/.fingerprint/service-vm-spike-9deab2177d5711bd) failed: Permission denied (13)
rsync: [generator] delete_file: unlink(.context/service-vm-spike/target/x86_64-unknown-linux-musl/release/.fingerprint/service-vm-spike-547623daf42caaba/invoked.timestamp) failed: Permission denied (13)
rsync: [generator] delete_file: unlink(.context/service-vm-spike/target/x86_64-unknown-linux-musl/release/.fingerprint/service-vm-spike-547623daf42caaba/dep-bin-spike-workload) failed: Permission denied (13)
rsync: [generator] delete_file: unlink(.context/service-vm-spike/target/x86_64-unknown-linux-musl/release/.fingerprint/service-vm-spike-547623daf42caaba/bin-spike-workload.json) failed: Permission denied (13)
rsync: [generator] delete_file: unlink(.context/service-vm-spike/target/x86_64-unknown-linux-musl/release/.fingerprint/service-vm-spike-547623daf42caaba/bin-spike-workload) failed: Permission denied (13)
rsync: [generator] delete_file: rmdir(.context/service-vm-spike/target/x86_64-unknown-linux-musl/release/.fingerprint/service-vm-spike-547623daf42caaba) failed: Permission denied (13)
rsync: [generator] delete_file: unlink(.context/service-vm-spike/target/x86_64-unknown-linux-musl/release/.fingerprint/service-vm-spike-1073666a4ec04dd1/invoked.timestamp) failed: Permission denied (13)
rsync: [generator] delete_file: unlink(.context/service-vm-spike/target/x86_64-unknown-linux-musl/release/.fingerprint/service-vm-spike-1073666a4ec04dd1/dep-bin-spike-probe) failed: Permission denied (13)
rsync: [generator] delete_file: unlink(.context/service-vm-spike/target/x86_64-unknown-linux-musl/release/.fingerprint/service-vm-spike-1073666a4ec04dd1/bin-spike-probe.json) failed: Permission denied (13)
rsync: [generator] delete_file: unlink(.context/service-vm-spike/target/x86_64-unknown-linux-musl/release/.fingerprint/service-vm-spike-1073666a4ec04dd1/bin-spike-probe) failed: Permission denied (13)
rsync: [generator] delete_file: rmdir(.context/service-vm-spike/target/x86_64-unknown-linux-musl/release/.fingerprint/service-vm-spike-1073666a4ec04dd1) failed: Permission denied (13)
rsync: [generator] delete_file: unlink(.context/service-vm-spike/target/x86_64-unknown-linux-musl/release/.fingerprint/serde_json-59dddce72a50b4d7/run-build-script-build-script-build.json) failed: Permission denied (13)
rsync: [generator] delete_file: unlink(.context/service-vm-spike/target/x86_64-unknown-linux-musl/release/.fingerprint/serde_json-59dddce72a50b4d7/run-build-script-build-script-build) failed: Permission denied (13)
rsync: [generator] delete_file: rmdir(.context/service-vm-spike/target/x86_64-unknown-linux-musl/release/.fingerprint/serde_json-59dddce72a50b4d7) failed: Permission denied (13)
rsync: [generator] delete_file: unlink(.context/service-vm-spike/target/x86_64-unknown-linux-musl/release/.fingerprint/serde_json-052621406e7b38b7/lib-serde_json.json) failed: Permission denied (13)
rsync: [generator] delete_file: unlink(.context/service-vm-spike/target/x86_64-unknown-linux-musl/release/.fingerprint/serde_json-052621406e7b38b7/lib-serde_json) failed: Permission denied (13)
rsync: [generator] delete_file: unlink(.context/service-vm-spike/target/x86_64-unknown-linux-musl/release/.fingerprint/serde_json-052621406e7b38b7/invoked.timestamp) failed: Permission denied (13)
rsync: [generator] delete_file: unlink(.context/service-vm-spike/target/x86_64-unknown-linux-musl/release/.fingerprint/serde_json-052621406e7b38b7/dep-lib-serde_json) failed: Permission denied (13)
rsync: [generator] delete_file: rmdir(.context/service-vm-spike/target/x86_64-unknown-linux-musl/release/.fingerprint/serde_json-052621406e7b38b7) failed: Permission denied (13)
rsync: [generator] delete_file: unlink(.context/service-vm-spike/target/x86_64-unknown-linux-musl/release/.fingerprint/serde_core-8ca7074373dcdc34/lib-serde_core.json) failed: Permission denied (13)
rsync: [generator] delete_file: unlink(.context/service-vm-spike/target/x86_64-unknown-linux-musl/release/.fingerprint/serde_core-8ca7074373dcdc34/lib-serde_core) failed: Permission denied (13)
rsync: [generator] delete_file: unlink(.context/service-vm-spike/target/x86_64-unknown-linux-musl/release/.fingerprint/serde_core-8ca7074373dcdc34/invoked.timestamp) failed: Permission denied (13)
rsync: [generator] delete_file: unlink(.context/service-vm-spike/target/x86_64-unknown-linux-musl/release/.fingerprint/serde_core-8ca7074373dcdc34/dep-lib-serde_core) failed: Permission denied (13)
rsync: [generator] delete_file: rmdir(.context/service-vm-spike/target/x86_64-unknown-linux-musl/release/.fingerprint/serde_core-8ca7074373dcdc34) failed: Permission denied (13)
rsync: [generator] delete_file: unlink(.context/service-vm-spike/target/x86_64-unknown-linux-musl/release/.fingerprint/serde_core-27f018ce5bb13621/run-build-script-build-script-build.json) failed: Permission denied (13)
rsync: [generator] delete_file: unlink(.context/service-vm-spike/target/x86_64-unknown-linux-musl/release/.fingerprint/serde_core-27f018ce5bb13621/run-build-script-build-script-build) failed: Permission denied (13)
rsync: [generator] delete_file: rmdir(.context/service-vm-spike/target/x86_64-unknown-linux-musl/release/.fingerprint/serde_core-27f018ce5bb13621) failed: Permission denied (13)
rsync: [generator] delete_file: unlink(.context/service-vm-spike/target/x86_64-unknown-linux-musl/release/.fingerprint/nix-841ceff4a7ba2ddc/run-build-script-build-script-build.json) failed: Permission denied (13)
rsync: [generator] delete_file: unlink(.context/service-vm-spike/target/x86_64-unknown-linux-musl/release/.fingerprint/nix-841ceff4a7ba2ddc/run-build-script-build-script-build) failed: Permission denied (13)
rsync: [generator] delete_file: rmdir(.context/service-vm-spike/target/x86_64-unknown-linux-musl/release/.fingerprint/nix-841ceff4a7ba2ddc) failed: Permission denied (13)
rsync: [generator] delete_file: unlink(.context/service-vm-spike/target/x86_64-unknown-linux-musl/release/.fingerprint/nix-365b69a3d3df441b/lib-nix.json) failed: Permission denied (13)
rsync: [generator] delete_file: unlink(.context/service-vm-spike/target/x86_64-unknown-linux-musl/release/.fingerprint/nix-365b69a3d3df441b/lib-nix) failed: Permission denied (13)
rsync: [generator] delete_file: unlink(.context/service-vm-spike/target/x86_64-unknown-linux-musl/release/.fingerprint/nix-365b69a3d3df441b/invoked.timestamp) failed: Permission denied (13)
rsync: [generator] delete_file: unlink(.context/service-vm-spike/target/x86_64-unknown-linux-musl/release/.fingerprint/nix-365b69a3d3df441b/dep-lib-nix) failed: Permission denied (13)
rsync: [generator] delete_file: rmdir(.context/service-vm-spike/target/x86_64-unknown-linux-musl/release/.fingerprint/nix-365b69a3d3df441b) failed: Permission denied (13)
rsync: [generator] delete_file: unlink(.context/service-vm-spike/target/x86_64-unknown-linux-musl/release/.fingerprint/memoffset-567bdac9b7b98719/lib-memoffset.json) failed: Permission denied (13)
rsync: [generator] delete_file: unlink(.context/service-vm-spike/target/x86_64-unknown-linux-musl/release/.fingerprint/memoffset-567bdac9b7b98719/lib-memoffset) failed: Permission denied (13)
rsync: [generator] delete_file: unlink(.context/service-vm-spike/target/x86_64-unknown-linux-musl/release/.fingerprint/memoffset-567bdac9b7b98719/invoked.timestamp) failed: Permission denied (13)
rsync: [generator] delete_file: unlink(.context/service-vm-spike/target/x86_64-unknown-linux-musl/release/.fingerprint/memoffset-567bdac9b7b98719/dep-lib-memoffset) failed: Permission denied (13)
rsync: [generator] delete_file: rmdir(.context/service-vm-spike/target/x86_64-unknown-linux-musl/release/.fingerprint/memoffset-567bdac9b7b98719) failed: Permission denied (13)
rsync: [generator] delete_file: unlink(.context/service-vm-spike/target/x86_64-unknown-linux-musl/release/.fingerprint/memoffset-2940257d314b69ec/run-build-script-build-script-build.json) failed: Permission denied (13)
rsync: [generator] delete_file: unlink(.context/service-vm-spike/target/x86_64-unknown-linux-musl/release/.fingerprint/memoffset-2940257d314b69ec/run-build-script-build-script-build) failed: Permission denied (13)
rsync: [generator] delete_file: rmdir(.context/service-vm-spike/target/x86_64-unknown-linux-musl/release/.fingerprint/memoffset-2940257d314b69ec) failed: Permission denied (13)
rsync: [generator] delete_file: unlink(.context/service-vm-spike/target/x86_64-unknown-linux-musl/release/.fingerprint/memchr-d1f9f21ccca9315e/lib-memchr.json) failed: Permission denied (13)
rsync: [generator] delete_file: unlink(.context/service-vm-spike/target/x86_64-unknown-linux-musl/release/.fingerprint/memchr-d1f9f21ccca9315e/lib-memchr) failed: Permission denied (13)
rsync: [generator] delete_file: unlink(.context/service-vm-spike/target/x86_64-unknown-linux-musl/release/.fingerprint/memchr-d1f9f21ccca9315e/invoked.timestamp) failed: Permission denied (13)
rsync: [generator] delete_file: unlink(.context/service-vm-spike/target/x86_64-unknown-linux-musl/release/.fingerprint/memchr-d1f9f21ccca9315e/dep-lib-memchr) failed: Permission denied (13)
rsync: [generator] delete_file: rmdir(.context/service-vm-spike/target/x86_64-unknown-linux-musl/release/.fingerprint/memchr-d1f9f21ccca9315e) failed: Permission denied (13)
rsync: [generator] delete_file: unlink(.context/service-vm-spike/target/x86_64-unknown-linux-musl/release/.fingerprint/libc-afa678e335a04f3b/lib-libc.json) failed: Permission denied (13)
rsync: [generator] delete_file: unlink(.context/service-vm-spike/target/x86_64-unknown-linux-musl/release/.fingerprint/libc-afa678e335a04f3b/lib-libc) failed: Permission denied (13)
rsync: [generator] delete_file: unlink(.context/service-vm-spike/target/x86_64-unknown-linux-musl/release/.fingerprint/libc-afa678e335a04f3b/invoked.timestamp) failed: Permission denied (13)
rsync: [generator] delete_file: unlink(.context/service-vm-spike/target/x86_64-unknown-linux-musl/release/.fingerprint/libc-afa678e335a04f3b/dep-lib-libc) failed: Permission denied (13)
rsync: [generator] delete_file: rmdir(.context/service-vm-spike/target/x86_64-unknown-linux-musl/release/.fingerprint/libc-afa678e335a04f3b) failed: Permission denied (13)
rsync: [generator] delete_file: unlink(.context/service-vm-spike/target/x86_64-unknown-linux-musl/release/.fingerprint/libc-00c85b154fc33801/run-build-script-build-script-build.json) failed: Permission denied (13)
rsync: [generator] delete_file: unlink(.context/service-vm-spike/target/x86_64-unknown-linux-musl/release/.fingerprint/libc-00c85b154fc33801/run-build-script-build-script-build) failed: Permission denied (13)
rsync: [generator] delete_file: rmdir(.context/service-vm-spike/target/x86_64-unknown-linux-musl/release/.fingerprint/libc-00c85b154fc33801) failed: Permission denied (13)
rsync: [generator] delete_file: unlink(.context/service-vm-spike/target/x86_64-unknown-linux-musl/release/.fingerprint/itoa-aebd88412de19510/lib-itoa.json) failed: Permission denied (13)
rsync: [generator] delete_file: unlink(.context/service-vm-spike/target/x86_64-unknown-linux-musl/release/.fingerprint/itoa-aebd88412de19510/lib-itoa) failed: Permission denied (13)
rsync: [generator] delete_file: unlink(.context/service-vm-spike/target/x86_64-unknown-linux-musl/release/.fingerprint/itoa-aebd88412de19510/invoked.timestamp) failed: Permission denied (13)
rsync: [generator] delete_file: unlink(.context/service-vm-spike/target/x86_64-unknown-linux-musl/release/.fingerprint/itoa-aebd88412de19510/dep-lib-itoa) failed: Permission denied (13)
rsync: [generator] delete_file: rmdir(.context/service-vm-spike/target/x86_64-unknown-linux-musl/release/.fingerprint/itoa-aebd88412de19510) failed: Permission denied (13)
rsync: [generator] delete_file: unlink(.context/service-vm-spike/target/x86_64-unknown-linux-musl/release/.fingerprint/cfg-if-dc59b477a55542a8/lib-cfg_if.json) failed: Permission denied (13)
rsync: [generator] delete_file: unlink(.context/service-vm-spike/target/x86_64-unknown-linux-musl/release/.fingerprint/cfg-if-dc59b477a55542a8/lib-cfg_if) failed: Permission denied (13)
rsync: [generator] delete_file: unlink(.context/service-vm-spike/target/x86_64-unknown-linux-musl/release/.fingerprint/cfg-if-dc59b477a55542a8/invoked.timestamp) failed: Permission denied (13)
rsync: [generator] delete_file: unlink(.context/service-vm-spike/target/x86_64-unknown-linux-musl/release/.fingerprint/cfg-if-dc59b477a55542a8/dep-lib-cfg_if) failed: Permission denied (13)
rsync: [generator] delete_file: rmdir(.context/service-vm-spike/target/x86_64-unknown-linux-musl/release/.fingerprint/cfg-if-dc59b477a55542a8) failed: Permission denied (13)
rsync: [generator] delete_file: unlink(.context/service-vm-spike/target/x86_64-unknown-linux-musl/release/.fingerprint/bitflags-f329fb997c1c7c99/lib-bitflags.json) failed: Permission denied (13)
rsync: [generator] delete_file: unlink(.context/service-vm-spike/target/x86_64-unknown-linux-musl/release/.fingerprint/bitflags-f329fb997c1c7c99/lib-bitflags) failed: Permission denied (13)
rsync: [generator] delete_file: unlink(.context/service-vm-spike/target/x86_64-unknown-linux-musl/release/.fingerprint/bitflags-f329fb997c1c7c99/invoked.timestamp) failed: Permission denied (13)
rsync: [generator] delete_file: unlink(.context/service-vm-spike/target/x86_64-unknown-linux-musl/release/.fingerprint/bitflags-f329fb997c1c7c99/dep-lib-bitflags) failed: Permission denied (13)
rsync: [generator] delete_file: rmdir(.context/service-vm-spike/target/x86_64-unknown-linux-musl/release/.fingerprint/bitflags-f329fb997c1c7c99) failed: Permission denied (13)
rsync: [generator] delete_file: rmdir(.context/service-vm-spike/target/x86_64-unknown-linux-musl/release/.fingerprint) failed: Permission denied (13)
rsync: [generator] delete_file: unlink(.context/service-vm-spike/target/x86_64-unknown-linux-musl/release/spike-workload.d) failed: Permission denied (13)
rsync: [generator] delete_file: unlink(.context/service-vm-spike/target/x86_64-unknown-linux-musl/release/spike-workload) failed: Permission denied (13)
rsync: [generator] delete_file: unlink(.context/service-vm-spike/target/x86_64-unknown-linux-musl/release/spike-probe.d) failed: Permission denied (13)
rsync: [generator] delete_file: unlink(.context/service-vm-spike/target/x86_64-unknown-linux-musl/release/spike-probe) failed: Permission denied (13)
rsync: [generator] delete_file: unlink(.context/service-vm-spike/target/x86_64-unknown-linux-musl/release/spike-init.d) failed: Permission denied (13)
rsync: [generator] delete_file: unlink(.context/service-vm-spike/target/x86_64-unknown-linux-musl/release/spike-init) failed: Permission denied (13)
rsync: [generator] delete_file: unlink(.context/service-vm-spike/target/x86_64-unknown-linux-musl/release/.cargo-lock) failed: Permission denied (13)
rsync: [generator] delete_file: rmdir(.context/service-vm-spike/target/x86_64-unknown-linux-musl/release) failed: Permission denied (13)
rsync: [generator] delete_file: unlink(.context/service-vm-spike/target/x86_64-unknown-linux-musl/CACHEDIR.TAG) failed: Permission denied (13)
rsync: [generator] delete_file: rmdir(.context/service-vm-spike/target/x86_64-unknown-linux-musl) failed: Permission denied (13)
rsync: [generator] delete_file: rmdir(.context/service-vm-spike/target/release/incremental) failed: Permission denied (13)
rsync: [generator] delete_file: rmdir(.context/service-vm-spike/target/release/examples) failed: Permission denied (13)
rsync: [generator] delete_file: unlink(.context/service-vm-spike/target/release/deps/libcfg_aliases-844ee15f6ce1e9f8.rmeta) failed: Permission denied (13)
rsync: [generator] delete_file: unlink(.context/service-vm-spike/target/release/deps/libcfg_aliases-844ee15f6ce1e9f8.rlib) failed: Permission denied (13)
rsync: [generator] delete_file: unlink(.context/service-vm-spike/target/release/deps/libautocfg-957537d9f613cdcf.rmeta) failed: Permission denied (13)
rsync: [generator] delete_file: unlink(.context/service-vm-spike/target/release/deps/libautocfg-957537d9f613cdcf.rlib) failed: Permission denied (13)
rsync: [generator] delete_file: unlink(.context/service-vm-spike/target/release/deps/cfg_aliases-844ee15f6ce1e9f8.d) failed: Permission denied (13)
rsync: [generator] delete_file: unlink(.context/service-vm-spike/target/release/deps/autocfg-957537d9f613cdcf.d) failed: Permission denied (13)
rsync: [generator] delete_file: rmdir(.context/service-vm-spike/target/release/deps) failed: Permission denied (13)
rsync: [generator] delete_file: unlink(.context/service-vm-spike/target/release/build/zmij-0aa26f5b0669f31e/build_script_build-0aa26f5b0669f31e.d) failed: Permission denied (13)
rsync: [generator] delete_file: unlink(.context/service-vm-spike/target/release/build/zmij-0aa26f5b0669f31e/build_script_build-0aa26f5b0669f31e) failed: Permission denied (13)
rsync: [generator] delete_file: unlink(.context/service-vm-spike/target/release/build/zmij-0aa26f5b0669f31e/build-script-build) failed: Permission denied (13)
rsync: [generator] delete_file: rmdir(.context/service-vm-spike/target/release/build/zmij-0aa26f5b0669f31e) failed: Permission denied (13)
rsync: [generator] delete_file: unlink(.context/service-vm-spike/target/release/build/serde_json-4716d18c07fd2648/build_script_build-4716d18c07fd2648.d) failed: Permission denied (13)
rsync: [generator] delete_file: unlink(.context/service-vm-spike/target/release/build/serde_json-4716d18c07fd2648/build_script_build-4716d18c07fd2648) failed: Permission denied (13)
rsync: [generator] delete_file: unlink(.context/service-vm-spike/target/release/build/serde_json-4716d18c07fd2648/build-script-build) failed: Permission denied (13)
rsync: [generator] delete_file: rmdir(.context/service-vm-spike/target/release/build/serde_json-4716d18c07fd2648) failed: Permission denied (13)
rsync: [generator] delete_file: unlink(.context/service-vm-spike/target/release/build/serde_core-ef2e0a755ec6620e/build_script_build-ef2e0a755ec6620e.d) failed: Permission denied (13)
rsync: [generator] delete_file: unlink(.context/service-vm-spike/target/release/build/serde_core-ef2e0a755ec6620e/build_script_build-ef2e0a755ec6620e) failed: Permission denied (13)
rsync: [generator] delete_file: unlink(.context/service-vm-spike/target/release/build/serde_core-ef2e0a755ec6620e/build-script-build) failed: Permission denied (13)
rsync: [generator] delete_file: rmdir(.context/service-vm-spike/target/release/build/serde_core-ef2e0a755ec6620e) failed: Permission denied (13)
rsync: [generator] delete_file: unlink(.context/service-vm-spike/target/release/build/nix-cb3b94f37da6fe30/build_script_build-cb3b94f37da6fe30.d) failed: Permission denied (13)
rsync: [generator] delete_file: unlink(.context/service-vm-spike/target/release/build/nix-cb3b94f37da6fe30/build_script_build-cb3b94f37da6fe30) failed: Permission denied (13)
rsync: [generator] delete_file: unlink(.context/service-vm-spike/target/release/build/nix-cb3b94f37da6fe30/build-script-build) failed: Permission denied (13)
rsync: [generator] delete_file: rmdir(.context/service-vm-spike/target/release/build/nix-cb3b94f37da6fe30) failed: Permission denied (13)
rsync: [generator] delete_file: unlink(.context/service-vm-spike/target/release/build/memoffset-6fa026891549f1d1/build_script_build-6fa026891549f1d1.d) failed: Permission denied (13)
rsync: [generator] delete_file: unlink(.context/service-vm-spike/target/release/build/memoffset-6fa026891549f1d1/build_script_build-6fa026891549f1d1) failed: Permission denied (13)
rsync: [generator] delete_file: unlink(.context/service-vm-spike/target/release/build/memoffset-6fa026891549f1d1/build-script-build) failed: Permission denied (13)
rsync: [generator] delete_file: rmdir(.context/service-vm-spike/target/release/build/memoffset-6fa026891549f1d1) failed: Permission denied (13)
rsync: [generator] delete_file: unlink(.context/service-vm-spike/target/release/build/libc-d6644ea895352cd0/build_script_build-d6644ea895352cd0.d) failed: Permission denied (13)
rsync: [generator] delete_file: unlink(.context/service-vm-spike/target/release/build/libc-d6644ea895352cd0/build_script_build-d6644ea895352cd0) failed: Permission denied (13)
rsync: [generator] delete_file: unlink(.context/service-vm-spike/target/release/build/libc-d6644ea895352cd0/build-script-build) failed: Permission denied (13)
rsync: [generator] delete_file: rmdir(.context/service-vm-spike/target/release/build/libc-d6644ea895352cd0) failed: Permission denied (13)
rsync: [generator] delete_file: rmdir(.context/service-vm-spike/target/release/build) failed: Permission denied (13)
rsync: [generator] delete_file: unlink(.context/service-vm-spike/target/release/.fingerprint/zmij-0aa26f5b0669f31e/invoked.timestamp) failed: Permission denied (13)
rsync: [generator] delete_file: unlink(.context/service-vm-spike/target/release/.fingerprint/zmij-0aa26f5b0669f31e/dep-build-script-build-script-build) failed: Permission denied (13)
rsync: [generator] delete_file: unlink(.context/service-vm-spike/target/release/.fingerprint/zmij-0aa26f5b0669f31e/build-script-build-script-build.json) failed: Permission denied (13)
rsync: [generator] delete_file: unlink(.context/service-vm-spike/target/release/.fingerprint/zmij-0aa26f5b0669f31e/build-script-build-script-build) failed: Permission denied (13)
rsync: [generator] delete_file: rmdir(.context/service-vm-spike/target/release/.fingerprint/zmij-0aa26f5b0669f31e) failed: Permission denied (13)
rsync: [generator] delete_file: unlink(.context/service-vm-spike/target/release/.fingerprint/serde_json-4716d18c07fd2648/invoked.timestamp) failed: Permission denied (13)
rsync: [generator] delete_file: unlink(.context/service-vm-spike/target/release/.fingerprint/serde_json-4716d18c07fd2648/dep-build-script-build-script-build) failed: Permission denied (13)
rsync: [generator] delete_file: unlink(.context/service-vm-spike/target/release/.fingerprint/serde_json-4716d18c07fd2648/build-script-build-script-build.json) failed: Permission denied (13)
rsync: [generator] delete_file: unlink(.context/service-vm-spike/target/release/.fingerprint/serde_json-4716d18c07fd2648/build-script-build-script-build) failed: Permission denied (13)
rsync: [generator] delete_file: rmdir(.context/service-vm-spike/target/release/.fingerprint/serde_json-4716d18c07fd2648) failed: Permission denied (13)
rsync: [generator] delete_file: unlink(.context/service-vm-spike/target/release/.fingerprint/serde_core-ef2e0a755ec6620e/invoked.timestamp) failed: Permission denied (13)
rsync: [generator] delete_file: unlink(.context/service-vm-spike/target/release/.fingerprint/serde_core-ef2e0a755ec6620e/dep-build-script-build-script-build) failed: Permission denied (13)
rsync: [generator] delete_file: unlink(.context/service-vm-spike/target/release/.fingerprint/serde_core-ef2e0a755ec6620e/build-script-build-script-build.json) failed: Permission denied (13)
rsync: [generator] delete_file: unlink(.context/service-vm-spike/target/release/.fingerprint/serde_core-ef2e0a755ec6620e/build-script-build-script-build) failed: Permission denied (13)
rsync: [generator] delete_file: rmdir(.context/service-vm-spike/target/release/.fingerprint/serde_core-ef2e0a755ec6620e) failed: Permission denied (13)
rsync: [generator] delete_file: unlink(.context/service-vm-spike/target/release/.fingerprint/nix-cb3b94f37da6fe30/invoked.timestamp) failed: Permission denied (13)
rsync: [generator] delete_file: unlink(.context/service-vm-spike/target/release/.fingerprint/nix-cb3b94f37da6fe30/dep-build-script-build-script-build) failed: Permission denied (13)
rsync: [generator] delete_file: unlink(.context/service-vm-spike/target/release/.fingerprint/nix-cb3b94f37da6fe30/build-script-build-script-build.json) failed: Permission denied (13)
rsync: [generator] delete_file: unlink(.context/service-vm-spike/target/release/.fingerprint/nix-cb3b94f37da6fe30/build-script-build-script-build) failed: Permission denied (13)
rsync: [generator] delete_file: rmdir(.context/service-vm-spike/target/release/.fingerprint/nix-cb3b94f37da6fe30) failed: Permission denied (13)
rsync: [generator] delete_file: unlink(.context/service-vm-spike/target/release/.fingerprint/memoffset-6fa026891549f1d1/invoked.timestamp) failed: Permission denied (13)
rsync: [generator] delete_file: unlink(.context/service-vm-spike/target/release/.fingerprint/memoffset-6fa026891549f1d1/dep-build-script-build-script-build) failed: Permission denied (13)
rsync: [generator] delete_file: unlink(.context/service-vm-spike/target/release/.fingerprint/memoffset-6fa026891549f1d1/build-script-build-script-build.json) failed: Permission denied (13)
rsync: [generator] delete_file: unlink(.context/service-vm-spike/target/release/.fingerprint/memoffset-6fa026891549f1d1/build-script-build-script-build) failed: Permission denied (13)
rsync: [generator] delete_file: rmdir(.context/service-vm-spike/target/release/.fingerprint/memoffset-6fa026891549f1d1) failed: Permission denied (13)
rsync: [generator] delete_file: unlink(.context/service-vm-spike/target/release/.fingerprint/libc-d6644ea895352cd0/invoked.timestamp) failed: Permission denied (13)
rsync: [generator] delete_file: unlink(.context/service-vm-spike/target/release/.fingerprint/libc-d6644ea895352cd0/dep-build-script-build-script-build) failed: Permission denied (13)
rsync: [generator] delete_file: unlink(.context/service-vm-spike/target/release/.fingerprint/libc-d6644ea895352cd0/build-script-build-script-build.json) failed: Permission denied (13)
rsync: [generator] delete_file: unlink(.context/service-vm-spike/target/release/.fingerprint/libc-d6644ea895352cd0/build-script-build-script-build) failed: Permission denied (13)
rsync: [generator] delete_file: rmdir(.context/service-vm-spike/target/release/.fingerprint/libc-d6644ea895352cd0) failed: Permission denied (13)
rsync: [generator] delete_file: unlink(.context/service-vm-spike/target/release/.fingerprint/cfg_aliases-844ee15f6ce1e9f8/lib-cfg_aliases.json) failed: Permission denied (13)
rsync: [generator] delete_file: unlink(.context/service-vm-spike/target/release/.fingerprint/cfg_aliases-844ee15f6ce1e9f8/lib-cfg_aliases) failed: Permission denied (13)
rsync: [generator] delete_file: unlink(.context/service-vm-spike/target/release/.fingerprint/cfg_aliases-844ee15f6ce1e9f8/invoked.timestamp) failed: Permission denied (13)
rsync: [generator] delete_file: unlink(.context/service-vm-spike/target/release/.fingerprint/cfg_aliases-844ee15f6ce1e9f8/dep-lib-cfg_aliases) failed: Permission denied (13)
rsync: [generator] delete_file: rmdir(.context/service-vm-spike/target/release/.fingerprint/cfg_aliases-844ee15f6ce1e9f8) failed: Permission denied (13)
rsync: [generator] delete_file: unlink(.context/service-vm-spike/target/release/.fingerprint/autocfg-957537d9f613cdcf/lib-autocfg.json) failed: Permission denied (13)
rsync: [generator] delete_file: unlink(.context/service-vm-spike/target/release/.fingerprint/autocfg-957537d9f613cdcf/lib-autocfg) failed: Permission denied (13)
rsync: [generator] delete_file: unlink(.context/service-vm-spike/target/release/.fingerprint/autocfg-957537d9f613cdcf/invoked.timestamp) failed: Permission denied (13)
rsync: [generator] delete_file: unlink(.context/service-vm-spike/target/release/.fingerprint/autocfg-957537d9f613cdcf/dep-lib-autocfg) failed: Permission denied (13)
rsync: [generator] delete_file: rmdir(.context/service-vm-spike/target/release/.fingerprint/autocfg-957537d9f613cdcf) failed: Permission denied (13)
rsync: [generator] delete_file: rmdir(.context/service-vm-spike/target/release/.fingerprint) failed: Permission denied (13)
rsync: [generator] delete_file: unlink(.context/service-vm-spike/target/release/.cargo-lock) failed: Permission denied (13)
rsync: [generator] delete_file: rmdir(.context/service-vm-spike/target/release) failed: Permission denied (13)
rsync: [generator] delete_file: unlink(.context/service-vm-spike/target/CACHEDIR.TAG) failed: Permission denied (13)
rsync: [generator] delete_file: unlink(.context/service-vm-spike/target/.rustc_info.json) failed: Permission denied (13)
rsync error: some files/attrs were not transferred (see previous errors) (code 23) at main.c(1356) [sender=3.4.4]
xtask failed: 
   0: [91mmetal run (one bootstrap lease session) failed with exit status: 23[0m

Location:
   [35mxtask/src/main.rs[0m:[35m1261[0m

Backtrace omitted. Run with RUST_BACKTRACE=1 environment variable to display it.
Run with RUST_BACKTRACE=full to include source snippets.
