{"ack_oob":true,"arm":true,"declare":[7300,7301,7302],"egress_ifs":[],"ev":"programs_loaded","flush":true,"intake_park":true,"pid":125,"programs":[{"id":8,"name":"verdict","tag":"5f61753433e18fc2","verified_insns":884},{"id":9,"name":"strp_parse","tag":"22614579d5370f67","verified_insns":62},{"id":10,"name":"strp_verdict","tag":"4c631b1fcdb0e5f6","verified_insns":895},{"id":11,"name":"lo_decode(tcx lo egress)","tag":"1be1d280222d9e90","verified_insns":465},{"id":12,"name":"sent(fexit skb_send_sock)","tag":"038e16bf070d9335","verified_insns":41},{"id":13,"name":"connect4","tag":"ad52658a44f6fc01","verified_insns":234},{"id":14,"name":"sendmsg4","tag":"25313d2a991262c4","verified_insns":204},{"id":15,"name":"recvmsg4","tag":"5924dfd9424078bf","verified_insns":82},{"id":16,"name":"getpeername4","tag":"90774192d60dfced","verified_insns":127},{"id":17,"name":"sock_release","tag":"e4511879b8661ea8","verified_insns":69},{"id":18,"name":"sockops(root cgroup)","tag":"d3503b23d0e6960e","verified_insns":260},{"id":19,"name":"listen_start(fexit inet_csk_listen_start)","tag":"4198b5e2f7485261","verified_insns":215},{"id":20,"name":"listen_stop(fexit inet_csk_listen_stop)","tag":"baa4f715ec1b955e","verified_insns":136}],"role":"guest","tuple_from_peer":true,"udp_park":true,"unframe":"tc"}
{"ev":"park_pool","slots":256}
{"ev":"ctl_open","t_us":5739467}
{"enum_us":69,"ev":"listen_state_sent","event_to_send_us":null,"listeners":0,"listening":false,"port":7300,"reason":"session_open","seq":1,"t_us":5739563}
{"enum_us":146,"ev":"listen_state_sent","event_to_send_us":null,"listeners":0,"listening":false,"port":7301,"reason":"session_open","seq":2,"t_us":5739640}
{"enum_us":220,"ev":"listen_state_sent","event_to_send_us":null,"listeners":0,"listening":false,"port":7302,"reason":"session_open","seq":3,"t_us":5739714}
{"ev":"guest_ready","slots":64,"w":"10.99.7.2"}
{"cookie":4097,"ev":"listen_event","family":2,"kind":"start","ktime_us":7149755,"port":7300,"reachable":true,"wake_lag_us":40}
{"decided_listening":true,"ev":"level_light","last_kind":1,"port":7300}
{"enum_us":64,"ev":"listen_state_sent","event_to_send_us":423,"listeners":1,"listening":true,"port":7300,"reason":"event","seq":4,"t_us":7150178}
{"client":"<metal-address>:35796","ev":"tcp_accept","flow":2,"gport":7300}
{"age_ms":0,"ev":"flow_closed","flow":2,"kind":2,"reset":false,"why":"both_directions_done"}
{"cookie":4097,"ev":"listen_event","family":2,"kind":"stop","ktime_us":7250190,"port":7300,"reachable":true,"wake_lag_us":40}
{"decided_listening":false,"ev":"level_light","last_kind":2,"port":7300}
{"enum_us":63,"ev":"listen_state_sent","event_to_send_us":434,"listeners":0,"listening":false,"port":7300,"reason":"event","seq":5,"t_us":7250624}
{"client":"<metal-address>:35798","err":"Connection refused (os error 111)","ev":"tcp_accept_refused","flow":4,"gport":7300}
{"age_ms":0,"ev":"flow_closed","flow":4,"kind":2,"reset":false,"why":"refused"}
{"cookie":4098,"ev":"listen_event","family":2,"kind":"start","ktime_us":7350452,"port":7300,"reachable":true,"wake_lag_us":33}
{"decided_listening":true,"ev":"level_light","last_kind":1,"port":7300}
{"enum_us":34,"ev":"listen_state_sent","event_to_send_us":257,"listeners":1,"listening":true,"port":7300,"reason":"event","seq":6,"t_us":7350709}
{"client":"<metal-address>:35816","ev":"tcp_accept","flow":6,"gport":7300}
{"age_ms":1,"ev":"flow_closed","flow":6,"kind":2,"reset":true,"why":"peer_abort"}
{"cookie":4098,"ev":"listen_event","family":2,"kind":"stop","ktime_us":7450614,"port":7300,"reachable":true,"wake_lag_us":42}
{"decided_listening":false,"ev":"level_light","last_kind":2,"port":7300}
{"enum_us":63,"ev":"listen_state_sent","event_to_send_us":732,"listeners":0,"listening":false,"port":7300,"reason":"event","seq":7,"t_us":7451346}
{"client":"<metal-address>:35822","err":"Connection refused (os error 111)","ev":"tcp_accept_refused","flow":8,"gport":7300}
{"age_ms":0,"ev":"flow_closed","flow":8,"kind":2,"reset":false,"why":"refused"}
{"cookie":847,"ev":"listen_event","family":2,"kind":"start","ktime_us":7550765,"port":7300,"reachable":true,"wake_lag_us":173}
{"decided_listening":true,"ev":"level_light","last_kind":1,"port":7300}
{"enum_us":33,"ev":"listen_state_sent","event_to_send_us":370,"listeners":1,"listening":true,"port":7300,"reason":"event","seq":8,"t_us":7551135}
{"client":"<metal-address>:35850","ev":"tcp_accept","flow":10,"gport":7300}
{"age_ms":0,"ev":"flow_closed","flow":10,"kind":2,"reset":false,"why":"both_directions_done"}
{"cookie":847,"ev":"listen_event","family":2,"kind":"stop","ktime_us":7651086,"port":7300,"reachable":true,"wake_lag_us":33}
{"decided_listening":false,"ev":"level_light","last_kind":2,"port":7300}
{"enum_us":65,"ev":"listen_state_sent","event_to_send_us":717,"listeners":0,"listening":false,"port":7300,"reason":"event","seq":9,"t_us":7651803}
{"client":"<metal-address>:35860","err":"Connection refused (os error 111)","ev":"tcp_accept_refused","flow":12,"gport":7300}
{"age_ms":0,"ev":"flow_closed","flow":12,"kind":2,"reset":false,"why":"refused"}
{"cookie":851,"ev":"listen_event","family":2,"kind":"start","ktime_us":7751223,"port":7300,"reachable":true,"wake_lag_us":93}
{"decided_listening":true,"ev":"level_light","last_kind":1,"port":7300}
{"enum_us":32,"ev":"listen_state_sent","event_to_send_us":272,"listeners":1,"listening":true,"port":7300,"reason":"event","seq":10,"t_us":7751495}
{"client":"<metal-address>:35882","ev":"tcp_accept","flow":14,"gport":7300}
{"age_ms":1,"ev":"flow_closed","flow":14,"kind":2,"reset":true,"why":"peer_abort"}
{"cookie":851,"ev":"listen_event","family":2,"kind":"stop","ktime_us":7851404,"port":7300,"reachable":true,"wake_lag_us":47}
{"decided_listening":false,"ev":"level_light","last_kind":2,"port":7300}
{"enum_us":66,"ev":"listen_state_sent","event_to_send_us":720,"listeners":0,"listening":false,"port":7300,"reason":"event","seq":11,"t_us":7852124}
{"client":"<metal-address>:35898","err":"Connection refused (os error 111)","ev":"tcp_accept_refused","flow":16,"gport":7300}
{"age_ms":0,"ev":"flow_closed","flow":16,"kind":2,"reset":false,"why":"refused"}
{"cookie":855,"ev":"listen_event","family":2,"kind":"start","ktime_us":7951657,"port":7300,"reachable":true,"wake_lag_us":44}
{"decided_listening":true,"ev":"level_light","last_kind":1,"port":7300}
{"enum_us":67,"ev":"listen_state_sent","event_to_send_us":706,"listeners":1,"listening":true,"port":7300,"reason":"event","seq":12,"t_us":7952363}
{"client":"<metal-address>:35926","ev":"tcp_accept","flow":18,"gport":7300}
{"age_ms":0,"ev":"flow_closed","flow":18,"kind":2,"reset":false,"why":"both_directions_done"}
{"cookie":855,"ev":"listen_event","family":2,"kind":"stop","ktime_us":8052191,"port":7300,"reachable":true,"wake_lag_us":43}
{"decided_listening":false,"ev":"level_light","last_kind":2,"port":7300}
{"enum_us":67,"ev":"listen_state_sent","event_to_send_us":750,"listeners":0,"listening":false,"port":7300,"reason":"event","seq":13,"t_us":8052941}
{"client":"<metal-address>:35936","err":"Connection refused (os error 111)","ev":"tcp_accept_refused","flow":20,"gport":7300}
{"age_ms":0,"ev":"flow_closed","flow":20,"kind":2,"reset":false,"why":"refused"}
{"cookie":856,"ev":"listen_event","family":2,"kind":"start","ktime_us":8152482,"port":7300,"reachable":true,"wake_lag_us":43}
{"decided_listening":true,"ev":"level_light","last_kind":1,"port":7300}
{"enum_us":67,"ev":"listen_state_sent","event_to_send_us":705,"listeners":1,"listening":true,"port":7300,"reason":"event","seq":14,"t_us":8153187}
{"client":"<metal-address>:35964","ev":"tcp_accept","flow":22,"gport":7300}
{"age_ms":0,"ev":"flow_closed","flow":22,"kind":2,"reset":false,"why":"both_directions_done"}
{"cookie":856,"ev":"listen_event","family":2,"kind":"stop","ktime_us":8252812,"port":7300,"reachable":true,"wake_lag_us":36}
{"decided_listening":false,"ev":"level_light","last_kind":2,"port":7300}
{"enum_us":71,"ev":"listen_state_sent","event_to_send_us":766,"listeners":0,"listening":false,"port":7300,"reason":"event","seq":15,"t_us":8253578}
{"client":"<metal-address>:35974","err":"Connection refused (os error 111)","ev":"tcp_accept_refused","flow":24,"gport":7300}
{"age_ms":0,"ev":"flow_closed","flow":24,"kind":2,"reset":false,"why":"refused"}
{"cookie":857,"ev":"listen_event","family":2,"kind":"start","ktime_us":8353079,"port":7300,"reachable":true,"wake_lag_us":46}
{"decided_listening":true,"ev":"level_light","last_kind":1,"port":7300}
{"enum_us":67,"ev":"listen_state_sent","event_to_send_us":688,"listeners":1,"listening":true,"port":7300,"reason":"event","seq":16,"t_us":8353767}
{"client":"<metal-address>:36000","ev":"tcp_accept","flow":26,"gport":7300}
{"age_ms":1,"ev":"flow_closed","flow":26,"kind":2,"reset":true,"why":"peer_abort"}
{"cookie":857,"ev":"listen_event","family":2,"kind":"stop","ktime_us":8453432,"port":7300,"reachable":true,"wake_lag_us":43}
{"decided_listening":false,"ev":"level_light","last_kind":2,"port":7300}
{"enum_us":67,"ev":"listen_state_sent","event_to_send_us":765,"listeners":0,"listening":false,"port":7300,"reason":"event","seq":17,"t_us":8454197}
{"client":"<metal-address>:36004","err":"Connection refused (os error 111)","ev":"tcp_accept_refused","flow":28,"gport":7300}
{"age_ms":0,"ev":"flow_closed","flow":28,"kind":2,"reset":false,"why":"refused"}
{"cookie":858,"ev":"listen_event","family":2,"kind":"start","ktime_us":8553706,"port":7300,"reachable":true,"wake_lag_us":44}
{"decided_listening":true,"ev":"level_light","last_kind":1,"port":7300}
{"enum_us":79,"ev":"listen_state_sent","event_to_send_us":732,"listeners":1,"listening":true,"port":7300,"reason":"event","seq":18,"t_us":8554438}
{"client":"<metal-address>:36042","ev":"tcp_accept","flow":30,"gport":7300}
{"age_ms":0,"ev":"flow_closed","flow":30,"kind":2,"reset":false,"why":"both_directions_done"}
{"cookie":858,"ev":"listen_event","family":2,"kind":"stop","ktime_us":8654109,"port":7300,"reachable":true,"wake_lag_us":41}
{"decided_listening":false,"ev":"level_light","last_kind":2,"port":7300}
{"enum_us":65,"ev":"listen_state_sent","event_to_send_us":746,"listeners":0,"listening":false,"port":7300,"reason":"event","seq":19,"t_us":8654855}
{"client":"<metal-address>:36058","err":"Connection refused (os error 111)","ev":"tcp_accept_refused","flow":32,"gport":7300}
{"age_ms":0,"ev":"flow_closed","flow":32,"kind":2,"reset":false,"why":"refused"}
{"cookie":859,"ev":"listen_event","family":2,"kind":"start","ktime_us":8754362,"port":7300,"reachable":true,"wake_lag_us":42}
{"decided_listening":true,"ev":"level_light","last_kind":1,"port":7300}
{"enum_us":97,"ev":"listen_state_sent","event_to_send_us":697,"listeners":1,"listening":true,"port":7300,"reason":"event","seq":20,"t_us":8755059}
{"client":"<metal-address>:36084","ev":"tcp_accept","flow":34,"gport":7300}
{"age_ms":0,"ev":"flow_closed","flow":34,"kind":2,"reset":true,"why":"peer_abort"}
{"cookie":859,"ev":"listen_event","family":2,"kind":"stop","ktime_us":8854728,"port":7300,"reachable":true,"wake_lag_us":38}
{"decided_listening":false,"ev":"level_light","last_kind":2,"port":7300}
{"enum_us":86,"ev":"listen_state_sent","event_to_send_us":742,"listeners":0,"listening":false,"port":7300,"reason":"event","seq":21,"t_us":8855470}
{"client":"<metal-address>:36098","err":"Connection refused (os error 111)","ev":"tcp_accept_refused","flow":36,"gport":7300}
{"age_ms":0,"ev":"flow_closed","flow":36,"kind":2,"reset":false,"why":"refused"}
{"cookie":860,"ev":"listen_event","family":2,"kind":"start","ktime_us":8954915,"port":7300,"reachable":true,"wake_lag_us":498}
{"decided_listening":true,"ev":"level_light","last_kind":1,"port":7300}
{"enum_us":68,"ev":"listen_state_sent","event_to_send_us":857,"listeners":1,"listening":true,"port":7300,"reason":"event","seq":22,"t_us":8955772}
{"client":"<metal-address>:36110","ev":"tcp_accept","flow":38,"gport":7300}
{"age_ms":1,"ev":"flow_closed","flow":38,"kind":2,"reset":true,"why":"peer_abort"}
{"cookie":860,"ev":"listen_event","family":2,"kind":"stop","ktime_us":9055292,"port":7300,"reachable":true,"wake_lag_us":38}
{"decided_listening":false,"ev":"level_light","last_kind":2,"port":7300}
{"enum_us":63,"ev":"listen_state_sent","event_to_send_us":393,"listeners":0,"listening":false,"port":7300,"reason":"event","seq":23,"t_us":9055685}
{"cookie":4133,"ev":"listen_event","family":2,"kind":"start","ktime_us":9155553,"port":7300,"reachable":true,"wake_lag_us":41}
{"decided_listening":true,"ev":"level_light","last_kind":1,"port":7300}
{"enum_us":63,"ev":"listen_state_sent","event_to_send_us":390,"listeners":1,"listening":true,"port":7300,"reason":"event","seq":24,"t_us":9155943}
{"client":"<metal-address>:36140","ev":"tcp_accept","flow":40,"gport":7300}
{"age_ms":0,"ev":"flow_closed","flow":40,"kind":2,"reset":false,"why":"both_directions_done"}
{"cookie":4133,"ev":"listen_event","family":2,"kind":"stop","ktime_us":9255985,"port":7300,"reachable":true,"wake_lag_us":55}
{"decided_listening":false,"ev":"level_light","last_kind":2,"port":7300}
{"enum_us":61,"ev":"listen_state_sent","event_to_send_us":371,"listeners":0,"listening":false,"port":7300,"reason":"event","seq":25,"t_us":9256356}
{"cookie":4134,"ev":"listen_event","family":2,"kind":"start","ktime_us":9356268,"port":7300,"reachable":true,"wake_lag_us":44}
{"decided_listening":true,"ev":"level_light","last_kind":1,"port":7300}
{"enum_us":63,"ev":"listen_state_sent","event_to_send_us":394,"listeners":1,"listening":true,"port":7300,"reason":"event","seq":26,"t_us":9356662}
{"client":"<metal-address>:36180","ev":"tcp_accept","flow":42,"gport":7300}
{"age_ms":1,"ev":"flow_closed","flow":42,"kind":2,"reset":true,"why":"peer_abort"}
{"cookie":4134,"ev":"listen_event","family":2,"kind":"stop","ktime_us":9456648,"port":7300,"reachable":true,"wake_lag_us":39}
{"decided_listening":false,"ev":"level_light","last_kind":2,"port":7300}
{"enum_us":75,"ev":"listen_state_sent","event_to_send_us":378,"listeners":0,"listening":false,"port":7300,"reason":"event","seq":27,"t_us":9457026}
{"cookie":4135,"ev":"listen_event","family":2,"kind":"start","ktime_us":9556915,"port":7300,"reachable":true,"wake_lag_us":42}
{"decided_listening":true,"ev":"level_light","last_kind":1,"port":7300}
{"enum_us":62,"ev":"listen_state_sent","event_to_send_us":397,"listeners":1,"listening":true,"port":7300,"reason":"event","seq":28,"t_us":9557312}
{"client":"<metal-address>:36212","ev":"tcp_accept","flow":44,"gport":7300}
{"age_ms":2,"ev":"flow_closed","flow":44,"kind":2,"reset":true,"why":"peer_abort"}
{"cookie":4135,"ev":"listen_event","family":2,"kind":"stop","ktime_us":9657652,"port":7300,"reachable":true,"wake_lag_us":50}
{"decided_listening":false,"ev":"level_light","last_kind":2,"port":7300}
{"enum_us":78,"ev":"listen_state_sent","event_to_send_us":391,"listeners":0,"listening":false,"port":7300,"reason":"event","seq":29,"t_us":9658043}
{"client":"<metal-address>:36228","err":"Connection refused (os error 111)","ev":"tcp_accept_refused","flow":46,"gport":7300}
{"age_ms":0,"ev":"flow_closed","flow":46,"kind":2,"reset":false,"why":"refused"}
{"cookie":4136,"ev":"listen_event","family":2,"kind":"start","ktime_us":9757909,"port":7300,"reachable":true,"wake_lag_us":42}
{"decided_listening":true,"ev":"level_light","last_kind":1,"port":7300}
{"enum_us":63,"ev":"listen_state_sent","event_to_send_us":355,"listeners":1,"listening":true,"port":7300,"reason":"event","seq":30,"t_us":9758264}
{"client":"<metal-address>:36274","ev":"tcp_accept","flow":48,"gport":7300}
{"age_ms":2,"ev":"flow_closed","flow":48,"kind":2,"reset":true,"why":"peer_abort"}
{"cookie":4136,"ev":"listen_event","family":2,"kind":"stop","ktime_us":9858652,"port":7300,"reachable":true,"wake_lag_us":49}
{"decided_listening":false,"ev":"level_light","last_kind":2,"port":7300}
{"enum_us":77,"ev":"listen_state_sent","event_to_send_us":394,"listeners":0,"listening":false,"port":7300,"reason":"event","seq":31,"t_us":9859046}
{"client":"<metal-address>:36276","err":"Connection refused (os error 111)","ev":"tcp_accept_refused","flow":50,"gport":7300}
{"cookie":4137,"ev":"listen_event","family":2,"kind":"start","ktime_us":9958917,"port":7300,"reachable":true,"wake_lag_us":42}
{"decided_listening":true,"ev":"level_light","last_kind":1,"port":7300}
{"enum_us":62,"ev":"listen_state_sent","event_to_send_us":386,"listeners":1,"listening":true,"port":7300,"reason":"event","seq":32,"t_us":9959303}
{"age_ms":0,"ev":"flow_closed","flow":52,"kind":2,"reset":true,"why":"peer_abort"}
{"cookie":4137,"ev":"listen_event","family":2,"kind":"stop","ktime_us":10059342,"port":7300,"reachable":true,"wake_lag_us":47}
{"decided_listening":false,"ev":"level_light","last_kind":2,"port":7300}
{"enum_us":67,"ev":"listen_state_sent","event_to_send_us":398,"listeners":0,"listening":false,"port":7300,"reason":"event","seq":33,"t_us":10059740}
{"cookie":4138,"ev":"listen_event","family":2,"kind":"start","ktime_us":10159609,"port":7300,"reachable":true,"wake_lag_us":42}
{"decided_listening":true,"ev":"level_light","last_kind":1,"port":7300}
{"enum_us":64,"ev":"listen_state_sent","event_to_send_us":386,"listeners":1,"listening":true,"port":7300,"reason":"event","seq":34,"t_us":10159995}
{"cookie":4138,"ev":"listen_event","family":2,"kind":"stop","ktime_us":10259974,"port":7300,"reachable":true,"wake_lag_us":48}
{"decided_listening":false,"ev":"level_light","last_kind":2,"port":7300}
{"enum_us":62,"ev":"listen_state_sent","event_to_send_us":363,"listeners":0,"listening":false,"port":7300,"reason":"event","seq":35,"t_us":10260337}
{"cookie":4139,"ev":"listen_event","family":2,"kind":"start","ktime_us":10360255,"port":7300,"reachable":true,"wake_lag_us":45}
{"decided_listening":true,"ev":"level_light","last_kind":1,"port":7300}
{"enum_us":63,"ev":"listen_state_sent","event_to_send_us":404,"listeners":1,"listening":true,"port":7300,"reason":"event","seq":36,"t_us":10360659}
{"age_ms":2,"ev":"flow_closed","flow":56,"kind":2,"reset":true,"why":"peer_abort"}
{"cookie":4139,"ev":"listen_event","family":2,"kind":"stop","ktime_us":10460661,"port":7300,"reachable":true,"wake_lag_us":51}
{"decided_listening":false,"ev":"level_light","last_kind":2,"port":7300}
{"enum_us":78,"ev":"listen_state_sent","event_to_send_us":393,"listeners":0,"listening":false,"port":7300,"reason":"event","seq":37,"t_us":10461054}
{"client":"<metal-address>:36352","err":"Connection refused (os error 111)","ev":"tcp_accept_refused","flow":58,"gport":7300}
{"cookie":4140,"ev":"listen_event","family":2,"kind":"start","ktime_us":10560931,"port":7300,"reachable":true,"wake_lag_us":56}
{"decided_listening":true,"ev":"level_light","last_kind":1,"port":7300}
{"enum_us":63,"ev":"listen_state_sent","event_to_send_us":398,"listeners":1,"listening":true,"port":7300,"reason":"event","seq":38,"t_us":10561329}
{"age_ms":0,"ev":"flow_closed","flow":60,"kind":2,"reset":true,"why":"peer_abort"}
{"cookie":4140,"ev":"listen_event","family":2,"kind":"stop","ktime_us":10661343,"port":7300,"reachable":true,"wake_lag_us":47}
{"decided_listening":false,"ev":"level_light","last_kind":2,"port":7300}
{"enum_us":61,"ev":"listen_state_sent","event_to_send_us":392,"listeners":0,"listening":false,"port":7300,"reason":"event","seq":39,"t_us":10661735}
{"client":"<metal-address>:36382","err":"Connection refused (os error 111)","ev":"tcp_accept_refused","flow":62,"gport":7300}
{"cookie":4141,"ev":"listen_event","family":2,"kind":"start","ktime_us":10761561,"port":7300,"reachable":true,"wake_lag_us":46}
{"decided_listening":true,"ev":"level_light","last_kind":1,"port":7300}
{"enum_us":49,"ev":"listen_state_sent","event_to_send_us":335,"listeners":1,"listening":true,"port":7300,"reason":"event","seq":40,"t_us":10761896}
{"cookie":4141,"ev":"listen_event","family":2,"kind":"stop","ktime_us":10861874,"port":7300,"reachable":true,"wake_lag_us":38}
{"decided_listening":false,"ev":"level_light","last_kind":2,"port":7300}
{"enum_us":61,"ev":"listen_state_sent","event_to_send_us":375,"listeners":0,"listening":false,"port":7300,"reason":"event","seq":41,"t_us":10862249}
{"cookie":4142,"ev":"listen_event","family":2,"kind":"start","ktime_us":10962141,"port":7300,"reachable":true,"wake_lag_us":45}
{"decided_listening":true,"ev":"level_light","last_kind":1,"port":7300}
{"enum_us":67,"ev":"listen_state_sent","event_to_send_us":406,"listeners":1,"listening":true,"port":7300,"reason":"event","seq":42,"t_us":10962547}
{"age_ms":1,"ev":"flow_closed","flow":66,"kind":2,"reset":true,"why":"peer_abort"}
{"cookie":4142,"ev":"listen_event","family":2,"kind":"stop","ktime_us":11062591,"port":7300,"reachable":true,"wake_lag_us":42}
{"decided_listening":false,"ev":"level_light","last_kind":2,"port":7300}
{"enum_us":61,"ev":"listen_state_sent","event_to_send_us":378,"listeners":0,"listening":false,"port":7300,"reason":"event","seq":43,"t_us":11062969}
{"cookie":4143,"ev":"listen_event","family":2,"kind":"start","ktime_us":11162857,"port":7300,"reachable":true,"wake_lag_us":40}
{"decided_listening":true,"ev":"level_light","last_kind":1,"port":7300}
{"enum_us":63,"ev":"listen_state_sent","event_to_send_us":392,"listeners":1,"listening":true,"port":7300,"reason":"event","seq":44,"t_us":11163249}
{"age_ms":0,"ev":"flow_closed","flow":68,"kind":2,"reset":true,"why":"peer_abort"}
{"cookie":4143,"ev":"listen_event","family":2,"kind":"stop","ktime_us":11263266,"port":7300,"reachable":true,"wake_lag_us":42}
{"decided_listening":false,"ev":"level_light","last_kind":2,"port":7300}
{"enum_us":88,"ev":"listen_state_sent","event_to_send_us":766,"listeners":0,"listening":false,"port":7300,"reason":"event","seq":45,"t_us":11264032}
{"client":"<metal-address>:36492","err":"Connection refused (os error 111)","ev":"tcp_accept_refused","flow":70,"gport":7300}
{"cookie":902,"ev":"listen_event","family":2,"kind":"start","ktime_us":11363550,"port":7300,"reachable":true,"wake_lag_us":47}
{"decided_listening":true,"ev":"level_light","last_kind":1,"port":7300}
{"enum_us":67,"ev":"listen_state_sent","event_to_send_us":726,"listeners":1,"listening":true,"port":7300,"reason":"event","seq":46,"t_us":11364276}
{"cookie":902,"ev":"listen_event","family":2,"kind":"stop","ktime_us":11463887,"port":7300,"reachable":true,"wake_lag_us":37}
{"decided_listening":false,"ev":"level_light","last_kind":2,"port":7300}
{"enum_us":67,"ev":"listen_state_sent","event_to_send_us":464,"listeners":0,"listening":false,"port":7300,"reason":"event","seq":47,"t_us":11464351}
{"client":"<metal-address>:36532","err":"Connection refused (os error 111)","ev":"tcp_accept_refused","flow":74,"gport":7300}
{"cookie":903,"ev":"listen_event","family":2,"kind":"start","ktime_us":11564110,"port":7300,"reachable":true,"wake_lag_us":52}
{"decided_listening":true,"ev":"level_light","last_kind":1,"port":7300}
{"enum_us":62,"ev":"listen_state_sent","event_to_send_us":415,"listeners":1,"listening":true,"port":7300,"reason":"event","seq":48,"t_us":11564525}
{"age_ms":1,"ev":"flow_closed","flow":76,"kind":2,"reset":true,"why":"peer_abort"}
{"cookie":903,"ev":"listen_event","family":2,"kind":"stop","ktime_us":11664493,"port":7300,"reachable":true,"wake_lag_us":38}
{"decided_listening":false,"ev":"level_light","last_kind":2,"port":7300}
{"enum_us":65,"ev":"listen_state_sent","event_to_send_us":377,"listeners":0,"listening":false,"port":7300,"reason":"event","seq":49,"t_us":11664870}
{"client":"<metal-address>:36566","err":"Connection refused (os error 111)","ev":"tcp_accept_refused","flow":78,"gport":7300}
{"cookie":906,"ev":"listen_event","family":2,"kind":"start","ktime_us":11764677,"port":7300,"reachable":true,"wake_lag_us":126}
{"decided_listening":true,"ev":"level_light","last_kind":1,"port":7300}
{"enum_us":71,"ev":"listen_state_sent","event_to_send_us":479,"listeners":1,"listening":true,"port":7300,"reason":"event","seq":50,"t_us":11765156}
{"cookie":906,"ev":"listen_event","family":2,"kind":"stop","ktime_us":11865111,"port":7300,"reachable":true,"wake_lag_us":42}
{"decided_listening":false,"ev":"level_light","last_kind":2,"port":7300}
{"enum_us":64,"ev":"listen_state_sent","event_to_send_us":457,"listeners":0,"listening":false,"port":7300,"reason":"event","seq":51,"t_us":11865568}
{"cookie":907,"ev":"listen_event","family":2,"kind":"start","ktime_us":11965375,"port":7300,"reachable":true,"wake_lag_us":41}
{"decided_listening":true,"ev":"level_light","last_kind":1,"port":7300}
{"enum_us":65,"ev":"listen_state_sent","event_to_send_us":456,"listeners":1,"listening":true,"port":7300,"reason":"event","seq":52,"t_us":11965831}
{"age_ms":1,"ev":"flow_closed","flow":82,"kind":2,"reset":true,"why":"peer_abort"}
{"cookie":907,"ev":"listen_event","family":2,"kind":"stop","ktime_us":12065978,"port":7300,"reachable":true,"wake_lag_us":61}
{"decided_listening":false,"ev":"level_light","last_kind":2,"port":7300}
{"enum_us":60,"ev":"listen_state_sent","event_to_send_us":434,"listeners":0,"listening":false,"port":7300,"reason":"event","seq":53,"t_us":12066412}
{"cookie":4160,"ev":"listen_event","family":2,"kind":"start","ktime_us":12166214,"port":7300,"reachable":true,"wake_lag_us":47}
{"decided_listening":true,"ev":"level_light","last_kind":1,"port":7300}
{"enum_us":61,"ev":"listen_state_sent","event_to_send_us":423,"listeners":1,"listening":true,"port":7300,"reason":"event","seq":54,"t_us":12166637}
{"age_ms":0,"ev":"flow_closed","flow":84,"kind":2,"reset":true,"why":"peer_abort"}
{"cookie":4160,"ev":"listen_event","family":2,"kind":"stop","ktime_us":12266750,"port":7300,"reachable":true,"wake_lag_us":55}
{"decided_listening":false,"ev":"level_light","last_kind":2,"port":7300}
{"enum_us":62,"ev":"listen_state_sent","event_to_send_us":426,"listeners":0,"listening":false,"port":7300,"reason":"event","seq":55,"t_us":12267176}
{"cookie":4161,"ev":"listen_event","family":2,"kind":"start","ktime_us":12366968,"port":7300,"reachable":true,"wake_lag_us":58}
{"decided_listening":true,"ev":"level_light","last_kind":1,"port":7300}
{"enum_us":61,"ev":"listen_state_sent","event_to_send_us":419,"listeners":1,"listening":true,"port":7300,"reason":"event","seq":56,"t_us":12367387}
{"age_ms":1,"ev":"flow_closed","flow":86,"kind":2,"reset":true,"why":"peer_abort"}
{"cookie":4161,"ev":"listen_event","family":2,"kind":"stop","ktime_us":12467431,"port":7300,"reachable":true,"wake_lag_us":42}
{"decided_listening":false,"ev":"level_light","last_kind":2,"port":7300}
{"enum_us":65,"ev":"listen_state_sent","event_to_send_us":372,"listeners":0,"listening":false,"port":7300,"reason":"event","seq":57,"t_us":12467803}
{"cookie":4162,"ev":"listen_event","family":2,"kind":"start","ktime_us":12567709,"port":7300,"reachable":true,"wake_lag_us":42}
{"decided_listening":true,"ev":"level_light","last_kind":1,"port":7300}
{"enum_us":66,"ev":"listen_state_sent","event_to_send_us":406,"listeners":1,"listening":true,"port":7300,"reason":"event","seq":58,"t_us":12568115}
{"age_ms":0,"ev":"flow_closed","flow":88,"kind":2,"reset":true,"why":"peer_abort"}
{"cookie":4162,"ev":"listen_event","family":2,"kind":"stop","ktime_us":12668276,"port":7300,"reachable":true,"wake_lag_us":42}
{"decided_listening":false,"ev":"level_light","last_kind":2,"port":7300}
{"enum_us":65,"ev":"listen_state_sent","event_to_send_us":385,"listeners":0,"listening":false,"port":7300,"reason":"event","seq":59,"t_us":12668661}
{"cookie":4163,"ev":"listen_event","family":2,"kind":"start","ktime_us":12768550,"port":7300,"reachable":true,"wake_lag_us":42}
{"decided_listening":true,"ev":"level_light","last_kind":1,"port":7300}
{"enum_us":66,"ev":"listen_state_sent","event_to_send_us":352,"listeners":1,"listening":true,"port":7300,"reason":"event","seq":60,"t_us":12768902}
{"cookie":4163,"ev":"listen_event","family":2,"kind":"stop","ktime_us":12869114,"port":7300,"reachable":true,"wake_lag_us":36}
{"decided_listening":false,"ev":"level_light","last_kind":2,"port":7300}
{"enum_us":64,"ev":"listen_state_sent","event_to_send_us":450,"listeners":0,"listening":false,"port":7300,"reason":"event","seq":61,"t_us":12869564}
{"cookie":4164,"ev":"listen_event","family":2,"kind":"start","ktime_us":12969380,"port":7300,"reachable":true,"wake_lag_us":52}
{"decided_listening":true,"ev":"level_light","last_kind":1,"port":7300}
{"enum_us":65,"ev":"listen_state_sent","event_to_send_us":458,"listeners":1,"listening":true,"port":7300,"reason":"event","seq":62,"t_us":12969838}
{"age_ms":0,"ev":"flow_closed","flow":92,"kind":2,"reset":true,"why":"peer_abort"}
{"cookie":4164,"ev":"listen_event","family":2,"kind":"stop","ktime_us":13069880,"port":7300,"reachable":true,"wake_lag_us":43}
{"decided_listening":false,"ev":"level_light","last_kind":2,"port":7300}
{"enum_us":66,"ev":"listen_state_sent","event_to_send_us":470,"listeners":0,"listening":false,"port":7300,"reason":"event","seq":63,"t_us":13070350}
{"client":"<metal-address>:36830","err":"Connection refused (os error 111)","ev":"tcp_accept_refused","flow":94,"gport":7300}
{"cookie":4165,"ev":"listen_event","family":2,"kind":"start","ktime_us":13170155,"port":7300,"reachable":true,"wake_lag_us":48}
{"decided_listening":true,"ev":"level_light","last_kind":1,"port":7300}
{"enum_us":66,"ev":"listen_state_sent","event_to_send_us":395,"listeners":1,"listening":true,"port":7300,"reason":"event","seq":64,"t_us":13170550}
{"age_ms":1,"ev":"flow_closed","flow":96,"kind":2,"reset":true,"why":"peer_abort"}
{"cookie":4165,"ev":"listen_event","family":2,"kind":"stop","ktime_us":13270565,"port":7300,"reachable":true,"wake_lag_us":37}
{"decided_listening":false,"ev":"level_light","last_kind":2,"port":7300}
{"enum_us":65,"ev":"listen_state_sent","event_to_send_us":357,"listeners":0,"listening":false,"port":7300,"reason":"event","seq":65,"t_us":13270922}
{"cookie":4166,"ev":"listen_event","family":2,"kind":"start","ktime_us":13370828,"port":7300,"reachable":true,"wake_lag_us":43}
{"decided_listening":true,"ev":"level_light","last_kind":1,"port":7300}
{"enum_us":65,"ev":"listen_state_sent","event_to_send_us":406,"listeners":1,"listening":true,"port":7300,"reason":"event","seq":66,"t_us":13371234}
{"age_ms":0,"ev":"flow_closed","flow":98,"kind":2,"reset":true,"why":"peer_abort"}
{"cookie":4166,"ev":"listen_event","family":2,"kind":"stop","ktime_us":13471275,"port":7300,"reachable":true,"wake_lag_us":41}
{"decided_listening":false,"ev":"level_light","last_kind":2,"port":7300}
{"enum_us":69,"ev":"listen_state_sent","event_to_send_us":459,"listeners":0,"listening":false,"port":7300,"reason":"event","seq":67,"t_us":13471734}
{"client":"<metal-address>:34488","err":"Connection refused (os error 111)","ev":"tcp_accept_refused","flow":100,"gport":7300}
{"cookie":931,"ev":"listen_event","family":2,"kind":"start","ktime_us":13571545,"port":7300,"reachable":true,"wake_lag_us":49}
{"decided_listening":true,"ev":"level_light","last_kind":1,"port":7300}
{"enum_us":66,"ev":"listen_state_sent","event_to_send_us":448,"listeners":1,"listening":true,"port":7300,"reason":"event","seq":68,"t_us":13571993}
{"cookie":931,"ev":"listen_event","family":2,"kind":"stop","ktime_us":13671895,"port":7300,"reachable":true,"wake_lag_us":40}
{"decided_listening":false,"ev":"level_light","last_kind":2,"port":7300}
{"enum_us":69,"ev":"listen_state_sent","event_to_send_us":486,"listeners":0,"listening":false,"port":7300,"reason":"event","seq":69,"t_us":13672381}
{"client":"<metal-address>:34520","err":"Connection refused (os error 111)","ev":"tcp_accept_refused","flow":104,"gport":7300}
{"cookie":932,"ev":"listen_event","family":2,"kind":"start","ktime_us":13772064,"port":7300,"reachable":true,"wake_lag_us":187}
{"decided_listening":true,"ev":"level_light","last_kind":1,"port":7300}
{"enum_us":71,"ev":"listen_state_sent","event_to_send_us":557,"listeners":1,"listening":true,"port":7300,"reason":"event","seq":70,"t_us":13772621}
{"age_ms":1,"ev":"flow_closed","flow":106,"kind":2,"reset":true,"why":"peer_abort"}
{"cookie":932,"ev":"listen_event","family":2,"kind":"stop","ktime_us":13872419,"port":7300,"reachable":true,"wake_lag_us":51}
{"decided_listening":false,"ev":"level_light","last_kind":2,"port":7300}
{"enum_us":64,"ev":"listen_state_sent","event_to_send_us":449,"listeners":0,"listening":false,"port":7300,"reason":"event","seq":71,"t_us":13872868}
{"client":"<metal-address>:34546","err":"Connection refused (os error 111)","ev":"tcp_accept_refused","flow":108,"gport":7300}
{"cookie":933,"ev":"listen_event","family":2,"kind":"start","ktime_us":13972699,"port":7300,"reachable":true,"wake_lag_us":44}
{"decided_listening":true,"ev":"level_light","last_kind":1,"port":7300}
{"enum_us":65,"ev":"listen_state_sent","event_to_send_us":474,"listeners":1,"listening":true,"port":7300,"reason":"event","seq":72,"t_us":13973173}
{"cookie":933,"ev":"listen_event","family":2,"kind":"stop","ktime_us":14073186,"port":7300,"reachable":true,"wake_lag_us":38}
{"decided_listening":false,"ev":"level_light","last_kind":2,"port":7300}
{"enum_us":63,"ev":"listen_state_sent","event_to_send_us":390,"listeners":0,"listening":false,"port":7300,"reason":"event","seq":73,"t_us":14073576}
{"cookie":934,"ev":"listen_event","family":2,"kind":"start","ktime_us":14173467,"port":7300,"reachable":true,"wake_lag_us":41}
{"decided_listening":true,"ev":"level_light","last_kind":1,"port":7300}
{"enum_us":63,"ev":"listen_state_sent","event_to_send_us":382,"listeners":1,"listening":true,"port":7300,"reason":"event","seq":74,"t_us":14173849}
{"age_ms":1,"ev":"flow_closed","flow":112,"kind":2,"reset":true,"why":"peer_abort"}
{"cookie":934,"ev":"listen_event","family":2,"kind":"stop","ktime_us":14273981,"port":7300,"reachable":true,"wake_lag_us":50}
{"decided_listening":false,"ev":"level_light","last_kind":2,"port":7300}
{"enum_us":64,"ev":"listen_state_sent","event_to_send_us":375,"listeners":0,"listening":false,"port":7300,"reason":"event","seq":75,"t_us":14274356}
{"cookie":935,"ev":"listen_event","family":2,"kind":"start","ktime_us":14374205,"port":7300,"reachable":true,"wake_lag_us":44}
{"decided_listening":true,"ev":"level_light","last_kind":1,"port":7300}
{"enum_us":63,"ev":"listen_state_sent","event_to_send_us":511,"listeners":1,"listening":true,"port":7300,"reason":"event","seq":76,"t_us":14374716}
{"age_ms":1,"ev":"flow_closed","flow":114,"kind":2,"reset":true,"why":"peer_abort"}
{"cookie":935,"ev":"listen_event","family":2,"kind":"stop","ktime_us":14474680,"port":7300,"reachable":true,"wake_lag_us":43}
{"decided_listening":false,"ev":"level_light","last_kind":2,"port":7300}
{"enum_us":68,"ev":"listen_state_sent","event_to_send_us":429,"listeners":0,"listening":false,"port":7300,"reason":"event","seq":77,"t_us":14475109}
{"cookie":936,"ev":"listen_event","family":2,"kind":"start","ktime_us":14574891,"port":7300,"reachable":true,"wake_lag_us":42}
{"decided_listening":true,"ev":"level_light","last_kind":1,"port":7300}
{"enum_us":63,"ev":"listen_state_sent","event_to_send_us":429,"listeners":1,"listening":true,"port":7300,"reason":"event","seq":78,"t_us":14575320}
{"age_ms":1,"ev":"flow_closed","flow":116,"kind":2,"reset":true,"why":"peer_abort"}
{"cookie":936,"ev":"listen_event","family":2,"kind":"stop","ktime_us":14675351,"port":7300,"reachable":true,"wake_lag_us":39}
{"decided_listening":false,"ev":"level_light","last_kind":2,"port":7300}
{"enum_us":65,"ev":"listen_state_sent","event_to_send_us":387,"listeners":0,"listening":false,"port":7300,"reason":"event","seq":79,"t_us":14675738}
{"cookie":937,"ev":"listen_event","family":2,"kind":"start","ktime_us":14775624,"port":7300,"reachable":true,"wake_lag_us":40}
{"decided_listening":true,"ev":"level_light","last_kind":1,"port":7300}
{"enum_us":88,"ev":"listen_state_sent","event_to_send_us":395,"listeners":1,"listening":true,"port":7300,"reason":"event","seq":80,"t_us":14776019}
{"cookie":937,"ev":"listen_event","family":2,"kind":"stop","ktime_us":14876121,"port":7300,"reachable":true,"wake_lag_us":50}
{"decided_listening":false,"ev":"level_light","last_kind":2,"port":7300}
{"enum_us":64,"ev":"listen_state_sent","event_to_send_us":399,"listeners":0,"listening":false,"port":7300,"reason":"event","seq":81,"t_us":14876520}
{"cookie":938,"ev":"listen_event","family":2,"kind":"start","ktime_us":14976401,"port":7300,"reachable":true,"wake_lag_us":49}
{"decided_listening":true,"ev":"level_light","last_kind":1,"port":7300}
{"enum_us":64,"ev":"listen_state_sent","event_to_send_us":387,"listeners":1,"listening":true,"port":7300,"reason":"event","seq":82,"t_us":14976788}
{"cookie":938,"ev":"listen_event","family":2,"kind":"stop","ktime_us":15076907,"port":7300,"reachable":true,"wake_lag_us":51}
{"decided_listening":false,"ev":"level_light","last_kind":2,"port":7300}
{"enum_us":63,"ev":"listen_state_sent","event_to_send_us":394,"listeners":0,"listening":false,"port":7300,"reason":"event","seq":83,"t_us":15077301}
{"cookie":939,"ev":"listen_event","family":2,"kind":"start","ktime_us":15177246,"port":7300,"reachable":true,"wake_lag_us":45}
{"decided_listening":true,"ev":"level_light","last_kind":1,"port":7300}
{"enum_us":62,"ev":"listen_state_sent","event_to_send_us":391,"listeners":1,"listening":true,"port":7300,"reason":"event","seq":84,"t_us":15177637}
{"age_ms":0,"ev":"flow_closed","flow":122,"kind":2,"reset":true,"why":"peer_abort"}
{"cookie":939,"ev":"listen_event","family":2,"kind":"stop","ktime_us":15277646,"port":7300,"reachable":true,"wake_lag_us":37}
{"decided_listening":false,"ev":"level_light","last_kind":2,"port":7300}
{"enum_us":80,"ev":"listen_state_sent","event_to_send_us":379,"listeners":0,"listening":false,"port":7300,"reason":"event","seq":85,"t_us":15278025}
{"cookie":940,"ev":"listen_event","family":2,"kind":"start","ktime_us":15377913,"port":7300,"reachable":true,"wake_lag_us":41}
{"decided_listening":true,"ev":"level_light","last_kind":1,"port":7300}
{"enum_us":64,"ev":"listen_state_sent","event_to_send_us":396,"listeners":1,"listening":true,"port":7300,"reason":"event","seq":86,"t_us":15378309}
{"age_ms":1,"ev":"flow_closed","flow":124,"kind":2,"reset":true,"why":"peer_abort"}
{"cookie":940,"ev":"listen_event","family":2,"kind":"stop","ktime_us":15478343,"port":7300,"reachable":true,"wake_lag_us":38}
{"decided_listening":false,"ev":"level_light","last_kind":2,"port":7300}
{"enum_us":64,"ev":"listen_state_sent","event_to_send_us":378,"listeners":0,"listening":false,"port":7300,"reason":"event","seq":87,"t_us":15478721}
{"cookie":941,"ev":"listen_event","family":2,"kind":"start","ktime_us":15578667,"port":7300,"reachable":true,"wake_lag_us":41}
{"decided_listening":true,"ev":"level_light","last_kind":1,"port":7300}
{"enum_us":91,"ev":"listen_state_sent","event_to_send_us":406,"listeners":1,"listening":true,"port":7300,"reason":"event","seq":88,"t_us":15579073}
{"cookie":941,"ev":"listen_event","family":2,"kind":"stop","ktime_us":15679272,"port":7300,"reachable":true,"wake_lag_us":38}
{"decided_listening":false,"ev":"level_light","last_kind":2,"port":7300}
{"enum_us":64,"ev":"listen_state_sent","event_to_send_us":447,"listeners":0,"listening":false,"port":7300,"reason":"event","seq":89,"t_us":15679719}
{"cookie":942,"ev":"listen_event","family":2,"kind":"start","ktime_us":15779542,"port":7300,"reachable":true,"wake_lag_us":42}
{"decided_listening":true,"ev":"level_light","last_kind":1,"port":7300}
{"enum_us":66,"ev":"listen_state_sent","event_to_send_us":427,"listeners":1,"listening":true,"port":7300,"reason":"event","seq":90,"t_us":15779969}
{"cookie":942,"ev":"listen_event","family":2,"kind":"stop","ktime_us":15879981,"port":7300,"reachable":true,"wake_lag_us":50}
{"decided_listening":false,"ev":"level_light","last_kind":2,"port":7300}
{"enum_us":65,"ev":"listen_state_sent","event_to_send_us":386,"listeners":0,"listening":false,"port":7300,"reason":"event","seq":91,"t_us":15880367}
{"cookie":943,"ev":"listen_event","family":2,"kind":"start","ktime_us":15980264,"port":7300,"reachable":true,"wake_lag_us":44}
{"decided_listening":true,"ev":"level_light","last_kind":1,"port":7300}
{"enum_us":64,"ev":"listen_state_sent","event_to_send_us":393,"listeners":1,"listening":true,"port":7300,"reason":"event","seq":92,"t_us":15980657}
{"age_ms":1,"ev":"flow_closed","flow":130,"kind":2,"reset":true,"why":"peer_abort"}
{"cookie":943,"ev":"listen_event","family":2,"kind":"stop","ktime_us":16080673,"port":7300,"reachable":true,"wake_lag_us":48}
{"decided_listening":false,"ev":"level_light","last_kind":2,"port":7300}
{"enum_us":81,"ev":"listen_state_sent","event_to_send_us":392,"listeners":0,"listening":false,"port":7300,"reason":"event","seq":93,"t_us":16081065}
{"cookie":944,"ev":"listen_event","family":2,"kind":"start","ktime_us":16180949,"port":7300,"reachable":true,"wake_lag_us":43}
{"decided_listening":true,"ev":"level_light","last_kind":1,"port":7300}
{"enum_us":63,"ev":"listen_state_sent","event_to_send_us":397,"listeners":1,"listening":true,"port":7300,"reason":"event","seq":94,"t_us":16181346}
{"age_ms":2,"ev":"flow_closed","flow":132,"kind":2,"reset":true,"why":"peer_abort"}
{"cookie":944,"ev":"listen_event","family":2,"kind":"stop","ktime_us":16281413,"port":7300,"reachable":true,"wake_lag_us":47}
{"decided_listening":false,"ev":"level_light","last_kind":2,"port":7300}
{"enum_us":66,"ev":"listen_state_sent","event_to_send_us":380,"listeners":0,"listening":false,"port":7300,"reason":"event","seq":95,"t_us":16281793}
{"cookie":945,"ev":"listen_event","family":2,"kind":"start","ktime_us":16381704,"port":7300,"reachable":true,"wake_lag_us":44}
{"decided_listening":true,"ev":"level_light","last_kind":1,"port":7300}
{"enum_us":64,"ev":"listen_state_sent","event_to_send_us":410,"listeners":1,"listening":true,"port":7300,"reason":"event","seq":96,"t_us":16382114}
{"cookie":945,"ev":"listen_event","family":2,"kind":"stop","ktime_us":16482184,"port":7300,"reachable":true,"wake_lag_us":43}
{"decided_listening":false,"ev":"level_light","last_kind":2,"port":7300}
{"enum_us":63,"ev":"listen_state_sent","event_to_send_us":383,"listeners":0,"listening":false,"port":7300,"reason":"event","seq":97,"t_us":16482567}
{"cookie":946,"ev":"listen_event","family":2,"kind":"start","ktime_us":16582483,"port":7300,"reachable":true,"wake_lag_us":44}
{"decided_listening":true,"ev":"level_light","last_kind":1,"port":7300}
{"enum_us":67,"ev":"listen_state_sent","event_to_send_us":387,"listeners":1,"listening":true,"port":7300,"reason":"event","seq":98,"t_us":16582870}
{"cookie":946,"ev":"listen_event","family":2,"kind":"stop","ktime_us":16682884,"port":7300,"reachable":true,"wake_lag_us":47}
{"decided_listening":false,"ev":"level_light","last_kind":2,"port":7300}
{"enum_us":64,"ev":"listen_state_sent","event_to_send_us":390,"listeners":0,"listening":false,"port":7300,"reason":"event","seq":99,"t_us":16683274}
{"cookie":947,"ev":"listen_event","family":2,"kind":"start","ktime_us":16783160,"port":7300,"reachable":true,"wake_lag_us":44}
{"decided_listening":true,"ev":"level_light","last_kind":1,"port":7300}
{"enum_us":67,"ev":"listen_state_sent","event_to_send_us":372,"listeners":1,"listening":true,"port":7300,"reason":"event","seq":100,"t_us":16783532}
{"age_ms":2,"ev":"flow_closed","flow":138,"kind":2,"reset":true,"why":"peer_abort"}
{"cookie":947,"ev":"listen_event","family":2,"kind":"stop","ktime_us":16883574,"port":7300,"reachable":true,"wake_lag_us":41}
{"decided_listening":false,"ev":"level_light","last_kind":2,"port":7300}
{"enum_us":64,"ev":"listen_state_sent","event_to_send_us":366,"listeners":0,"listening":false,"port":7300,"reason":"event","seq":101,"t_us":16883940}
{"cookie":948,"ev":"listen_event","family":2,"kind":"start","ktime_us":16983848,"port":7300,"reachable":true,"wake_lag_us":43}
{"decided_listening":true,"ev":"level_light","last_kind":1,"port":7300}
{"enum_us":67,"ev":"listen_state_sent","event_to_send_us":416,"listeners":1,"listening":true,"port":7300,"reason":"event","seq":102,"t_us":16984264}
{"age_ms":0,"ev":"flow_closed","flow":140,"kind":2,"reset":true,"why":"peer_abort"}
{"cookie":948,"ev":"listen_event","family":2,"kind":"stop","ktime_us":17084346,"port":7300,"reachable":true,"wake_lag_us":46}
{"decided_listening":false,"ev":"level_light","last_kind":2,"port":7300}
{"enum_us":64,"ev":"listen_state_sent","event_to_send_us":399,"listeners":0,"listening":false,"port":7300,"reason":"event","seq":103,"t_us":17084745}
{"cookie":949,"ev":"listen_event","family":2,"kind":"start","ktime_us":17184663,"port":7300,"reachable":true,"wake_lag_us":42}
{"decided_listening":true,"ev":"level_light","last_kind":1,"port":7300}
{"enum_us":90,"ev":"listen_state_sent","event_to_send_us":407,"listeners":1,"listening":true,"port":7300,"reason":"event","seq":104,"t_us":17185070}
{"age_ms":1,"ev":"flow_closed","flow":142,"kind":2,"reset":true,"why":"peer_abort"}
{"cookie":949,"ev":"listen_event","family":2,"kind":"stop","ktime_us":17285181,"port":7300,"reachable":true,"wake_lag_us":45}
{"decided_listening":false,"ev":"level_light","last_kind":2,"port":7300}
{"enum_us":64,"ev":"listen_state_sent","event_to_send_us":378,"listeners":0,"listening":false,"port":7300,"reason":"event","seq":105,"t_us":17285559}
{"cookie":953,"ev":"listen_event","family":2,"kind":"start","ktime_us":17385415,"port":7300,"reachable":true,"wake_lag_us":63}
{"decided_listening":true,"ev":"level_light","last_kind":1,"port":7300}
{"enum_us":65,"ev":"listen_state_sent","event_to_send_us":458,"listeners":1,"listening":true,"port":7300,"reason":"event","seq":106,"t_us":17385873}
{"age_ms":0,"ev":"flow_closed","flow":144,"kind":2,"reset":true,"why":"peer_abort"}
{"cookie":953,"ev":"listen_event","family":2,"kind":"stop","ktime_us":17486375,"port":7300,"reachable":true,"wake_lag_us":65}
{"decided_listening":false,"ev":"level_light","last_kind":2,"port":7300}
{"enum_us":59,"ev":"listen_state_sent","event_to_send_us":425,"listeners":0,"listening":false,"port":7300,"reason":"event","seq":107,"t_us":17486800}
{"cookie":954,"ev":"listen_event","family":2,"kind":"start","ktime_us":17586613,"port":7300,"reachable":true,"wake_lag_us":43}
{"decided_listening":true,"ev":"level_light","last_kind":1,"port":7300}
{"enum_us":101,"ev":"listen_state_sent","event_to_send_us":445,"listeners":1,"listening":true,"port":7300,"reason":"event","seq":108,"t_us":17587058}
{"cookie":954,"ev":"listen_event","family":2,"kind":"stop","ktime_us":17687495,"port":7300,"reachable":true,"wake_lag_us":42}
{"decided_listening":false,"ev":"level_light","last_kind":2,"port":7300}
{"enum_us":67,"ev":"listen_state_sent","event_to_send_us":396,"listeners":0,"listening":false,"port":7300,"reason":"event","seq":109,"t_us":17687891}
{"cookie":955,"ev":"listen_event","family":2,"kind":"start","ktime_us":17787704,"port":7300,"reachable":true,"wake_lag_us":42}
{"decided_listening":true,"ev":"level_light","last_kind":1,"port":7300}
{"enum_us":75,"ev":"listen_state_sent","event_to_send_us":427,"listeners":1,"listening":true,"port":7300,"reason":"event","seq":110,"t_us":17788131}
{"cookie":955,"ev":"listen_event","family":2,"kind":"stop","ktime_us":17888431,"port":7300,"reachable":true,"wake_lag_us":41}
{"decided_listening":false,"ev":"level_light","last_kind":2,"port":7300}
{"enum_us":63,"ev":"listen_state_sent","event_to_send_us":393,"listeners":0,"listening":false,"port":7300,"reason":"event","seq":111,"t_us":17888824}
{"cookie":956,"ev":"listen_event","family":2,"kind":"start","ktime_us":17988647,"port":7300,"reachable":true,"wake_lag_us":45}
{"decided_listening":true,"ev":"level_light","last_kind":1,"port":7300}
{"enum_us":107,"ev":"listen_state_sent","event_to_send_us":453,"listeners":1,"listening":true,"port":7300,"reason":"event","seq":112,"t_us":17989100}
{"cookie":956,"ev":"listen_event","family":2,"kind":"stop","ktime_us":18089535,"port":7300,"reachable":true,"wake_lag_us":44}
{"decided_listening":false,"ev":"level_light","last_kind":2,"port":7300}
{"enum_us":68,"ev":"listen_state_sent","event_to_send_us":396,"listeners":0,"listening":false,"port":7300,"reason":"event","seq":113,"t_us":18089931}
{"cookie":4239,"ev":"listen_event","family":2,"kind":"start","ktime_us":18189753,"port":7300,"reachable":true,"wake_lag_us":43}
{"decided_listening":true,"ev":"level_light","last_kind":1,"port":7300}
{"enum_us":63,"ev":"listen_state_sent","event_to_send_us":448,"listeners":1,"listening":true,"port":7300,"reason":"event","seq":114,"t_us":18190201}
{"age_ms":0,"ev":"flow_closed","flow":152,"kind":2,"reset":true,"why":"peer_abort"}
{"cookie":4239,"ev":"listen_event","family":2,"kind":"stop","ktime_us":18290445,"port":7300,"reachable":true,"wake_lag_us":41}
{"decided_listening":false,"ev":"level_light","last_kind":2,"port":7300}
{"enum_us":59,"ev":"listen_state_sent","event_to_send_us":378,"listeners":0,"listening":false,"port":7300,"reason":"event","seq":115,"t_us":18290823}
{"cookie":4240,"ev":"listen_event","family":2,"kind":"start","ktime_us":18390663,"port":7300,"reachable":true,"wake_lag_us":43}
{"decided_listening":true,"ev":"level_light","last_kind":1,"port":7300}
{"enum_us":76,"ev":"listen_state_sent","event_to_send_us":453,"listeners":1,"listening":true,"port":7300,"reason":"event","seq":116,"t_us":18391116}
{"cookie":4240,"ev":"listen_event","family":2,"kind":"stop","ktime_us":18491183,"port":7300,"reachable":true,"wake_lag_us":45}
{"decided_listening":false,"ev":"level_light","last_kind":2,"port":7300}
{"enum_us":58,"ev":"listen_state_sent","event_to_send_us":396,"listeners":0,"listening":false,"port":7300,"reason":"event","seq":117,"t_us":18491579}
{"cookie":4241,"ev":"listen_event","family":2,"kind":"start","ktime_us":18591400,"port":7300,"reachable":true,"wake_lag_us":58}
{"decided_listening":true,"ev":"level_light","last_kind":1,"port":7300}
{"enum_us":61,"ev":"listen_state_sent","event_to_send_us":414,"listeners":1,"listening":true,"port":7300,"reason":"event","seq":118,"t_us":18591814}
{"age_ms":0,"ev":"flow_closed","flow":156,"kind":2,"reset":true,"why":"peer_abort"}
{"cookie":4241,"ev":"listen_event","family":2,"kind":"stop","ktime_us":18691951,"port":7300,"reachable":true,"wake_lag_us":40}
{"decided_listening":false,"ev":"level_light","last_kind":2,"port":7300}
{"enum_us":58,"ev":"listen_state_sent","event_to_send_us":393,"listeners":0,"listening":false,"port":7300,"reason":"event","seq":119,"t_us":18692344}
{"cookie":4242,"ev":"listen_event","family":2,"kind":"start","ktime_us":18792192,"port":7300,"reachable":true,"wake_lag_us":51}
{"decided_listening":true,"ev":"level_light","last_kind":1,"port":7300}
{"enum_us":60,"ev":"listen_state_sent","event_to_send_us":393,"listeners":1,"listening":true,"port":7300,"reason":"event","seq":120,"t_us":18792585}
{"age_ms":0,"ev":"flow_closed","flow":158,"kind":2,"reset":true,"why":"peer_abort"}
{"cookie":4242,"ev":"listen_event","family":2,"kind":"stop","ktime_us":18892862,"port":7300,"reachable":true,"wake_lag_us":45}
{"decided_listening":false,"ev":"level_light","last_kind":2,"port":7300}
{"enum_us":61,"ev":"listen_state_sent","event_to_send_us":426,"listeners":0,"listening":false,"port":7300,"reason":"event","seq":121,"t_us":18893288}
{"cookie":969,"ev":"listen_event","family":2,"kind":"start","ktime_us":18993099,"port":7300,"reachable":true,"wake_lag_us":52}
{"decided_listening":true,"ev":"level_light","last_kind":1,"port":7300}
{"enum_us":66,"ev":"listen_state_sent","event_to_send_us":429,"listeners":1,"listening":true,"port":7300,"reason":"event","seq":122,"t_us":18993528}
{"age_ms":1,"ev":"flow_closed","flow":160,"kind":2,"reset":true,"why":"peer_abort"}
{"cookie":969,"ev":"listen_event","family":2,"kind":"stop","ktime_us":19093755,"port":7300,"reachable":true,"wake_lag_us":44}
{"decided_listening":false,"ev":"level_light","last_kind":2,"port":7300}
{"enum_us":61,"ev":"listen_state_sent","event_to_send_us":413,"listeners":0,"listening":false,"port":7300,"reason":"event","seq":123,"t_us":19094168}
{"cookie":970,"ev":"listen_event","family":2,"kind":"start","ktime_us":19193977,"port":7300,"reachable":true,"wake_lag_us":58}
{"decided_listening":true,"ev":"level_light","last_kind":1,"port":7300}
{"enum_us":61,"ev":"listen_state_sent","event_to_send_us":417,"listeners":1,"listening":true,"port":7300,"reason":"event","seq":124,"t_us":19194394}
{"age_ms":1,"ev":"flow_closed","flow":162,"kind":2,"reset":true,"why":"peer_abort"}
{"cookie":970,"ev":"listen_event","family":2,"kind":"stop","ktime_us":19294949,"port":7300,"reachable":true,"wake_lag_us":73}
{"decided_listening":false,"ev":"level_light","last_kind":2,"port":7300}
{"enum_us":60,"ev":"listen_state_sent","event_to_send_us":411,"listeners":0,"listening":false,"port":7300,"reason":"event","seq":125,"t_us":19295360}
{"cookie":4249,"ev":"listen_event","family":2,"kind":"start","ktime_us":19395183,"port":7300,"reachable":true,"wake_lag_us":48}
{"decided_listening":true,"ev":"level_light","last_kind":1,"port":7300}
{"enum_us":61,"ev":"listen_state_sent","event_to_send_us":413,"listeners":1,"listening":true,"port":7300,"reason":"event","seq":126,"t_us":19395596}
{"age_ms":1,"ev":"flow_closed","flow":164,"kind":2,"reset":true,"why":"peer_abort"}
{"cookie":4249,"ev":"listen_event","family":2,"kind":"stop","ktime_us":19496107,"port":7300,"reachable":true,"wake_lag_us":58}
{"decided_listening":false,"ev":"level_light","last_kind":2,"port":7300}
{"enum_us":63,"ev":"listen_state_sent","event_to_send_us":416,"listeners":0,"listening":false,"port":7300,"reason":"event","seq":127,"t_us":19496523}
{"cookie":4250,"ev":"listen_event","family":2,"kind":"start","ktime_us":19596324,"port":7300,"reachable":true,"wake_lag_us":49}
{"decided_listening":true,"ev":"level_light","last_kind":1,"port":7300}
{"enum_us":60,"ev":"listen_state_sent","event_to_send_us":420,"listeners":1,"listening":true,"port":7300,"reason":"event","seq":128,"t_us":19596744}
{"age_ms":0,"ev":"flow_closed","flow":166,"kind":2,"reset":true,"why":"peer_abort"}
{"cookie":4250,"ev":"listen_event","family":2,"kind":"stop","ktime_us":19697204,"port":7300,"reachable":true,"wake_lag_us":29}
{"decided_listening":false,"ev":"level_light","last_kind":2,"port":7300}
{"enum_us":59,"ev":"listen_state_sent","event_to_send_us":393,"listeners":0,"listening":false,"port":7300,"reason":"event","seq":129,"t_us":19697597}
{"cookie":4251,"ev":"listen_event","family":2,"kind":"start","ktime_us":19797412,"port":7300,"reachable":true,"wake_lag_us":59}
{"decided_listening":true,"ev":"level_light","last_kind":1,"port":7300}
{"enum_us":60,"ev":"listen_state_sent","event_to_send_us":396,"listeners":1,"listening":true,"port":7300,"reason":"event","seq":130,"t_us":19797808}
{"age_ms":1,"ev":"flow_closed","flow":168,"kind":2,"reset":true,"why":"peer_abort"}
{"cookie":4251,"ev":"listen_event","family":2,"kind":"stop","ktime_us":19898110,"port":7300,"reachable":true,"wake_lag_us":21}
{"decided_listening":false,"ev":"level_light","last_kind":2,"port":7300}
{"enum_us":75,"ev":"listen_state_sent","event_to_send_us":378,"listeners":0,"listening":false,"port":7300,"reason":"event","seq":131,"t_us":19898488}
{"cookie":4252,"ev":"listen_event","family":2,"kind":"start","ktime_us":19998319,"port":7300,"reachable":true,"wake_lag_us":45}
{"decided_listening":true,"ev":"level_light","last_kind":1,"port":7300}
{"enum_us":61,"ev":"listen_state_sent","event_to_send_us":411,"listeners":1,"listening":true,"port":7300,"reason":"event","seq":132,"t_us":19998730}
{"age_ms":0,"ev":"flow_closed","flow":170,"kind":2,"reset":true,"why":"peer_abort"}
{"cookie":4252,"ev":"listen_event","family":2,"kind":"stop","ktime_us":20098876,"port":7300,"reachable":true,"wake_lag_us":43}
{"decided_listening":false,"ev":"level_light","last_kind":2,"port":7300}
{"enum_us":59,"ev":"listen_state_sent","event_to_send_us":402,"listeners":0,"listening":false,"port":7300,"reason":"event","seq":133,"t_us":20099278}
{"cookie":4253,"ev":"listen_event","family":2,"kind":"start","ktime_us":20199096,"port":7300,"reachable":true,"wake_lag_us":49}
{"decided_listening":true,"ev":"level_light","last_kind":1,"port":7300}
{"enum_us":67,"ev":"listen_state_sent","event_to_send_us":429,"listeners":1,"listening":true,"port":7300,"reason":"event","seq":134,"t_us":20199525}
{"age_ms":1,"ev":"flow_closed","flow":172,"kind":2,"reset":true,"why":"peer_abort"}
{"cookie":4253,"ev":"listen_event","family":2,"kind":"stop","ktime_us":20300042,"port":7300,"reachable":true,"wake_lag_us":48}
{"decided_listening":false,"ev":"level_light","last_kind":2,"port":7300}
{"enum_us":69,"ev":"listen_state_sent","event_to_send_us":393,"listeners":0,"listening":false,"port":7300,"reason":"event","seq":135,"t_us":20300435}
{"cookie":4254,"ev":"listen_event","family":2,"kind":"start","ktime_us":20400259,"port":7300,"reachable":true,"wake_lag_us":51}
{"decided_listening":true,"ev":"level_light","last_kind":1,"port":7300}
{"enum_us":61,"ev":"listen_state_sent","event_to_send_us":415,"listeners":1,"listening":true,"port":7300,"reason":"event","seq":136,"t_us":20400674}
{"age_ms":0,"ev":"flow_closed","flow":174,"kind":2,"reset":true,"why":"peer_abort"}
{"cookie":4254,"ev":"listen_event","family":2,"kind":"stop","ktime_us":20501200,"port":7300,"reachable":true,"wake_lag_us":52}
{"decided_listening":false,"ev":"level_light","last_kind":2,"port":7300}
{"enum_us":59,"ev":"listen_state_sent","event_to_send_us":403,"listeners":0,"listening":false,"port":7300,"reason":"event","seq":137,"t_us":20501603}
{"cookie":4255,"ev":"listen_event","family":2,"kind":"start","ktime_us":20601437,"port":7300,"reachable":true,"wake_lag_us":44}
{"decided_listening":true,"ev":"level_light","last_kind":1,"port":7300}
{"enum_us":60,"ev":"listen_state_sent","event_to_send_us":395,"listeners":1,"listening":true,"port":7300,"reason":"event","seq":138,"t_us":20601832}
{"age_ms":1,"ev":"flow_closed","flow":176,"kind":2,"reset":true,"why":"peer_abort"}
{"cookie":4255,"ev":"listen_event","family":2,"kind":"stop","ktime_us":20702453,"port":7300,"reachable":true,"wake_lag_us":41}
{"decided_listening":false,"ev":"level_light","last_kind":2,"port":7300}
{"enum_us":60,"ev":"listen_state_sent","event_to_send_us":390,"listeners":0,"listening":false,"port":7300,"reason":"event","seq":139,"t_us":20702843}
{"cookie":992,"ev":"listen_event","family":2,"kind":"start","ktime_us":20802670,"port":7300,"reachable":true,"wake_lag_us":20}
{"decided_listening":true,"ev":"level_light","last_kind":1,"port":7300}
{"enum_us":99,"ev":"listen_state_sent","event_to_send_us":397,"listeners":1,"listening":true,"port":7300,"reason":"event","seq":140,"t_us":20803067}
{"cookie":992,"ev":"listen_event","family":2,"kind":"stop","ktime_us":20903541,"port":7300,"reachable":true,"wake_lag_us":19}
{"decided_listening":false,"ev":"level_light","last_kind":2,"port":7300}
{"enum_us":59,"ev":"listen_state_sent","event_to_send_us":367,"listeners":0,"listening":false,"port":7300,"reason":"event","seq":141,"t_us":20903908}
{"cookie":4259,"ev":"listen_event","family":2,"kind":"start","ktime_us":21003756,"port":7300,"reachable":true,"wake_lag_us":42}
{"decided_listening":true,"ev":"level_light","last_kind":1,"port":7300}
{"enum_us":63,"ev":"listen_state_sent","event_to_send_us":433,"listeners":1,"listening":true,"port":7300,"reason":"event","seq":142,"t_us":21004189}
{"age_ms":0,"ev":"flow_closed","flow":180,"kind":2,"reset":true,"why":"peer_abort"}
{"cookie":4259,"ev":"listen_event","family":2,"kind":"stop","ktime_us":21104277,"port":7300,"reachable":true,"wake_lag_us":42}
{"decided_listening":false,"ev":"level_light","last_kind":2,"port":7300}
{"enum_us":66,"ev":"listen_state_sent","event_to_send_us":407,"listeners":0,"listening":false,"port":7300,"reason":"event","seq":143,"t_us":21104684}
{"cookie":4260,"ev":"listen_event","family":2,"kind":"start","ktime_us":21204496,"port":7300,"reachable":true,"wake_lag_us":47}
{"decided_listening":true,"ev":"level_light","last_kind":1,"port":7300}
{"enum_us":61,"ev":"listen_state_sent","event_to_send_us":396,"listeners":1,"listening":true,"port":7300,"reason":"event","seq":144,"t_us":21204892}
{"cookie":4260,"ev":"listen_event","family":2,"kind":"stop","ktime_us":21304984,"port":7300,"reachable":true,"wake_lag_us":55}
{"decided_listening":false,"ev":"level_light","last_kind":2,"port":7300}
{"enum_us":59,"ev":"listen_state_sent","event_to_send_us":398,"listeners":0,"listening":false,"port":7300,"reason":"event","seq":145,"t_us":21305382}
{"cookie":4261,"ev":"listen_event","family":2,"kind":"start","ktime_us":21405219,"port":7300,"reachable":true,"wake_lag_us":51}
{"decided_listening":true,"ev":"level_light","last_kind":1,"port":7300}
{"enum_us":64,"ev":"listen_state_sent","event_to_send_us":415,"listeners":1,"listening":true,"port":7300,"reason":"event","seq":146,"t_us":21405634}
{"age_ms":0,"ev":"flow_closed","flow":184,"kind":2,"reset":true,"why":"peer_abort"}
{"cookie":4261,"ev":"listen_event","family":2,"kind":"stop","ktime_us":21505788,"port":7300,"reachable":true,"wake_lag_us":43}
{"decided_listening":false,"ev":"level_light","last_kind":2,"port":7300}
{"enum_us":59,"ev":"listen_state_sent","event_to_send_us":412,"listeners":0,"listening":false,"port":7300,"reason":"event","seq":147,"t_us":21506200}
{"cookie":4262,"ev":"listen_event","family":2,"kind":"start","ktime_us":21606026,"port":7300,"reachable":true,"wake_lag_us":47}
{"decided_listening":true,"ev":"level_light","last_kind":1,"port":7300}
{"enum_us":72,"ev":"listen_state_sent","event_to_send_us":414,"listeners":1,"listening":true,"port":7300,"reason":"event","seq":148,"t_us":21606440}
{"age_ms":2,"ev":"flow_closed","flow":186,"kind":2,"reset":true,"why":"peer_abort"}
{"cookie":4262,"ev":"listen_event","family":2,"kind":"stop","ktime_us":21706937,"port":7300,"reachable":true,"wake_lag_us":43}
{"decided_listening":false,"ev":"level_light","last_kind":2,"port":7300}
{"enum_us":59,"ev":"listen_state_sent","event_to_send_us":427,"listeners":0,"listening":false,"port":7300,"reason":"event","seq":149,"t_us":21707364}
{"cookie":4263,"ev":"listen_event","family":2,"kind":"start","ktime_us":21807181,"port":7300,"reachable":true,"wake_lag_us":43}
{"decided_listening":true,"ev":"level_light","last_kind":1,"port":7300}
{"enum_us":61,"ev":"listen_state_sent","event_to_send_us":399,"listeners":1,"listening":true,"port":7300,"reason":"event","seq":150,"t_us":21807580}
{"age_ms":2,"ev":"flow_closed","flow":188,"kind":2,"reset":true,"why":"peer_abort"}
{"cookie":4263,"ev":"listen_event","family":2,"kind":"stop","ktime_us":21907993,"port":7300,"reachable":true,"wake_lag_us":44}
{"decided_listening":false,"ev":"level_light","last_kind":2,"port":7300}
{"enum_us":58,"ev":"listen_state_sent","event_to_send_us":381,"listeners":0,"listening":false,"port":7300,"reason":"event","seq":151,"t_us":21908374}
{"cookie":4264,"ev":"listen_event","family":2,"kind":"start","ktime_us":22008224,"port":7300,"reachable":true,"wake_lag_us":49}
{"decided_listening":true,"ev":"level_light","last_kind":1,"port":7300}
{"enum_us":62,"ev":"listen_state_sent","event_to_send_us":423,"listeners":1,"listening":true,"port":7300,"reason":"event","seq":152,"t_us":22008647}
{"age_ms":2,"ev":"flow_closed","flow":190,"kind":2,"reset":true,"why":"peer_abort"}
{"cookie":4264,"ev":"listen_event","family":2,"kind":"stop","ktime_us":22108925,"port":7300,"reachable":true,"wake_lag_us":42}
{"decided_listening":false,"ev":"level_light","last_kind":2,"port":7300}
{"enum_us":58,"ev":"listen_state_sent","event_to_send_us":403,"listeners":0,"listening":false,"port":7300,"reason":"event","seq":153,"t_us":22109328}
{"cookie":4265,"ev":"listen_event","family":2,"kind":"start","ktime_us":22209156,"port":7300,"reachable":true,"wake_lag_us":49}
{"decided_listening":true,"ev":"level_light","last_kind":1,"port":7300}
{"enum_us":61,"ev":"listen_state_sent","event_to_send_us":425,"listeners":1,"listening":true,"port":7300,"reason":"event","seq":154,"t_us":22209581}
{"age_ms":1,"ev":"flow_closed","flow":192,"kind":2,"reset":true,"why":"peer_abort"}
{"cookie":4265,"ev":"listen_event","family":2,"kind":"stop","ktime_us":22309678,"port":7300,"reachable":true,"wake_lag_us":43}
{"decided_listening":false,"ev":"level_light","last_kind":2,"port":7300}
{"enum_us":74,"ev":"listen_state_sent","event_to_send_us":421,"listeners":0,"listening":false,"port":7300,"reason":"event","seq":155,"t_us":22310099}
{"cookie":4266,"ev":"listen_event","family":2,"kind":"start","ktime_us":22409893,"port":7300,"reachable":true,"wake_lag_us":44}
{"decided_listening":true,"ev":"level_light","last_kind":1,"port":7300}
{"enum_us":61,"ev":"listen_state_sent","event_to_send_us":416,"listeners":1,"listening":true,"port":7300,"reason":"event","seq":156,"t_us":22410309}
{"age_ms":1,"ev":"flow_closed","flow":194,"kind":2,"reset":true,"why":"peer_abort"}
{"cookie":4266,"ev":"listen_event","family":2,"kind":"stop","ktime_us":22510365,"port":7300,"reachable":true,"wake_lag_us":41}
{"decided_listening":false,"ev":"level_light","last_kind":2,"port":7300}
{"enum_us":57,"ev":"listen_state_sent","event_to_send_us":393,"listeners":0,"listening":false,"port":7300,"reason":"event","seq":157,"t_us":22510758}
{"cookie":4267,"ev":"listen_event","family":2,"kind":"start","ktime_us":22610592,"port":7300,"reachable":true,"wake_lag_us":42}
{"decided_listening":true,"ev":"level_light","last_kind":1,"port":7300}
{"enum_us":60,"ev":"listen_state_sent","event_to_send_us":398,"listeners":1,"listening":true,"port":7300,"reason":"event","seq":158,"t_us":22610990}
{"cookie":4267,"ev":"listen_event","family":2,"kind":"stop","ktime_us":22711457,"port":7300,"reachable":true,"wake_lag_us":45}
{"decided_listening":false,"ev":"level_light","last_kind":2,"port":7300}
{"enum_us":59,"ev":"listen_state_sent","event_to_send_us":382,"listeners":0,"listening":false,"port":7300,"reason":"event","seq":159,"t_us":22711839}
{"cookie":4268,"ev":"listen_event","family":2,"kind":"start","ktime_us":22811700,"port":7300,"reachable":true,"wake_lag_us":46}
{"decided_listening":true,"ev":"level_light","last_kind":1,"port":7300}
{"enum_us":76,"ev":"listen_state_sent","event_to_send_us":449,"listeners":1,"listening":true,"port":7300,"reason":"event","seq":160,"t_us":22812149}
{"cookie":4268,"ev":"listen_event","family":2,"kind":"stop","ktime_us":22912523,"port":7300,"reachable":true,"wake_lag_us":44}
{"decided_listening":false,"ev":"level_light","last_kind":2,"port":7300}
{"enum_us":61,"ev":"listen_state_sent","event_to_send_us":394,"listeners":0,"listening":false,"port":7300,"reason":"event","seq":161,"t_us":22912917}
{"cookie":4269,"ev":"listen_event","family":2,"kind":"start","ktime_us":23012743,"port":7300,"reachable":true,"wake_lag_us":45}
{"decided_listening":true,"ev":"level_light","last_kind":1,"port":7300}
{"enum_us":65,"ev":"listen_state_sent","event_to_send_us":448,"listeners":1,"listening":true,"port":7300,"reason":"event","seq":162,"t_us":23013191}
{"age_ms":0,"ev":"flow_closed","flow":200,"kind":2,"reset":true,"why":"peer_abort"}
{"cookie":4269,"ev":"listen_event","family":2,"kind":"stop","ktime_us":23113274,"port":7300,"reachable":true,"wake_lag_us":46}
{"decided_listening":false,"ev":"level_light","last_kind":2,"port":7300}
{"enum_us":64,"ev":"listen_state_sent","event_to_send_us":404,"listeners":0,"listening":false,"port":7300,"reason":"event","seq":163,"t_us":23113678}
{"cookie":4270,"ev":"listen_event","family":2,"kind":"start","ktime_us":23213510,"port":7300,"reachable":true,"wake_lag_us":48}
{"decided_listening":true,"ev":"level_light","last_kind":1,"port":7300}
{"enum_us":60,"ev":"listen_state_sent","event_to_send_us":395,"listeners":1,"listening":true,"port":7300,"reason":"event","seq":164,"t_us":23213905}
{"cookie":4270,"ev":"listen_event","family":2,"kind":"stop","ktime_us":23314458,"port":7300,"reachable":true,"wake_lag_us":56}
{"decided_listening":false,"ev":"level_light","last_kind":2,"port":7300}
{"enum_us":59,"ev":"listen_state_sent","event_to_send_us":384,"listeners":0,"listening":false,"port":7300,"reason":"event","seq":165,"t_us":23314842}
{"cookie":4271,"ev":"listen_event","family":2,"kind":"start","ktime_us":23414694,"port":7300,"reachable":true,"wake_lag_us":44}
{"decided_listening":true,"ev":"level_light","last_kind":1,"port":7300}
{"enum_us":73,"ev":"listen_state_sent","event_to_send_us":438,"listeners":1,"listening":true,"port":7300,"reason":"event","seq":166,"t_us":23415132}
{"age_ms":0,"ev":"flow_closed","flow":204,"kind":2,"reset":true,"why":"peer_abort"}
{"cookie":4271,"ev":"listen_event","family":2,"kind":"stop","ktime_us":23515447,"port":7300,"reachable":true,"wake_lag_us":46}
{"decided_listening":false,"ev":"level_light","last_kind":2,"port":7300}
{"enum_us":58,"ev":"listen_state_sent","event_to_send_us":383,"listeners":0,"listening":false,"port":7300,"reason":"event","seq":167,"t_us":23515830}
{"cookie":4272,"ev":"listen_event","family":2,"kind":"start","ktime_us":23615666,"port":7300,"reachable":true,"wake_lag_us":42}
{"decided_listening":true,"ev":"level_light","last_kind":1,"port":7300}
{"enum_us":108,"ev":"listen_state_sent","event_to_send_us":429,"listeners":1,"listening":true,"port":7300,"reason":"event","seq":168,"t_us":23616095}
{"cookie":4272,"ev":"listen_event","family":2,"kind":"stop","ktime_us":23716356,"port":7300,"reachable":true,"wake_lag_us":40}
{"decided_listening":false,"ev":"level_light","last_kind":2,"port":7300}
{"enum_us":59,"ev":"listen_state_sent","event_to_send_us":390,"listeners":0,"listening":false,"port":7300,"reason":"event","seq":169,"t_us":23716746}
{"cookie":4273,"ev":"listen_event","family":2,"kind":"start","ktime_us":23816584,"port":7300,"reachable":true,"wake_lag_us":43}
{"decided_listening":true,"ev":"level_light","last_kind":1,"port":7300}
{"enum_us":61,"ev":"listen_state_sent","event_to_send_us":384,"listeners":1,"listening":true,"port":7300,"reason":"event","seq":170,"t_us":23816968}
{"cookie":4273,"ev":"listen_event","family":2,"kind":"stop","ktime_us":23917274,"port":7300,"reachable":true,"wake_lag_us":42}
{"decided_listening":false,"ev":"level_light","last_kind":2,"port":7300}
{"enum_us":59,"ev":"listen_state_sent","event_to_send_us":406,"listeners":0,"listening":false,"port":7300,"reason":"event","seq":171,"t_us":23917680}
{"client":"<metal-address>:36320","err":"Connection refused (os error 111)","ev":"tcp_accept_refused","flow":210,"gport":7300}
{"cookie":4274,"ev":"listen_event","family":2,"kind":"start","ktime_us":24017502,"port":7300,"reachable":true,"wake_lag_us":51}
{"decided_listening":true,"ev":"level_light","last_kind":1,"port":7300}
{"enum_us":60,"ev":"listen_state_sent","event_to_send_us":396,"listeners":1,"listening":true,"port":7300,"reason":"event","seq":172,"t_us":24017898}
{"cookie":4274,"ev":"listen_event","family":2,"kind":"stop","ktime_us":24118537,"port":7300,"reachable":true,"wake_lag_us":41}
{"decided_listening":false,"ev":"level_light","last_kind":2,"port":7300}
{"enum_us":61,"ev":"listen_state_sent","event_to_send_us":388,"listeners":0,"listening":false,"port":7300,"reason":"event","seq":173,"t_us":24118925}
{"cookie":1043,"ev":"listen_event","family":2,"kind":"start","ktime_us":24218766,"port":7300,"reachable":true,"wake_lag_us":43}
{"decided_listening":true,"ev":"level_light","last_kind":1,"port":7300}
{"enum_us":63,"ev":"listen_state_sent","event_to_send_us":437,"listeners":1,"listening":true,"port":7300,"reason":"event","seq":174,"t_us":24219203}
{"cookie":1043,"ev":"listen_event","family":2,"kind":"stop","ktime_us":24319721,"port":7300,"reachable":true,"wake_lag_us":40}
{"decided_listening":false,"ev":"level_light","last_kind":2,"port":7300}
{"enum_us":66,"ev":"listen_state_sent","event_to_send_us":419,"listeners":0,"listening":false,"port":7300,"reason":"event","seq":175,"t_us":24320140}
{"client":"<metal-address>:36406","err":"Connection refused (os error 111)","ev":"tcp_accept_refused","flow":216,"gport":7300}
{"cookie":1044,"ev":"listen_event","family":2,"kind":"start","ktime_us":24419931,"port":7300,"reachable":true,"wake_lag_us":45}
{"decided_listening":true,"ev":"level_light","last_kind":1,"port":7300}
{"enum_us":61,"ev":"listen_state_sent","event_to_send_us":409,"listeners":1,"listening":true,"port":7300,"reason":"event","seq":176,"t_us":24420340}
{"age_ms":0,"ev":"flow_closed","flow":218,"kind":2,"reset":true,"why":"peer_abort"}
{"cookie":1044,"ev":"listen_event","family":2,"kind":"stop","ktime_us":24520540,"port":7300,"reachable":true,"wake_lag_us":49}
{"decided_listening":false,"ev":"level_light","last_kind":2,"port":7300}
{"enum_us":59,"ev":"listen_state_sent","event_to_send_us":396,"listeners":0,"listening":false,"port":7300,"reason":"event","seq":177,"t_us":24520936}
{"cookie":4283,"ev":"listen_event","family":2,"kind":"start","ktime_us":24620759,"port":7300,"reachable":true,"wake_lag_us":45}
{"decided_listening":true,"ev":"level_light","last_kind":1,"port":7300}
{"enum_us":64,"ev":"listen_state_sent","event_to_send_us":428,"listeners":1,"listening":true,"port":7300,"reason":"event","seq":178,"t_us":24621187}
{"age_ms":0,"ev":"flow_closed","flow":220,"kind":2,"reset":true,"why":"peer_abort"}
{"cookie":4283,"ev":"listen_event","family":2,"kind":"stop","ktime_us":24721706,"port":7300,"reachable":true,"wake_lag_us":53}
{"decided_listening":false,"ev":"level_light","last_kind":2,"port":7300}
{"enum_us":67,"ev":"listen_state_sent","event_to_send_us":430,"listeners":0,"listening":false,"port":7300,"reason":"event","seq":179,"t_us":24722136}
{"cookie":4284,"ev":"listen_event","family":2,"kind":"start","ktime_us":24821936,"port":7300,"reachable":true,"wake_lag_us":44}
{"decided_listening":true,"ev":"level_light","last_kind":1,"port":7300}
{"enum_us":60,"ev":"listen_state_sent","event_to_send_us":396,"listeners":1,"listening":true,"port":7300,"reason":"event","seq":180,"t_us":24822332}
{"age_ms":0,"ev":"flow_closed","flow":222,"kind":2,"reset":true,"why":"peer_abort"}
{"cookie":4284,"ev":"listen_event","family":2,"kind":"stop","ktime_us":24922765,"port":7300,"reachable":true,"wake_lag_us":48}
{"decided_listening":false,"ev":"level_light","last_kind":2,"port":7300}
{"enum_us":61,"ev":"listen_state_sent","event_to_send_us":428,"listeners":0,"listening":false,"port":7300,"reason":"event","seq":181,"t_us":24923193}
{"cookie":4285,"ev":"listen_event","family":2,"kind":"start","ktime_us":25022980,"port":7300,"reachable":true,"wake_lag_us":60}
{"decided_listening":true,"ev":"level_light","last_kind":1,"port":7300}
{"enum_us":63,"ev":"listen_state_sent","event_to_send_us":402,"listeners":1,"listening":true,"port":7300,"reason":"event","seq":182,"t_us":25023382}
{"age_ms":2,"ev":"flow_closed","flow":224,"kind":2,"reset":true,"why":"peer_abort"}
{"cookie":4285,"ev":"listen_event","family":2,"kind":"stop","ktime_us":25123523,"port":7300,"reachable":true,"wake_lag_us":44}
{"decided_listening":false,"ev":"level_light","last_kind":2,"port":7300}
{"enum_us":60,"ev":"listen_state_sent","event_to_send_us":379,"listeners":0,"listening":false,"port":7300,"reason":"event","seq":183,"t_us":25123902}
{"cookie":4286,"ev":"listen_event","family":2,"kind":"start","ktime_us":25223751,"port":7300,"reachable":true,"wake_lag_us":46}
{"decided_listening":true,"ev":"level_light","last_kind":1,"port":7300}
{"enum_us":64,"ev":"listen_state_sent","event_to_send_us":433,"listeners":1,"listening":true,"port":7300,"reason":"event","seq":184,"t_us":25224184}
{"age_ms":0,"ev":"flow_closed","flow":226,"kind":2,"reset":true,"why":"peer_abort"}
{"cookie":4286,"ev":"listen_event","family":2,"kind":"stop","ktime_us":25324278,"port":7300,"reachable":true,"wake_lag_us":40}
{"decided_listening":false,"ev":"level_light","last_kind":2,"port":7300}
{"enum_us":59,"ev":"listen_state_sent","event_to_send_us":390,"listeners":0,"listening":false,"port":7300,"reason":"event","seq":185,"t_us":25324668}
{"cookie":4287,"ev":"listen_event","family":2,"kind":"start","ktime_us":25424503,"port":7300,"reachable":true,"wake_lag_us":43}
{"decided_listening":true,"ev":"level_light","last_kind":1,"port":7300}
{"enum_us":60,"ev":"listen_state_sent","event_to_send_us":383,"listeners":1,"listening":true,"port":7300,"reason":"event","seq":186,"t_us":25424886}
{"cookie":4287,"ev":"listen_event","family":2,"kind":"stop","ktime_us":25524900,"port":7300,"reachable":true,"wake_lag_us":41}
{"decided_listening":false,"ev":"level_light","last_kind":2,"port":7300}
{"enum_us":65,"ev":"listen_state_sent","event_to_send_us":395,"listeners":0,"listening":false,"port":7300,"reason":"event","seq":187,"t_us":25525295}
{"cookie":4288,"ev":"listen_event","family":2,"kind":"start","ktime_us":25625185,"port":7300,"reachable":true,"wake_lag_us":49}
{"decided_listening":true,"ev":"level_light","last_kind":1,"port":7300}
{"enum_us":65,"ev":"listen_state_sent","event_to_send_us":403,"listeners":1,"listening":true,"port":7300,"reason":"event","seq":188,"t_us":25625588}
{"age_ms":1,"ev":"flow_closed","flow":230,"kind":2,"reset":true,"why":"peer_abort"}
{"cookie":4288,"ev":"listen_event","family":2,"kind":"stop","ktime_us":25725899,"port":7300,"reachable":true,"wake_lag_us":40}
{"decided_listening":false,"ev":"level_light","last_kind":2,"port":7300}
{"enum_us":64,"ev":"listen_state_sent","event_to_send_us":380,"listeners":0,"listening":false,"port":7300,"reason":"event","seq":189,"t_us":25726279}
{"cookie":4289,"ev":"listen_event","family":2,"kind":"start","ktime_us":25826175,"port":7300,"reachable":true,"wake_lag_us":46}
{"decided_listening":true,"ev":"level_light","last_kind":1,"port":7300}
{"enum_us":65,"ev":"listen_state_sent","event_to_send_us":384,"listeners":1,"listening":true,"port":7300,"reason":"event","seq":190,"t_us":25826559}
{"age_ms":2,"ev":"flow_closed","flow":232,"kind":2,"reset":true,"why":"peer_abort"}
{"cookie":4289,"ev":"listen_event","family":2,"kind":"stop","ktime_us":25926594,"port":7300,"reachable":true,"wake_lag_us":40}
{"decided_listening":false,"ev":"level_light","last_kind":2,"port":7300}
{"enum_us":64,"ev":"listen_state_sent","event_to_send_us":369,"listeners":0,"listening":false,"port":7300,"reason":"event","seq":191,"t_us":25926963}
{"cookie":4290,"ev":"listen_event","family":2,"kind":"start","ktime_us":26026869,"port":7300,"reachable":true,"wake_lag_us":43}
{"decided_listening":true,"ev":"level_light","last_kind":1,"port":7300}
{"enum_us":63,"ev":"listen_state_sent","event_to_send_us":405,"listeners":1,"listening":true,"port":7300,"reason":"event","seq":192,"t_us":26027274}
{"cookie":4290,"ev":"listen_event","family":2,"kind":"stop","ktime_us":26127445,"port":7300,"reachable":true,"wake_lag_us":38}
{"decided_listening":false,"ev":"level_light","last_kind":2,"port":7300}
{"enum_us":64,"ev":"listen_state_sent","event_to_send_us":384,"listeners":0,"listening":false,"port":7300,"reason":"event","seq":193,"t_us":26127829}
{"client":"<metal-address>:36700","err":"Connection refused (os error 111)","ev":"tcp_accept_refused","flow":236,"gport":7300}
{"cookie":1069,"ev":"listen_event","family":2,"kind":"start","ktime_us":26227725,"port":7300,"reachable":true,"wake_lag_us":49}
{"decided_listening":true,"ev":"level_light","last_kind":1,"port":7300}
{"enum_us":65,"ev":"listen_state_sent","event_to_send_us":423,"listeners":1,"listening":true,"port":7300,"reason":"event","seq":194,"t_us":26228148}
{"cookie":1069,"ev":"listen_event","family":2,"kind":"stop","ktime_us":26328183,"port":7300,"reachable":true,"wake_lag_us":39}
{"decided_listening":false,"ev":"level_light","last_kind":2,"port":7300}
{"enum_us":64,"ev":"listen_state_sent","event_to_send_us":383,"listeners":0,"listening":false,"port":7300,"reason":"event","seq":195,"t_us":26328566}
{"cookie":1070,"ev":"listen_event","family":2,"kind":"start","ktime_us":26428488,"port":7300,"reachable":true,"wake_lag_us":46}
{"decided_listening":true,"ev":"level_light","last_kind":1,"port":7300}
{"enum_us":65,"ev":"listen_state_sent","event_to_send_us":387,"listeners":1,"listening":true,"port":7300,"reason":"event","seq":196,"t_us":26428875}
{"cookie":1070,"ev":"listen_event","family":2,"kind":"stop","ktime_us":26528802,"port":7300,"reachable":true,"wake_lag_us":39}
{"decided_listening":false,"ev":"level_light","last_kind":2,"port":7300}
{"enum_us":63,"ev":"listen_state_sent","event_to_send_us":388,"listeners":0,"listening":false,"port":7300,"reason":"event","seq":197,"t_us":26529190}
{"client":"<metal-address>:36776","err":"Connection refused (os error 111)","ev":"tcp_accept_refused","flow":242,"gport":7300}
{"cookie":1071,"ev":"listen_event","family":2,"kind":"start","ktime_us":26629088,"port":7300,"reachable":true,"wake_lag_us":45}
{"decided_listening":true,"ev":"level_light","last_kind":1,"port":7300}
{"enum_us":77,"ev":"listen_state_sent","event_to_send_us":383,"listeners":1,"listening":true,"port":7300,"reason":"event","seq":198,"t_us":26629471}
{"age_ms":1,"ev":"flow_closed","flow":244,"kind":2,"reset":true,"why":"peer_abort"}
{"cookie":1071,"ev":"listen_event","family":2,"kind":"stop","ktime_us":26729425,"port":7300,"reachable":true,"wake_lag_us":38}
{"decided_listening":false,"ev":"level_light","last_kind":2,"port":7300}
{"enum_us":64,"ev":"listen_state_sent","event_to_send_us":374,"listeners":0,"listening":false,"port":7300,"reason":"event","seq":199,"t_us":26729799}
{"client":"<metal-address>:36804","err":"Connection refused (os error 111)","ev":"tcp_accept_refused","flow":246,"gport":7300}
{"cookie":1072,"ev":"listen_event","family":2,"kind":"start","ktime_us":26829688,"port":7300,"reachable":true,"wake_lag_us":44}
{"decided_listening":true,"ev":"level_light","last_kind":1,"port":7300}
{"enum_us":88,"ev":"listen_state_sent","event_to_send_us":394,"listeners":1,"listening":true,"port":7300,"reason":"event","seq":200,"t_us":26830082}
{"cookie":1072,"ev":"listen_event","family":2,"kind":"stop","ktime_us":26930099,"port":7300,"reachable":true,"wake_lag_us":36}
{"decided_listening":false,"ev":"level_light","last_kind":2,"port":7300}
{"enum_us":76,"ev":"listen_state_sent","event_to_send_us":385,"listeners":0,"listening":false,"port":7300,"reason":"event","seq":201,"t_us":26930484}
{"cookie":1073,"ev":"listen_event","family":2,"kind":"start","ktime_us":27030367,"port":7300,"reachable":true,"wake_lag_us":60}
{"decided_listening":true,"ev":"level_light","last_kind":1,"port":7300}
{"enum_us":64,"ev":"listen_state_sent","event_to_send_us":400,"listeners":1,"listening":true,"port":7300,"reason":"event","seq":202,"t_us":27030767}
{"age_ms":1,"ev":"flow_closed","flow":250,"kind":2,"reset":true,"why":"peer_abort"}
{"cookie":1073,"ev":"listen_event","family":2,"kind":"stop","ktime_us":27130741,"port":7300,"reachable":true,"wake_lag_us":41}
{"decided_listening":false,"ev":"level_light","last_kind":2,"port":7300}
{"enum_us":64,"ev":"listen_state_sent","event_to_send_us":390,"listeners":0,"listening":false,"port":7300,"reason":"event","seq":203,"t_us":27131131}
{"client":"<metal-address>:36876","err":"Connection refused (os error 111)","ev":"tcp_accept_refused","flow":252,"gport":7300}
