{"ack_oob":true,"arm":true,"declare":[7300,7301,7302],"egress_ifs":["v11h","eno12399np0"],"ev":"programs_loaded","flush":true,"intake_park":true,"pid":1113384,"programs":[{"id":42639,"name":"verdict","tag":"5f61753433e18fc2","verified_insns":884},{"id":42640,"name":"strp_parse","tag":"22614579d5370f67","verified_insns":62},{"id":42641,"name":"strp_verdict","tag":"4c631b1fcdb0e5f6","verified_insns":895},{"id":42642,"name":"lo_decode(tcx lo egress)","tag":"1be1d280222d9e90","verified_insns":465},{"id":42643,"name":"eg_decode_frag(tcx v11h egress)","tag":"a9285dfbbf33b7ff","verified_insns":627},{"id":42643,"name":"eg_decode_frag(tcx eno12399np0 egress)","tag":"a9285dfbbf33b7ff","verified_insns":627},{"id":42644,"name":"sent(fexit skb_send_sock)","tag":"038e16bf070d9335","verified_insns":41},{"id":42645,"name":"sockops(/sys/fs/cgroup/gvc-spike-1113384)","tag":"d3503b23d0e6960e","verified_insns":260}],"role":"host","tuple_from_peer":true,"udp_park":true,"unframe":"hybrid"}
{"ev":"park_pool","slots":256}
{"cid":35284,"ev":"host_ready","intakes":["<metal-address>:2222=22","<metal-address>:2710=7100","<metal-address>:2711=7101","<metal-address>:2713=7303"]}
{"cid":35284,"ev":"hello"}
{"ev":"ctl_closed","t_us":4520327849300}
{"cid":35284,"ev":"hello"}
{"addr":"<metal-address>:2730","bind_us":65,"ev":"d23_bind","gport":7300,"t_us":4520331353854,"why":"listen_state"}
{"client":"<metal-address>:37024","ev":"host_intake","flow":2,"gport":7300,"park":0}
{"ev":"leg_error","events":8216,"flow":2,"leg":0,"so_error":32}
{"age_ms":9,"ev":"flow_closed","flow":2,"kind":2,"reset":true,"why":"leg_error"}
{"client":"<metal-address>:37030","ev":"host_intake","flow":4,"gport":7300,"park":1}
{"client":"<metal-address>:37032","ev":"host_intake","flow":6,"gport":7300,"park":2}
{"client":"<metal-address>:37034","ev":"host_intake","flow":8,"gport":7300,"park":3}
{"client":"<metal-address>:37046","ev":"host_intake","flow":10,"gport":7300,"park":4}
{"client":"<metal-address>:37048","ev":"host_intake","flow":12,"gport":7300,"park":5}
{"client":"<metal-address>:37062","ev":"host_intake","flow":14,"gport":7300,"park":6}
{"client":"<metal-address>:37074","ev":"host_intake","flow":16,"gport":7300,"park":7}
{"client":"<metal-address>:37084","ev":"host_intake","flow":18,"gport":7300,"park":8}
{"client":"<metal-address>:37090","ev":"host_intake","flow":20,"gport":7300,"park":9}
{"ev":"d23_close","gport":7300,"t_us":4520331451992,"why":"listen_state"}
{"ev":"refused","flow":4}
{"age_ms":20,"ev":"flow_closed","flow":4,"kind":2,"reset":true,"why":"refused"}
{"ev":"refused","flow":6}
{"age_ms":29,"ev":"flow_closed","flow":6,"kind":2,"reset":true,"why":"refused"}
{"ev":"refused","flow":8}
{"age_ms":38,"ev":"flow_closed","flow":8,"kind":2,"reset":true,"why":"refused"}
{"ev":"refused","flow":10}
{"age_ms":48,"ev":"flow_closed","flow":10,"kind":2,"reset":true,"why":"refused"}
{"ev":"refused","flow":12}
{"age_ms":59,"ev":"flow_closed","flow":12,"kind":2,"reset":true,"why":"refused"}
{"ev":"refused","flow":14}
{"age_ms":68,"ev":"flow_closed","flow":14,"kind":2,"reset":true,"why":"refused"}
{"ev":"refused","flow":16}
{"age_ms":76,"ev":"flow_closed","flow":16,"kind":2,"reset":true,"why":"refused"}
{"ev":"refused","flow":18}
{"age_ms":84,"ev":"flow_closed","flow":18,"kind":2,"reset":true,"why":"refused"}
{"ev":"refused","flow":20}
{"age_ms":93,"ev":"flow_closed","flow":20,"kind":2,"reset":true,"why":"refused"}
{"addr":"<metal-address>:2730","bind_us":42,"ev":"d23_bind","gport":7300,"t_us":4520331557290,"why":"listen_state"}
{"client":"<metal-address>:37222","ev":"host_intake","flow":22,"gport":7300,"park":10}
{"ev":"leg_error","events":8216,"flow":22,"leg":0,"so_error":32}
{"age_ms":7,"ev":"flow_closed","flow":22,"kind":2,"reset":true,"why":"leg_error"}
{"client":"<metal-address>:37226","ev":"host_intake","flow":24,"gport":7300,"park":11}
{"client":"<metal-address>:37240","ev":"host_intake","flow":26,"gport":7300,"park":12}
{"client":"<metal-address>:37250","ev":"host_intake","flow":28,"gport":7300,"park":13}
{"client":"<metal-address>:37252","ev":"host_intake","flow":30,"gport":7300,"park":14}
{"client":"<metal-address>:37254","ev":"host_intake","flow":32,"gport":7300,"park":15}
{"client":"<metal-address>:37268","ev":"host_intake","flow":34,"gport":7300,"park":16}
{"client":"<metal-address>:37272","ev":"host_intake","flow":36,"gport":7300,"park":17}
{"ev":"d23_close","gport":7300,"t_us":4520331650523,"why":"listen_state"}
{"ev":"refused","flow":24}
{"age_ms":16,"ev":"flow_closed","flow":24,"kind":2,"reset":true,"why":"refused"}
{"ev":"refused","flow":26}
{"age_ms":23,"ev":"flow_closed","flow":26,"kind":2,"reset":true,"why":"refused"}
{"ev":"refused","flow":28}
{"age_ms":31,"ev":"flow_closed","flow":28,"kind":2,"reset":true,"why":"refused"}
{"ev":"refused","flow":30}
{"age_ms":38,"ev":"flow_closed","flow":30,"kind":2,"reset":true,"why":"refused"}
{"ev":"refused","flow":32}
{"age_ms":45,"ev":"flow_closed","flow":32,"kind":2,"reset":true,"why":"refused"}
{"ev":"refused","flow":34}
{"age_ms":52,"ev":"flow_closed","flow":34,"kind":2,"reset":true,"why":"refused"}
{"ev":"refused","flow":36}
{"age_ms":59,"ev":"flow_closed","flow":36,"kind":2,"reset":true,"why":"refused"}
{"addr":"<metal-address>:2730","bind_us":45,"ev":"d23_bind","gport":7300,"t_us":4520331750907,"why":"listen_state"}
{"client":"<metal-address>:37356","ev":"host_intake","flow":38,"gport":7300,"park":18}
{"ev":"leg_error","events":8216,"flow":38,"leg":0,"so_error":32}
{"age_ms":6,"ev":"flow_closed","flow":38,"kind":2,"reset":true,"why":"leg_error"}
{"client":"<metal-address>:37370","ev":"host_intake","flow":40,"gport":7300,"park":19}
{"client":"<metal-address>:37382","ev":"host_intake","flow":42,"gport":7300,"park":20}
{"client":"<metal-address>:37396","ev":"host_intake","flow":44,"gport":7300,"park":21}
{"client":"<metal-address>:37412","ev":"host_intake","flow":46,"gport":7300,"park":22}
{"client":"<metal-address>:37428","ev":"host_intake","flow":48,"gport":7300,"park":23}
{"ev":"d23_close","gport":7300,"t_us":4520331852876,"why":"listen_state"}
{"ev":"refused","flow":40}
{"age_ms":20,"ev":"flow_closed","flow":40,"kind":2,"reset":true,"why":"refused"}
{"ev":"refused","flow":42}
{"age_ms":30,"ev":"flow_closed","flow":42,"kind":2,"reset":true,"why":"refused"}
{"ev":"refused","flow":44}
{"age_ms":41,"ev":"flow_closed","flow":44,"kind":2,"reset":true,"why":"refused"}
{"ev":"refused","flow":46}
{"age_ms":49,"ev":"flow_closed","flow":46,"kind":2,"reset":true,"why":"refused"}
{"ev":"refused","flow":48}
{"age_ms":56,"ev":"flow_closed","flow":48,"kind":2,"reset":true,"why":"refused"}
{"ev":"refused","flow":50}
{"age_ms":64,"ev":"flow_closed","flow":50,"kind":2,"reset":true,"why":"refused"}
{"ev":"refused","flow":52}
{"age_ms":69,"ev":"flow_closed","flow":52,"kind":2,"reset":true,"why":"refused"}
{"ev":"refused","flow":54}
{"age_ms":74,"ev":"flow_closed","flow":54,"kind":2,"reset":true,"why":"refused"}
{"ev":"refused","flow":56}
{"age_ms":80,"ev":"flow_closed","flow":56,"kind":2,"reset":true,"why":"refused"}
{"addr":"<metal-address>:2730","bind_us":45,"ev":"d23_bind","gport":7300,"t_us":4520331951041,"why":"listen_state"}
{"ev":"leg_error","events":8216,"flow":58,"leg":0,"so_error":32}
{"age_ms":7,"ev":"flow_closed","flow":58,"kind":2,"reset":true,"why":"leg_error"}
{"ev":"d23_close","gport":7300,"t_us":4520332051498,"why":"listen_state"}
{"ev":"refused","flow":60}
{"age_ms":16,"ev":"flow_closed","flow":60,"kind":2,"reset":true,"why":"refused"}
{"ev":"refused","flow":62}
{"age_ms":22,"ev":"flow_closed","flow":62,"kind":2,"reset":true,"why":"refused"}
{"ev":"refused","flow":64}
{"age_ms":28,"ev":"flow_closed","flow":64,"kind":2,"reset":true,"why":"refused"}
{"ev":"refused","flow":66}
{"age_ms":33,"ev":"flow_closed","flow":66,"kind":2,"reset":true,"why":"refused"}
{"ev":"refused","flow":68}
{"age_ms":38,"ev":"flow_closed","flow":68,"kind":2,"reset":true,"why":"refused"}
{"ev":"refused","flow":70}
{"age_ms":44,"ev":"flow_closed","flow":70,"kind":2,"reset":true,"why":"refused"}
{"ev":"refused","flow":72}
{"age_ms":49,"ev":"flow_closed","flow":72,"kind":2,"reset":true,"why":"refused"}
{"addr":"<metal-address>:2730","bind_us":50,"ev":"d23_bind","gport":7300,"t_us":4520332153684,"why":"listen_state"}
{"ev":"leg_error","events":8216,"flow":74,"leg":0,"so_error":32}
{"age_ms":9,"ev":"flow_closed","flow":74,"kind":2,"reset":true,"why":"leg_error"}
{"ev":"d23_close","gport":7300,"t_us":4520332259478,"why":"listen_state"}
{"ev":"refused","flow":76}
{"age_ms":31,"ev":"flow_closed","flow":76,"kind":2,"reset":true,"why":"refused"}
{"ev":"refused","flow":78}
{"age_ms":40,"ev":"flow_closed","flow":78,"kind":2,"reset":true,"why":"refused"}
{"ev":"refused","flow":80}
{"age_ms":47,"ev":"flow_closed","flow":80,"kind":2,"reset":true,"why":"refused"}
{"ev":"refused","flow":82}
{"age_ms":53,"ev":"flow_closed","flow":82,"kind":2,"reset":true,"why":"refused"}
{"ev":"refused","flow":84}
{"age_ms":61,"ev":"flow_closed","flow":84,"kind":2,"reset":true,"why":"refused"}
{"ev":"refused","flow":86}
{"age_ms":67,"ev":"flow_closed","flow":86,"kind":2,"reset":true,"why":"refused"}
{"ev":"refused","flow":88}
{"age_ms":72,"ev":"flow_closed","flow":88,"kind":2,"reset":true,"why":"refused"}
{"ev":"refused","flow":90}
{"age_ms":78,"ev":"flow_closed","flow":90,"kind":2,"reset":true,"why":"refused"}
{"ev":"refused","flow":92}
{"age_ms":83,"ev":"flow_closed","flow":92,"kind":2,"reset":true,"why":"refused"}
{"ev":"refused","flow":94}
{"age_ms":89,"ev":"flow_closed","flow":94,"kind":2,"reset":true,"why":"refused"}
{"ev":"leg_error","events":8216,"flow":96,"leg":0,"so_error":32}
{"age_ms":93,"ev":"flow_closed","flow":96,"kind":2,"reset":true,"why":"leg_error"}
{"ev":"leg_error","events":8216,"flow":98,"leg":0,"so_error":32}
{"age_ms":97,"ev":"flow_closed","flow":98,"kind":2,"reset":true,"why":"leg_error"}
{"ev":"leg_error","events":8216,"flow":100,"leg":0,"so_error":32}
{"age_ms":101,"ev":"flow_closed","flow":100,"kind":2,"reset":true,"why":"leg_error"}
{"addr":"<metal-address>:2730","bind_us":55,"ev":"d23_bind","gport":7300,"t_us":4520332370999,"why":"listen_state"}
{"ev":"leg_error","events":8216,"flow":102,"leg":0,"so_error":32}
{"age_ms":16,"ev":"flow_closed","flow":102,"kind":2,"reset":true,"why":"leg_error"}
{"ev":"d23_close","gport":7300,"t_us":4520332453159,"why":"listen_state"}
{"ev":"refused","flow":104}
{"age_ms":16,"ev":"flow_closed","flow":104,"kind":2,"reset":true,"why":"refused"}
{"ev":"refused","flow":106}
{"age_ms":22,"ev":"flow_closed","flow":106,"kind":2,"reset":true,"why":"refused"}
{"ev":"refused","flow":108}
{"age_ms":27,"ev":"flow_closed","flow":108,"kind":2,"reset":true,"why":"refused"}
{"ev":"refused","flow":110}
{"age_ms":32,"ev":"flow_closed","flow":110,"kind":2,"reset":true,"why":"refused"}
{"ev":"refused","flow":112}
{"age_ms":38,"ev":"flow_closed","flow":112,"kind":2,"reset":true,"why":"refused"}
{"ev":"refused","flow":114}
{"age_ms":43,"ev":"flow_closed","flow":114,"kind":2,"reset":true,"why":"refused"}
{"ev":"refused","flow":116}
{"age_ms":48,"ev":"flow_closed","flow":116,"kind":2,"reset":true,"why":"refused"}
{"addr":"<metal-address>:2730","bind_us":55,"ev":"d23_bind","gport":7300,"t_us":4520332555668,"why":"listen_state"}
{"ev":"leg_error","events":8216,"flow":118,"leg":0,"so_error":32}
{"age_ms":8,"ev":"flow_closed","flow":118,"kind":2,"reset":true,"why":"leg_error"}
{"ev":"d23_close","gport":7300,"t_us":4520332660455,"why":"listen_state"}
{"ev":"refused","flow":120}
{"age_ms":30,"ev":"flow_closed","flow":120,"kind":2,"reset":true,"why":"refused"}
{"ev":"refused","flow":122}
{"age_ms":40,"ev":"flow_closed","flow":122,"kind":2,"reset":true,"why":"refused"}
{"ev":"refused","flow":124}
{"age_ms":48,"ev":"flow_closed","flow":124,"kind":2,"reset":true,"why":"refused"}
{"ev":"refused","flow":126}
{"age_ms":54,"ev":"flow_closed","flow":126,"kind":2,"reset":true,"why":"refused"}
{"ev":"refused","flow":128}
{"age_ms":62,"ev":"flow_closed","flow":128,"kind":2,"reset":true,"why":"refused"}
{"ev":"refused","flow":130}
{"age_ms":71,"ev":"flow_closed","flow":130,"kind":2,"reset":true,"why":"refused"}
{"ev":"refused","flow":132}
{"age_ms":77,"ev":"flow_closed","flow":132,"kind":2,"reset":true,"why":"refused"}
{"ev":"refused","flow":134}
{"age_ms":82,"ev":"flow_closed","flow":134,"kind":2,"reset":true,"why":"refused"}
{"ev":"refused","flow":136}
{"age_ms":88,"ev":"flow_closed","flow":136,"kind":2,"reset":true,"why":"refused"}
{"ev":"leg_error","events":8216,"flow":138,"leg":0,"so_error":32}
{"age_ms":92,"ev":"flow_closed","flow":138,"kind":2,"reset":true,"why":"leg_error"}
{"ev":"leg_error","events":8216,"flow":140,"leg":0,"so_error":32}
{"age_ms":96,"ev":"flow_closed","flow":140,"kind":2,"reset":true,"why":"leg_error"}
{"ev":"leg_error","events":8216,"flow":142,"leg":0,"so_error":32}
{"age_ms":100,"ev":"flow_closed","flow":142,"kind":2,"reset":true,"why":"leg_error"}
{"ev":"leg_error","events":8216,"flow":144,"leg":0,"so_error":32}
{"age_ms":104,"ev":"flow_closed","flow":144,"kind":2,"reset":true,"why":"leg_error"}
{"addr":"<metal-address>:2730","bind_us":37,"ev":"d23_bind","gport":7300,"t_us":4520332774242,"why":"listen_state"}
{"ev":"leg_error","events":8216,"flow":146,"leg":0,"so_error":32}
{"age_ms":18,"ev":"flow_closed","flow":146,"kind":2,"reset":true,"why":"leg_error"}
{"ev":"d23_close","gport":7300,"t_us":4520332856930,"why":"listen_state"}
{"ev":"refused","flow":148}
{"age_ms":21,"ev":"flow_closed","flow":148,"kind":2,"reset":true,"why":"refused"}
{"ev":"refused","flow":150}
{"age_ms":27,"ev":"flow_closed","flow":150,"kind":2,"reset":true,"why":"refused"}
{"ev":"refused","flow":152}
{"age_ms":34,"ev":"flow_closed","flow":152,"kind":2,"reset":true,"why":"refused"}
{"ev":"refused","flow":154}
{"age_ms":44,"ev":"flow_closed","flow":154,"kind":2,"reset":true,"why":"refused"}
{"ev":"refused","flow":156}
{"age_ms":50,"ev":"flow_closed","flow":156,"kind":2,"reset":true,"why":"refused"}
{"ev":"refused","flow":158}
{"age_ms":56,"ev":"flow_closed","flow":158,"kind":2,"reset":true,"why":"refused"}
{"ev":"refused","flow":160}
{"age_ms":63,"ev":"flow_closed","flow":160,"kind":2,"reset":true,"why":"refused"}
{"ev":"refused","flow":162}
{"age_ms":69,"ev":"flow_closed","flow":162,"kind":2,"reset":true,"why":"refused"}
{"ev":"refused","flow":164}
{"age_ms":75,"ev":"flow_closed","flow":164,"kind":2,"reset":true,"why":"refused"}
{"addr":"<metal-address>:2730","bind_us":48,"ev":"d23_bind","gport":7300,"t_us":4520332957222,"why":"listen_state"}
{"ev":"leg_error","events":8216,"flow":166,"leg":0,"so_error":32}
{"age_ms":8,"ev":"flow_closed","flow":166,"kind":2,"reset":true,"why":"leg_error"}
{"ev":"d23_close","gport":7300,"t_us":4520333061852,"why":"listen_state"}
{"ev":"refused","flow":168}
{"age_ms":27,"ev":"flow_closed","flow":168,"kind":2,"reset":true,"why":"refused"}
{"ev":"refused","flow":170}
{"age_ms":35,"ev":"flow_closed","flow":170,"kind":2,"reset":true,"why":"refused"}
{"ev":"refused","flow":172}
{"age_ms":41,"ev":"flow_closed","flow":172,"kind":2,"reset":true,"why":"refused"}
{"ev":"refused","flow":174}
{"age_ms":47,"ev":"flow_closed","flow":174,"kind":2,"reset":true,"why":"refused"}
{"ev":"refused","flow":176}
{"age_ms":54,"ev":"flow_closed","flow":176,"kind":2,"reset":true,"why":"refused"}
{"ev":"refused","flow":178}
{"age_ms":60,"ev":"flow_closed","flow":178,"kind":2,"reset":true,"why":"refused"}
{"ev":"refused","flow":180}
{"age_ms":66,"ev":"flow_closed","flow":180,"kind":2,"reset":true,"why":"refused"}
{"ev":"refused","flow":182}
{"age_ms":71,"ev":"flow_closed","flow":182,"kind":2,"reset":true,"why":"refused"}
{"ev":"refused","flow":184}
{"age_ms":77,"ev":"flow_closed","flow":184,"kind":2,"reset":true,"why":"refused"}
{"ev":"refused","flow":186}
{"age_ms":82,"ev":"flow_closed","flow":186,"kind":2,"reset":true,"why":"refused"}
{"ev":"refused","flow":188}
{"age_ms":88,"ev":"flow_closed","flow":188,"kind":2,"reset":true,"why":"refused"}
{"ev":"leg_error","events":8216,"flow":190,"leg":0,"so_error":32}
{"age_ms":92,"ev":"flow_closed","flow":190,"kind":2,"reset":true,"why":"leg_error"}
{"addr":"<metal-address>:2730","bind_us":33,"ev":"d23_bind","gport":7300,"t_us":4520333163384,"why":"listen_state"}
{"ev":"leg_error","events":8216,"flow":192,"leg":0,"so_error":32}
{"age_ms":11,"ev":"flow_closed","flow":192,"kind":2,"reset":true,"why":"leg_error"}
{"ev":"d23_close","gport":7300,"t_us":4520333256508,"why":"listen_state"}
{"ev":"refused","flow":194}
{"age_ms":16,"ev":"flow_closed","flow":194,"kind":2,"reset":true,"why":"refused"}
{"ev":"refused","flow":196}
{"age_ms":22,"ev":"flow_closed","flow":196,"kind":2,"reset":true,"why":"refused"}
{"ev":"refused","flow":198}
{"age_ms":27,"ev":"flow_closed","flow":198,"kind":2,"reset":true,"why":"refused"}
{"ev":"refused","flow":200}
{"age_ms":32,"ev":"flow_closed","flow":200,"kind":2,"reset":true,"why":"refused"}
{"ev":"refused","flow":202}
{"age_ms":38,"ev":"flow_closed","flow":202,"kind":2,"reset":true,"why":"refused"}
{"ev":"refused","flow":204}
{"age_ms":43,"ev":"flow_closed","flow":204,"kind":2,"reset":true,"why":"refused"}
{"ev":"refused","flow":206}
{"age_ms":49,"ev":"flow_closed","flow":206,"kind":2,"reset":true,"why":"refused"}
{"addr":"<metal-address>:2730","bind_us":40,"ev":"d23_bind","gport":7300,"t_us":4520333359724,"why":"listen_state"}
{"ev":"leg_error","events":8216,"flow":208,"leg":0,"so_error":32}
{"age_ms":10,"ev":"flow_closed","flow":208,"kind":2,"reset":true,"why":"leg_error"}
{"ev":"d23_close","gport":7300,"t_us":4520333464388,"why":"listen_state"}
{"ev":"refused","flow":210}
{"age_ms":30,"ev":"flow_closed","flow":210,"kind":2,"reset":true,"why":"refused"}
{"ev":"refused","flow":212}
{"age_ms":39,"ev":"flow_closed","flow":212,"kind":2,"reset":true,"why":"refused"}
{"ev":"refused","flow":214}
{"age_ms":47,"ev":"flow_closed","flow":214,"kind":2,"reset":true,"why":"refused"}
{"ev":"refused","flow":216}
{"age_ms":53,"ev":"flow_closed","flow":216,"kind":2,"reset":true,"why":"refused"}
{"ev":"refused","flow":218}
{"age_ms":60,"ev":"flow_closed","flow":218,"kind":2,"reset":true,"why":"refused"}
{"ev":"refused","flow":220}
{"age_ms":65,"ev":"flow_closed","flow":220,"kind":2,"reset":true,"why":"refused"}
{"ev":"refused","flow":222}
{"age_ms":70,"ev":"flow_closed","flow":222,"kind":2,"reset":true,"why":"refused"}
{"ev":"refused","flow":224}
{"age_ms":76,"ev":"flow_closed","flow":224,"kind":2,"reset":true,"why":"refused"}
{"ev":"refused","flow":226}
{"age_ms":81,"ev":"flow_closed","flow":226,"kind":2,"reset":true,"why":"refused"}
{"ev":"refused","flow":228}
{"age_ms":86,"ev":"flow_closed","flow":228,"kind":2,"reset":true,"why":"refused"}
{"ev":"leg_error","events":8216,"flow":230,"leg":0,"so_error":32}
{"age_ms":90,"ev":"flow_closed","flow":230,"kind":2,"reset":true,"why":"leg_error"}
{"ev":"leg_error","events":8216,"flow":232,"leg":0,"so_error":32}
{"age_ms":94,"ev":"flow_closed","flow":232,"kind":2,"reset":true,"why":"leg_error"}
{"ev":"leg_error","events":8216,"flow":234,"leg":0,"so_error":32}
{"age_ms":98,"ev":"flow_closed","flow":234,"kind":2,"reset":true,"why":"leg_error"}
{"ev":"leg_error","events":8216,"flow":236,"leg":0,"so_error":32}
{"age_ms":102,"ev":"flow_closed","flow":236,"kind":2,"reset":true,"why":"leg_error"}
{"addr":"<metal-address>:2730","bind_us":39,"ev":"d23_bind","gport":7300,"t_us":4520333574326,"why":"listen_state"}
{"ev":"leg_error","events":8216,"flow":238,"leg":0,"so_error":32}
{"age_ms":19,"ev":"flow_closed","flow":238,"kind":2,"reset":true,"why":"leg_error"}
{"ev":"d23_close","gport":7300,"t_us":4520333657534,"why":"listen_state"}
{"ev":"refused","flow":240}
{"age_ms":16,"ev":"flow_closed","flow":240,"kind":2,"reset":true,"why":"refused"}
{"ev":"refused","flow":242}
{"age_ms":22,"ev":"flow_closed","flow":242,"kind":2,"reset":true,"why":"refused"}
{"ev":"refused","flow":244}
{"age_ms":27,"ev":"flow_closed","flow":244,"kind":2,"reset":true,"why":"refused"}
{"ev":"refused","flow":246}
{"age_ms":32,"ev":"flow_closed","flow":246,"kind":2,"reset":true,"why":"refused"}
{"ev":"refused","flow":248}
{"age_ms":38,"ev":"flow_closed","flow":248,"kind":2,"reset":true,"why":"refused"}
{"ev":"refused","flow":250}
{"age_ms":43,"ev":"flow_closed","flow":250,"kind":2,"reset":true,"why":"refused"}
{"ev":"refused","flow":252}
{"age_ms":48,"ev":"flow_closed","flow":252,"kind":2,"reset":true,"why":"refused"}
{"addr":"<metal-address>:2730","bind_us":53,"ev":"d23_bind","gport":7300,"t_us":4520333760626,"why":"listen_state"}
{"ev":"leg_error","events":8216,"flow":254,"leg":0,"so_error":32}
{"age_ms":8,"ev":"flow_closed","flow":254,"kind":2,"reset":true,"why":"leg_error"}
{"ev":"d23_close","gport":7300,"t_us":4520333864148,"why":"listen_state"}
{"ev":"refused","flow":256}
{"age_ms":30,"ev":"flow_closed","flow":256,"kind":2,"reset":true,"why":"refused"}
{"ev":"refused","flow":258}
{"age_ms":39,"ev":"flow_closed","flow":258,"kind":2,"reset":true,"why":"refused"}
{"ev":"refused","flow":260}
{"age_ms":45,"ev":"flow_closed","flow":260,"kind":2,"reset":true,"why":"refused"}
{"ev":"refused","flow":262}
{"age_ms":51,"ev":"flow_closed","flow":262,"kind":2,"reset":true,"why":"refused"}
{"ev":"refused","flow":264}
{"age_ms":58,"ev":"flow_closed","flow":264,"kind":2,"reset":true,"why":"refused"}
{"ev":"refused","flow":266}
{"age_ms":64,"ev":"flow_closed","flow":266,"kind":2,"reset":true,"why":"refused"}
{"ev":"refused","flow":268}
{"age_ms":70,"ev":"flow_closed","flow":268,"kind":2,"reset":true,"why":"refused"}
{"ev":"refused","flow":270}
{"age_ms":76,"ev":"flow_closed","flow":270,"kind":2,"reset":true,"why":"refused"}
{"ev":"refused","flow":272}
{"age_ms":83,"ev":"flow_closed","flow":272,"kind":2,"reset":true,"why":"refused"}
{"ev":"refused","flow":274}
{"age_ms":91,"ev":"flow_closed","flow":274,"kind":2,"reset":true,"why":"refused"}
{"ev":"leg_error","events":8216,"flow":276,"leg":0,"so_error":32}
{"age_ms":96,"ev":"flow_closed","flow":276,"kind":2,"reset":true,"why":"leg_error"}
{"ev":"leg_error","events":8216,"flow":278,"leg":0,"so_error":32}
{"age_ms":99,"ev":"flow_closed","flow":278,"kind":2,"reset":true,"why":"leg_error"}
{"ev":"leg_error","events":8216,"flow":280,"leg":0,"so_error":32}
{"age_ms":103,"ev":"flow_closed","flow":280,"kind":2,"reset":true,"why":"leg_error"}
{"addr":"<metal-address>:2730","bind_us":34,"ev":"d23_bind","gport":7300,"t_us":4520333977821,"why":"listen_state"}
{"ev":"leg_error","events":8216,"flow":282,"leg":0,"so_error":32}
{"age_ms":16,"ev":"flow_closed","flow":282,"kind":2,"reset":true,"why":"leg_error"}
{"ev":"d23_close","gport":7300,"t_us":4520334058225,"why":"listen_state"}
{"ev":"refused","flow":284}
{"age_ms":16,"ev":"flow_closed","flow":284,"kind":2,"reset":true,"why":"refused"}
{"ev":"refused","flow":286}
{"age_ms":22,"ev":"flow_closed","flow":286,"kind":2,"reset":true,"why":"refused"}
{"ev":"refused","flow":288}
{"age_ms":27,"ev":"flow_closed","flow":288,"kind":2,"reset":true,"why":"refused"}
{"ev":"refused","flow":290}
{"age_ms":33,"ev":"flow_closed","flow":290,"kind":2,"reset":true,"why":"refused"}
{"ev":"refused","flow":292}
{"age_ms":38,"ev":"flow_closed","flow":292,"kind":2,"reset":true,"why":"refused"}
{"ev":"refused","flow":294}
{"age_ms":43,"ev":"flow_closed","flow":294,"kind":2,"reset":true,"why":"refused"}
{"ev":"refused","flow":296}
{"age_ms":49,"ev":"flow_closed","flow":296,"kind":2,"reset":true,"why":"refused"}
{"addr":"<metal-address>:2730","bind_us":45,"ev":"d23_bind","gport":7300,"t_us":4520334161417,"why":"listen_state"}
{"ev":"leg_error","events":8216,"flow":298,"leg":0,"so_error":32}
{"age_ms":8,"ev":"flow_closed","flow":298,"kind":2,"reset":true,"why":"leg_error"}
{"ev":"d23_close","gport":7300,"t_us":4520334266158,"why":"listen_state"}
{"ev":"refused","flow":300}
{"age_ms":31,"ev":"flow_closed","flow":300,"kind":2,"reset":true,"why":"refused"}
{"ev":"refused","flow":302}
{"age_ms":39,"ev":"flow_closed","flow":302,"kind":2,"reset":true,"why":"refused"}
{"ev":"refused","flow":304}
{"age_ms":47,"ev":"flow_closed","flow":304,"kind":2,"reset":true,"why":"refused"}
{"ev":"refused","flow":306}
{"age_ms":55,"ev":"flow_closed","flow":306,"kind":2,"reset":true,"why":"refused"}
{"ev":"refused","flow":308}
{"age_ms":61,"ev":"flow_closed","flow":308,"kind":2,"reset":true,"why":"refused"}
{"ev":"refused","flow":310}
{"age_ms":67,"ev":"flow_closed","flow":310,"kind":2,"reset":true,"why":"refused"}
{"ev":"refused","flow":312}
{"age_ms":73,"ev":"flow_closed","flow":312,"kind":2,"reset":true,"why":"refused"}
{"ev":"refused","flow":314}
{"age_ms":80,"ev":"flow_closed","flow":314,"kind":2,"reset":true,"why":"refused"}
{"ev":"refused","flow":316}
{"age_ms":86,"ev":"flow_closed","flow":316,"kind":2,"reset":true,"why":"refused"}
{"ev":"leg_error","events":8216,"flow":318,"leg":0,"so_error":32}
{"age_ms":93,"ev":"flow_closed","flow":318,"kind":2,"reset":true,"why":"leg_error"}
{"ev":"leg_error","events":8216,"flow":320,"leg":0,"so_error":32}
{"age_ms":97,"ev":"flow_closed","flow":320,"kind":2,"reset":true,"why":"leg_error"}
{"ev":"leg_error","events":8216,"flow":322,"leg":0,"so_error":32}
{"age_ms":101,"ev":"flow_closed","flow":322,"kind":2,"reset":true,"why":"leg_error"}
{"ev":"leg_error","events":8216,"flow":324,"leg":0,"so_error":32}
{"age_ms":105,"ev":"flow_closed","flow":324,"kind":2,"reset":true,"why":"leg_error"}
{"addr":"<metal-address>:2730","bind_us":34,"ev":"d23_bind","gport":7300,"t_us":4520334378249,"why":"listen_state"}
{"ev":"leg_error","events":8216,"flow":326,"leg":0,"so_error":32}
{"age_ms":17,"ev":"flow_closed","flow":326,"kind":2,"reset":true,"why":"leg_error"}
{"ev":"d23_close","gport":7300,"t_us":4520334459674,"why":"listen_state"}
{"ev":"refused","flow":328}
{"age_ms":19,"ev":"flow_closed","flow":328,"kind":2,"reset":true,"why":"refused"}
{"ev":"refused","flow":330}
{"age_ms":25,"ev":"flow_closed","flow":330,"kind":2,"reset":true,"why":"refused"}
{"ev":"refused","flow":332}
{"age_ms":30,"ev":"flow_closed","flow":332,"kind":2,"reset":true,"why":"refused"}
{"ev":"refused","flow":334}
{"age_ms":38,"ev":"flow_closed","flow":334,"kind":2,"reset":true,"why":"refused"}
{"ev":"refused","flow":336}
{"age_ms":44,"ev":"flow_closed","flow":336,"kind":2,"reset":true,"why":"refused"}
{"ev":"refused","flow":338}
{"age_ms":49,"ev":"flow_closed","flow":338,"kind":2,"reset":true,"why":"refused"}
{"ev":"refused","flow":340}
{"age_ms":54,"ev":"flow_closed","flow":340,"kind":2,"reset":true,"why":"refused"}
{"addr":"<metal-address>:2730","bind_us":43,"ev":"d23_bind","gport":7300,"t_us":4520334561758,"why":"listen_state"}
{"ev":"leg_error","events":8216,"flow":342,"leg":0,"so_error":32}
{"age_ms":8,"ev":"flow_closed","flow":342,"kind":2,"reset":true,"why":"leg_error"}
{"ev":"d23_close","gport":7300,"t_us":4520334660215,"why":"listen_state"}
{"ev":"refused","flow":344}
{"age_ms":16,"ev":"flow_closed","flow":344,"kind":2,"reset":true,"why":"refused"}
{"ev":"refused","flow":346}
{"age_ms":22,"ev":"flow_closed","flow":346,"kind":2,"reset":true,"why":"refused"}
{"ev":"refused","flow":348}
{"age_ms":27,"ev":"flow_closed","flow":348,"kind":2,"reset":true,"why":"refused"}
{"ev":"refused","flow":350}
{"age_ms":32,"ev":"flow_closed","flow":350,"kind":2,"reset":true,"why":"refused"}
{"ev":"refused","flow":352}
{"age_ms":37,"ev":"flow_closed","flow":352,"kind":2,"reset":true,"why":"refused"}
{"ev":"refused","flow":354}
{"age_ms":43,"ev":"flow_closed","flow":354,"kind":2,"reset":true,"why":"refused"}
{"ev":"refused","flow":356}
{"age_ms":48,"ev":"flow_closed","flow":356,"kind":2,"reset":true,"why":"refused"}
{"addr":"<metal-address>:2730","bind_us":44,"ev":"d23_bind","gport":7300,"t_us":4520334763093,"why":"listen_state"}
{"ev":"leg_error","events":8216,"flow":358,"leg":0,"so_error":32}
{"age_ms":9,"ev":"flow_closed","flow":358,"kind":2,"reset":true,"why":"leg_error"}
{"ev":"d23_close","gport":7300,"t_us":4520334867295,"why":"listen_state"}
{"ev":"refused","flow":360}
{"age_ms":29,"ev":"flow_closed","flow":360,"kind":2,"reset":true,"why":"refused"}
{"ev":"refused","flow":362}
{"age_ms":35,"ev":"flow_closed","flow":362,"kind":2,"reset":true,"why":"refused"}
{"ev":"refused","flow":364}
{"age_ms":41,"ev":"flow_closed","flow":364,"kind":2,"reset":true,"why":"refused"}
{"ev":"refused","flow":366}
{"age_ms":48,"ev":"flow_closed","flow":366,"kind":2,"reset":true,"why":"refused"}
{"ev":"refused","flow":368}
{"age_ms":54,"ev":"flow_closed","flow":368,"kind":2,"reset":true,"why":"refused"}
{"ev":"refused","flow":370}
{"age_ms":61,"ev":"flow_closed","flow":370,"kind":2,"reset":true,"why":"refused"}
{"ev":"refused","flow":372}
{"age_ms":69,"ev":"flow_closed","flow":372,"kind":2,"reset":true,"why":"refused"}
{"ev":"refused","flow":374}
{"age_ms":76,"ev":"flow_closed","flow":374,"kind":2,"reset":true,"why":"refused"}
{"ev":"refused","flow":376}
{"age_ms":81,"ev":"flow_closed","flow":376,"kind":2,"reset":true,"why":"refused"}
{"ev":"refused","flow":378}
{"age_ms":86,"ev":"flow_closed","flow":378,"kind":2,"reset":true,"why":"refused"}
{"ev":"leg_error","events":8216,"flow":380,"leg":0,"so_error":32}
{"age_ms":91,"ev":"flow_closed","flow":380,"kind":2,"reset":true,"why":"leg_error"}
{"ev":"leg_error","events":8216,"flow":382,"leg":0,"so_error":32}
{"age_ms":94,"ev":"flow_closed","flow":382,"kind":2,"reset":true,"why":"leg_error"}
{"addr":"<metal-address>:2730","bind_us":35,"ev":"d23_bind","gport":7300,"t_us":4520334969590,"why":"listen_state"}
{"ev":"leg_error","events":8216,"flow":384,"leg":0,"so_error":32}
{"age_ms":14,"ev":"flow_closed","flow":384,"kind":2,"reset":true,"why":"leg_error"}
{"ev":"d23_close","gport":7300,"t_us":4520335063443,"why":"listen_state"}
{"ev":"refused","flow":386}
{"age_ms":22,"ev":"flow_closed","flow":386,"kind":2,"reset":true,"why":"refused"}
{"ev":"refused","flow":388}
{"age_ms":29,"ev":"flow_closed","flow":388,"kind":2,"reset":true,"why":"refused"}
{"ev":"refused","flow":390}
{"age_ms":35,"ev":"flow_closed","flow":390,"kind":2,"reset":true,"why":"refused"}
{"ev":"refused","flow":392}
{"age_ms":40,"ev":"flow_closed","flow":392,"kind":2,"reset":true,"why":"refused"}
{"ev":"refused","flow":394}
{"age_ms":46,"ev":"flow_closed","flow":394,"kind":2,"reset":true,"why":"refused"}
{"ev":"refused","flow":396}
{"age_ms":52,"ev":"flow_closed","flow":396,"kind":2,"reset":true,"why":"refused"}
{"ev":"refused","flow":398}
{"age_ms":57,"ev":"flow_closed","flow":398,"kind":2,"reset":true,"why":"refused"}
{"ev":"refused","flow":400}
{"age_ms":62,"ev":"flow_closed","flow":400,"kind":2,"reset":true,"why":"refused"}
{"addr":"<metal-address>:2730","bind_us":40,"ev":"d23_bind","gport":7300,"t_us":4520335164106,"why":"listen_state"}
{"ev":"leg_error","events":8216,"flow":402,"leg":0,"so_error":32}
{"age_ms":8,"ev":"flow_closed","flow":402,"kind":2,"reset":true,"why":"leg_error"}
{"ev":"d23_close","gport":7300,"t_us":4520335266288,"why":"listen_state"}
{"ev":"refused","flow":404}
{"age_ms":26,"ev":"flow_closed","flow":404,"kind":2,"reset":true,"why":"refused"}
{"ev":"refused","flow":406}
{"age_ms":34,"ev":"flow_closed","flow":406,"kind":2,"reset":true,"why":"refused"}
{"ev":"refused","flow":408}
{"age_ms":41,"ev":"flow_closed","flow":408,"kind":2,"reset":true,"why":"refused"}
{"ev":"refused","flow":410}
{"age_ms":46,"ev":"flow_closed","flow":410,"kind":2,"reset":true,"why":"refused"}
{"ev":"refused","flow":412}
{"age_ms":52,"ev":"flow_closed","flow":412,"kind":2,"reset":true,"why":"refused"}
{"ev":"refused","flow":414}
{"age_ms":57,"ev":"flow_closed","flow":414,"kind":2,"reset":true,"why":"refused"}
{"ev":"refused","flow":416}
{"age_ms":62,"ev":"flow_closed","flow":416,"kind":2,"reset":true,"why":"refused"}
{"ev":"refused","flow":418}
{"age_ms":68,"ev":"flow_closed","flow":418,"kind":2,"reset":true,"why":"refused"}
{"ev":"refused","flow":420}
{"age_ms":74,"ev":"flow_closed","flow":420,"kind":2,"reset":true,"why":"refused"}
{"ev":"refused","flow":422}
{"age_ms":79,"ev":"flow_closed","flow":422,"kind":2,"reset":true,"why":"refused"}
{"addr":"<metal-address>:2730","bind_us":50,"ev":"d23_bind","gport":7300,"t_us":4520336359553,"why":"listen_state"}
{"ev":"leg_error","events":8216,"flow":424,"leg":0,"so_error":32}
{"age_ms":1,"ev":"flow_closed","flow":424,"kind":2,"reset":true,"why":"leg_error"}
{"ev":"d23_close","gport":7300,"t_us":4520336460045,"why":"listen_state"}
{"ev":"refused","flow":426}
{"age_ms":0,"ev":"flow_closed","flow":426,"kind":2,"reset":true,"why":"refused"}
{"addr":"<metal-address>:2730","bind_us":51,"ev":"d23_bind","gport":7300,"t_us":4520336560128,"why":"listen_state"}
{"ev":"leg_error","events":8216,"flow":428,"leg":0,"so_error":32}
{"age_ms":0,"ev":"flow_closed","flow":428,"kind":2,"reset":true,"why":"leg_error"}
{"ev":"d23_close","gport":7300,"t_us":4520336660560,"why":"listen_state"}
{"addr":"<metal-address>:2730","bind_us":58,"ev":"d23_bind","gport":7300,"t_us":4520336760997,"why":"listen_state"}
{"ev":"leg_error","events":8216,"flow":430,"leg":0,"so_error":32}
{"age_ms":0,"ev":"flow_closed","flow":430,"kind":2,"reset":true,"why":"leg_error"}
{"ev":"d23_close","gport":7300,"t_us":4520336861339,"why":"listen_state"}
{"addr":"<metal-address>:2730","bind_us":46,"ev":"d23_bind","gport":7300,"t_us":4520336961688,"why":"listen_state"}
{"ev":"leg_error","events":8216,"flow":432,"leg":0,"so_error":32}
{"age_ms":0,"ev":"flow_closed","flow":432,"kind":2,"reset":true,"why":"leg_error"}
{"ev":"d23_close","gport":7300,"t_us":4520337062098,"why":"listen_state"}
{"addr":"<metal-address>:2730","bind_us":56,"ev":"d23_bind","gport":7300,"t_us":4520337162429,"why":"listen_state"}
{"ev":"leg_error","events":8216,"flow":434,"leg":0,"so_error":32}
{"age_ms":0,"ev":"flow_closed","flow":434,"kind":2,"reset":true,"why":"leg_error"}
{"ev":"d23_close","gport":7300,"t_us":4520337262624,"why":"listen_state"}
{"addr":"<metal-address>:2730","bind_us":56,"ev":"d23_bind","gport":7300,"t_us":4520337362938,"why":"listen_state"}
{"ev":"leg_error","events":8216,"flow":436,"leg":0,"so_error":32}
{"age_ms":0,"ev":"flow_closed","flow":436,"kind":2,"reset":true,"why":"leg_error"}
{"ev":"d23_close","gport":7300,"t_us":4520337463640,"why":"listen_state"}
{"addr":"<metal-address>:2730","bind_us":55,"ev":"d23_bind","gport":7300,"t_us":4520337563936,"why":"listen_state"}
{"ev":"leg_error","events":8216,"flow":438,"leg":0,"so_error":32}
{"age_ms":1,"ev":"flow_closed","flow":438,"kind":2,"reset":true,"why":"leg_error"}
{"ev":"d23_close","gport":7300,"t_us":4520337664231,"why":"listen_state"}
{"addr":"<metal-address>:2730","bind_us":48,"ev":"d23_bind","gport":7300,"t_us":4520337764671,"why":"listen_state"}
{"ev":"leg_error","events":8216,"flow":440,"leg":0,"so_error":32}
{"age_ms":0,"ev":"flow_closed","flow":440,"kind":2,"reset":true,"why":"leg_error"}
{"ev":"d23_close","gport":7300,"t_us":4520337865368,"why":"listen_state"}
{"addr":"<metal-address>:2730","bind_us":45,"ev":"d23_bind","gport":7300,"t_us":4520337965721,"why":"listen_state"}
{"ev":"leg_error","events":8216,"flow":442,"leg":0,"so_error":32}
{"age_ms":0,"ev":"flow_closed","flow":442,"kind":2,"reset":true,"why":"leg_error"}
{"ev":"d23_close","gport":7300,"t_us":4520338066319,"why":"listen_state"}
{"addr":"<metal-address>:2730","bind_us":58,"ev":"d23_bind","gport":7300,"t_us":4520338166610,"why":"listen_state"}
{"ev":"leg_error","events":8216,"flow":444,"leg":0,"so_error":32}
{"age_ms":0,"ev":"flow_closed","flow":444,"kind":2,"reset":true,"why":"leg_error"}
{"ev":"d23_close","gport":7300,"t_us":4520338267101,"why":"listen_state"}
{"addr":"<metal-address>:2730","bind_us":59,"ev":"d23_bind","gport":7300,"t_us":4520338367366,"why":"listen_state"}
{"ev":"leg_error","events":8216,"flow":446,"leg":0,"so_error":32}
{"age_ms":1,"ev":"flow_closed","flow":446,"kind":2,"reset":true,"why":"leg_error"}
{"ev":"d23_close","gport":7300,"t_us":4520338468102,"why":"listen_state"}
{"ev":"refused","flow":448}
{"age_ms":4,"ev":"flow_closed","flow":448,"kind":2,"reset":true,"why":"refused"}
{"addr":"<metal-address>:2730","bind_us":56,"ev":"d23_bind","gport":7300,"t_us":4520338568174,"why":"listen_state"}
{"ev":"leg_error","events":8216,"flow":450,"leg":0,"so_error":32}
{"age_ms":0,"ev":"flow_closed","flow":450,"kind":2,"reset":true,"why":"leg_error"}
{"ev":"d23_close","gport":7300,"t_us":4520338669192,"why":"listen_state"}
{"addr":"<metal-address>:2730","bind_us":57,"ev":"d23_bind","gport":7300,"t_us":4520338769494,"why":"listen_state"}
{"ev":"leg_error","events":8216,"flow":452,"leg":0,"so_error":32}
{"age_ms":0,"ev":"flow_closed","flow":452,"kind":2,"reset":true,"why":"leg_error"}
{"ev":"d23_close","gport":7300,"t_us":4520338870235,"why":"listen_state"}
{"addr":"<metal-address>:2730","bind_us":52,"ev":"d23_bind","gport":7300,"t_us":4520338970524,"why":"listen_state"}
{"ev":"leg_error","events":8216,"flow":454,"leg":0,"so_error":32}
{"age_ms":0,"ev":"flow_closed","flow":454,"kind":2,"reset":true,"why":"leg_error"}
{"ev":"d23_close","gport":7300,"t_us":4520339070969,"why":"listen_state"}
{"addr":"<metal-address>:2730","bind_us":57,"ev":"d23_bind","gport":7300,"t_us":4520339171262,"why":"listen_state"}
{"ev":"leg_error","events":8216,"flow":456,"leg":0,"so_error":32}
{"age_ms":0,"ev":"flow_closed","flow":456,"kind":2,"reset":true,"why":"leg_error"}
{"ev":"d23_close","gport":7300,"t_us":4520339271629,"why":"listen_state"}
{"addr":"<metal-address>:2730","bind_us":64,"ev":"d23_bind","gport":7300,"t_us":4520339371967,"why":"listen_state"}
{"ev":"leg_error","events":8216,"flow":458,"leg":0,"so_error":32}
{"age_ms":1,"ev":"flow_closed","flow":458,"kind":2,"reset":true,"why":"leg_error"}
{"ev":"d23_close","gport":7300,"t_us":4520339472394,"why":"listen_state"}
{"addr":"<metal-address>:2730","bind_us":59,"ev":"d23_bind","gport":7300,"t_us":4520339572691,"why":"listen_state"}
{"ev":"leg_error","events":8216,"flow":460,"leg":0,"so_error":32}
{"age_ms":0,"ev":"flow_closed","flow":460,"kind":2,"reset":true,"why":"leg_error"}
{"ev":"d23_close","gport":7300,"t_us":4520339672825,"why":"listen_state"}
{"addr":"<metal-address>:2730","bind_us":52,"ev":"d23_bind","gport":7300,"t_us":4520339773322,"why":"listen_state"}
{"ev":"leg_error","events":8216,"flow":462,"leg":0,"so_error":32}
{"age_ms":0,"ev":"flow_closed","flow":462,"kind":2,"reset":true,"why":"leg_error"}
{"ev":"d23_close","gport":7300,"t_us":4520339873883,"why":"listen_state"}
{"addr":"<metal-address>:2730","bind_us":46,"ev":"d23_bind","gport":7300,"t_us":4520339974168,"why":"listen_state"}
{"ev":"leg_error","events":8216,"flow":464,"leg":0,"so_error":32}
{"age_ms":0,"ev":"flow_closed","flow":464,"kind":2,"reset":true,"why":"leg_error"}
{"ev":"d23_close","gport":7300,"t_us":4520340074644,"why":"listen_state"}
{"addr":"<metal-address>:2730","bind_us":58,"ev":"d23_bind","gport":7300,"t_us":4520340174979,"why":"listen_state"}
{"ev":"leg_error","events":8216,"flow":466,"leg":0,"so_error":32}
{"age_ms":1,"ev":"flow_closed","flow":466,"kind":2,"reset":true,"why":"leg_error"}
{"ev":"d23_close","gport":7300,"t_us":4520340275401,"why":"listen_state"}
{"addr":"<metal-address>:2730","bind_us":47,"ev":"d23_bind","gport":7300,"t_us":4520340375694,"why":"listen_state"}
{"ev":"leg_error","events":8216,"flow":468,"leg":0,"so_error":32}
{"age_ms":0,"ev":"flow_closed","flow":468,"kind":2,"reset":true,"why":"leg_error"}
{"ev":"d23_close","gport":7300,"t_us":4520340476087,"why":"listen_state"}
{"addr":"<metal-address>:2730","bind_us":59,"ev":"d23_bind","gport":7300,"t_us":4520340576400,"why":"listen_state"}
{"ev":"leg_error","events":8216,"flow":470,"leg":0,"so_error":32}
{"age_ms":0,"ev":"flow_closed","flow":470,"kind":2,"reset":true,"why":"leg_error"}
{"ev":"d23_close","gport":7300,"t_us":4520340677374,"why":"listen_state"}
{"addr":"<metal-address>:2730","bind_us":57,"ev":"d23_bind","gport":7300,"t_us":4520340777671,"why":"listen_state"}
{"ev":"leg_error","events":8216,"flow":472,"leg":0,"so_error":32}
{"age_ms":0,"ev":"flow_closed","flow":472,"kind":2,"reset":true,"why":"leg_error"}
{"ev":"d23_close","gport":7300,"t_us":4520340878128,"why":"listen_state"}
{"addr":"<metal-address>:2730","bind_us":51,"ev":"d23_bind","gport":7300,"t_us":4520340978452,"why":"listen_state"}
{"ev":"leg_error","events":8216,"flow":474,"leg":0,"so_error":32}
{"age_ms":0,"ev":"flow_closed","flow":474,"kind":2,"reset":true,"why":"leg_error"}
{"ev":"d23_close","gport":7300,"t_us":4520341078891,"why":"listen_state"}
{"addr":"<metal-address>:2730","bind_us":57,"ev":"d23_bind","gport":7300,"t_us":4520341179172,"why":"listen_state"}
{"ev":"leg_error","events":8216,"flow":476,"leg":0,"so_error":32}
{"age_ms":0,"ev":"flow_closed","flow":476,"kind":2,"reset":true,"why":"leg_error"}
{"ev":"d23_close","gport":7300,"t_us":4520341279562,"why":"listen_state"}
{"addr":"<metal-address>:2730","bind_us":58,"ev":"d23_bind","gport":7300,"t_us":4520341379839,"why":"listen_state"}
{"ev":"leg_error","events":8216,"flow":478,"leg":0,"so_error":32}
{"age_ms":0,"ev":"flow_closed","flow":478,"kind":2,"reset":true,"why":"leg_error"}
{"ev":"d23_close","gport":7300,"t_us":4520341480238,"why":"listen_state"}
{"addr":"<metal-address>:2730","bind_us":58,"ev":"d23_bind","gport":7300,"t_us":4520341580506,"why":"listen_state"}
{"ev":"leg_error","events":8216,"flow":480,"leg":0,"so_error":32}
{"age_ms":0,"ev":"flow_closed","flow":480,"kind":2,"reset":true,"why":"leg_error"}
{"ev":"d23_close","gport":7300,"t_us":4520341680802,"why":"listen_state"}
{"addr":"<metal-address>:2730","bind_us":57,"ev":"d23_bind","gport":7300,"t_us":4520341781266,"why":"listen_state"}
{"ev":"leg_error","events":8216,"flow":482,"leg":0,"so_error":32}
{"age_ms":0,"ev":"flow_closed","flow":482,"kind":2,"reset":true,"why":"leg_error"}
{"ev":"d23_close","gport":7300,"t_us":4520341881617,"why":"listen_state"}
{"addr":"<metal-address>:2730","bind_us":52,"ev":"d23_bind","gport":7300,"t_us":4520341981933,"why":"listen_state"}
{"ev":"leg_error","events":8216,"flow":484,"leg":0,"so_error":32}
{"age_ms":0,"ev":"flow_closed","flow":484,"kind":2,"reset":true,"why":"leg_error"}
{"ev":"d23_close","gport":7300,"t_us":4520342082308,"why":"listen_state"}
{"addr":"<metal-address>:2730","bind_us":49,"ev":"d23_bind","gport":7300,"t_us":4520342182631,"why":"listen_state"}
{"ev":"leg_error","events":8216,"flow":486,"leg":0,"so_error":32}
{"age_ms":0,"ev":"flow_closed","flow":486,"kind":2,"reset":true,"why":"leg_error"}
{"ev":"d23_close","gport":7300,"t_us":4520342283092,"why":"listen_state"}
{"addr":"<metal-address>:2730","bind_us":49,"ev":"d23_bind","gport":7300,"t_us":4520342383417,"why":"listen_state"}
{"ev":"leg_error","events":8216,"flow":488,"leg":0,"so_error":32}
{"age_ms":0,"ev":"flow_closed","flow":488,"kind":2,"reset":true,"why":"leg_error"}
{"ev":"d23_close","gport":7300,"t_us":4520342483886,"why":"listen_state"}
{"addr":"<metal-address>:2730","bind_us":56,"ev":"d23_bind","gport":7300,"t_us":4520342584108,"why":"listen_state"}
{"ev":"leg_error","events":8216,"flow":490,"leg":0,"so_error":32}
{"age_ms":0,"ev":"flow_closed","flow":490,"kind":2,"reset":true,"why":"leg_error"}
{"ev":"d23_close","gport":7300,"t_us":4520342684626,"why":"listen_state"}
{"addr":"<metal-address>:2730","bind_us":52,"ev":"d23_bind","gport":7300,"t_us":4520342784942,"why":"listen_state"}
{"ev":"leg_error","events":8216,"flow":492,"leg":0,"so_error":32}
{"age_ms":0,"ev":"flow_closed","flow":492,"kind":2,"reset":true,"why":"leg_error"}
{"ev":"d23_close","gport":7300,"t_us":4520342885296,"why":"listen_state"}
{"addr":"<metal-address>:2730","bind_us":52,"ev":"d23_bind","gport":7300,"t_us":4520342985586,"why":"listen_state"}
{"ev":"leg_error","events":8216,"flow":494,"leg":0,"so_error":32}
{"age_ms":0,"ev":"flow_closed","flow":494,"kind":2,"reset":true,"why":"leg_error"}
{"ev":"d23_close","gport":7300,"t_us":4520343086013,"why":"listen_state"}
{"addr":"<metal-address>:2730","bind_us":56,"ev":"d23_bind","gport":7300,"t_us":4520343186341,"why":"listen_state"}
{"ev":"leg_error","events":8216,"flow":496,"leg":0,"so_error":32}
{"age_ms":0,"ev":"flow_closed","flow":496,"kind":2,"reset":true,"why":"leg_error"}
{"ev":"d23_close","gport":7300,"t_us":4520343286892,"why":"listen_state"}
{"addr":"<metal-address>:2730","bind_us":64,"ev":"d23_bind","gport":7300,"t_us":4520343387193,"why":"listen_state"}
{"ev":"leg_error","events":8216,"flow":498,"leg":0,"so_error":32}
{"age_ms":1,"ev":"flow_closed","flow":498,"kind":2,"reset":true,"why":"leg_error"}
{"ev":"d23_close","gport":7300,"t_us":4520343487834,"why":"listen_state"}
{"ev":"refused","flow":500}
{"age_ms":0,"ev":"flow_closed","flow":500,"kind":2,"reset":true,"why":"refused"}
{"addr":"<metal-address>:2730","bind_us":49,"ev":"d23_bind","gport":7300,"t_us":4520343587901,"why":"listen_state"}
{"ev":"leg_error","events":8216,"flow":502,"leg":0,"so_error":32}
{"age_ms":1,"ev":"flow_closed","flow":502,"kind":2,"reset":true,"why":"leg_error"}
{"ev":"d23_close","gport":7300,"t_us":4520343689080,"why":"listen_state"}
{"ev":"refused","flow":504}
{"age_ms":0,"ev":"flow_closed","flow":504,"kind":2,"reset":true,"why":"refused"}
{"addr":"<metal-address>:2730","bind_us":47,"ev":"d23_bind","gport":7300,"t_us":4520343789240,"why":"listen_state"}
{"ev":"leg_error","events":8216,"flow":506,"leg":0,"so_error":32}
{"age_ms":0,"ev":"flow_closed","flow":506,"kind":2,"reset":true,"why":"leg_error"}
{"ev":"d23_close","gport":7300,"t_us":4520343889842,"why":"listen_state"}
{"ev":"refused","flow":508}
{"age_ms":0,"ev":"flow_closed","flow":508,"kind":2,"reset":true,"why":"refused"}
{"addr":"<metal-address>:2730","bind_us":54,"ev":"d23_bind","gport":7300,"t_us":4520343989990,"why":"listen_state"}
{"ev":"leg_error","events":8216,"flow":510,"leg":0,"so_error":32}
{"age_ms":0,"ev":"flow_closed","flow":510,"kind":2,"reset":true,"why":"leg_error"}
{"ev":"d23_close","gport":7300,"t_us":4520344090596,"why":"listen_state"}
{"ev":"refused","flow":512}
{"age_ms":0,"ev":"flow_closed","flow":512,"kind":2,"reset":true,"why":"refused"}
{"addr":"<metal-address>:2730","bind_us":46,"ev":"d23_bind","gport":7300,"t_us":4520344190781,"why":"listen_state"}
{"ev":"leg_error","events":8216,"flow":514,"leg":0,"so_error":32}
{"age_ms":0,"ev":"flow_closed","flow":514,"kind":2,"reset":true,"why":"leg_error"}
{"ev":"d23_close","gport":7300,"t_us":4520344291323,"why":"listen_state"}
{"ev":"refused","flow":516}
{"age_ms":0,"ev":"flow_closed","flow":516,"kind":2,"reset":true,"why":"refused"}
{"addr":"<metal-address>:2730","bind_us":46,"ev":"d23_bind","gport":7300,"t_us":4520344391479,"why":"listen_state"}
{"ev":"leg_error","events":8216,"flow":518,"leg":0,"so_error":32}
{"age_ms":0,"ev":"flow_closed","flow":518,"kind":2,"reset":true,"why":"leg_error"}
{"ev":"d23_close","gport":7300,"t_us":4520344491977,"why":"listen_state"}
{"ev":"refused","flow":520}
{"age_ms":0,"ev":"flow_closed","flow":520,"kind":2,"reset":true,"why":"refused"}
{"addr":"<metal-address>:2730","bind_us":47,"ev":"d23_bind","gport":7300,"t_us":4520344592179,"why":"listen_state"}
{"ev":"leg_error","events":8216,"flow":522,"leg":0,"so_error":32}
{"age_ms":1,"ev":"flow_closed","flow":522,"kind":2,"reset":true,"why":"leg_error"}
{"ev":"d23_close","gport":7300,"t_us":4520344693153,"why":"listen_state"}
{"ev":"refused","flow":524}
{"age_ms":0,"ev":"flow_closed","flow":524,"kind":2,"reset":true,"why":"refused"}
{"addr":"<metal-address>:2730","bind_us":47,"ev":"d23_bind","gport":7300,"t_us":4520344793352,"why":"listen_state"}
{"ev":"leg_error","events":8216,"flow":526,"leg":0,"so_error":32}
{"age_ms":0,"ev":"flow_closed","flow":526,"kind":2,"reset":true,"why":"leg_error"}
{"ev":"d23_close","gport":7300,"t_us":4520344893697,"why":"listen_state"}
{"ev":"refused","flow":528}
{"age_ms":0,"ev":"flow_closed","flow":528,"kind":2,"reset":true,"why":"refused"}
{"addr":"<metal-address>:2730","bind_us":46,"ev":"d23_bind","gport":7300,"t_us":4520344993837,"why":"listen_state"}
{"ev":"leg_error","events":8216,"flow":530,"leg":0,"so_error":32}
{"age_ms":0,"ev":"flow_closed","flow":530,"kind":2,"reset":true,"why":"leg_error"}
{"ev":"d23_close","gport":7300,"t_us":4520345094388,"why":"listen_state"}
{"ev":"refused","flow":532}
{"age_ms":0,"ev":"flow_closed","flow":532,"kind":2,"reset":true,"why":"refused"}
{"addr":"<metal-address>:2730","bind_us":47,"ev":"d23_bind","gport":7300,"t_us":4520345194533,"why":"listen_state"}
{"ev":"leg_error","events":8216,"flow":534,"leg":0,"so_error":32}
{"age_ms":0,"ev":"flow_closed","flow":534,"kind":2,"reset":true,"why":"leg_error"}
{"ev":"d23_close","gport":7300,"t_us":4520345295083,"why":"listen_state"}
{"ev":"refused","flow":536}
{"age_ms":0,"ev":"flow_closed","flow":536,"kind":2,"reset":true,"why":"refused"}
{"addr":"<metal-address>:2730","bind_us":47,"ev":"d23_bind","gport":7300,"t_us":4520345395239,"why":"listen_state"}
{"ev":"leg_error","events":8216,"flow":538,"leg":0,"so_error":32}
{"age_ms":0,"ev":"flow_closed","flow":538,"kind":2,"reset":true,"why":"leg_error"}
{"ev":"d23_close","gport":7300,"t_us":4520345495764,"why":"listen_state"}
{"ev":"refused","flow":540}
{"age_ms":0,"ev":"flow_closed","flow":540,"kind":2,"reset":true,"why":"refused"}
{"addr":"<metal-address>:2730","bind_us":48,"ev":"d23_bind","gport":7300,"t_us":4520345595908,"why":"listen_state"}
{"ev":"leg_error","events":8216,"flow":542,"leg":0,"so_error":32}
{"age_ms":0,"ev":"flow_closed","flow":542,"kind":2,"reset":true,"why":"leg_error"}
{"ev":"d23_close","gport":7300,"t_us":4520345696562,"why":"listen_state"}
{"addr":"<metal-address>:2730","bind_us":49,"ev":"d23_bind","gport":7300,"t_us":4520345796873,"why":"listen_state"}
{"ev":"leg_error","events":8216,"flow":544,"leg":0,"so_error":32}
{"age_ms":1,"ev":"flow_closed","flow":544,"kind":2,"reset":true,"why":"leg_error"}
{"ev":"d23_close","gport":7300,"t_us":4520345897573,"why":"listen_state"}
{"ev":"refused","flow":546}
{"age_ms":0,"ev":"flow_closed","flow":546,"kind":2,"reset":true,"why":"refused"}
{"addr":"<metal-address>:2730","bind_us":47,"ev":"d23_bind","gport":7300,"t_us":4520345997632,"why":"listen_state"}
{"ev":"leg_error","events":8216,"flow":548,"leg":0,"so_error":32}
{"age_ms":0,"ev":"flow_closed","flow":548,"kind":2,"reset":true,"why":"leg_error"}
{"ev":"d23_close","gport":7300,"t_us":4520346098008,"why":"listen_state"}
{"addr":"<metal-address>:2730","bind_us":50,"ev":"d23_bind","gport":7300,"t_us":4520346198247,"why":"listen_state"}
{"ev":"leg_error","events":8216,"flow":550,"leg":0,"so_error":32}
{"age_ms":0,"ev":"flow_closed","flow":550,"kind":2,"reset":true,"why":"leg_error"}
{"ev":"d23_close","gport":7300,"t_us":4520346298637,"why":"listen_state"}
{"addr":"<metal-address>:2730","bind_us":55,"ev":"d23_bind","gport":7300,"t_us":4520346398956,"why":"listen_state"}
{"ev":"leg_error","events":8216,"flow":552,"leg":0,"so_error":32}
{"age_ms":1,"ev":"flow_closed","flow":552,"kind":2,"reset":true,"why":"leg_error"}
{"ev":"d23_close","gport":7300,"t_us":4520346499551,"why":"listen_state"}
{"addr":"<metal-address>:2730","bind_us":53,"ev":"d23_bind","gport":7300,"t_us":4520346599859,"why":"listen_state"}
{"ev":"leg_error","events":8216,"flow":554,"leg":0,"so_error":32}
{"age_ms":0,"ev":"flow_closed","flow":554,"kind":2,"reset":true,"why":"leg_error"}
{"ev":"d23_close","gport":7300,"t_us":4520346700236,"why":"listen_state"}
{"addr":"<metal-address>:2730","bind_us":48,"ev":"d23_bind","gport":7300,"t_us":4520346800719,"why":"listen_state"}
{"ev":"leg_error","events":8216,"flow":556,"leg":0,"so_error":32}
{"age_ms":0,"ev":"flow_closed","flow":556,"kind":2,"reset":true,"why":"leg_error"}
{"ev":"d23_close","gport":7300,"t_us":4520346901069,"why":"listen_state"}
{"addr":"<metal-address>:2730","bind_us":50,"ev":"d23_bind","gport":7300,"t_us":4520347001379,"why":"listen_state"}
{"ev":"leg_error","events":8216,"flow":558,"leg":0,"so_error":32}
{"age_ms":1,"ev":"flow_closed","flow":558,"kind":2,"reset":true,"why":"leg_error"}
{"ev":"d23_close","gport":7300,"t_us":4520347102022,"why":"listen_state"}
{"addr":"<metal-address>:2730","bind_us":49,"ev":"d23_bind","gport":7300,"t_us":4520347202357,"why":"listen_state"}
{"ev":"leg_error","events":8216,"flow":560,"leg":0,"so_error":32}
{"age_ms":1,"ev":"flow_closed","flow":560,"kind":2,"reset":true,"why":"leg_error"}
{"ev":"d23_close","gport":7300,"t_us":4520347302930,"why":"listen_state"}
{"addr":"<metal-address>:2730","bind_us":47,"ev":"d23_bind","gport":7300,"t_us":4520347403282,"why":"listen_state"}
{"ev":"leg_error","events":8216,"flow":562,"leg":0,"so_error":32}
{"age_ms":1,"ev":"flow_closed","flow":562,"kind":2,"reset":true,"why":"leg_error"}
{"ev":"d23_close","gport":7300,"t_us":4520347503706,"why":"listen_state"}
{"addr":"<metal-address>:2730","bind_us":67,"ev":"d23_bind","gport":7300,"t_us":4520347603982,"why":"listen_state"}
{"ev":"leg_error","events":8216,"flow":564,"leg":0,"so_error":32}
{"age_ms":1,"ev":"flow_closed","flow":564,"kind":2,"reset":true,"why":"leg_error"}
{"ev":"d23_close","gport":7300,"t_us":4520347704446,"why":"listen_state"}
{"addr":"<metal-address>:2730","bind_us":48,"ev":"d23_bind","gport":7300,"t_us":4520347804780,"why":"listen_state"}
{"ev":"leg_error","events":8216,"flow":566,"leg":0,"so_error":32}
{"age_ms":1,"ev":"flow_closed","flow":566,"kind":2,"reset":true,"why":"leg_error"}
{"ev":"d23_close","gport":7300,"t_us":4520347905221,"why":"listen_state"}
{"addr":"<metal-address>:2730","bind_us":49,"ev":"d23_bind","gport":7300,"t_us":4520348005533,"why":"listen_state"}
{"ev":"leg_error","events":8216,"flow":568,"leg":0,"so_error":32}
{"age_ms":1,"ev":"flow_closed","flow":568,"kind":2,"reset":true,"why":"leg_error"}
{"ev":"d23_close","gport":7300,"t_us":4520348105987,"why":"listen_state"}
{"addr":"<metal-address>:2730","bind_us":47,"ev":"d23_bind","gport":7300,"t_us":4520348206324,"why":"listen_state"}
{"ev":"leg_error","events":8216,"flow":570,"leg":0,"so_error":32}
{"age_ms":1,"ev":"flow_closed","flow":570,"kind":2,"reset":true,"why":"leg_error"}
{"ev":"d23_close","gport":7300,"t_us":4520348306797,"why":"listen_state"}
{"addr":"<metal-address>:2730","bind_us":48,"ev":"d23_bind","gport":7300,"t_us":4520348407150,"why":"listen_state"}
{"ev":"leg_error","events":8216,"flow":572,"leg":0,"so_error":32}
{"age_ms":1,"ev":"flow_closed","flow":572,"kind":2,"reset":true,"why":"leg_error"}
{"ev":"d23_close","gport":7300,"t_us":4520348507613,"why":"listen_state"}
{"addr":"<metal-address>:2730","bind_us":55,"ev":"d23_bind","gport":7300,"t_us":4520348607935,"why":"listen_state"}
{"ev":"leg_error","events":8216,"flow":574,"leg":0,"so_error":32}
{"age_ms":1,"ev":"flow_closed","flow":574,"kind":2,"reset":true,"why":"leg_error"}
{"ev":"d23_close","gport":7300,"t_us":4520348708777,"why":"listen_state"}
{"addr":"<metal-address>:2730","bind_us":50,"ev":"d23_bind","gport":7300,"t_us":4520348809120,"why":"listen_state"}
{"ev":"leg_error","events":8216,"flow":576,"leg":0,"so_error":32}
{"age_ms":1,"ev":"flow_closed","flow":576,"kind":2,"reset":true,"why":"leg_error"}
{"ev":"d23_close","gport":7300,"t_us":4520348909535,"why":"listen_state"}
{"addr":"<metal-address>:2730","bind_us":48,"ev":"d23_bind","gport":7300,"t_us":4520349009867,"why":"listen_state"}
{"ev":"leg_error","events":8216,"flow":578,"leg":0,"so_error":32}
{"age_ms":1,"ev":"flow_closed","flow":578,"kind":2,"reset":true,"why":"leg_error"}
{"ev":"d23_close","gport":7300,"t_us":4520349110527,"why":"listen_state"}
{"ev":"refused","flow":580}
{"age_ms":0,"ev":"flow_closed","flow":580,"kind":2,"reset":true,"why":"refused"}
{"addr":"<metal-address>:2730","bind_us":46,"ev":"d23_bind","gport":7300,"t_us":4520349210686,"why":"listen_state"}
{"ev":"leg_error","events":8216,"flow":582,"leg":0,"so_error":32}
{"age_ms":0,"ev":"flow_closed","flow":582,"kind":2,"reset":true,"why":"leg_error"}
{"ev":"d23_close","gport":7300,"t_us":4520349311292,"why":"listen_state"}
{"ev":"refused","flow":584}
{"age_ms":0,"ev":"flow_closed","flow":584,"kind":2,"reset":true,"why":"refused"}
{"addr":"<metal-address>:2730","bind_us":47,"ev":"d23_bind","gport":7300,"t_us":4520349411482,"why":"listen_state"}
{"ev":"leg_error","events":8216,"flow":586,"leg":0,"so_error":32}
{"age_ms":0,"ev":"flow_closed","flow":586,"kind":2,"reset":true,"why":"leg_error"}
{"ev":"d23_close","gport":7300,"t_us":4520349511831,"why":"listen_state"}
{"ev":"refused","flow":588}
{"age_ms":0,"ev":"flow_closed","flow":588,"kind":2,"reset":true,"why":"refused"}
{"addr":"<metal-address>:2730","bind_us":50,"ev":"d23_bind","gport":7300,"t_us":4520349612019,"why":"listen_state"}
{"ev":"leg_error","events":8216,"flow":590,"leg":0,"so_error":32}
{"age_ms":1,"ev":"flow_closed","flow":590,"kind":2,"reset":true,"why":"leg_error"}
{"ev":"d23_close","gport":7300,"t_us":4520349713030,"why":"listen_state"}
{"ev":"refused","flow":592}
{"age_ms":0,"ev":"flow_closed","flow":592,"kind":2,"reset":true,"why":"refused"}
{"addr":"<metal-address>:2730","bind_us":45,"ev":"d23_bind","gport":7300,"t_us":4520349813142,"why":"listen_state"}
{"ev":"leg_error","events":8216,"flow":594,"leg":0,"so_error":32}
{"age_ms":0,"ev":"flow_closed","flow":594,"kind":2,"reset":true,"why":"leg_error"}
{"ev":"d23_close","gport":7300,"t_us":4520349913897,"why":"listen_state"}
{"addr":"<metal-address>:2730","bind_us":50,"ev":"d23_bind","gport":7300,"t_us":4520350014210,"why":"listen_state"}
{"ev":"leg_error","events":8216,"flow":596,"leg":0,"so_error":32}
{"age_ms":0,"ev":"flow_closed","flow":596,"kind":2,"reset":true,"why":"leg_error"}
{"ev":"d23_close","gport":7300,"t_us":4520350114609,"why":"listen_state"}
{"addr":"<metal-address>:2730","bind_us":56,"ev":"d23_bind","gport":7300,"t_us":4520350214960,"why":"listen_state"}
{"ev":"leg_error","events":8216,"flow":598,"leg":0,"so_error":32}
{"age_ms":1,"ev":"flow_closed","flow":598,"kind":2,"reset":true,"why":"leg_error"}
{"ev":"d23_close","gport":7300,"t_us":4520350315417,"why":"listen_state"}
{"addr":"<metal-address>:2730","bind_us":49,"ev":"d23_bind","gport":7300,"t_us":4520350415754,"why":"listen_state"}
{"ev":"leg_error","events":8216,"flow":600,"leg":0,"so_error":32}
{"age_ms":0,"ev":"flow_closed","flow":600,"kind":2,"reset":true,"why":"leg_error"}
{"ev":"d23_close","gport":7300,"t_us":4520350516120,"why":"listen_state"}
{"addr":"<metal-address>:2730","bind_us":54,"ev":"d23_bind","gport":7300,"t_us":4520350616404,"why":"listen_state"}
{"ev":"leg_error","events":8216,"flow":602,"leg":0,"so_error":32}
{"age_ms":0,"ev":"flow_closed","flow":602,"kind":2,"reset":true,"why":"leg_error"}
{"ev":"d23_close","gport":7300,"t_us":4520350717249,"why":"listen_state"}
{"addr":"<metal-address>:2730","bind_us":49,"ev":"d23_bind","gport":7300,"t_us":4520350817566,"why":"listen_state"}
{"ev":"leg_error","events":8216,"flow":604,"leg":0,"so_error":32}
{"age_ms":0,"ev":"flow_closed","flow":604,"kind":2,"reset":true,"why":"leg_error"}
{"ev":"d23_close","gport":7300,"t_us":4520350918080,"why":"listen_state"}
{"addr":"<metal-address>:2730","bind_us":50,"ev":"d23_bind","gport":7300,"t_us":4520351018366,"why":"listen_state"}
{"ev":"leg_error","events":8216,"flow":606,"leg":0,"so_error":32}
{"age_ms":0,"ev":"flow_closed","flow":606,"kind":2,"reset":true,"why":"leg_error"}
{"ev":"d23_close","gport":7300,"t_us":4520351118971,"why":"listen_state"}
{"addr":"<metal-address>:2730","bind_us":50,"ev":"d23_bind","gport":7300,"t_us":4520351219265,"why":"listen_state"}
{"ev":"leg_error","events":8216,"flow":608,"leg":0,"so_error":32}
{"age_ms":0,"ev":"flow_closed","flow":608,"kind":2,"reset":true,"why":"leg_error"}
{"ev":"d23_close","gport":7300,"t_us":4520351319716,"why":"listen_state"}
{"addr":"<metal-address>:2730","bind_us":49,"ev":"d23_bind","gport":7300,"t_us":4520351420048,"why":"listen_state"}
{"ev":"leg_error","events":8216,"flow":610,"leg":0,"so_error":32}
{"age_ms":0,"ev":"flow_closed","flow":610,"kind":2,"reset":true,"why":"leg_error"}
{"ev":"d23_close","gport":7300,"t_us":4520351520463,"why":"listen_state"}
{"addr":"<metal-address>:2730","bind_us":53,"ev":"d23_bind","gport":7300,"t_us":4520351620776,"why":"listen_state"}
{"ev":"leg_error","events":8216,"flow":612,"leg":0,"so_error":32}
{"age_ms":0,"ev":"flow_closed","flow":612,"kind":2,"reset":true,"why":"leg_error"}
{"ev":"d23_close","gport":7300,"t_us":4520351721166,"why":"listen_state"}
{"addr":"<metal-address>:2730","bind_us":46,"ev":"d23_bind","gport":7300,"t_us":4520351821490,"why":"listen_state"}
{"ev":"leg_error","events":8216,"flow":614,"leg":0,"so_error":32}
{"age_ms":0,"ev":"flow_closed","flow":614,"kind":2,"reset":true,"why":"leg_error"}
{"ev":"d23_close","gport":7300,"t_us":4520351921886,"why":"listen_state"}
{"addr":"<metal-address>:2730","bind_us":50,"ev":"d23_bind","gport":7300,"t_us":4520352022183,"why":"listen_state"}
{"ev":"leg_error","events":8216,"flow":616,"leg":0,"so_error":32}
{"age_ms":0,"ev":"flow_closed","flow":616,"kind":2,"reset":true,"why":"leg_error"}
{"ev":"d23_close","gport":7300,"t_us":4520352122538,"why":"listen_state"}
{"addr":"<metal-address>:2730","bind_us":48,"ev":"d23_bind","gport":7300,"t_us":4520352222855,"why":"listen_state"}
{"ev":"leg_error","events":8216,"flow":618,"leg":0,"so_error":32}
{"age_ms":0,"ev":"flow_closed","flow":618,"kind":2,"reset":true,"why":"leg_error"}
{"ev":"d23_close","gport":7300,"t_us":4520352323215,"why":"listen_state"}
{"addr":"<metal-address>:2730","bind_us":48,"ev":"d23_bind","gport":7300,"t_us":4520352423533,"why":"listen_state"}
{"ev":"leg_error","events":8216,"flow":620,"leg":0,"so_error":32}
{"age_ms":0,"ev":"flow_closed","flow":620,"kind":2,"reset":true,"why":"leg_error"}
{"ev":"d23_close","gport":7300,"t_us":4520352523939,"why":"listen_state"}
{"addr":"<metal-address>:2730","bind_us":55,"ev":"d23_bind","gport":7300,"t_us":4520352624220,"why":"listen_state"}
{"ev":"leg_error","events":8216,"flow":622,"leg":0,"so_error":32}
{"age_ms":0,"ev":"flow_closed","flow":622,"kind":2,"reset":true,"why":"leg_error"}
{"ev":"d23_close","gport":7300,"t_us":4520352724883,"why":"listen_state"}
{"addr":"<metal-address>:2730","bind_us":49,"ev":"d23_bind","gport":7300,"t_us":4520352825182,"why":"listen_state"}
{"ev":"leg_error","events":8216,"flow":624,"leg":0,"so_error":32}
{"age_ms":0,"ev":"flow_closed","flow":624,"kind":2,"reset":true,"why":"leg_error"}
{"ev":"d23_close","gport":7300,"t_us":4520352925700,"why":"listen_state"}
{"addr":"<metal-address>:2730","bind_us":53,"ev":"d23_bind","gport":7300,"t_us":4520353026014,"why":"listen_state"}
{"ev":"leg_error","events":8216,"flow":626,"leg":0,"so_error":32}
{"age_ms":0,"ev":"flow_closed","flow":626,"kind":2,"reset":true,"why":"leg_error"}
{"ev":"d23_close","gport":7300,"t_us":4520353126392,"why":"listen_state"}
{"addr":"<metal-address>:2730","bind_us":52,"ev":"d23_bind","gport":7300,"t_us":4520353226695,"why":"listen_state"}
{"ev":"leg_error","events":8216,"flow":628,"leg":0,"so_error":32}
{"age_ms":0,"ev":"flow_closed","flow":628,"kind":2,"reset":true,"why":"leg_error"}
{"ev":"d23_close","gport":7300,"t_us":4520353327102,"why":"listen_state"}
{"addr":"<metal-address>:2730","bind_us":50,"ev":"d23_bind","gport":7300,"t_us":4520353427485,"why":"listen_state"}
{"ev":"leg_error","events":8216,"flow":630,"leg":0,"so_error":32}
{"age_ms":0,"ev":"flow_closed","flow":630,"kind":2,"reset":true,"why":"leg_error"}
{"ev":"d23_close","gport":7300,"t_us":4520353527682,"why":"listen_state"}
{"addr":"<metal-address>:2730","bind_us":61,"ev":"d23_bind","gport":7300,"t_us":4520353627981,"why":"listen_state"}
{"ev":"leg_error","events":8216,"flow":632,"leg":0,"so_error":32}
{"age_ms":0,"ev":"flow_closed","flow":632,"kind":2,"reset":true,"why":"leg_error"}
{"ev":"d23_close","gport":7300,"t_us":4520353728580,"why":"listen_state"}
{"addr":"<metal-address>:2730","bind_us":47,"ev":"d23_bind","gport":7300,"t_us":4520353828886,"why":"listen_state"}
{"ev":"leg_error","events":8216,"flow":634,"leg":0,"so_error":32}
{"age_ms":0,"ev":"flow_closed","flow":634,"kind":2,"reset":true,"why":"leg_error"}
{"ev":"d23_close","gport":7300,"t_us":4520353929337,"why":"listen_state"}
{"addr":"<metal-address>:2730","bind_us":50,"ev":"d23_bind","gport":7300,"t_us":4520354029580,"why":"listen_state"}
{"ev":"leg_error","events":8216,"flow":636,"leg":0,"so_error":32}
{"age_ms":0,"ev":"flow_closed","flow":636,"kind":2,"reset":true,"why":"leg_error"}
{"ev":"d23_close","gport":7300,"t_us":4520354130023,"why":"listen_state"}
{"addr":"<metal-address>:2730","bind_us":51,"ev":"d23_bind","gport":7300,"t_us":4520354230358,"why":"listen_state"}
{"ev":"leg_error","events":8216,"flow":638,"leg":0,"so_error":32}
{"age_ms":0,"ev":"flow_closed","flow":638,"kind":2,"reset":true,"why":"leg_error"}
{"ev":"d23_close","gport":7300,"t_us":4520354330825,"why":"listen_state"}
{"addr":"<metal-address>:2730","bind_us":48,"ev":"d23_bind","gport":7300,"t_us":4520354431140,"why":"listen_state"}
{"ev":"leg_error","events":8216,"flow":640,"leg":0,"so_error":32}
{"age_ms":0,"ev":"flow_closed","flow":640,"kind":2,"reset":true,"why":"leg_error"}
{"ev":"d23_close","gport":7300,"t_us":4520354531466,"why":"listen_state"}
{"addr":"<metal-address>:2730","bind_us":56,"ev":"d23_bind","gport":7300,"t_us":4520354631686,"why":"listen_state"}
{"ev":"leg_error","events":8216,"flow":642,"leg":0,"so_error":32}
{"age_ms":0,"ev":"flow_closed","flow":642,"kind":2,"reset":true,"why":"leg_error"}
{"ev":"d23_close","gport":7300,"t_us":4520354732148,"why":"listen_state"}
{"addr":"<metal-address>:2730","bind_us":50,"ev":"d23_bind","gport":7300,"t_us":4520354832445,"why":"listen_state"}
{"ev":"leg_error","events":8216,"flow":644,"leg":0,"so_error":32}
{"age_ms":0,"ev":"flow_closed","flow":644,"kind":2,"reset":true,"why":"leg_error"}
{"ev":"d23_close","gport":7300,"t_us":4520354932864,"why":"listen_state"}
{"addr":"<metal-address>:2730","bind_us":49,"ev":"d23_bind","gport":7300,"t_us":4520355033189,"why":"listen_state"}
{"ev":"leg_error","events":8216,"flow":646,"leg":0,"so_error":32}
{"age_ms":0,"ev":"flow_closed","flow":646,"kind":2,"reset":true,"why":"leg_error"}
{"ev":"d23_close","gport":7300,"t_us":4520355133561,"why":"listen_state"}
{"addr":"<metal-address>:2730","bind_us":51,"ev":"d23_bind","gport":7300,"t_us":4520355233892,"why":"listen_state"}
{"ev":"leg_error","events":8216,"flow":648,"leg":0,"so_error":32}
{"age_ms":0,"ev":"flow_closed","flow":648,"kind":2,"reset":true,"why":"leg_error"}
{"ev":"d23_close","gport":7300,"t_us":4520355334304,"why":"listen_state"}
{"addr":"<metal-address>:2730","bind_us":50,"ev":"d23_bind","gport":7300,"t_us":4520355434581,"why":"listen_state"}
{"ev":"leg_error","events":8216,"flow":650,"leg":0,"so_error":32}
{"age_ms":0,"ev":"flow_closed","flow":650,"kind":2,"reset":true,"why":"leg_error"}
{"ev":"d23_close","gport":7300,"t_us":4520355534994,"why":"listen_state"}
{"addr":"<metal-address>:2730","bind_us":53,"ev":"d23_bind","gport":7300,"t_us":4520355635240,"why":"listen_state"}
{"ev":"leg_error","events":8216,"flow":652,"leg":0,"so_error":32}
{"age_ms":0,"ev":"flow_closed","flow":652,"kind":2,"reset":true,"why":"leg_error"}
{"ev":"d23_close","gport":7300,"t_us":4520355735823,"why":"listen_state"}
{"addr":"<metal-address>:2730","bind_us":50,"ev":"d23_bind","gport":7300,"t_us":4520355836014,"why":"listen_state"}
{"ev":"leg_error","events":8216,"flow":654,"leg":0,"so_error":32}
{"age_ms":0,"ev":"flow_closed","flow":654,"kind":2,"reset":true,"why":"leg_error"}
{"ev":"d23_close","gport":7300,"t_us":4520355936412,"why":"listen_state"}
{"addr":"<metal-address>:2730","bind_us":47,"ev":"d23_bind","gport":7300,"t_us":4520356036747,"why":"listen_state"}
{"ev":"leg_error","events":8216,"flow":656,"leg":0,"so_error":32}
{"age_ms":0,"ev":"flow_closed","flow":656,"kind":2,"reset":true,"why":"leg_error"}
{"ev":"d23_close","gport":7300,"t_us":4520356137092,"why":"listen_state"}
{"addr":"<metal-address>:2730","bind_us":50,"ev":"d23_bind","gport":7300,"t_us":4520356237378,"why":"listen_state"}
{"ev":"leg_error","events":8216,"flow":658,"leg":0,"so_error":32}
{"age_ms":0,"ev":"flow_closed","flow":658,"kind":2,"reset":true,"why":"leg_error"}
{"ev":"d23_close","gport":7300,"t_us":4520356337935,"why":"listen_state"}
