{"ack_oob":true,"arm":true,"declare":[7300,7301,7302],"egress_ifs":["v11h","eno12399np0"],"ev":"programs_loaded","flush":true,"intake_park":true,"pid":1113383,"programs":[{"id":42625,"name":"verdict","tag":"5f61753433e18fc2","verified_insns":884},{"id":42626,"name":"strp_parse","tag":"22614579d5370f67","verified_insns":62},{"id":42627,"name":"strp_verdict","tag":"4c631b1fcdb0e5f6","verified_insns":895},{"id":42628,"name":"lo_decode(tcx lo egress)","tag":"1be1d280222d9e90","verified_insns":465},{"id":42629,"name":"eg_decode_frag(tcx v11h egress)","tag":"a9285dfbbf33b7ff","verified_insns":627},{"id":42629,"name":"eg_decode_frag(tcx eno12399np0 egress)","tag":"a9285dfbbf33b7ff","verified_insns":627},{"id":42630,"name":"sent(fexit skb_send_sock)","tag":"038e16bf070d9335","verified_insns":41},{"id":42631,"name":"sockops(/sys/fs/cgroup/gvc-spike-1113383)","tag":"d3503b23d0e6960e","verified_insns":260}],"role":"host","tuple_from_peer":true,"udp_park":true,"unframe":"hybrid"}
{"ev":"park_pool","slots":256}
{"cid":35284,"ev":"host_ready","intakes":["<metal-address>:2222=22","<metal-address>:2710=7100","<metal-address>:2711=7101","<metal-address>:2713=7303"]}
{"cid":35284,"ev":"hello"}
{"addr":"<metal-address>:2730","bind_us":44,"ev":"d23_bind","gport":7300,"t_us":4520306674793,"why":"listen_state"}
{"client":"<metal-address>:35796","ev":"host_intake","flow":2,"gport":7300,"park":0}
{"ev":"leg_error","events":8216,"flow":2,"leg":0,"so_error":32}
{"age_ms":0,"ev":"flow_closed","flow":2,"kind":2,"reset":true,"why":"leg_error"}
{"client":"<metal-address>:35798","ev":"host_intake","flow":4,"gport":7300,"park":1}
{"ev":"d23_close","gport":7300,"t_us":4520306775502,"why":"listen_state"}
{"ev":"refused","flow":4}
{"age_ms":0,"ev":"flow_closed","flow":4,"kind":2,"reset":true,"why":"refused"}
{"addr":"<metal-address>:2730","bind_us":33,"ev":"d23_bind","gport":7300,"t_us":4520306875310,"why":"listen_state"}
{"client":"<metal-address>:35816","ev":"host_intake","flow":6,"gport":7300,"park":2}
{"ev":"leg_error","events":8216,"flow":6,"leg":0,"so_error":32}
{"age_ms":1,"ev":"flow_closed","flow":6,"kind":2,"reset":true,"why":"leg_error"}
{"client":"<metal-address>:35822","ev":"host_intake","flow":8,"gport":7300,"park":3}
{"ev":"d23_close","gport":7300,"t_us":4520306975939,"why":"listen_state"}
{"ev":"refused","flow":8}
{"age_ms":0,"ev":"flow_closed","flow":8,"kind":2,"reset":true,"why":"refused"}
{"addr":"<metal-address>:2730","bind_us":33,"ev":"d23_bind","gport":7300,"t_us":4520307075739,"why":"listen_state"}
{"client":"<metal-address>:35850","ev":"host_intake","flow":10,"gport":7300,"park":4}
{"ev":"leg_error","events":8216,"flow":10,"leg":0,"so_error":32}
{"age_ms":0,"ev":"flow_closed","flow":10,"kind":2,"reset":true,"why":"leg_error"}
{"client":"<metal-address>:35860","ev":"host_intake","flow":12,"gport":7300,"park":5}
{"ev":"d23_close","gport":7300,"t_us":4520307176395,"why":"listen_state"}
{"ev":"refused","flow":12}
{"age_ms":0,"ev":"flow_closed","flow":12,"kind":2,"reset":true,"why":"refused"}
{"addr":"<metal-address>:2730","bind_us":49,"ev":"d23_bind","gport":7300,"t_us":4520307276105,"why":"listen_state"}
{"client":"<metal-address>:35882","ev":"host_intake","flow":14,"gport":7300,"park":6}
{"ev":"leg_error","events":8216,"flow":14,"leg":0,"so_error":32}
{"age_ms":0,"ev":"flow_closed","flow":14,"kind":2,"reset":true,"why":"leg_error"}
{"client":"<metal-address>:35898","ev":"host_intake","flow":16,"gport":7300,"park":7}
{"ev":"d23_close","gport":7300,"t_us":4520307376724,"why":"listen_state"}
{"ev":"refused","flow":16}
{"age_ms":0,"ev":"flow_closed","flow":16,"kind":2,"reset":true,"why":"refused"}
{"addr":"<metal-address>:2730","bind_us":57,"ev":"d23_bind","gport":7300,"t_us":4520307476975,"why":"listen_state"}
{"client":"<metal-address>:35926","ev":"host_intake","flow":18,"gport":7300,"park":8}
{"ev":"leg_error","events":8216,"flow":18,"leg":0,"so_error":32}
{"age_ms":1,"ev":"flow_closed","flow":18,"kind":2,"reset":true,"why":"leg_error"}
{"client":"<metal-address>:35936","ev":"host_intake","flow":20,"gport":7300,"park":9}
{"ev":"d23_close","gport":7300,"t_us":4520307577551,"why":"listen_state"}
{"ev":"refused","flow":20}
{"age_ms":0,"ev":"flow_closed","flow":20,"kind":2,"reset":true,"why":"refused"}
{"addr":"<metal-address>:2730","bind_us":53,"ev":"d23_bind","gport":7300,"t_us":4520307677800,"why":"listen_state"}
{"client":"<metal-address>:35964","ev":"host_intake","flow":22,"gport":7300,"park":10}
{"ev":"leg_error","events":8216,"flow":22,"leg":0,"so_error":32}
{"age_ms":0,"ev":"flow_closed","flow":22,"kind":2,"reset":true,"why":"leg_error"}
{"client":"<metal-address>:35974","ev":"host_intake","flow":24,"gport":7300,"park":11}
{"ev":"d23_close","gport":7300,"t_us":4520307778191,"why":"listen_state"}
{"ev":"refused","flow":24}
{"age_ms":0,"ev":"flow_closed","flow":24,"kind":2,"reset":true,"why":"refused"}
{"addr":"<metal-address>:2730","bind_us":66,"ev":"d23_bind","gport":7300,"t_us":4520307878391,"why":"listen_state"}
{"client":"<metal-address>:36000","ev":"host_intake","flow":26,"gport":7300,"park":12}
{"ev":"leg_error","events":8216,"flow":26,"leg":0,"so_error":32}
{"age_ms":1,"ev":"flow_closed","flow":26,"kind":2,"reset":true,"why":"leg_error"}
{"client":"<metal-address>:36004","ev":"host_intake","flow":28,"gport":7300,"park":13}
{"ev":"d23_close","gport":7300,"t_us":4520307978804,"why":"listen_state"}
{"ev":"refused","flow":28}
{"age_ms":0,"ev":"flow_closed","flow":28,"kind":2,"reset":true,"why":"refused"}
{"addr":"<metal-address>:2730","bind_us":48,"ev":"d23_bind","gport":7300,"t_us":4520308079042,"why":"listen_state"}
{"client":"<metal-address>:36042","ev":"host_intake","flow":30,"gport":7300,"park":14}
{"ev":"leg_error","events":8216,"flow":30,"leg":0,"so_error":32}
{"age_ms":1,"ev":"flow_closed","flow":30,"kind":2,"reset":true,"why":"leg_error"}
{"client":"<metal-address>:36058","ev":"host_intake","flow":32,"gport":7300,"park":15}
{"ev":"d23_close","gport":7300,"t_us":4520308179463,"why":"listen_state"}
{"ev":"refused","flow":32}
{"age_ms":0,"ev":"flow_closed","flow":32,"kind":2,"reset":true,"why":"refused"}
{"addr":"<metal-address>:2730","bind_us":55,"ev":"d23_bind","gport":7300,"t_us":4520308279676,"why":"listen_state"}
{"client":"<metal-address>:36084","ev":"host_intake","flow":34,"gport":7300,"park":16}
{"ev":"leg_error","events":8216,"flow":34,"leg":0,"so_error":32}
{"age_ms":1,"ev":"flow_closed","flow":34,"kind":2,"reset":true,"why":"leg_error"}
{"client":"<metal-address>:36098","ev":"host_intake","flow":36,"gport":7300,"park":17}
{"ev":"d23_close","gport":7300,"t_us":4520308380083,"why":"listen_state"}
{"ev":"refused","flow":36}
{"age_ms":0,"ev":"flow_closed","flow":36,"kind":2,"reset":true,"why":"refused"}
{"addr":"<metal-address>:2730","bind_us":53,"ev":"d23_bind","gport":7300,"t_us":4520308480386,"why":"listen_state"}
{"client":"<metal-address>:36110","ev":"host_intake","flow":38,"gport":7300,"park":18}
{"ev":"leg_error","events":8216,"flow":38,"leg":0,"so_error":32}
{"age_ms":0,"ev":"flow_closed","flow":38,"kind":2,"reset":true,"why":"leg_error"}
{"ev":"d23_close","gport":7300,"t_us":4520308580302,"why":"listen_state"}
{"addr":"<metal-address>:2730","bind_us":57,"ev":"d23_bind","gport":7300,"t_us":4520308680556,"why":"listen_state"}
{"client":"<metal-address>:36140","ev":"host_intake","flow":40,"gport":7300,"park":20}
{"ev":"leg_error","events":8216,"flow":40,"leg":0,"so_error":32}
{"age_ms":0,"ev":"flow_closed","flow":40,"kind":2,"reset":true,"why":"leg_error"}
{"ev":"d23_close","gport":7300,"t_us":4520308780970,"why":"listen_state"}
{"addr":"<metal-address>:2730","bind_us":55,"ev":"d23_bind","gport":7300,"t_us":4520308881279,"why":"listen_state"}
{"client":"<metal-address>:36180","ev":"host_intake","flow":42,"gport":7300,"park":22}
{"ev":"leg_error","events":8216,"flow":42,"leg":0,"so_error":32}
{"age_ms":0,"ev":"flow_closed","flow":42,"kind":2,"reset":true,"why":"leg_error"}
{"ev":"d23_close","gport":7300,"t_us":4520308981628,"why":"listen_state"}
{"addr":"<metal-address>:2730","bind_us":59,"ev":"d23_bind","gport":7300,"t_us":4520309081927,"why":"listen_state"}
{"client":"<metal-address>:36212","ev":"host_intake","flow":44,"gport":7300,"park":24}
{"ev":"leg_error","events":8216,"flow":44,"leg":0,"so_error":32}
{"age_ms":1,"ev":"flow_closed","flow":44,"kind":2,"reset":true,"why":"leg_error"}
{"client":"<metal-address>:36228","ev":"host_intake","flow":46,"gport":7300,"park":25}
{"ev":"d23_close","gport":7300,"t_us":4520309182955,"why":"listen_state"}
{"ev":"refused","flow":46}
{"age_ms":0,"ev":"flow_closed","flow":46,"kind":2,"reset":true,"why":"refused"}
{"addr":"<metal-address>:2730","bind_us":55,"ev":"d23_bind","gport":7300,"t_us":4520309282879,"why":"listen_state"}
{"client":"<metal-address>:36274","ev":"host_intake","flow":48,"gport":7300,"park":26}
{"ev":"leg_error","events":8216,"flow":48,"leg":0,"so_error":32}
{"age_ms":1,"ev":"flow_closed","flow":48,"kind":2,"reset":true,"why":"leg_error"}
{"ev":"d23_close","gport":7300,"t_us":4520309383854,"why":"listen_state"}
{"ev":"refused","flow":50}
{"age_ms":0,"ev":"flow_closed","flow":50,"kind":2,"reset":true,"why":"refused"}
{"addr":"<metal-address>:2730","bind_us":55,"ev":"d23_bind","gport":7300,"t_us":4520309483921,"why":"listen_state"}
{"ev":"leg_error","events":8216,"flow":52,"leg":0,"so_error":32}
{"age_ms":0,"ev":"flow_closed","flow":52,"kind":2,"reset":true,"why":"leg_error"}
{"ev":"d23_close","gport":7300,"t_us":4520309584388,"why":"listen_state"}
{"addr":"<metal-address>:2730","bind_us":49,"ev":"d23_bind","gport":7300,"t_us":4520309684641,"why":"listen_state"}
{"ev":"leg_error","events":8216,"flow":54,"leg":0,"so_error":32}
{"age_ms":0,"ev":"flow_closed","flow":54,"kind":2,"reset":true,"why":"leg_error"}
{"ev":"d23_close","gport":7300,"t_us":4520309784953,"why":"listen_state"}
{"addr":"<metal-address>:2730","bind_us":54,"ev":"d23_bind","gport":7300,"t_us":4520309885280,"why":"listen_state"}
{"ev":"leg_error","events":8216,"flow":56,"leg":0,"so_error":32}
{"age_ms":0,"ev":"flow_closed","flow":56,"kind":2,"reset":true,"why":"leg_error"}
{"ev":"d23_close","gport":7300,"t_us":4520309985861,"why":"listen_state"}
{"ev":"refused","flow":58}
{"age_ms":0,"ev":"flow_closed","flow":58,"kind":2,"reset":true,"why":"refused"}
{"addr":"<metal-address>:2730","bind_us":53,"ev":"d23_bind","gport":7300,"t_us":4520310085946,"why":"listen_state"}
{"ev":"leg_error","events":8216,"flow":60,"leg":0,"so_error":32}
{"age_ms":0,"ev":"flow_closed","flow":60,"kind":2,"reset":true,"why":"leg_error"}
{"ev":"d23_close","gport":7300,"t_us":4520310186510,"why":"listen_state"}
{"ev":"refused","flow":62}
{"age_ms":0,"ev":"flow_closed","flow":62,"kind":2,"reset":true,"why":"refused"}
{"addr":"<metal-address>:2730","bind_us":54,"ev":"d23_bind","gport":7300,"t_us":4520310286677,"why":"listen_state"}
{"ev":"leg_error","events":8216,"flow":64,"leg":0,"so_error":32}
{"age_ms":0,"ev":"flow_closed","flow":64,"kind":2,"reset":true,"why":"leg_error"}
{"ev":"d23_close","gport":7300,"t_us":4520310386868,"why":"listen_state"}
{"addr":"<metal-address>:2730","bind_us":60,"ev":"d23_bind","gport":7300,"t_us":4520310487161,"why":"listen_state"}
{"ev":"leg_error","events":8216,"flow":66,"leg":0,"so_error":32}
{"age_ms":0,"ev":"flow_closed","flow":66,"kind":2,"reset":true,"why":"leg_error"}
{"ev":"d23_close","gport":7300,"t_us":4520310587586,"why":"listen_state"}
{"addr":"<metal-address>:2730","bind_us":56,"ev":"d23_bind","gport":7300,"t_us":4520310687864,"why":"listen_state"}
{"ev":"leg_error","events":8216,"flow":68,"leg":0,"so_error":32}
{"age_ms":1,"ev":"flow_closed","flow":68,"kind":2,"reset":true,"why":"leg_error"}
{"ev":"d23_close","gport":7300,"t_us":4520310788626,"why":"listen_state"}
{"ev":"refused","flow":70}
{"age_ms":0,"ev":"flow_closed","flow":70,"kind":2,"reset":true,"why":"refused"}
{"addr":"<metal-address>:2730","bind_us":61,"ev":"d23_bind","gport":7300,"t_us":4520310888898,"why":"listen_state"}
{"ev":"leg_error","events":8216,"flow":72,"leg":0,"so_error":32}
{"age_ms":1,"ev":"flow_closed","flow":72,"kind":2,"reset":true,"why":"leg_error"}
{"ev":"d23_close","gport":7300,"t_us":4520310989308,"why":"listen_state"}
{"ev":"refused","flow":74}
{"age_ms":0,"ev":"flow_closed","flow":74,"kind":2,"reset":true,"why":"refused"}
{"addr":"<metal-address>:2730","bind_us":56,"ev":"d23_bind","gport":7300,"t_us":4520311089142,"why":"listen_state"}
{"ev":"leg_error","events":8216,"flow":76,"leg":0,"so_error":32}
{"age_ms":1,"ev":"flow_closed","flow":76,"kind":2,"reset":true,"why":"leg_error"}
{"ev":"d23_close","gport":7300,"t_us":4520311189764,"why":"listen_state"}
{"ev":"refused","flow":78}
{"age_ms":0,"ev":"flow_closed","flow":78,"kind":2,"reset":true,"why":"refused"}
{"addr":"<metal-address>:2730","bind_us":53,"ev":"d23_bind","gport":7300,"t_us":4520311289770,"why":"listen_state"}
{"ev":"leg_error","events":8216,"flow":80,"leg":0,"so_error":32}
{"age_ms":1,"ev":"flow_closed","flow":80,"kind":2,"reset":true,"why":"leg_error"}
{"ev":"d23_close","gport":7300,"t_us":4520311390192,"why":"listen_state"}
{"addr":"<metal-address>:2730","bind_us":55,"ev":"d23_bind","gport":7300,"t_us":4520311490449,"why":"listen_state"}
{"ev":"leg_error","events":8216,"flow":82,"leg":0,"so_error":32}
{"age_ms":0,"ev":"flow_closed","flow":82,"kind":2,"reset":true,"why":"leg_error"}
{"ev":"d23_close","gport":7300,"t_us":4520311591059,"why":"listen_state"}
{"addr":"<metal-address>:2730","bind_us":48,"ev":"d23_bind","gport":7300,"t_us":4520311691284,"why":"listen_state"}
{"ev":"leg_error","events":8216,"flow":84,"leg":0,"so_error":32}
{"age_ms":0,"ev":"flow_closed","flow":84,"kind":2,"reset":true,"why":"leg_error"}
{"ev":"d23_close","gport":7300,"t_us":4520311791823,"why":"listen_state"}
{"addr":"<metal-address>:2730","bind_us":50,"ev":"d23_bind","gport":7300,"t_us":4520311892051,"why":"listen_state"}
{"ev":"leg_error","events":8216,"flow":86,"leg":0,"so_error":32}
{"age_ms":0,"ev":"flow_closed","flow":86,"kind":2,"reset":true,"why":"leg_error"}
{"ev":"d23_close","gport":7300,"t_us":4520311992415,"why":"listen_state"}
{"addr":"<metal-address>:2730","bind_us":49,"ev":"d23_bind","gport":7300,"t_us":4520312092727,"why":"listen_state"}
{"ev":"leg_error","events":8216,"flow":88,"leg":0,"so_error":32}
{"age_ms":1,"ev":"flow_closed","flow":88,"kind":2,"reset":true,"why":"leg_error"}
{"ev":"d23_close","gport":7300,"t_us":4520312193273,"why":"listen_state"}
{"addr":"<metal-address>:2730","bind_us":50,"ev":"d23_bind","gport":7300,"t_us":4520312293514,"why":"listen_state"}
{"ev":"leg_error","events":8216,"flow":90,"leg":0,"so_error":32}
{"age_ms":1,"ev":"flow_closed","flow":90,"kind":2,"reset":true,"why":"leg_error"}
{"ev":"d23_close","gport":7300,"t_us":4520312394183,"why":"listen_state"}
{"addr":"<metal-address>:2730","bind_us":54,"ev":"d23_bind","gport":7300,"t_us":4520312494465,"why":"listen_state"}
{"ev":"leg_error","events":8216,"flow":92,"leg":0,"so_error":32}
{"age_ms":0,"ev":"flow_closed","flow":92,"kind":2,"reset":true,"why":"leg_error"}
{"ev":"d23_close","gport":7300,"t_us":4520312595235,"why":"listen_state"}
{"ev":"refused","flow":94}
{"age_ms":0,"ev":"flow_closed","flow":94,"kind":2,"reset":true,"why":"refused"}
{"addr":"<metal-address>:2730","bind_us":56,"ev":"d23_bind","gport":7300,"t_us":4520312695164,"why":"listen_state"}
{"ev":"leg_error","events":8216,"flow":96,"leg":0,"so_error":32}
{"age_ms":0,"ev":"flow_closed","flow":96,"kind":2,"reset":true,"why":"leg_error"}
{"ev":"d23_close","gport":7300,"t_us":4520312795534,"why":"listen_state"}
{"addr":"<metal-address>:2730","bind_us":52,"ev":"d23_bind","gport":7300,"t_us":4520312895853,"why":"listen_state"}
{"ev":"leg_error","events":8216,"flow":98,"leg":0,"so_error":32}
{"age_ms":1,"ev":"flow_closed","flow":98,"kind":2,"reset":true,"why":"leg_error"}
{"ev":"d23_close","gport":7300,"t_us":4520312996519,"why":"listen_state"}
{"ev":"refused","flow":100}
{"age_ms":0,"ev":"flow_closed","flow":100,"kind":2,"reset":true,"why":"refused"}
{"addr":"<metal-address>:2730","bind_us":50,"ev":"d23_bind","gport":7300,"t_us":4520313096613,"why":"listen_state"}
{"ev":"leg_error","events":8216,"flow":102,"leg":0,"so_error":32}
{"age_ms":0,"ev":"flow_closed","flow":102,"kind":2,"reset":true,"why":"leg_error"}
{"ev":"d23_close","gport":7300,"t_us":4520313197148,"why":"listen_state"}
{"ev":"refused","flow":104}
{"age_ms":0,"ev":"flow_closed","flow":104,"kind":2,"reset":true,"why":"refused"}
{"addr":"<metal-address>:2730","bind_us":50,"ev":"d23_bind","gport":7300,"t_us":4520313297246,"why":"listen_state"}
{"ev":"leg_error","events":8216,"flow":106,"leg":0,"so_error":32}
{"age_ms":0,"ev":"flow_closed","flow":106,"kind":2,"reset":true,"why":"leg_error"}
{"ev":"d23_close","gport":7300,"t_us":4520313397652,"why":"listen_state"}
{"ev":"refused","flow":108}
{"age_ms":0,"ev":"flow_closed","flow":108,"kind":2,"reset":true,"why":"refused"}
{"addr":"<metal-address>:2730","bind_us":51,"ev":"d23_bind","gport":7300,"t_us":4520313497788,"why":"listen_state"}
{"ev":"leg_error","events":8216,"flow":110,"leg":0,"so_error":32}
{"age_ms":1,"ev":"flow_closed","flow":110,"kind":2,"reset":true,"why":"leg_error"}
{"ev":"d23_close","gport":7300,"t_us":4520313598189,"why":"listen_state"}
{"addr":"<metal-address>:2730","bind_us":48,"ev":"d23_bind","gport":7300,"t_us":4520313698464,"why":"listen_state"}
{"ev":"leg_error","events":8216,"flow":112,"leg":0,"so_error":32}
{"age_ms":1,"ev":"flow_closed","flow":112,"kind":2,"reset":true,"why":"leg_error"}
{"ev":"d23_close","gport":7300,"t_us":4520313798970,"why":"listen_state"}
{"addr":"<metal-address>:2730","bind_us":52,"ev":"d23_bind","gport":7300,"t_us":4520313899328,"why":"listen_state"}
{"ev":"leg_error","events":8216,"flow":114,"leg":0,"so_error":32}
{"age_ms":0,"ev":"flow_closed","flow":114,"kind":2,"reset":true,"why":"leg_error"}
{"ev":"d23_close","gport":7300,"t_us":4520313999757,"why":"listen_state"}
{"addr":"<metal-address>:2730","bind_us":61,"ev":"d23_bind","gport":7300,"t_us":4520314099967,"why":"listen_state"}
{"ev":"leg_error","events":8216,"flow":116,"leg":0,"so_error":32}
{"age_ms":0,"ev":"flow_closed","flow":116,"kind":2,"reset":true,"why":"leg_error"}
{"ev":"d23_close","gport":7300,"t_us":4520314200351,"why":"listen_state"}
{"addr":"<metal-address>:2730","bind_us":47,"ev":"d23_bind","gport":7300,"t_us":4520314300680,"why":"listen_state"}
{"ev":"leg_error","events":8216,"flow":118,"leg":0,"so_error":32}
{"age_ms":1,"ev":"flow_closed","flow":118,"kind":2,"reset":true,"why":"leg_error"}
{"ev":"d23_close","gport":7300,"t_us":4520314401139,"why":"listen_state"}
{"addr":"<metal-address>:2730","bind_us":56,"ev":"d23_bind","gport":7300,"t_us":4520314501403,"why":"listen_state"}
{"ev":"leg_error","events":8216,"flow":120,"leg":0,"so_error":32}
{"age_ms":1,"ev":"flow_closed","flow":120,"kind":2,"reset":true,"why":"leg_error"}
{"ev":"d23_close","gport":7300,"t_us":4520314601913,"why":"listen_state"}
{"addr":"<metal-address>:2730","bind_us":49,"ev":"d23_bind","gport":7300,"t_us":4520314702251,"why":"listen_state"}
{"ev":"leg_error","events":8216,"flow":122,"leg":0,"so_error":32}
{"age_ms":0,"ev":"flow_closed","flow":122,"kind":2,"reset":true,"why":"leg_error"}
{"ev":"d23_close","gport":7300,"t_us":4520314802631,"why":"listen_state"}
{"addr":"<metal-address>:2730","bind_us":51,"ev":"d23_bind","gport":7300,"t_us":4520314902927,"why":"listen_state"}
{"ev":"leg_error","events":8216,"flow":124,"leg":0,"so_error":32}
{"age_ms":1,"ev":"flow_closed","flow":124,"kind":2,"reset":true,"why":"leg_error"}
{"ev":"d23_close","gport":7300,"t_us":4520315003333,"why":"listen_state"}
{"addr":"<metal-address>:2730","bind_us":48,"ev":"d23_bind","gport":7300,"t_us":4520315103693,"why":"listen_state"}
{"ev":"leg_error","events":8216,"flow":126,"leg":0,"so_error":32}
{"age_ms":1,"ev":"flow_closed","flow":126,"kind":2,"reset":true,"why":"leg_error"}
{"ev":"d23_close","gport":7300,"t_us":4520315204339,"why":"listen_state"}
{"addr":"<metal-address>:2730","bind_us":51,"ev":"d23_bind","gport":7300,"t_us":4520315304587,"why":"listen_state"}
{"ev":"leg_error","events":8216,"flow":128,"leg":0,"so_error":32}
{"age_ms":0,"ev":"flow_closed","flow":128,"kind":2,"reset":true,"why":"leg_error"}
{"ev":"d23_close","gport":7300,"t_us":4520315404983,"why":"listen_state"}
{"addr":"<metal-address>:2730","bind_us":54,"ev":"d23_bind","gport":7300,"t_us":4520315505272,"why":"listen_state"}
{"ev":"leg_error","events":8216,"flow":130,"leg":0,"so_error":32}
{"age_ms":1,"ev":"flow_closed","flow":130,"kind":2,"reset":true,"why":"leg_error"}
{"ev":"d23_close","gport":7300,"t_us":4520315605686,"why":"listen_state"}
{"addr":"<metal-address>:2730","bind_us":61,"ev":"d23_bind","gport":7300,"t_us":4520315705960,"why":"listen_state"}
{"ev":"leg_error","events":8216,"flow":132,"leg":0,"so_error":32}
{"age_ms":1,"ev":"flow_closed","flow":132,"kind":2,"reset":true,"why":"leg_error"}
{"ev":"d23_close","gport":7300,"t_us":4520315806406,"why":"listen_state"}
{"addr":"<metal-address>:2730","bind_us":62,"ev":"d23_bind","gport":7300,"t_us":4520315906739,"why":"listen_state"}
{"ev":"leg_error","events":8216,"flow":134,"leg":0,"so_error":32}
{"age_ms":1,"ev":"flow_closed","flow":134,"kind":2,"reset":true,"why":"leg_error"}
{"ev":"d23_close","gport":7300,"t_us":4520316007182,"why":"listen_state"}
{"addr":"<metal-address>:2730","bind_us":53,"ev":"d23_bind","gport":7300,"t_us":4520316107483,"why":"listen_state"}
{"ev":"leg_error","events":8216,"flow":136,"leg":0,"so_error":32}
{"age_ms":1,"ev":"flow_closed","flow":136,"kind":2,"reset":true,"why":"leg_error"}
{"ev":"d23_close","gport":7300,"t_us":4520316207889,"why":"listen_state"}
{"addr":"<metal-address>:2730","bind_us":49,"ev":"d23_bind","gport":7300,"t_us":4520316308153,"why":"listen_state"}
{"ev":"leg_error","events":8216,"flow":138,"leg":0,"so_error":32}
{"age_ms":0,"ev":"flow_closed","flow":138,"kind":2,"reset":true,"why":"leg_error"}
{"ev":"d23_close","gport":7300,"t_us":4520316408561,"why":"listen_state"}
{"addr":"<metal-address>:2730","bind_us":57,"ev":"d23_bind","gport":7300,"t_us":4520316508878,"why":"listen_state"}
{"ev":"leg_error","events":8216,"flow":140,"leg":0,"so_error":32}
{"age_ms":1,"ev":"flow_closed","flow":140,"kind":2,"reset":true,"why":"leg_error"}
{"ev":"d23_close","gport":7300,"t_us":4520316609357,"why":"listen_state"}
{"addr":"<metal-address>:2730","bind_us":50,"ev":"d23_bind","gport":7300,"t_us":4520316709691,"why":"listen_state"}
{"ev":"leg_error","events":8216,"flow":142,"leg":0,"so_error":32}
{"age_ms":1,"ev":"flow_closed","flow":142,"kind":2,"reset":true,"why":"leg_error"}
{"ev":"d23_close","gport":7300,"t_us":4520316810174,"why":"listen_state"}
{"addr":"<metal-address>:2730","bind_us":51,"ev":"d23_bind","gport":7300,"t_us":4520316910523,"why":"listen_state"}
{"ev":"leg_error","events":8216,"flow":144,"leg":0,"so_error":32}
{"age_ms":0,"ev":"flow_closed","flow":144,"kind":2,"reset":true,"why":"leg_error"}
{"ev":"d23_close","gport":7300,"t_us":4520317011448,"why":"listen_state"}
{"addr":"<metal-address>:2730","bind_us":50,"ev":"d23_bind","gport":7300,"t_us":4520317111705,"why":"listen_state"}
{"ev":"leg_error","events":8216,"flow":146,"leg":0,"so_error":32}
{"age_ms":0,"ev":"flow_closed","flow":146,"kind":2,"reset":true,"why":"leg_error"}
{"ev":"d23_close","gport":7300,"t_us":4520317212538,"why":"listen_state"}
{"addr":"<metal-address>:2730","bind_us":47,"ev":"d23_bind","gport":7300,"t_us":4520317312777,"why":"listen_state"}
{"ev":"leg_error","events":8216,"flow":148,"leg":0,"so_error":32}
{"age_ms":0,"ev":"flow_closed","flow":148,"kind":2,"reset":true,"why":"leg_error"}
{"ev":"d23_close","gport":7300,"t_us":4520317413476,"why":"listen_state"}
{"addr":"<metal-address>:2730","bind_us":55,"ev":"d23_bind","gport":7300,"t_us":4520317513748,"why":"listen_state"}
{"ev":"leg_error","events":8216,"flow":150,"leg":0,"so_error":32}
{"age_ms":0,"ev":"flow_closed","flow":150,"kind":2,"reset":true,"why":"leg_error"}
{"ev":"d23_close","gport":7300,"t_us":4520317614553,"why":"listen_state"}
{"addr":"<metal-address>:2730","bind_us":49,"ev":"d23_bind","gport":7300,"t_us":4520317714848,"why":"listen_state"}
{"ev":"leg_error","events":8216,"flow":152,"leg":0,"so_error":32}
{"age_ms":0,"ev":"flow_closed","flow":152,"kind":2,"reset":true,"why":"leg_error"}
{"ev":"d23_close","gport":7300,"t_us":4520317815443,"why":"listen_state"}
{"addr":"<metal-address>:2730","bind_us":50,"ev":"d23_bind","gport":7300,"t_us":4520317915768,"why":"listen_state"}
{"ev":"leg_error","events":8216,"flow":154,"leg":0,"so_error":32}
{"age_ms":0,"ev":"flow_closed","flow":154,"kind":2,"reset":true,"why":"leg_error"}
{"ev":"d23_close","gport":7300,"t_us":4520318016200,"why":"listen_state"}
{"addr":"<metal-address>:2730","bind_us":49,"ev":"d23_bind","gport":7300,"t_us":4520318116433,"why":"listen_state"}
{"ev":"leg_error","events":8216,"flow":156,"leg":0,"so_error":32}
{"age_ms":0,"ev":"flow_closed","flow":156,"kind":2,"reset":true,"why":"leg_error"}
{"ev":"d23_close","gport":7300,"t_us":4520318216963,"why":"listen_state"}
{"addr":"<metal-address>:2730","bind_us":50,"ev":"d23_bind","gport":7300,"t_us":4520318317206,"why":"listen_state"}
{"ev":"leg_error","events":8216,"flow":158,"leg":0,"so_error":32}
{"age_ms":0,"ev":"flow_closed","flow":158,"kind":2,"reset":true,"why":"leg_error"}
{"ev":"d23_close","gport":7300,"t_us":4520318417914,"why":"listen_state"}
{"addr":"<metal-address>:2730","bind_us":56,"ev":"d23_bind","gport":7300,"t_us":4520318518151,"why":"listen_state"}
{"ev":"leg_error","events":8216,"flow":160,"leg":0,"so_error":32}
{"age_ms":0,"ev":"flow_closed","flow":160,"kind":2,"reset":true,"why":"leg_error"}
{"ev":"d23_close","gport":7300,"t_us":4520318618791,"why":"listen_state"}
{"addr":"<metal-address>:2730","bind_us":50,"ev":"d23_bind","gport":7300,"t_us":4520318719021,"why":"listen_state"}
{"ev":"leg_error","events":8216,"flow":162,"leg":0,"so_error":32}
{"age_ms":0,"ev":"flow_closed","flow":162,"kind":2,"reset":true,"why":"leg_error"}
{"ev":"d23_close","gport":7300,"t_us":4520318819980,"why":"listen_state"}
{"addr":"<metal-address>:2730","bind_us":53,"ev":"d23_bind","gport":7300,"t_us":4520318920222,"why":"listen_state"}
{"ev":"leg_error","events":8216,"flow":164,"leg":0,"so_error":32}
{"age_ms":0,"ev":"flow_closed","flow":164,"kind":2,"reset":true,"why":"leg_error"}
{"ev":"d23_close","gport":7300,"t_us":4520319021143,"why":"listen_state"}
{"addr":"<metal-address>:2730","bind_us":49,"ev":"d23_bind","gport":7300,"t_us":4520319121365,"why":"listen_state"}
{"ev":"leg_error","events":8216,"flow":166,"leg":0,"so_error":32}
{"age_ms":0,"ev":"flow_closed","flow":166,"kind":2,"reset":true,"why":"leg_error"}
{"ev":"d23_close","gport":7300,"t_us":4520319222219,"why":"listen_state"}
{"addr":"<metal-address>:2730","bind_us":58,"ev":"d23_bind","gport":7300,"t_us":4520319322429,"why":"listen_state"}
{"ev":"leg_error","events":8216,"flow":168,"leg":0,"so_error":32}
{"age_ms":0,"ev":"flow_closed","flow":168,"kind":2,"reset":true,"why":"leg_error"}
{"ev":"d23_close","gport":7300,"t_us":4520319423115,"why":"listen_state"}
{"addr":"<metal-address>:2730","bind_us":57,"ev":"d23_bind","gport":7300,"t_us":4520319523350,"why":"listen_state"}
{"ev":"leg_error","events":8216,"flow":170,"leg":0,"so_error":32}
{"age_ms":0,"ev":"flow_closed","flow":170,"kind":2,"reset":true,"why":"leg_error"}
{"ev":"d23_close","gport":7300,"t_us":4520319623899,"why":"listen_state"}
{"addr":"<metal-address>:2730","bind_us":55,"ev":"d23_bind","gport":7300,"t_us":4520319724151,"why":"listen_state"}
{"ev":"leg_error","events":8216,"flow":172,"leg":0,"so_error":32}
{"age_ms":0,"ev":"flow_closed","flow":172,"kind":2,"reset":true,"why":"leg_error"}
{"ev":"d23_close","gport":7300,"t_us":4520319825057,"why":"listen_state"}
{"addr":"<metal-address>:2730","bind_us":53,"ev":"d23_bind","gport":7300,"t_us":4520319925300,"why":"listen_state"}
{"ev":"leg_error","events":8216,"flow":174,"leg":0,"so_error":32}
{"age_ms":0,"ev":"flow_closed","flow":174,"kind":2,"reset":true,"why":"leg_error"}
{"ev":"d23_close","gport":7300,"t_us":4520320026223,"why":"listen_state"}
{"addr":"<metal-address>:2730","bind_us":50,"ev":"d23_bind","gport":7300,"t_us":4520320126451,"why":"listen_state"}
{"ev":"leg_error","events":8216,"flow":176,"leg":0,"so_error":32}
{"age_ms":0,"ev":"flow_closed","flow":176,"kind":2,"reset":true,"why":"leg_error"}
{"ev":"d23_close","gport":7300,"t_us":4520320227462,"why":"listen_state"}
{"addr":"<metal-address>:2730","bind_us":47,"ev":"d23_bind","gport":7300,"t_us":4520320327687,"why":"listen_state"}
{"ev":"leg_error","events":8216,"flow":178,"leg":0,"so_error":32}
{"age_ms":0,"ev":"flow_closed","flow":178,"kind":2,"reset":true,"why":"leg_error"}
{"ev":"d23_close","gport":7300,"t_us":4520320428533,"why":"listen_state"}
{"addr":"<metal-address>:2730","bind_us":55,"ev":"d23_bind","gport":7300,"t_us":4520320528810,"why":"listen_state"}
{"ev":"leg_error","events":8216,"flow":180,"leg":0,"so_error":32}
{"age_ms":0,"ev":"flow_closed","flow":180,"kind":2,"reset":true,"why":"leg_error"}
{"ev":"d23_close","gport":7300,"t_us":4520320629306,"why":"listen_state"}
{"addr":"<metal-address>:2730","bind_us":56,"ev":"d23_bind","gport":7300,"t_us":4520320729515,"why":"listen_state"}
{"ev":"leg_error","events":8216,"flow":182,"leg":0,"so_error":32}
{"age_ms":0,"ev":"flow_closed","flow":182,"kind":2,"reset":true,"why":"leg_error"}
{"ev":"d23_close","gport":7300,"t_us":4520320830009,"why":"listen_state"}
{"addr":"<metal-address>:2730","bind_us":53,"ev":"d23_bind","gport":7300,"t_us":4520320930296,"why":"listen_state"}
{"ev":"leg_error","events":8216,"flow":184,"leg":0,"so_error":32}
{"age_ms":0,"ev":"flow_closed","flow":184,"kind":2,"reset":true,"why":"leg_error"}
{"ev":"d23_close","gport":7300,"t_us":4520321030848,"why":"listen_state"}
{"addr":"<metal-address>:2730","bind_us":52,"ev":"d23_bind","gport":7300,"t_us":4520321131082,"why":"listen_state"}
{"ev":"leg_error","events":8216,"flow":186,"leg":0,"so_error":32}
{"age_ms":0,"ev":"flow_closed","flow":186,"kind":2,"reset":true,"why":"leg_error"}
{"ev":"d23_close","gport":7300,"t_us":4520321232018,"why":"listen_state"}
{"addr":"<metal-address>:2730","bind_us":49,"ev":"d23_bind","gport":7300,"t_us":4520321332227,"why":"listen_state"}
{"ev":"leg_error","events":8216,"flow":188,"leg":0,"so_error":32}
{"age_ms":0,"ev":"flow_closed","flow":188,"kind":2,"reset":true,"why":"leg_error"}
{"ev":"d23_close","gport":7300,"t_us":4520321433009,"why":"listen_state"}
{"addr":"<metal-address>:2730","bind_us":56,"ev":"d23_bind","gport":7300,"t_us":4520321533300,"why":"listen_state"}
{"ev":"leg_error","events":8216,"flow":190,"leg":0,"so_error":32}
{"age_ms":0,"ev":"flow_closed","flow":190,"kind":2,"reset":true,"why":"leg_error"}
{"ev":"d23_close","gport":7300,"t_us":4520321633971,"why":"listen_state"}
{"addr":"<metal-address>:2730","bind_us":50,"ev":"d23_bind","gport":7300,"t_us":4520321734201,"why":"listen_state"}
{"ev":"leg_error","events":8216,"flow":192,"leg":0,"so_error":32}
{"age_ms":0,"ev":"flow_closed","flow":192,"kind":2,"reset":true,"why":"leg_error"}
{"ev":"d23_close","gport":7300,"t_us":4520321834747,"why":"listen_state"}
{"addr":"<metal-address>:2730","bind_us":62,"ev":"d23_bind","gport":7300,"t_us":4520321934964,"why":"listen_state"}
{"ev":"leg_error","events":8216,"flow":194,"leg":0,"so_error":32}
{"age_ms":0,"ev":"flow_closed","flow":194,"kind":2,"reset":true,"why":"leg_error"}
{"ev":"d23_close","gport":7300,"t_us":4520322035407,"why":"listen_state"}
{"addr":"<metal-address>:2730","bind_us":51,"ev":"d23_bind","gport":7300,"t_us":4520322135637,"why":"listen_state"}
{"ev":"leg_error","events":8216,"flow":196,"leg":0,"so_error":32}
{"age_ms":0,"ev":"flow_closed","flow":196,"kind":2,"reset":true,"why":"leg_error"}
{"ev":"d23_close","gport":7300,"t_us":4520322236455,"why":"listen_state"}
{"addr":"<metal-address>:2730","bind_us":49,"ev":"d23_bind","gport":7300,"t_us":4520322336797,"why":"listen_state"}
{"ev":"leg_error","events":8216,"flow":198,"leg":0,"so_error":32}
{"age_ms":0,"ev":"flow_closed","flow":198,"kind":2,"reset":true,"why":"leg_error"}
{"ev":"d23_close","gport":7300,"t_us":4520322437568,"why":"listen_state"}
{"addr":"<metal-address>:2730","bind_us":54,"ev":"d23_bind","gport":7300,"t_us":4520322537840,"why":"listen_state"}
{"ev":"leg_error","events":8216,"flow":200,"leg":0,"so_error":32}
{"age_ms":0,"ev":"flow_closed","flow":200,"kind":2,"reset":true,"why":"leg_error"}
{"ev":"d23_close","gport":7300,"t_us":4520322638328,"why":"listen_state"}
{"addr":"<metal-address>:2730","bind_us":70,"ev":"d23_bind","gport":7300,"t_us":4520322738533,"why":"listen_state"}
{"ev":"leg_error","events":8216,"flow":202,"leg":0,"so_error":32}
{"age_ms":0,"ev":"flow_closed","flow":202,"kind":2,"reset":true,"why":"leg_error"}
{"ev":"d23_close","gport":7300,"t_us":4520322839459,"why":"listen_state"}
{"addr":"<metal-address>:2730","bind_us":59,"ev":"d23_bind","gport":7300,"t_us":4520322939758,"why":"listen_state"}
{"ev":"leg_error","events":8216,"flow":204,"leg":0,"so_error":32}
{"age_ms":1,"ev":"flow_closed","flow":204,"kind":2,"reset":true,"why":"leg_error"}
{"ev":"d23_close","gport":7300,"t_us":4520323040451,"why":"listen_state"}
{"addr":"<metal-address>:2730","bind_us":57,"ev":"d23_bind","gport":7300,"t_us":4520323140710,"why":"listen_state"}
{"ev":"leg_error","events":8216,"flow":206,"leg":0,"so_error":32}
{"age_ms":0,"ev":"flow_closed","flow":206,"kind":2,"reset":true,"why":"leg_error"}
{"ev":"d23_close","gport":7300,"t_us":4520323241403,"why":"listen_state"}
{"addr":"<metal-address>:2730","bind_us":50,"ev":"d23_bind","gport":7300,"t_us":4520323341620,"why":"listen_state"}
{"ev":"leg_error","events":8216,"flow":208,"leg":0,"so_error":32}
{"age_ms":1,"ev":"flow_closed","flow":208,"kind":2,"reset":true,"why":"leg_error"}
{"ev":"d23_close","gport":7300,"t_us":4520323442504,"why":"listen_state"}
{"ev":"refused","flow":210}
{"age_ms":0,"ev":"flow_closed","flow":210,"kind":2,"reset":true,"why":"refused"}
{"addr":"<metal-address>:2730","bind_us":60,"ev":"d23_bind","gport":7300,"t_us":4520323542520,"why":"listen_state"}
{"ev":"leg_error","events":8216,"flow":212,"leg":0,"so_error":32}
{"age_ms":0,"ev":"flow_closed","flow":212,"kind":2,"reset":true,"why":"leg_error"}
{"ev":"d23_close","gport":7300,"t_us":4520323643545,"why":"listen_state"}
{"addr":"<metal-address>:2730","bind_us":58,"ev":"d23_bind","gport":7300,"t_us":4520323743821,"why":"listen_state"}
{"ev":"d23_close","gport":7300,"t_us":4520323844963,"why":"listen_state"}
{"ev":"refused","flow":216}
{"age_ms":0,"ev":"flow_closed","flow":216,"kind":2,"reset":true,"why":"refused"}
{"addr":"<metal-address>:2730","bind_us":65,"ev":"d23_bind","gport":7300,"t_us":4520323944961,"why":"listen_state"}
{"ev":"leg_error","events":8216,"flow":218,"leg":0,"so_error":32}
{"age_ms":1,"ev":"flow_closed","flow":218,"kind":2,"reset":true,"why":"leg_error"}
{"ev":"d23_close","gport":7300,"t_us":4520324045553,"why":"listen_state"}
{"addr":"<metal-address>:2730","bind_us":58,"ev":"d23_bind","gport":7300,"t_us":4520324145807,"why":"listen_state"}
{"ev":"leg_error","events":8216,"flow":220,"leg":0,"so_error":32}
{"age_ms":1,"ev":"flow_closed","flow":220,"kind":2,"reset":true,"why":"leg_error"}
{"ev":"d23_close","gport":7300,"t_us":4520324246752,"why":"listen_state"}
{"addr":"<metal-address>:2730","bind_us":66,"ev":"d23_bind","gport":7300,"t_us":4520324346951,"why":"listen_state"}
{"ev":"leg_error","events":8216,"flow":222,"leg":0,"so_error":32}
{"age_ms":1,"ev":"flow_closed","flow":222,"kind":2,"reset":true,"why":"leg_error"}
{"ev":"d23_close","gport":7300,"t_us":4520324447817,"why":"listen_state"}
{"addr":"<metal-address>:2730","bind_us":71,"ev":"d23_bind","gport":7300,"t_us":4520324547996,"why":"listen_state"}
{"ev":"leg_error","events":8216,"flow":224,"leg":0,"so_error":32}
{"age_ms":0,"ev":"flow_closed","flow":224,"kind":2,"reset":true,"why":"leg_error"}
{"ev":"d23_close","gport":7300,"t_us":4520324648519,"why":"listen_state"}
{"addr":"<metal-address>:2730","bind_us":57,"ev":"d23_bind","gport":7300,"t_us":4520324748805,"why":"listen_state"}
{"ev":"leg_error","events":8216,"flow":226,"leg":0,"so_error":32}
{"age_ms":0,"ev":"flow_closed","flow":226,"kind":2,"reset":true,"why":"leg_error"}
{"ev":"d23_close","gport":7300,"t_us":4520324849286,"why":"listen_state"}
{"addr":"<metal-address>:2730","bind_us":57,"ev":"d23_bind","gport":7300,"t_us":4520324949504,"why":"listen_state"}
{"ev":"leg_error","events":8216,"flow":228,"leg":0,"so_error":32}
{"age_ms":0,"ev":"flow_closed","flow":228,"kind":2,"reset":true,"why":"leg_error"}
{"ev":"d23_close","gport":7300,"t_us":4520325049915,"why":"listen_state"}
{"addr":"<metal-address>:2730","bind_us":58,"ev":"d23_bind","gport":7300,"t_us":4520325150207,"why":"listen_state"}
{"ev":"leg_error","events":8216,"flow":230,"leg":0,"so_error":32}
{"age_ms":0,"ev":"flow_closed","flow":230,"kind":2,"reset":true,"why":"leg_error"}
{"ev":"d23_close","gport":7300,"t_us":4520325250899,"why":"listen_state"}
{"addr":"<metal-address>:2730","bind_us":57,"ev":"d23_bind","gport":7300,"t_us":4520325351176,"why":"listen_state"}
{"ev":"leg_error","events":8216,"flow":232,"leg":0,"so_error":32}
{"age_ms":0,"ev":"flow_closed","flow":232,"kind":2,"reset":true,"why":"leg_error"}
{"ev":"d23_close","gport":7300,"t_us":4520325451582,"why":"listen_state"}
{"addr":"<metal-address>:2730","bind_us":59,"ev":"d23_bind","gport":7300,"t_us":4520325551893,"why":"listen_state"}
{"ev":"leg_error","events":8216,"flow":234,"leg":0,"so_error":32}
{"age_ms":0,"ev":"flow_closed","flow":234,"kind":2,"reset":true,"why":"leg_error"}
{"ev":"d23_close","gport":7300,"t_us":4520325652659,"why":"listen_state"}
{"ev":"refused","flow":236}
{"age_ms":0,"ev":"flow_closed","flow":236,"kind":2,"reset":true,"why":"refused"}
{"addr":"<metal-address>:2730","bind_us":57,"ev":"d23_bind","gport":7300,"t_us":4520325752770,"why":"listen_state"}
{"ev":"leg_error","events":8216,"flow":238,"leg":0,"so_error":32}
{"age_ms":0,"ev":"flow_closed","flow":238,"kind":2,"reset":true,"why":"leg_error"}
{"ev":"d23_close","gport":7300,"t_us":4520325853226,"why":"listen_state"}
{"addr":"<metal-address>:2730","bind_us":50,"ev":"d23_bind","gport":7300,"t_us":4520325953504,"why":"listen_state"}
{"ev":"leg_error","events":8216,"flow":240,"leg":0,"so_error":32}
{"age_ms":1,"ev":"flow_closed","flow":240,"kind":2,"reset":true,"why":"leg_error"}
{"ev":"d23_close","gport":7300,"t_us":4520326054028,"why":"listen_state"}
{"ev":"refused","flow":242}
{"age_ms":0,"ev":"flow_closed","flow":242,"kind":2,"reset":true,"why":"refused"}
{"addr":"<metal-address>:2730","bind_us":55,"ev":"d23_bind","gport":7300,"t_us":4520326154089,"why":"listen_state"}
{"ev":"leg_error","events":8216,"flow":244,"leg":0,"so_error":32}
{"age_ms":1,"ev":"flow_closed","flow":244,"kind":2,"reset":true,"why":"leg_error"}
{"ev":"d23_close","gport":7300,"t_us":4520326254621,"why":"listen_state"}
{"ev":"refused","flow":246}
{"age_ms":0,"ev":"flow_closed","flow":246,"kind":2,"reset":true,"why":"refused"}
{"addr":"<metal-address>:2730","bind_us":58,"ev":"d23_bind","gport":7300,"t_us":4520326354706,"why":"listen_state"}
{"ev":"leg_error","events":8216,"flow":248,"leg":0,"so_error":32}
{"age_ms":0,"ev":"flow_closed","flow":248,"kind":2,"reset":true,"why":"leg_error"}
{"ev":"d23_close","gport":7300,"t_us":4520326455125,"why":"listen_state"}
{"addr":"<metal-address>:2730","bind_us":49,"ev":"d23_bind","gport":7300,"t_us":4520326555389,"why":"listen_state"}
{"ev":"leg_error","events":8216,"flow":250,"leg":0,"so_error":32}
{"age_ms":1,"ev":"flow_closed","flow":250,"kind":2,"reset":true,"why":"leg_error"}
{"ev":"d23_close","gport":7300,"t_us":4520326655955,"why":"listen_state"}
{"ev":"refused","flow":252}
{"age_ms":0,"ev":"flow_closed","flow":252,"kind":2,"reset":true,"why":"refused"}
