Service 'service-exec-http-302' (kind: Service)
Spec digest: 3619f0fb4ca328dda71abb24e41250e19798be7c3af94c2ccfb92c33f6f670f5
Replicas (desired/running): 1/1
Alloc                    State        Restarts   Since               
alloc-service-exec-http-302-0 Running      1          (c=5958,w=local)    
    reason: driver started
    last terminated: Failed at (c=5953,w=local) — driver started
    last terminated ran since: 1789205464.441471879
Memory:        67108864
Addresses:
  alloc-service-exec-http-302-0: 10.99.0.2
VIP:           10.96.0.2
Listeners:
  18080/tcp
Issued certificates:
  serial:        74b1927bdb750d2ec500ef78aec0521e
    spiffe_id:     spiffe://overdrive.local/workload/service-exec-http-302/alloc/alloc-service-exec-http-302-0
    issuer_serial: 6253f19cfd9408033c4004b3fc69c96b
    not_after:     1789209007.743013828
Probes:
  startup probe[0] http GET http://0.0.0.0:18080/ready last=fail (HTTP 302 (redirect not followed)) last_observed_at=1789205467487
