    Finished `dev` profile [unoptimized + debuginfo] target(s) in 0.08s
     Running `target/debug/xtask metal run -- python3 spike-scratch/increment-aa-netns-density-295-tap-ioctl-seccomp-20260924T120003Z/spike.py --mode control`
/usr/bin/ssh
xtask: running metal run (one bootstrap lease session)

########## [bootstrap] preflight: ssh to ubuntu@151.115.99.251

########## [bootstrap] remote user=ubuntu home=/home/ubuntu sudo='sudo -n'

########## [bootstrap] acquire canonical metal lease (/run/lock/overdrive-metal-shared.lock)
OVERDRIVE_METAL_LEASE_ACQUIRED token=86526fbe189b2d75ffde0e38 pid=69318

########## [bootstrap] sync /Users/marcus/conductor/workspaces/helios/wellington-v2 -> ubuntu@151.115.99.251:/home/ubuntu/overdrive

sent 353,853 bytes  received 73,866 bytes  171,087.60 bytes/sec
total size is 267,205,317  speedup is 624.72

########## [bootstrap] fail-closed native x86_64/KVM preflight
[+ 0.000071] PREFLIGHT BEGIN
[+ 0.000105] PREFLIGHT hypothesis=the selected runner is native x86_64 metal with CH v53.0 and clean exact probe names
[+ 0.000110] PREFLIGHT prediction=root, systemd-detect-virt=none, uname recorded, CH reports v53.0, and no exact resource exists
[+ 0.000113] PREFLIGHT falsification=any virtualization, version mismatch, missing artifact, or pre-existing exact resource
[+ 0.053801] ENV mode=control
[+ 0.057794] ENV uname_r=7.0.0-29-generic
[+ 0.060838] ENV uname_full=Linux 7.0.0-29-generic x86_64 GNU/Linux
[+ 0.060860] ENV systemd_detect_virt=none
[+ 0.060869] ENV cloud_hypervisor=/usr/local/bin/cloud-hypervisor version=cloud-hypervisor v53.0
[+ 0.060877] ENV ch_v53_source_commit=9ed824d6d08df3e96f7d5f50795d9449ac99f431
[+ 0.060931] ENV fd_path_ioctls=[["TUNGETIFF", 2147767506, "net_util/src/tap.rs:255-257"], ["TUNSETIFF", 1074025674, "net_util/src/tap.rs:268-281; EEXIST accepted"], ["TUNSETVNETHDRSZ", 1074025688, "net_util/src/tap.rs:284-286,478-482"], ["SIOCGIFMTU", 35105, "virtio-devices/src/net.rs:546-553 -> net_util/src/tap.rs:413-425"], ["SIOCSIFMTU", 35106, "conditional on fd=...,mtu=; virtio-devices/src/net.rs:732-734 -> net_util/src/tap.rs:434-442"], ["TUNSETOFFLOAD", 1074025680, "virtio-devices/src/net.rs:959-965"]]
[+ 0.060972] ENV deny_list=[["SIOCSIFHWADDR", 35108], ["TUNSETOWNER", 1074025676], ["TUNSETGROUP", 1074025678], ["TUNSETPERSIST", 1074025675], ["TUNSETCARRIER", 1074025698], ["TUNSETDEBUG", 1074025673], ["TUNSETLINK", 1074025677], ["TUNSETTXFILTER", 1074025681], ["TUNATTACHFILTER", 1074812117], ["TUNDETACHFILTER", 1074812118], ["TUNSETSTEERINGEBPF", 2147767520], ["TUNSETFILTEREBPF", 2147767521], ["TUNSETQUEUE", 1074025689]]
[+ 0.060982] PREFLIGHT RESULT=PASS native metal and exact resource complement clean
[+ 0.060991] IOCTL_ARM BEGIN
[+ 0.060998] IOCTL_ARM hypothesis=the launcher filter returns EPERM for every deny-listed TAP mutation on every descendant thread; without it the kernel decides each request
[+ 0.061005] IOCTL_ARM prediction=filtered: four inherited-filter threads report EPERM for all 13 requests; control: one unfiltered thread reports no EPERM
[+ 0.061011] IOCTL_ARM falsification=any filtered request reaches the kernel, any filtered thread lacks seccomp mode 2, or any control request is preempted by EPERM
[+ 0.061470] IOCTL_ARM helper_cli=setpriv --reuid=4200 --regid=4200 --clear-groups --no-new-privs -- /usr/bin/python3 /proc/self/fd/4 --ioctl-child --mode control --fd 50 --tap aascr1024
[+ 0.123866] IOCTL_ARM helper_rc=0
[+ 0.123883] IOCTL_ARM helper_stdout_begin
[+ 0.123891] IOCTL_ARM   IOCTL_CHILD [{"ioctls": {"SIOCSIFHWADDR": {"errname": "OK", "errno": 0, "rc": 0}, "TUNATTACHFILTER": {"errname": "EINVAL", "errno": 22, "rc": -1}, "TUNDETACHFILTER": {"errname": "OK", "errno": 0, "rc": 0}, "TUNSETCARRIER": {"errname": "OK", "errno": 0, "rc": 0}, "TUNSETDEBUG": {"errname": "OK", "errno": 0, "rc": 0}, "TUNSETFILTEREBPF": {"errname": "OK", "errno": 0, "rc": 0}, "TUNSETGROUP": {"errname": "OK", "errno": 0, "rc": 0}, "TUNSETLINK": {"errname": "OK", "errno": 0, "rc": 0}, "TUNSETOWNER": {"errname": "OK", "errno": 0, "rc": 0}, "TUNSETPERSIST": {"errname": "OK", "errno": 0, "rc": 0}, "TUNSETQUEUE": {"errname": "EINVAL", "errno": 22, "rc": -1}, "TUNSETSTEERINGEBPF": {"errname": "OK", "errno": 0, "rc": 0}, "TUNSETTXFILTER": {"errname": "OK", "errno": 0, "rc": 0}}, "label": "main", "status_before": {"Name": "python3", "NoNewPrivs": "1", "Seccomp": "0", "Seccomp_filters": "0"}, "tid": 69674}]
[+ 0.123896] IOCTL_ARM   IOCTL_CHILD_RESULT mode=control pass=True
[+ 0.123899] IOCTL_ARM helper_stdout_end
[+ 0.123903] IOCTL_ARM helper_stderr=''
[+ 0.157263] IOCTL_ARM RESULT=PASS mode=control deny-list causal control passed; scratch removed
[+ 0.157278] STAGING BEGIN
[+ 0.157282] STAGING hypothesis=the increment-y guest and artifacts can be staged without altering shared masters
[+ 0.157285] STAGING prediction=private reflink rootfs, busybox beacon support, kernel, run directory and cgroup are ready
[+ 0.157288] STAGING falsification=any private staging step fails or touches a non-probe resource
[+ 0.186312] STAGING RESULT=PASS private guest staging ready
[+ 0.186331] BOOT BEGIN
[+ 0.186336] BOOT hypothesis=CH v53's fd= construction ioctls are disjoint from the deny-list, so CH boots with the launcher filter inherited
[+ 0.186339] BOOT prediction=guest READY, exact TAP fd held by CH, and filtered mode shows seccomp mode 2 plus at least one filter on every CH thread including leader
[+ 0.186343] BOOT falsification=CH exits, guest misses READY, required ioctl is denied, exact TAP fd is absent, or any filtered CH thread lacks the launcher filter
[+ 0.207970] BOOT ch_cli=prlimit --fsize=268435456 --nofile=256 -- setpriv --reuid=4200 --regid=4200 --groups=991 --no-new-privs -- /usr/local/bin/cloud-hypervisor --cpus boot=1 --memory size=268435456 --kernel /run/overdrive/vm/aa-seccomp-1024/kernel --cmdline 'console=ttyS0 panic=1 root=/dev/vda rw overdrive.net=10.77.239.2/24,gw=10.77.239.1,dns=10.77.239.1' --disk path=/srv/vm/overdrive-testing/aa-seccomp-1024/rootfs.ext4,image_type=raw --serial file=/run/overdrive/vm/aa-seccomp-1024/console.log --console off --vsock cid=3,socket=/run/overdrive/vm/aa-seccomp-1024/vsock --api-socket /run/overdrive/vm/aa-seccomp-1024/api --seccomp true --landlock --net 'fd=[50],mac=02:00:00:aa:10:24,offload_tso=off,offload_ufo=off,offload_csum=off' --landlock-rules path=/sys/class/net/aatap1024,access=r --landlock-rules path=/run/overdrive/vm/aa-seccomp-1024,access=rw
[+ 1.346134] BOOT ch_pid=69721 ready_line='READY pid=1 port=1234'
[+ 1.346213] BOOT thread_security_ready=[{"Name": "cloud-hyperviso", "NoNewPrivs": "1", "Seccomp": "0", "Seccomp_filters": "0", "tid": 69721}, {"Name": "vmm", "NoNewPrivs": "1", "Seccomp": "2", "Seccomp_filters": "1", "tid": 69724}, {"Name": "http-server", "NoNewPrivs": "1", "Seccomp": "2", "Seccomp_filters": "1", "tid": 69725}, {"Name": "vmm_signal_hand", "NoNewPrivs": "1", "Seccomp": "2", "Seccomp_filters": "2", "tid": 69726}, {"Name": "vcpu0", "NoNewPrivs": "1", "Seccomp": "2", "Seccomp_filters": "2", "tid": 69728}, {"Name": "kvm-nx-lpage-re", "NoNewPrivs": "1", "Seccomp": "2", "Seccomp_filters": "2", "tid": 69729}, {"Name": "_disk0_q0", "NoNewPrivs": "1", "Seccomp": "2", "Seccomp_filters": "2", "tid": 69730}, {"Name": "_net1_ctrl", "NoNewPrivs": "1", "Seccomp": "2", "Seccomp_filters": "2", "tid": 69731}, {"Name": "_net1_qp0", "NoNewPrivs": "1", "Seccomp": "2", "Seccomp_filters": "2", "tid": 69732}, {"Name": "iou-wrk-69730", "NoNewPrivs": "1", "Seccomp": "2", "Seccomp_filters": "2", "tid": 69733}, {"Name": "_vsock2", "NoNewPrivs": "1", "Seccomp": "2", "Seccomp_filters": "2", "tid": 69734}]
[+ 1.346242] BOOT ch_tun_fds_ready=[{"fd": 50, "iff": "aatap1024", "inode": 137}, {"fd": 68, "iff": "aatap1024", "inode": 137}, {"fd": 120, "iff": "aatap1024", "inode": 137}, {"fd": 121, "iff": "aatap1024", "inode": 137}, {"fd": 125, "iff": "aatap1024", "inode": 137}, {"fd": 128, "iff": "aatap1024", "inode": 137}]
[+ 1.348482] BOOT tap_state_ready=[{"ifindex":58918,"ifname":"aatap1024","flags":["BROADCAST","MULTICAST"],"mtu":1500,"qdisc":"noop","master":"aabr1024","operstate":"DOWN","linkmode":"DEFAULT","group":"default","txqlen":1000,"link_type":"ether","address":"3a:59:1a:bd:bf:4a","broadcast":"ff:ff:ff:ff:ff:ff","promiscuity":1,"allmulti":1,"min_mtu":68,"max_mtu":65521,"linkinfo":{"info_kind":"tun","info_data":{"type":"tap","pi":false,"vnet_hdr":true,"multi_queue":false,"persist":true,"user":"root"},"info_slave_kind":"bridge","info_slave_data":{"state":"disabled","priority":32,"cost":2,"hairpin":false,"guard":false,"root_block":false,"fastleave":false,"learning":true,"flood":true,"id":"0x8001","no":"0x1","designated_port":32769,"designated_cost":0,"bridge_id":"8000.12:ae:5:2b:ea:e1","root_id":"8000.12:ae:5:2b:ea:e1","hold_timer":0.00,"message_age_timer":0.00,"forward_delay_timer":0.00,"topology_change_ack":0,"config_pending":0,"proxy_arp":false,"proxy_arp_wifi":false,"multicast_router":1,"mcast_flood":true,"bcast_flood":true,"mcast_to_unicast":false,"neigh_suppress":false,"neigh_vlan_suppress":false,"group_fwd_mask":"0","group_fwd_mask_str":"0x0","vlan_tunnel":false,"isolated":false,"locked":false,"mab":false}},"inet6_addr_gen_mode":"eui64","num_tx_queues":1,"num_rx_queues":1,"gso_max_size":65536,"gso_max_segs":65535,"tso_max_size":65536,"tso_max_segs":65535,"gro_max_size":65536,"gso_ipv4_max_size":65536,"gro_ipv4_max_size":65536}]
[+ 1.349008] BOOT tap_stats_ready={"rx_bytes": 0, "rx_dropped": 0, "rx_packets": 0, "tx_bytes": 0, "tx_dropped": 0, "tx_packets": 0}
[+ 1.349048] BOOT RESULT=PASS mode=control READY; threads=11 leader_seccomp=0 leader_filters=0
[+ 1.349058] TRAFFIC BEGIN
[+ 1.349063] TRAFFIC hypothesis=after guard read-back and TAP activation, CH under the selected launcher-filter mode passes traffic in both directions
[+ 1.349069] TRAFFIC prediction=guest ping reaches host, host ping reaches guest, RX and TX counters advance, and capture shows guest-originated plus host-originated ICMP after activation
[+ 1.349075] TRAFFIC falsification=either ping fails, either direction is absent from capture/counters, or a frame predates activation
[+ 1.353150] TRAFFIC guard_readback_begin
[+ 1.353164] TRAFFIC   table bridge aaguard1024 { # handle 2813
[+ 1.353170] TRAFFIC   	chain input { # handle 1
[+ 1.353173] TRAFFIC   		type filter hook input priority -300; policy drop;
[+ 1.353175] TRAFFIC   		iifname "aatap1024" ether type arp counter packets 0 bytes 0 accept # handle 2
[+ 1.353178] TRAFFIC   		iifname "aatap1024" ip protocol icmp counter packets 0 bytes 0 accept # handle 3
[+ 1.353180] TRAFFIC   	}
[+ 1.353183] TRAFFIC   }
[+ 1.353186] TRAFFIC guard_readback_end
[+ 1.379480] TRAFFIC host_ping_rc=0 stdout='PING 10.77.239.2 (10.77.239.2) 56(84) bytes of data.\n64 bytes from 10.77.239.2: icmp_seq=1 ttl=64 time=0.113 ms\n\n--- 10.77.239.2 ping statistics ---\n1 packets transmitted, 1 received, 0% packet loss, time 0ms\nrtt min/avg/max/mdev = 0.113/0.113/0.113/0.000 ms\n' stderr=''
[+ 1.480287] TRAFFIC activation_ns=1790251793469635698 before_stats={"rx_bytes": 0, "rx_dropped": 0, "rx_packets": 0, "tx_bytes": 0, "tx_dropped": 0, "tx_packets": 0} after_stats={"rx_bytes": 238, "rx_dropped": 0, "rx_packets": 3, "tx_bytes": 524, "tx_dropped": 0, "tx_packets": 6}
[+ 1.480317] TRAFFIC capture_count=9 pre_activation=0 guest_src=3 host_src=6
[+ 1.480354] TRAFFIC frame={"dst": "33:33:00:00:00:16", "kind": "ethertype-0x86dd", "len": 110, "pkttype": 4, "src": "12:ae:05:2b:ea:e1", "ts": 1790251793474604887}
[+ 1.480380] TRAFFIC frame={"dst": "33:33:00:00:00:16", "kind": "ethertype-0x86dd", "len": 90, "pkttype": 4, "src": "3a:59:1a:bd:bf:4a", "ts": 1790251793474627121}
[+ 1.480397] TRAFFIC frame={"dst": "ff:ff:ff:ff:ff:ff", "kind": "arp", "len": 42, "pkttype": 1, "src": "02:00:00:aa:10:24", "ts": 1790251793476463194}
[+ 1.480412] TRAFFIC frame={"dst": "02:00:00:aa:10:24", "kind": "arp", "len": 42, "pkttype": 4, "src": "12:ae:05:2b:ea:e1", "ts": 1790251793476501392}
[+ 1.480431] TRAFFIC frame={"dst": "12:ae:05:2b:ea:e1", "kind": "icmp-request", "len": 98, "pkttype": 3, "src": "02:00:00:aa:10:24", "ts": 1790251793476693431}
[+ 1.480469] TRAFFIC frame={"dst": "02:00:00:aa:10:24", "kind": "icmp-reply", "len": 98, "pkttype": 4, "src": "12:ae:05:2b:ea:e1", "ts": 1790251793476721753}
[+ 1.480489] TRAFFIC frame={"dst": "33:33:ff:2b:ea:e1", "kind": "ethertype-0x86dd", "len": 86, "pkttype": 4, "src": "12:ae:05:2b:ea:e1", "ts": 1790251793490586831}
[+ 1.480514] TRAFFIC frame={"dst": "02:00:00:aa:10:24", "kind": "icmp-request", "len": 98, "pkttype": 4, "src": "12:ae:05:2b:ea:e1", "ts": 1790251793493583492}
[+ 1.480528] TRAFFIC frame={"dst": "12:ae:05:2b:ea:e1", "kind": "icmp-reply", "len": 98, "pkttype": 3, "src": "02:00:00:aa:10:24", "ts": 1790251793493683051}
[+ 1.481600] TRAFFIC thread_security_live=[{"Name": "cloud-hyperviso", "NoNewPrivs": "1", "Seccomp": "0", "Seccomp_filters": "0", "tid": 69721}, {"Name": "vmm", "NoNewPrivs": "1", "Seccomp": "2", "Seccomp_filters": "1", "tid": 69724}, {"Name": "http-server", "NoNewPrivs": "1", "Seccomp": "2", "Seccomp_filters": "1", "tid": 69725}, {"Name": "vmm_signal_hand", "NoNewPrivs": "1", "Seccomp": "2", "Seccomp_filters": "2", "tid": 69726}, {"Name": "vcpu0", "NoNewPrivs": "1", "Seccomp": "2", "Seccomp_filters": "2", "tid": 69728}, {"Name": "kvm-nx-lpage-re", "NoNewPrivs": "1", "Seccomp": "2", "Seccomp_filters": "2", "tid": 69729}, {"Name": "_disk0_q0", "NoNewPrivs": "1", "Seccomp": "2", "Seccomp_filters": "2", "tid": 69730}, {"Name": "_net1_ctrl", "NoNewPrivs": "1", "Seccomp": "2", "Seccomp_filters": "2", "tid": 69731}, {"Name": "_net1_qp0", "NoNewPrivs": "1", "Seccomp": "2", "Seccomp_filters": "2", "tid": 69732}, {"Name": "iou-wrk-69730", "NoNewPrivs": "1", "Seccomp": "2", "Seccomp_filters": "2", "tid": 69733}, {"Name": "_vsock2", "NoNewPrivs": "1", "Seccomp": "2", "Seccomp_filters": "2", "tid": 69734}]
[+ 1.481621] TRAFFIC RESULT=PASS mode=control guest_ping=true host_ping=true rx_delta=3 tx_delta=6 all_threads=11
[+ 1.481629] CLEANUP BEGIN
[+ 1.481634] CLEANUP hypothesis=terminating CH then removing only tag-scoped resources leaves the exact pre-run complement
[+ 1.481639] CLEANUP prediction=CH gone; TAP, bridge, nft table, cgroup, run directory, staging directory and holders absent
[+ 1.481644] CLEANUP falsification=any exact resource or new CH process remains
[+ 1.513514] CLEANUP ch_stderr_complete_begin
[+ 1.513534] CLEANUP ch_stderr_complete_end
[+ 1.513542] CLEANUP ch_exit=0
[+ 1.632528] CLEANUP final_readback={"bridge_exists": false, "cgroup_exists": false, "new_ch_pids": [], "nft_exists": false, "open_tun_fds": [], "run_dir_exists": false, "scratch_exists": false, "scratch_holders": [], "tap_exists": false, "tap_holders": [], "work_exists": false}
[+ 1.632560] CLEANUP RESULT=PASS exact empty complement
[+ 1.632567] SUMMARY PREFLIGHT: PASS native metal and exact resource complement clean
[+ 1.632571] SUMMARY IOCTL_ARM: PASS mode=control deny-list causal control passed; scratch removed
[+ 1.632574] SUMMARY STAGING: PASS private guest staging ready
[+ 1.632577] SUMMARY BOOT: PASS mode=control READY; threads=11 leader_seccomp=0 leader_filters=0
[+ 1.632580] SUMMARY TRAFFIC: PASS mode=control guest_ping=true host_ping=true rx_delta=3 tx_delta=6 all_threads=11
[+ 1.632583] SUMMARY CLEANUP: PASS exact empty complement
[+ 1.632588] SUMMARY elapsed_seconds=1.632586
VERDICT=WORKS mode=control
CLEANUP_FALLBACK []
CLEANUP_FINAL {"bridge": false, "cgroup": false, "new_ch_pids": [], "nft": false, "run_dir": false, "scratch": false, "tap": false, "tap_holders": [], "work": false}
cleanup_complete=True
