    Finished `dev` profile [unoptimized + debuginfo] target(s) in 0.07s
     Running `target/debug/xtask metal run -- python3 spike-scratch/increment-aa-netns-density-295-tap-ioctl-seccomp-20260924T120003Z/spike.py --mode filtered`
/usr/bin/ssh
xtask: running metal run (one bootstrap lease session)

########## [bootstrap] preflight: ssh to ubuntu@151.115.99.251

########## [bootstrap] remote user=ubuntu home=/home/ubuntu sudo='sudo -n'

########## [bootstrap] acquire canonical metal lease (/run/lock/overdrive-metal-shared.lock)
OVERDRIVE_METAL_LEASE_ACQUIRED token=8e566124000d4f3a0d28e06d pid=70039

########## [bootstrap] sync /Users/marcus/conductor/workspaces/helios/wellington-v2 -> ubuntu@151.115.99.251:/home/ubuntu/overdrive

sent 274,670 bytes  received 73,539 bytes  232,139.33 bytes/sec
total size is 267,222,125  speedup is 767.42

########## [bootstrap] fail-closed native x86_64/KVM preflight
[+ 0.000071] PREFLIGHT BEGIN
[+ 0.000097] PREFLIGHT hypothesis=the selected runner is native x86_64 metal with CH v53.0 and clean exact probe names
[+ 0.000102] PREFLIGHT prediction=root, systemd-detect-virt=none, uname recorded, CH reports v53.0, and no exact resource exists
[+ 0.000105] PREFLIGHT falsification=any virtualization, version mismatch, missing artifact, or pre-existing exact resource
[+ 0.054328] ENV mode=filtered
[+ 0.058883] ENV uname_r=7.0.0-29-generic
[+ 0.061946] ENV uname_full=Linux 7.0.0-29-generic x86_64 GNU/Linux
[+ 0.061969] ENV systemd_detect_virt=none
[+ 0.061978] ENV cloud_hypervisor=/usr/local/bin/cloud-hypervisor version=cloud-hypervisor v53.0
[+ 0.061984] ENV ch_v53_source_commit=9ed824d6d08df3e96f7d5f50795d9449ac99f431
[+ 0.062033] ENV fd_path_ioctls=[["TUNGETIFF", 2147767506, "net_util/src/tap.rs:255-257"], ["TUNSETIFF", 1074025674, "net_util/src/tap.rs:268-281; EEXIST accepted"], ["TUNSETVNETHDRSZ", 1074025688, "net_util/src/tap.rs:284-286,478-482"], ["SIOCGIFMTU", 35105, "virtio-devices/src/net.rs:546-553 -> net_util/src/tap.rs:413-425"], ["SIOCSIFMTU", 35106, "conditional on fd=...,mtu=; virtio-devices/src/net.rs:732-734 -> net_util/src/tap.rs:434-442"], ["TUNSETOFFLOAD", 1074025680, "virtio-devices/src/net.rs:959-965"]]
[+ 0.062071] ENV deny_list=[["SIOCSIFHWADDR", 35108], ["TUNSETOWNER", 1074025676], ["TUNSETGROUP", 1074025678], ["TUNSETPERSIST", 1074025675], ["TUNSETCARRIER", 1074025698], ["TUNSETDEBUG", 1074025673], ["TUNSETLINK", 1074025677], ["TUNSETTXFILTER", 1074025681], ["TUNATTACHFILTER", 1074812117], ["TUNDETACHFILTER", 1074812118], ["TUNSETSTEERINGEBPF", 2147767520], ["TUNSETFILTEREBPF", 2147767521], ["TUNSETQUEUE", 1074025689]]
[+ 0.062082] PREFLIGHT RESULT=PASS native metal and exact resource complement clean
[+ 0.062086] IOCTL_ARM BEGIN
[+ 0.062089] IOCTL_ARM hypothesis=the launcher filter returns EPERM for every deny-listed TAP mutation on every descendant thread; without it the kernel decides each request
[+ 0.062092] IOCTL_ARM prediction=filtered: four inherited-filter threads report EPERM for all 13 requests; control: one unfiltered thread reports no EPERM
[+ 0.062096] IOCTL_ARM falsification=any filtered request reaches the kernel, any filtered thread lacks seccomp mode 2, or any control request is preempted by EPERM
[+ 0.062532] IOCTL_ARM helper_cli=setpriv --reuid=4200 --regid=4200 --clear-groups --no-new-privs -- /usr/bin/python3 /proc/self/fd/4 --ioctl-child --mode filtered --fd 50 --tap aascr12f5
[+ 0.129709] IOCTL_ARM helper_rc=0
[+ 0.129736] IOCTL_ARM helper_stdout_begin
[+ 0.129754] IOCTL_ARM   IOCTL_CHILD [{"ioctls": {"SIOCSIFHWADDR": {"errname": "EPERM", "errno": 1, "rc": -1}, "TUNATTACHFILTER": {"errname": "EPERM", "errno": 1, "rc": -1}, "TUNDETACHFILTER": {"errname": "EPERM", "errno": 1, "rc": -1}, "TUNSETCARRIER": {"errname": "EPERM", "errno": 1, "rc": -1}, "TUNSETDEBUG": {"errname": "EPERM", "errno": 1, "rc": -1}, "TUNSETFILTEREBPF": {"errname": "EPERM", "errno": 1, "rc": -1}, "TUNSETGROUP": {"errname": "EPERM", "errno": 1, "rc": -1}, "TUNSETLINK": {"errname": "EPERM", "errno": 1, "rc": -1}, "TUNSETOWNER": {"errname": "EPERM", "errno": 1, "rc": -1}, "TUNSETPERSIST": {"errname": "EPERM", "errno": 1, "rc": -1}, "TUNSETQUEUE": {"errname": "EPERM", "errno": 1, "rc": -1}, "TUNSETSTEERINGEBPF": {"errname": "EPERM", "errno": 1, "rc": -1}, "TUNSETTXFILTER": {"errname": "EPERM", "errno": 1, "rc": -1}}, "label": "main", "status_before": {"Name": "python3", "NoNewPrivs": "1", "Seccomp": "2", "Seccomp_filters": "1"}, "tid": 70396}, {"ioctls": {"SIOCSIFHWADDR": {"errname": "EPERM", "errno": 1, "rc": -1}, "TUNATTACHFILTER": {"errname": "EPERM", "errno": 1, "rc": -1}, "TUNDETACHFILTER": {"errname": "EPERM", "errno": 1, "rc": -1}, "TUNSETCARRIER": {"errname": "EPERM", "errno": 1, "rc": -1}, "TUNSETDEBUG": {"errname": "EPERM", "errno": 1, "rc": -1}, "TUNSETFILTEREBPF": {"errname": "EPERM", "errno": 1, "rc": -1}, "TUNSETGROUP": {"errname": "EPERM", "errno": 1, "rc": -1}, "TUNSETLINK": {"errname": "EPERM", "errno": 1, "rc": -1}, "TUNSETOWNER": {"errname": "EPERM", "errno": 1, "rc": -1}, "TUNSETPERSIST": {"errname": "EPERM", "errno": 1, "rc": -1}, "TUNSETQUEUE": {"errname": "EPERM", "errno": 1, "rc": -1}, "TUNSETSTEERINGEBPF": {"errname": "EPERM", "errno": 1, "rc": -1}, "TUNSETTXFILTER": {"errname": "EPERM", "errno": 1, "rc": -1}}, "label": "worker-0", "status_before": {"Name": "Thread-1 (worke", "NoNewPrivs": "1", "Seccomp": "2", "Seccomp_filters": "1"}, "tid": 70404}, {"ioctls": {"SIOCSIFHWADDR": {"errname": "EPERM", "errno": 1, "rc": -1}, "TUNATTACHFILTER": {"errname": "EPERM", "errno": 1, "rc": -1}, "TUNDETACHFILTER": {"errname": "EPERM", "errno": 1, "rc": -1}, "TUNSETCARRIER": {"errname": "EPERM", "errno": 1, "rc": -1}, "TUNSETDEBUG": {"errname": "EPERM", "errno": 1, "rc": -1}, "TUNSETFILTEREBPF": {"errname": "EPERM", "errno": 1, "rc": -1}, "TUNSETGROUP": {"errname": "EPERM", "errno": 1, "rc": -1}, "TUNSETLINK": {"errname": "EPERM", "errno": 1, "rc": -1}, "TUNSETOWNER": {"errname": "EPERM", "errno": 1, "rc": -1}, "TUNSETPERSIST": {"errname": "EPERM", "errno": 1, "rc": -1}, "TUNSETQUEUE": {"errname": "EPERM", "errno": 1, "rc": -1}, "TUNSETSTEERINGEBPF": {"errname": "EPERM", "errno": 1, "rc": -1}, "TUNSETTXFILTER": {"errname": "EPERM", "errno": 1, "rc": -1}}, "label": "worker-1", "status_before": {"Name": "Thread-2 (worke", "NoNewPrivs": "1", "Seccomp": "2", "Seccomp_filters": "1"}, "tid": 70405}, {"ioctls": {"SIOCSIFHWADDR": {"errname": "EPERM", "errno": 1, "rc": -1}, "TUNATTACHFILTER": {"errname": "EPERM", "errno": 1, "rc": -1}, "TUNDETACHFILTER": {"errname": "EPERM", "errno": 1, "rc": -1}, "TUNSETCARRIER": {"errname": "EPERM", "errno": 1, "rc": -1}, "TUNSETDEBUG": {"errname": "EPERM", "errno": 1, "rc": -1}, "TUNSETFILTEREBPF": {"errname": "EPERM", "errno": 1, "rc": -1}, "TUNSETGROUP": {"errname": "EPERM", "errno": 1, "rc": -1}, "TUNSETLINK": {"errname": "EPERM", "errno": 1, "rc": -1}, "TUNSETOWNER": {"errname": "EPERM", "errno": 1, "rc": -1}, "TUNSETPERSIST": {"errname": "EPERM", "errno": 1, "rc": -1}, "TUNSETQUEUE": {"errname": "EPERM", "errno": 1, "rc": -1}, "TUNSETSTEERINGEBPF": {"errname": "EPERM", "errno": 1, "rc": -1}, "TUNSETTXFILTER": {"errname": "EPERM", "errno": 1, "rc": -1}}, "label": "worker-2", "status_before": {"Name": "Thread-3 (worke", "NoNewPrivs": "1", "Seccomp": "2", "Seccomp_filters": "1"}, "tid": 70406}]
[+ 0.129765] IOCTL_ARM   IOCTL_CHILD_RESULT mode=filtered pass=True
[+ 0.129770] IOCTL_ARM helper_stdout_end
[+ 0.129773] IOCTL_ARM helper_stderr=''
[+ 0.158656] IOCTL_ARM RESULT=PASS mode=filtered deny-list causal control passed; scratch removed
[+ 0.158677] STAGING BEGIN
[+ 0.158681] STAGING hypothesis=the increment-y guest and artifacts can be staged without altering shared masters
[+ 0.158684] STAGING prediction=private reflink rootfs, busybox beacon support, kernel, run directory and cgroup are ready
[+ 0.158687] STAGING falsification=any private staging step fails or touches a non-probe resource
[+ 0.205481] STAGING RESULT=PASS private guest staging ready
[+ 0.205509] BOOT BEGIN
[+ 0.205516] BOOT hypothesis=CH v53's fd= construction ioctls are disjoint from the deny-list, so CH boots with the launcher filter inherited
[+ 0.205522] BOOT prediction=guest READY, exact TAP fd held by CH, and filtered mode shows seccomp mode 2 plus at least one filter on every CH thread including leader
[+ 0.205526] BOOT falsification=CH exits, guest misses READY, required ioctl is denied, exact TAP fd is absent, or any filtered CH thread lacks the launcher filter
[+ 0.235515] BOOT ch_cli=prlimit --fsize=268435456 --nofile=256 -- setpriv --reuid=4200 --regid=4200 --groups=991 --no-new-privs -- /usr/local/bin/cloud-hypervisor --cpus boot=1 --memory size=268435456 --kernel /run/overdrive/vm/aa-seccomp-12f5/kernel --cmdline 'console=ttyS0 panic=1 root=/dev/vda rw overdrive.net=10.77.239.2/24,gw=10.77.239.1,dns=10.77.239.1' --disk path=/srv/vm/overdrive-testing/aa-seccomp-12f5/rootfs.ext4,image_type=raw --serial file=/run/overdrive/vm/aa-seccomp-12f5/console.log --console off --vsock cid=3,socket=/run/overdrive/vm/aa-seccomp-12f5/vsock --api-socket /run/overdrive/vm/aa-seccomp-12f5/api --seccomp true --landlock --net 'fd=[50],mac=02:00:00:aa:12:f5,offload_tso=off,offload_ufo=off,offload_csum=off' --landlock-rules path=/sys/class/net/aatap12f5,access=r --landlock-rules path=/run/overdrive/vm/aa-seccomp-12f5,access=rw
[+ 1.381203] BOOT ch_pid=70447 ready_line='READY pid=1 port=1234'
[+ 1.381401] BOOT thread_security_ready=[{"Name": "cloud-hyperviso", "NoNewPrivs": "1", "Seccomp": "2", "Seccomp_filters": "1", "tid": 70447}, {"Name": "vmm", "NoNewPrivs": "1", "Seccomp": "2", "Seccomp_filters": "2", "tid": 70448}, {"Name": "http-server", "NoNewPrivs": "1", "Seccomp": "2", "Seccomp_filters": "2", "tid": 70449}, {"Name": "vmm_signal_hand", "NoNewPrivs": "1", "Seccomp": "2", "Seccomp_filters": "3", "tid": 70450}, {"Name": "vcpu0", "NoNewPrivs": "1", "Seccomp": "2", "Seccomp_filters": "3", "tid": 70452}, {"Name": "kvm-nx-lpage-re", "NoNewPrivs": "1", "Seccomp": "2", "Seccomp_filters": "3", "tid": 70453}, {"Name": "_disk0_q0", "NoNewPrivs": "1", "Seccomp": "2", "Seccomp_filters": "3", "tid": 70454}, {"Name": "_net1_ctrl", "NoNewPrivs": "1", "Seccomp": "2", "Seccomp_filters": "3", "tid": 70455}, {"Name": "_net1_qp0", "NoNewPrivs": "1", "Seccomp": "2", "Seccomp_filters": "3", "tid": 70456}, {"Name": "iou-wrk-70454", "NoNewPrivs": "1", "Seccomp": "2", "Seccomp_filters": "3", "tid": 70457}, {"Name": "_vsock2", "NoNewPrivs": "1", "Seccomp": "2", "Seccomp_filters": "3", "tid": 70458}]
[+ 1.381471] BOOT ch_tun_fds_ready=[{"fd": 50, "iff": "aatap12f5", "inode": 137}, {"fd": 67, "iff": "aatap12f5", "inode": 137}, {"fd": 120, "iff": "aatap12f5", "inode": 137}, {"fd": 121, "iff": "aatap12f5", "inode": 137}, {"fd": 125, "iff": "aatap12f5", "inode": 137}, {"fd": 128, "iff": "aatap12f5", "inode": 137}]
[+ 1.384026] BOOT tap_state_ready=[{"ifindex":58921,"ifname":"aatap12f5","flags":["BROADCAST","MULTICAST"],"mtu":1500,"qdisc":"noop","master":"aabr12f5","operstate":"DOWN","linkmode":"DEFAULT","group":"default","txqlen":1000,"link_type":"ether","address":"ce:22:d6:e7:2e:ea","broadcast":"ff:ff:ff:ff:ff:ff","promiscuity":1,"allmulti":1,"min_mtu":68,"max_mtu":65521,"linkinfo":{"info_kind":"tun","info_data":{"type":"tap","pi":false,"vnet_hdr":true,"multi_queue":false,"persist":true,"user":"root"},"info_slave_kind":"bridge","info_slave_data":{"state":"disabled","priority":32,"cost":2,"hairpin":false,"guard":false,"root_block":false,"fastleave":false,"learning":true,"flood":true,"id":"0x8001","no":"0x1","designated_port":32769,"designated_cost":0,"bridge_id":"8000.16:40:eb:f8:7:2","root_id":"8000.16:40:eb:f8:7:2","hold_timer":0.00,"message_age_timer":0.00,"forward_delay_timer":0.00,"topology_change_ack":0,"config_pending":0,"proxy_arp":false,"proxy_arp_wifi":false,"multicast_router":1,"mcast_flood":true,"bcast_flood":true,"mcast_to_unicast":false,"neigh_suppress":false,"neigh_vlan_suppress":false,"group_fwd_mask":"0","group_fwd_mask_str":"0x0","vlan_tunnel":false,"isolated":false,"locked":false,"mab":false}},"inet6_addr_gen_mode":"eui64","num_tx_queues":1,"num_rx_queues":1,"gso_max_size":65536,"gso_max_segs":65535,"tso_max_size":65536,"tso_max_segs":65535,"gro_max_size":65536,"gso_ipv4_max_size":65536,"gro_ipv4_max_size":65536}]
[+ 1.384579] BOOT tap_stats_ready={"rx_bytes": 0, "rx_dropped": 0, "rx_packets": 0, "tx_bytes": 0, "tx_dropped": 0, "tx_packets": 0}
[+ 1.384655] BOOT RESULT=PASS mode=filtered READY; threads=11 leader_seccomp=2 leader_filters=1
[+ 1.384672] TRAFFIC BEGIN
[+ 1.384677] TRAFFIC hypothesis=after guard read-back and TAP activation, CH under the selected launcher-filter mode passes traffic in both directions
[+ 1.384686] TRAFFIC prediction=guest ping reaches host, host ping reaches guest, RX and TX counters advance, and capture shows guest-originated plus host-originated ICMP after activation
[+ 1.384692] TRAFFIC falsification=either ping fails, either direction is absent from capture/counters, or a frame predates activation
[+ 1.389297] TRAFFIC guard_readback_begin
[+ 1.389334] TRAFFIC   table bridge aaguard12f5 { # handle 2814
[+ 1.389377] TRAFFIC   	chain input { # handle 1
[+ 1.389387] TRAFFIC   		type filter hook input priority -300; policy drop;
[+ 1.389396] TRAFFIC   		iifname "aatap12f5" ether type arp counter packets 0 bytes 0 accept # handle 2
[+ 1.389405] TRAFFIC   		iifname "aatap12f5" ip protocol icmp counter packets 0 bytes 0 accept # handle 3
[+ 1.389414] TRAFFIC   	}
[+ 1.389423] TRAFFIC   }
[+ 1.389432] TRAFFIC guard_readback_end
[+ 1.417430] TRAFFIC host_ping_rc=0 stdout='PING 10.77.239.2 (10.77.239.2) 56(84) bytes of data.\n64 bytes from 10.77.239.2: icmp_seq=1 ttl=64 time=0.153 ms\n\n--- 10.77.239.2 ping statistics ---\n1 packets transmitted, 1 received, 0% packet loss, time 0ms\nrtt min/avg/max/mdev = 0.153/0.153/0.153/0.000 ms\n' stderr=''
[+ 1.518251] TRAFFIC activation_ns=1790251811186042490 before_stats={"rx_bytes": 0, "rx_dropped": 0, "rx_packets": 0, "tx_bytes": 0, "tx_dropped": 0, "tx_packets": 0} after_stats={"rx_bytes": 238, "rx_dropped": 0, "rx_packets": 3, "tx_bytes": 438, "tx_dropped": 0, "tx_packets": 5}
[+ 1.518281] TRAFFIC capture_count=8 pre_activation=0 guest_src=3 host_src=5
[+ 1.518326] TRAFFIC frame={"dst": "33:33:00:00:00:16", "kind": "ethertype-0x86dd", "len": 110, "pkttype": 4, "src": "16:40:eb:f8:07:02", "ts": 1790251811190595883}
[+ 1.518364] TRAFFIC frame={"dst": "33:33:00:00:00:16", "kind": "ethertype-0x86dd", "len": 90, "pkttype": 4, "src": "ce:22:d6:e7:2e:ea", "ts": 1790251811190607180}
[+ 1.518381] TRAFFIC frame={"dst": "ff:ff:ff:ff:ff:ff", "kind": "arp", "len": 42, "pkttype": 1, "src": "02:00:00:aa:12:f5", "ts": 1790251811193342246}
[+ 1.518395] TRAFFIC frame={"dst": "02:00:00:aa:12:f5", "kind": "arp", "len": 42, "pkttype": 4, "src": "16:40:eb:f8:07:02", "ts": 1790251811193373874}
[+ 1.518413] TRAFFIC frame={"dst": "16:40:eb:f8:07:02", "kind": "icmp-request", "len": 98, "pkttype": 3, "src": "02:00:00:aa:12:f5", "ts": 1790251811193556870}
[+ 1.518430] TRAFFIC frame={"dst": "02:00:00:aa:12:f5", "kind": "icmp-reply", "len": 98, "pkttype": 4, "src": "16:40:eb:f8:07:02", "ts": 1790251811193576279}
[+ 1.518445] TRAFFIC frame={"dst": "02:00:00:aa:12:f5", "kind": "icmp-request", "len": 98, "pkttype": 4, "src": "16:40:eb:f8:07:02", "ts": 1790251811211125952}
[+ 1.518459] TRAFFIC frame={"dst": "16:40:eb:f8:07:02", "kind": "icmp-reply", "len": 98, "pkttype": 3, "src": "02:00:00:aa:12:f5", "ts": 1790251811211259213}
[+ 1.519508] TRAFFIC thread_security_live=[{"Name": "cloud-hyperviso", "NoNewPrivs": "1", "Seccomp": "2", "Seccomp_filters": "1", "tid": 70447}, {"Name": "vmm", "NoNewPrivs": "1", "Seccomp": "2", "Seccomp_filters": "2", "tid": 70448}, {"Name": "http-server", "NoNewPrivs": "1", "Seccomp": "2", "Seccomp_filters": "2", "tid": 70449}, {"Name": "vmm_signal_hand", "NoNewPrivs": "1", "Seccomp": "2", "Seccomp_filters": "3", "tid": 70450}, {"Name": "vcpu0", "NoNewPrivs": "1", "Seccomp": "2", "Seccomp_filters": "3", "tid": 70452}, {"Name": "kvm-nx-lpage-re", "NoNewPrivs": "1", "Seccomp": "2", "Seccomp_filters": "3", "tid": 70453}, {"Name": "_disk0_q0", "NoNewPrivs": "1", "Seccomp": "2", "Seccomp_filters": "3", "tid": 70454}, {"Name": "_net1_ctrl", "NoNewPrivs": "1", "Seccomp": "2", "Seccomp_filters": "3", "tid": 70455}, {"Name": "_net1_qp0", "NoNewPrivs": "1", "Seccomp": "2", "Seccomp_filters": "3", "tid": 70456}, {"Name": "iou-wrk-70454", "NoNewPrivs": "1", "Seccomp": "2", "Seccomp_filters": "3", "tid": 70457}, {"Name": "_vsock2", "NoNewPrivs": "1", "Seccomp": "2", "Seccomp_filters": "3", "tid": 70458}]
[+ 1.519544] TRAFFIC RESULT=PASS mode=filtered guest_ping=true host_ping=true rx_delta=3 tx_delta=5 all_threads=11
[+ 1.519555] CLEANUP BEGIN
[+ 1.519561] CLEANUP hypothesis=terminating CH then removing only tag-scoped resources leaves the exact pre-run complement
[+ 1.519566] CLEANUP prediction=CH gone; TAP, bridge, nft table, cgroup, run directory, staging directory and holders absent
[+ 1.519571] CLEANUP falsification=any exact resource or new CH process remains
[+ 1.551588] CLEANUP ch_stderr_complete_begin
[+ 1.551611] CLEANUP ch_stderr_complete_end
[+ 1.551620] CLEANUP ch_exit=0
[+ 1.660160] CLEANUP final_readback={"bridge_exists": false, "cgroup_exists": false, "new_ch_pids": [], "nft_exists": false, "open_tun_fds": [], "run_dir_exists": false, "scratch_exists": false, "scratch_holders": [], "tap_exists": false, "tap_holders": [], "work_exists": false}
[+ 1.660208] CLEANUP RESULT=PASS exact empty complement
[+ 1.660233] SUMMARY PREFLIGHT: PASS native metal and exact resource complement clean
[+ 1.660247] SUMMARY IOCTL_ARM: PASS mode=filtered deny-list causal control passed; scratch removed
[+ 1.660254] SUMMARY STAGING: PASS private guest staging ready
[+ 1.660262] SUMMARY BOOT: PASS mode=filtered READY; threads=11 leader_seccomp=2 leader_filters=1
[+ 1.660270] SUMMARY TRAFFIC: PASS mode=filtered guest_ping=true host_ping=true rx_delta=3 tx_delta=5 all_threads=11
[+ 1.660277] SUMMARY CLEANUP: PASS exact empty complement
[+ 1.660288] SUMMARY elapsed_seconds=1.660285
VERDICT=WORKS mode=filtered
CLEANUP_FALLBACK []
CLEANUP_FINAL {"bridge": false, "cgroup": false, "new_ch_pids": [], "nft": false, "run_dir": false, "scratch": false, "tap": false, "tap_holders": [], "work": false}
cleanup_complete=True
