/usr/bin/ssh

########## [bootstrap] preflight: ssh to <redacted-metal-target>

########## [bootstrap] remote user=ubuntu home=<metal-home> sudo='sudo -n'

########## [bootstrap] acquire canonical metal lease (/run/lock/overdrive-metal-shared.lock)
OVERDRIVE_METAL_LEASE_ACQUIRED token=de8d96618a2d0d9589bd81ea pid=187801

########## [bootstrap] sync /Users/marcus/conductor/workspaces/helios/bordeaux-v2 -> <redacted-metal-target>:<metal-home>/overdrive
cannot delete non-empty directory: spike-scratch/increment-u-netns-density-295-default-offload-20260913T2302
cannot delete non-empty directory: spike-scratch/increment-t-netns-density-295-bridge-local-20260913T2259
cannot delete non-empty directory: spike-scratch/increment-s-netns-density-295-bridge-dns-20260913T2257
cannot delete non-empty directory: spike-scratch/increment-r-netns-density-295-offload-20260913T2254
cannot delete non-empty directory: spike-scratch/increment-q-netns-density-295-broute-host-20260913T2252
cannot delete non-empty directory: spike-scratch/increment-p-netns-density-295-metal-20260913T2237

sent 169,654 bytes  received 3,158 bytes  69,124.80 bytes/sec
total size is 156,740,469  speedup is 907.00

########## [bootstrap] fail-closed native x86_64/KVM preflight

=== substrate probes ===
uname -m: x86_64
uname -r: 7.0.0-29-generic
systemd-detect-virt: none (exit 1)
cpu vmx/svm flag count: 16
crw-rw---- 1 root kvm 10, 232 Sep 28 07:03 /dev/kvm
KVM_GET_API_VERSION=12 KVM_CREATE_VM=ok
model name	: AMD EPYC 8024P 8-Core Processor
16

=== Firecracker binaries from Spike A2 (must exist, unchanged) ===
99ad0f5cd0514a88aad0e9ae8cfdb3cc3b4ab9d190e1194602406c786b5de7a5  <metal-home>/igkm-spike-a/firecracker/v1.17.0/release-v1.17.0-x86_64/firecracker-v1.17.0-x86_64
Firecracker v1.17.0
8f0ea0c508d690b288079709830ca6aa037f75cea3dc9ddd48b2aa0ab0b448d5  <metal-home>/igkm-spike-a/firecracker/v1.11.0/release-v1.11.0-x86_64/firecracker-v1.11.0-x86_64
Firecracker v1.11.0

=== identity / scratch ===
uid=1000(ubuntu) gid=1000(ubuntu) groups=1000(ubuntu),4(adm),24(cdrom),27(sudo),30(dip),102(lxd),991(kvm)
HOME=<metal-home>
/dev/md1        847G  135G  669G  17% /
total 148
drwxrwxr-x  8 ubuntu ubuntu  4096 Sep 28 06:47 .
drwxr-x---  9 ubuntu ubuntu  4096 Sep 28 06:06 ..
drwxrwxr-x  2 ubuntu ubuntu  4096 Sep 28 06:06 bin
drwxrwxr-x  4 ubuntu ubuntu  4096 Sep 28 06:45 firecracker
drwxrwxr-x 15 ubuntu ubuntu  4096 Sep 28 06:06 nanos
-rw-rw-r--  1 ubuntu ubuntu 51134 Sep 28 06:07 nanos-make-kernel.log
-rw-rw-r--  1 ubuntu ubuntu  2971 Sep 28 06:07 nanos-make-mkfs.log
drwxrwxr-x 15 ubuntu ubuntu  4096 Sep 28 06:14 nanos-pvhfix
-rw-rw-r--  1 ubuntu ubuntu 53850 Sep 28 06:14 nanos-pvhfix-make.log
-rw-rw-r--  1 ubuntu ubuntu  2127 Sep 28 06:14 nanos-pvhfix-sockdebug-make.log
drwxrwxr-x  2 ubuntu ubuntu  4096 Sep 28 06:14 out
drwxrwxr-x  3 ubuntu ubuntu  4096 Sep 28 06:06 src
ls: cannot access '<metal-home>/igkm-spike-a/unikraft': No such file or directory

=== build tooling (Unikraft make/Kconfig build) ===
gcc        /usr/bin/gcc
cc         /usr/bin/cc
make       /usr/bin/make
ld         /usr/bin/ld
as         /usr/bin/as
ar         /usr/bin/ar
objcopy    /usr/bin/objcopy
strip      /usr/bin/strip
nm         /usr/bin/nm
readelf    /usr/bin/readelf
git        /usr/bin/git
curl       /usr/bin/curl
wget       /usr/bin/wget
python3    /usr/bin/python3
flex       MISSING
bison      MISSING
m4         MISSING
unzip      /usr/bin/unzip
patch      /usr/bin/patch
gawk       /usr/bin/gawk
awk        /usr/bin/awk
sed        /usr/bin/sed
tar        /usr/bin/tar
gzip       /usr/bin/gzip
xz         /usr/bin/xz
bc         /usr/bin/bc
cpio       /usr/bin/cpio
kraft      MISSING
nasm       MISSING
gcc (Ubuntu 15.2.0-16ubuntu1) 15.2.0
GNU Make 4.4.1
GNU ld (GNU Binutils for Ubuntu) 2.46
Python 3.14.4
GNU Wget 1.25.0 built on linux-gnu.
nasm (Spike A user-space build): NASM version 2.16.03 compiled on Sep 28 2026
libncurses headers: MISSING

=== network reachability (HEAD/metadata only) ===
https://github.com -> 200
https://ftp.gnu.org/gnu/ -> 200
https://codeload.github.com -> 301

=== tap name / subnet availability ===
igkmc0 present: no
192.168.203.x on host: 0
lo               UNKNOWN        127.0.0.1/8 
eno12399np0      UP             <redacted-metal-host>/24 metric 100 

=== staging files for preflight ===
-rw----r-- 1 root root 17295752 Aug 14 13:41 /srv/vm/overdrive-testing/kernel
-rw-r--r-- 1 root root 67108864 Sep 25 21:35 /srv/vm/overdrive-testing/rootfs.ext4

=== verdict ===
SUBSTRATE OK
