/usr/bin/ssh

########## [bootstrap] preflight: ssh to <redacted-metal-target>

########## [bootstrap] remote user=ubuntu home=<metal-home> sudo='sudo -n'

########## [bootstrap] acquire canonical metal lease (/run/lock/overdrive-metal-shared.lock)
OVERDRIVE_METAL_LEASE_ACQUIRED token=4a5a634f8b4695e14467498c pid=222075

########## [bootstrap] sync /Users/marcus/conductor/workspaces/helios/bordeaux-v2 -> <redacted-metal-target>:<metal-home>/overdrive
cannot delete non-empty directory: spike-scratch/increment-u-netns-density-295-default-offload-20260913T2302
cannot delete non-empty directory: spike-scratch/increment-t-netns-density-295-bridge-local-20260913T2259
cannot delete non-empty directory: spike-scratch/increment-s-netns-density-295-bridge-dns-20260913T2257
cannot delete non-empty directory: spike-scratch/increment-r-netns-density-295-offload-20260913T2254
cannot delete non-empty directory: spike-scratch/increment-q-netns-density-295-broute-host-20260913T2252
cannot delete non-empty directory: spike-scratch/increment-p-netns-density-295-metal-20260913T2237

sent 154,503 bytes  received 4,105 bytes  63,443.20 bytes/sec
total size is 156,929,758  speedup is 989.42

########## [bootstrap] fail-closed native x86_64/KVM preflight

##### [build] sources  (07:19:51)
unikraft HEAD=eb8fa2368618cea11c9bde196f79e6e6b9caeed5 tree=48639ed4fe5ce6133789c54a043d1ae86fed4f61 dirty=0
lib-lwip HEAD=ec55ae17618feeb57c8c10109bcf5c42723e8e95 tree=16e828f2b3af7b73787307189f624538cffd8974 dirty=0
fork-lwip branch head at build time (lib-lwip default LWIP_UNIKRAFT21X downloads this branch zip):
bef26c44236a078d4352e76392ef16f019bea501	refs/heads/UNIKRAFT-2_1_x
gcc      /usr/bin/gcc  gcc (Ubuntu 15.2.0-16ubuntu1) 15.2.0
make     /usr/bin/make  GNU Make 4.4.1
ld       /usr/bin/ld  GNU ld (GNU Binutils for Ubuntu) 2.46
flex     <metal-home>/igkm-spike-a/unikraft/tools/prefix/bin/flex  flex 2.6.4
bison    <metal-home>/igkm-spike-a/unikraft/tools/prefix/bin/bison  bison (GNU Bison) 3.8.2
m4       <metal-home>/igkm-spike-a/unikraft/tools/prefix/bin/m4  m4 (GNU M4) 1.4.19
python3  /usr/bin/python3  Python 3.14.4

##### [build] app sources -> <metal-home>/igkm-spike-a/unikraft/app-igkmc  (07:19:51)
e3104fa76e48a8966012148085426a9e08eafc66bf292640c9b5763924835db3  <metal-home>/igkm-spike-a/unikraft/app-igkmc/main.c
dd9103dedca15e3816b502350a474b7ce25660c467dc150aa451569d1ec0a65a  <metal-home>/igkm-spike-a/unikraft/app-igkmc/defconfig
87805b662de71f791f40a03d62765ebac4321c7467edf5d8a20de70dd8a7a4b3  <metal-home>/igkm-spike-a/unikraft/app-igkmc/Makefile.uk
fb62c3c6716ee2f4cd4dbec36336b8b2742d661f13b7c701d0823bcadeef91ae  <metal-home>/igkm-spike-a/unikraft/app-igkmc/Config.uk

##### [build] clean build dir (every build is from scratch)  (07:19:51)

##### [build] configure: make defconfig UK_DEFCONFIG=<metal-home>/igkm-spike-a/unikraft/app-igkmc/defconfig  (07:19:52)
/usr/bin/gcc -ldl -I. -I<metal-home>/igkm-spike-a/unikraft/build-igkmc/kconfig -DCONFIG_=\"\"   <metal-home>/igkm-spike-a/unikraft/build-igkmc/kconfig/fixdep.o -o <metal-home>/igkm-spike-a/unikraft/build-igkmc/kconfig/fixdep
#
# configuration written to <metal-home>/igkm-spike-a/unikraft/app-igkmc/.config
#
make: Leaving directory '<metal-home>/igkm-spike-a/unikraft/unikraft'

##### [build] required symbols in the resolved .config  (07:19:53)
  CONFIG_PLAT_KVM=y
  CONFIG_KVM_VMM_FIRECRACKER=y
  CONFIG_KVM_BOOT_PROTO_LXBOOT=y
  CONFIG_VIRTIO_MMIO_LINUX_COMPAT_CMDLINE=y
  CONFIG_LIBVIRTIO_MMIO=y
  CONFIG_LIBVIRTIO_NET=y
  CONFIG_LIBVIRTIO_VSOCK=y
  CONFIG_LIBUKVSOCKDEV=y
  CONFIG_LIBUKNETDEV=y
  CONFIG_LIBUKNETDEV_EINFO_LIBPARAM=y
  CONFIG_LIBUKLIBPARAM=y
  CONFIG_LIBPOSIX_SOCKET=y
  CONFIG_LIBLWIP=y
  CONFIG_LWIP_UKNETDEV=y
  CONFIG_LWIP_SOCKET=y
  CONFIG_LWIP_TCP=y
  CONFIG_LIBNS16550=y
  CONFIG_LIBNS16550_EARLY_CONSOLE=y
  CONFIG_LIBUKPM=y
  CONFIG_LIBUKPS2_SYSRESET=y
  CONFIG_LIBUKPRINT_KLVL_INFO=y
  CONFIG_KVM_BOOT_PROTO_MULTIBOOT    (absent)
  CONFIG_KVM_BOOT_PROTO_EFI_STUB     (absent)
  CONFIG_LIBVIRTIO_PCI               (absent)
  CONFIG_LIBUKACPI                   # CONFIG_LIBUKACPI is not set
  CONFIG_OPTIMIZE_PIE                # CONFIG_OPTIMIZE_PIE is not set

##### [build] full resolved .config (sha256 89e56902c3ca4702c7b7430043615773d928822fcffa530c6640cb19a02e27d5)  (07:19:53)
----- BEGIN .config -----
#
# Automatically generated file; DO NOT EDIT.
# Unikraft/0.21.0~eb8fa236 Configuration
#
CONFIG_UK_FULLVERSION="0.21.0~eb8fa236"
CONFIG_UK_CODENAME="Ijiraq"
CONFIG_UK_ARCH="x86_64"
CONFIG_HOST_ARCH="x86_64"
CONFIG_UK_BASE="<metal-home>/igkm-spike-a/unikraft/unikraft"
CONFIG_UK_APP="<metal-home>/igkm-spike-a/unikraft/app-igkmc"
CONFIG_UK_DEFNAME="app-igkmc"

#
# Architecture Selection
#
CONFIG_ARCH_X86_64=y
# CONFIG_ARCH_ARM_64 is not set
# CONFIG_ARCH_ARM_32 is not set
# CONFIG_MARCH_X86_64_NATIVE is not set
CONFIG_MARCH_X86_64_GENERIC=y
# CONFIG_MARCH_X86_64_NOCONA is not set
# CONFIG_MARCH_X86_64_CORE2 is not set
# CONFIG_MARCH_X86_64_COREI7 is not set
# CONFIG_MARCH_X86_64_COREI7AVX is not set
# CONFIG_MARCH_X86_64_COREI7AVXI is not set
# CONFIG_MARCH_X86_64_ATOM is not set
# CONFIG_MARCH_X86_64_K8 is not set
# CONFIG_MARCH_X86_64_K8SSE3 is not set
# CONFIG_MARCH_X86_64_AMDFAM10 is not set
# CONFIG_MARCH_X86_64_BTVER1 is not set
# CONFIG_MARCH_X86_64_BDVER1 is not set
# CONFIG_MARCH_X86_64_BDVER2 is not set
# CONFIG_MARCH_X86_64_BDVER3 is not set
# CONFIG_MARCH_X86_64_BTVER2 is not set
CONFIG_STACK_SIZE_PAGE_ORDER=4
CONFIG_CPU_EXCEPT_STACK_SIZE_PAGE_ORDER=4
CONFIG_AUXSTACK_SIZE_PAGE_ORDER=4
# end of Architecture Selection

#
# Platform Configuration
#
CONFIG_PLAT_KVM=y
CONFIG_KVM_BOOT_PROTO_LXBOOT=y
# CONFIG_KVM_VMM_QEMU is not set
CONFIG_KVM_VMM_FIRECRACKER=y
CONFIG_LIBUKPLAT_NATIVE_PAL=y
CONFIG_LIBUKPLAT_NATIVE=y
CONFIG_LIBUKPLAT_NATIVE_ADDR=y
CONFIG_LIBUKPLAT_NATIVE_PAGE=y
CONFIG_LIBUKPLAT_NATIVE_PT=y
CONFIG_LIBUKPLAT_NATIVE_TLB=y
CONFIG_LIBUKPLAT_NATIVE_ECTX=y
# CONFIG_LIBUKPLAT_NATIVE_ECTX_ISR_ASSERTIONS is not set
CONFIG_LIBUKPLAT_NATIVE_AUXSP=y
CONFIG_LIBUKPLAT_NATIVE_LCPU=y
CONFIG_LIBUKPLAT_NATIVE_REGS=y
CONFIG_LIBUKPLAT_NATIVE_EXCEPT=y
CONFIG_LIBUKPLAT_NATIVE_SYSCTX=y
CONFIG_LIBUKPLAT_NATIVE_LCPU_PM=y
CONFIG_LIBUKPLAT_NATIVE_START=y
# CONFIG_PLAT_XEN is not set

#
# Platform Interface Options
#
# CONFIG_UKPLAT_MEMRNAME is not set
CONFIG_UKPLAT_MEMREGION_MAX_COUNT=128
CONFIG_UKPLAT_CPU_MAXCOUNT=1
# end of Platform Interface Options

CONFIG_HZ=100
CONFIG_HAVE_SHUTDOWN_DISPATCHER=y
CONFIG_HAVE_PAGING=y
CONFIG_HAVE_CPU_MULTI_PHASE_STARTUP=y
# end of Platform Configuration

#
# Device Drivers
#

#
# Real Time Clock
#
# end of Real Time Clock

CONFIG_VIRTIO_DEVICE=y

#
# Bus drivers
#
CONFIG_LIBUKBUS_PLATFORM=y
# end of Bus drivers

#
# Interrupt controller
#
CONFIG_HAVE_APIC=y
CONFIG_LIBUKINTCTLR_XPIC=y
# CONFIG_LIBUKINTCTLR_APIC is not set
# end of Interrupt controller

#
# Platform
#

#
# Input devices
#
CONFIG_HAVE_IBMPC_PS2=y
CONFIG_LIBUKPS2=y
CONFIG_LIBUKPS2_KBD=y
CONFIG_LIBUKPS2_SYSRESET=y
# end of Input devices

#
# Random Number Generator
#
CONFIG_LIBUKRANDOM_LCPU=y
# end of Random Number Generator

#
# Serial console
#
CONFIG_HAVE_IBMPC_NS16550=y
CONFIG_LIBNS16550=y
CONFIG_LIBNS16550_EARLY_CONSOLE=y
CONFIG_LIBNS16550_COM_AVAIL=y
CONFIG_LIBNS16550_COM1=y
CONFIG_LIBNS16550_COM1_BAUD_115200=y
# CONFIG_LIBNS16550_COM1_BAUD_57600 is not set
# CONFIG_LIBNS16550_COM1_BAUD_38400 is not set
# CONFIG_LIBNS16550_COM1_BAUD_19200 is not set
# CONFIG_LIBNS16550_COM2 is not set
# CONFIG_LIBNS16550_COM3 is not set
# CONFIG_LIBNS16550_COM4 is not set
CONFIG_LIBNS16550_COM1_EARLY=y
# end of Serial console

#
# Virtio
#
CONFIG_LIBVIRTIO_BUS=y
# CONFIG_LIBVIRTIO_CONSOLE is not set
# CONFIG_LIBVIRTIO_FS is not set
CONFIG_HAVE_MMIO=y
CONFIG_LIBVIRTIO_MMIO=y
CONFIG_VIRTIO_MMIO_MAX_DEV_CMDLINE=4
CONFIG_VIRTIO_MMIO_LINUX_COMPAT_CMDLINE=y
CONFIG_LIBVIRTIO_NET=y
CONFIG_LIBVIRTIO_RING=y
CONFIG_LIBVIRTIO_VSOCK=y
# end of Virtio

#
# Xen
#
# CONFIG_LIBXENEMGCONS is not set
# end of Xen

#
# Firmware
#
# CONFIG_LIBUKACPI is not set
# CONFIG_LIBUKEFI is not set
# end of Firmware
# end of Device Drivers

#
# Library Configuration
#
CONFIG_LIBISRLIB=y
CONFIG_LIBNOLIBC=y
CONFIG_LIBNOLIBC_UKDEBUG_ASSERT=y
# CONFIG_LIBNOLIBC_SYSLOG is not set
CONFIG_LIBNOLIBC_FD_SETSIZE=64
# CONFIG_LIBPOSIX_ENVIRON is not set
# CONFIG_LIBPOSIX_EVENTFD is not set
CONFIG_LIBPOSIX_FD=y
CONFIG_LIBPOSIX_FD_HEAPOFD=y
CONFIG_LIBPOSIX_FDIO=y
CONFIG_LIBPOSIX_FDTAB=y
CONFIG_LIBPOSIX_FDTAB_MAXFDS=1024
CONFIG_LIBPOSIX_FDTAB_LEGACY_SHIM=y
# CONFIG_LIBPOSIX_FUTEX is not set
# CONFIG_LIBPOSIX_LIBDL is not set
# CONFIG_LIBPOSIX_NETLINK is not set
# CONFIG_LIBPOSIX_PIPE is not set
# CONFIG_LIBPOSIX_POLL is not set
# CONFIG_LIBPOSIX_PROCESS is not set
CONFIG_LIBPOSIX_SOCKET=y
# CONFIG_LIBPOSIX_SOCKET_PRINT_ERRORS is not set
# CONFIG_LIBPOSIX_SOCKET_EVENTS is not set
# CONFIG_LIBPOSIX_SYSINFO is not set
CONFIG_LIBPOSIX_TIME=y
# CONFIG_LIBPOSIX_TIMERFD is not set
# CONFIG_LIBPOSIX_TTY is not set
# CONFIG_LIBPOSIX_UNIXSOCKET is not set
# CONFIG_LIBPOSIX_USER is not set
# CONFIG_LIBPOSIX_VFS is not set
# CONFIG_LIBPOSIX_VFS_FSTAB is not set
# CONFIG_LIBSYSCALL_SHIM is not set
# CONFIG_LIBUBSAN is not set
# CONFIG_LIBUK9P is not set
CONFIG_LIBUKALLOC=y
# CONFIG_LIBUKALLOC_IFMALLOC is not set
# CONFIG_LIBUKALLOC_IFSTATS is not set
CONFIG_LIBUKALLOCBBUDDY=y
# CONFIG_LIBUKALLOCBBUDDY_FREELIST_SANITY is not set
# CONFIG_LIBUKALLOCPOOL is not set
# CONFIG_LIBUKALLOCREGION is not set
CONFIG_LIBUKALLOCSTACK=y
CONFIG_LIBUKARGPARSE=y
# CONFIG_LIBUKARGPARSE_TEST is not set
CONFIG_LIBUKATOMIC=y
# CONFIG_LIBUKBINFMT is not set
CONFIG_LIBUKBITOPS=y
# CONFIG_LIBUKBLKDEV is not set
CONFIG_LIBUKBOOT=y
# CONFIG_LIBUKBOOT_BANNER_NONE is not set
# CONFIG_LIBUKBOOT_BANNER_MINIMAL is not set
# CONFIG_LIBUKBOOT_BANNER_CLASSIC is not set
CONFIG_LIBUKBOOT_BANNER_POWEREDBY=y
# CONFIG_LIBUKBOOT_BANNER_POWEREDBY_ANSI is not set
# CONFIG_LIBUKBOOT_BANNER_POWEREDBY_ANSI2 is not set
# CONFIG_LIBUKBOOT_BANNER_POWEREDBY_EA is not set
# CONFIG_LIBUKBOOT_BANNER_POWEREDBY_EAANSI is not set
# CONFIG_LIBUKBOOT_BANNER_POWEREDBY_EAANSI2 is not set
# CONFIG_LIBUKBOOT_BANNER_POWEREDBY_U8 is not set
# CONFIG_LIBUKBOOT_BANNER_POWEREDBY_U8ANSI is not set
# CONFIG_LIBUKBOOT_BANNER_POWEREDBY_U8ANSI2 is not set
CONFIG_LIBUKBOOT_CMDLINE_MAX_LEN=4096
CONFIG_LIBUKBOOT_MAXNBARGS=60
CONFIG_LIBUKBOOT_INITALLOC=y
CONFIG_LIBUKBOOT_INITBBUDDY=y
# CONFIG_LIBUKBOOT_INITREGION is not set
# CONFIG_LIBUKBOOT_INITNOALLOC is not set
CONFIG_LIBUKBOOT_INITSCHED=y
CONFIG_LIBUKBOOT_INITSCHEDCOOP=y
# CONFIG_LIBUKBOOT_INITNOSCHED is not set
CONFIG_LIBUKBOOT_MAINTHREAD=y
# CONFIG_LIBUKBOOT_MAINTHREAD_NOHALT is not set
CONFIG_LIBUKBOOT_SHUTDOWNREQ_HANDLER=y
CONFIG_LIBUKBOOT_ALLOCSTACK=y
CONFIG_LIBUKBUS=y
CONFIG_LIBUKCONSOLE=y
CONFIG_LIBUKCONSOLE_DEVICES_MAXCOUNT=16
# CONFIG_LIBUKCONSOLE_TEST is not set
CONFIG_LIBUKDEBUG=y
CONFIG_LIBUKDEBUG_ENABLE_ASSERT=y
CONFIG_LIBUKDEBUG_CRASH_SCREEN=y
# CONFIG_LIBUKDEBUG_CRASH_PRINT_STACK is not set
# CONFIG_LIBUKDEBUG_CRASH_PRINT_CALL_TRACE is not set
# CONFIG_LIBUKDEBUG_TRACEPOINTS is not set
# CONFIG_LIBUKDEBUG_GDBSTUB is not set
# CONFIG_LIBUKFALLOC is not set
# CONFIG_LIBUKFALLOCBUDDY is not set
CONFIG_LIBUKFILE=y
# CONFIG_LIBUKFILE_CONSOLE is not set
# CONFIG_LIBUKFILE_PSEUDO is not set
# CONFIG_LIBUKFS is not set
# CONFIG_LIBUKFS_DEVFS is not set
# CONFIG_LIBUKFS_RAMFS is not set
# CONFIG_LIBUKFS_VIRTIOFS is not set
# CONFIG_LIBUKGCOV is not set
CONFIG_HAVE_INTCTLR=y
CONFIG_LIBUKINTCTLR=y
CONFIG_LIBUKINTCTLR_MAX_HANDLERS_PER_IRQ=8
CONFIG_LIBUKLCPU=y
CONFIG_LIBUKLIBID=y
CONFIG_LIBUKLIBID_INFO=y

#
# Global metadata
#
CONFIG_LIBUKLIBID_INFO_UKFULLVERSION=y
# CONFIG_LIBUKLIBID_INFO_UKCODENAME is not set
# CONFIG_LIBUKLIBID_INFO_COMPILER is not set
CONFIG_LIBUKLIBID_INFO_COMPILEDATE=y
# CONFIG_LIBUKLIBID_INFO_UKCONFIGGZ is not set
# end of Global metadata

#
# Per library metadata
#
# CONFIG_LIBUKLIBID_INFO_LIB_UKVERSION is not set
# CONFIG_LIBUKLIBID_INFO_LIB_UKCODENAME is not set
CONFIG_LIBUKLIBID_INFO_LIB_COMPILER=y
# CONFIG_LIBUKLIBID_INFO_LIB_COMPILEDATE is not set
# end of Per library metadata

# CONFIG_LIBUKLIBID_INFO_COMPILEDBY is not set
# CONFIG_LIBUKLIBID_INFO_BOOTDUMP is not set
CONFIG_LIBUKLIBPARAM=y
CONFIG_LIBUKLOCK=y
CONFIG_LIBUKLOCK_SEMAPHORE=y
CONFIG_LIBUKLOCK_MUTEX=y
CONFIG_LIBUKLOCK_MUTEX_ATOMIC=y
# CONFIG_LIBUKLOCK_MUTEX_METRICS is not set
CONFIG_LIBUKLOCK_RWLOCK=y
# CONFIG_LIBUKMMAP is not set
CONFIG_LIBUKMPI=y
CONFIG_LIBUKMPI_MBOX=y
CONFIG_LIBUKNETDEV=y
CONFIG_LIBUKNETDEV_MAXNBQUEUES=1
CONFIG_LIBUKNETDEV_DISPATCHERTHREADS=y
CONFIG_LIBUKNETDEV_EINFO_LIBPARAM=y
CONFIG_LIBUKNETDEV_EINFO_LIBPARAM_MAXCOUNT=4
# CONFIG_LIBUKNETDEV_STATS is not set
# CONFIG_LIBUKNOFAULT is not set
# CONFIG_LIBUKPAGING is not set
CONFIG_LIBUKPAL=y
CONFIG_LIBUKPCPUVAR=y
CONFIG_LIBUKPM=y
# CONFIG_LIBUKPOD is not set
CONFIG_LIBUKPRINT=y
CONFIG_LIBUKPRINT_PRINTK=y
# CONFIG_LIBUKPRINT_NOCARRIAGERETURN is not set
CONFIG_LIBUKPRINT_PRINT_TIME=y
# CONFIG_LIBUKPRINT_PRINT_THREAD is not set
# CONFIG_LIBUKPRINT_PRINT_CALLER is not set
CONFIG_LIBUKPRINT_PRINT_SRCNAME=y
# CONFIG_LIBUKPRINT_ANSI_COLOR is not set
# CONFIG_LIBUKPRINT_PRINTK_UKSTORE is not set
# CONFIG_LIBUKPRINT_KLVL_DEBUG is not set
CONFIG_LIBUKPRINT_KLVL_INFO=y
# CONFIG_LIBUKPRINT_KLVL_WARN is not set
# CONFIG_LIBUKPRINT_KLVL_ERR is not set
# CONFIG_LIBUKPRINT_KLVL_CRIT is not set
# CONFIG_LIBUKPRINT_LOGBUF is not set
CONFIG_LIBUKRANDOM=y
# CONFIG_LIBUKRANDOM_CMDLINE_SEED is not set
CONFIG_LIBUKRANDOM_RESEED=y
CONFIG_LIBUKRANDOM_RESEED_INTERVAL=300
# CONFIG_LIBUKRANDOM_TEST is not set
# CONFIG_LIBUKRING is not set
# CONFIG_LIBUKRUST is not set
CONFIG_LIBUKSCHED=y
# CONFIG_LIBUKSCHED_DEBUG is not set
CONFIG_LIBUKSCHEDCOOP=y
CONFIG_LIBUKSGLIST=y
# CONFIG_LIBUKSP is not set
# CONFIG_LIBUKSPARSEBUF is not set
# CONFIG_LIBUKSTORE is not set
# CONFIG_LIBUKSTREAMBUF is not set
# CONFIG_LIBUKTEST is not set
CONFIG_LIBUKTIMECONV=y
# CONFIG_LIBUKVMEM is not set
CONFIG_LIBUKVSOCKDEV=y
CONFIG_LIBUKVSOCKDEV_VSOCK_BUF_SIZE=65536
CONFIG_LIBUKVSOCKDEV_VSOCK_BUF_MAX_SIZE=65536
CONFIG_LIBUKVSOCKDEV_DISPATCHERTHREADS=y
# CONFIG_LIBVFSCORE is not set
CONFIG_HAVE_BOOTENTRY=y
CONFIG_HAVE_TIME=y
CONFIG_HAVE_SCHED=y
CONFIG_HAVE_NW_STACK=y
CONFIG_LIBLWIP=y
# CONFIG_LWIP_RELEASE212 is not set
# CONFIG_LWIP_LATEST21X is not set
CONFIG_LWIP_UNIKRAFT21X=y

#
# Netif drivers
#
# CONFIG_LWIP_LOOPIF is not set
CONFIG_LWIP_UKNETDEV=y
# CONFIG_LWIP_UKNETDEV_POLLONLY is not set
CONFIG_LWIP_UKNETDEV_SCRATCH=64
# end of Netif drivers

CONFIG_LWIP_AUTOIFACE=y
# CONFIG_LWIP_FAILNOIFACE is not set
# CONFIG_LWIP_NOTHREADS is not set
CONFIG_LWIP_THREADS=y
# CONFIG_LWIP_STACKTHREAD_MBOX_SIZE_32 is not set
# CONFIG_LWIP_STACKTHREAD_MBOX_SIZE_64 is not set
# CONFIG_LWIP_STACKTHREAD_MBOX_SIZE_128 is not set
CONFIG_LWIP_STACKTHREAD_MBOX_SIZE_256=y
# CONFIG_LWIP_STACKTHREAD_MBOX_SIZE_512 is not set
# CONFIG_LWIP_STACKTHREAD_MBOX_SIZE_1024 is not set
# CONFIG_LWIP_STACKTHREAD_MBOX_SIZE_2048 is not set
CONFIG_LWIP_STACKTHREAD_MBOX_SIZE=256
CONFIG_LWIP_HEAP=y
# CONFIG_LWIP_POOLS is not set
CONFIG_LWIP_NETIF_EXT_STATUS_CALLBACK=y
CONFIG_LWIP_NETIF_STATUS_PRINT=y
CONFIG_LWIP_RCVBUF=y
CONFIG_LWIP_LINGER=y
CONFIG_LWIP_LOOPBACK=y
CONFIG_LWIP_IPV4=y
# CONFIG_LWIP_IPV6 is not set

#
# IP Configuration
#
CONFIG_LWIP_IP_REASS_MAX_PBUFS=10
# end of IP Configuration

CONFIG_LWIP_UDP=y
# CONFIG_LWIP_RAW is not set
CONFIG_LWIP_TCP=y
CONFIG_LWIP_TCP_MSS=1460
CONFIG_LWIP_WND_SCALE=y
# CONFIG_LWIP_TCP_KEEPALIVE is not set
# CONFIG_LWIP_TCP_TIMESTAMPS is not set
CONFIG_LWIP_NUM_TCPCON=64
CONFIG_LWIP_NUM_TCPLISTENERS=64
CONFIG_LWIP_ICMP=y
# CONFIG_LWIP_IGMP is not set
# CONFIG_LWIP_SNMP is not set
# CONFIG_LWIP_DHCP is not set
CONFIG_LWIP_DNS=y
CONFIG_LWIP_DNS_MAX_SERVERS=2
CONFIG_LWIP_DNS_TABLE_SIZE=32
CONFIG_LWIP_SOCKET=y
CONFIG_LWIP_UDP_RECVMBOX_FACTOR=2
CONFIG_LWIP_TCP_RECVMBOX_FACTOR=2
# CONFIG_LWIP_DEBUG is not set
# end of Library Configuration

#
# Application Options
#

#
# Build Options
#
# CONFIG_OPTIMIZE_NONE is not set
CONFIG_OPTIMIZE_PERF=y
# CONFIG_OPTIMIZE_SIZE is not set

#
# Hint: Specify a CPU type to get most benefits from performance optimization
#
CONFIG_OPTIMIZE_NOOMITFP=y
# CONFIG_OPTIMIZE_DEADELIM is not set
# CONFIG_OPTIMIZE_LTO is not set
# CONFIG_OPTIMIZE_PIE is not set
# CONFIG_DEBUG_SYMBOLS_LVL0 is not set
# CONFIG_DEBUG_SYMBOLS_LVL1 is not set
# CONFIG_DEBUG_SYMBOLS_LVL2 is not set
CONFIG_DEBUG_SYMBOLS_LVL3=y
# CONFIG_ELF_PHDRS_IN_PT_LOAD is not set
# CONFIG_OPTIMIZE_WARNISERROR is not set
# CONFIG_OPTIMIZE_SYMFILE is not set
# CONFIG_OPTIMIZE_COMPRESS is not set
# CONFIG_RECORD_BUILDTIME is not set
CONFIG_CROSS_COMPILE=""
CONFIG_LLVM_TARGET_ARCH=""
# end of Build Options

CONFIG_UK_NAME="igkmc"
----- END .config -----

##### [build] build: make -j16  (07:19:53)
compiler warnings: 0
  OBJCOPY libvirtio_mmio.o
  LD      libvirtio_net.ld.o
  OBJCOPY libvirtio_ring.o
  LD      libvirtio_vsock.ld.o
  OBJCOPY libvirtio_net.o
  OBJCOPY libvirtio_vsock.o
  OBJCOPY liblwip.o
  LD      libukplat_native.ld.o
  OBJCOPY libukplat_native.o
  LD      igkmc_fc-x86_64.dbg
  UKPCPUVAR igkmc_fc-x86_64.dbg.uk_pcpuvar.bin
  SCSTRIP igkmc_fc-x86_64
  UKBI    igkmc_fc-x86_64.bootinfo
  COMPDB  compile_commands.json
make: Leaving directory '<metal-home>/igkm-spike-a/unikraft/unikraft'

##### [build] fetched lwIP archive  (07:19:58)
1cf15ac8a70946f49327cfa4bc6923555b8c4ceeb11e4dc4f20e530b674403af  <metal-home>/igkm-spike-a/unikraft/build-igkmc/liblwip/UNIKRAFT-2_1_x.zip

##### [build] image identity  (07:19:58)
-rwxr-xr-x 1 ubuntu ubuntu  591584 Sep 28 07:19 <metal-home>/igkm-spike-a/unikraft/build-igkmc/igkmc_fc-x86_64
-rwxr-xr-x 1 ubuntu ubuntu 3993776 Sep 28 07:19 <metal-home>/igkm-spike-a/unikraft/build-igkmc/igkmc_fc-x86_64.dbg
675c53f0d19ad918eb1dda220e5516ceea1f5031f81308520087d92da4126ed0  <metal-home>/igkm-spike-a/unikraft/out/igkmc_fc-x86_64
4a4fa1d726723b156ac8242680ee9ec496aeda4d3bd34c3d9592af060eea54cd  <metal-home>/igkm-spike-a/unikraft/out/igkmc_fc-x86_64.dbg
<metal-home>/igkm-spike-a/unikraft/out/igkmc_fc-x86_64: ELF 64-bit LSB executable, x86-64, version 1 (SYSV), statically linked, stripped
--- readelf -h
ELF Header:
  Magic:   7f 45 4c 46 02 01 01 00 00 00 00 00 00 00 00 00 
  Class:                             ELF64
  Data:                              2's complement, little endian
  Version:                           1 (current)
  OS/ABI:                            UNIX - System V
  ABI Version:                       0
  Type:                              EXEC (Executable file)
  Machine:                           Advanced Micro Devices X86-64
  Version:                           0x1
  Entry point address:               0x171ffa
  Start of program headers:          64 (bytes into file)
  Start of section headers:          590368 (bytes into file)
  Flags:                             0x0
  Size of this header:               64 (bytes)
  Size of program headers:           56 (bytes)
  Number of program headers:         6
  Size of section headers:           64 (bytes)
  Number of section headers:         19
  Section header string table index: 18
--- readelf -n (a PVH note would be Xen type 0x12; expect none)
Xen notes: 0
--- readelf -l

Elf file type is EXEC (Executable file)
Entry point 0x171ffa
There are 6 program headers, starting at offset 64

Program Headers:
  Type           Offset   VirtAddr           PhysAddr           FileSiz  MemSiz   Flg Align
  LOAD           0x001000 0x0000000000100000 0x0000000000100000 0x072427 0x072427 R E 0x1000
  LOAD           0x074000 0x0000000000173000 0x0000000000173000 0x017168 0x017168 R   0x1000
  LOAD           0x08c000 0x000000000018b000 0x000000000018b000 0x004120 0x043000 RW  0x1000
  TLS            0x091000 0x000000000018b000 0x000000000018b000 0x000000 0x000004 RW  0x4
  LOAD           0x001000 0x000000000018b000 0x000000000018b000 0x000000 0x000000 RW  0x1000
  GNU_STACK      0x000000 0x0000000000000000 0x0000000000000000 0x000000 0x000000 RW  0x8

 Section to Segment mapping:
  Segment Sections...
   00     .text 
   01     .rodata .uk_libparam_params .uk_libinfo .uk_boot_earlytab .eh_frame .eh_frame_hdr .uk_ctortab .uk_inittab .uk_eventtab 
   02     .data .uk_pcpuvar .posix_socket_driver_list .uk_bootinfo .bss 
   03     .tbss 
   04     
   05     
--- entry symbol (debug image)
0000000000171ffa T _lxboot_entry
0000000000101000 T lxboot_entry
0000000000172040 T main
--- bzImage setup-header magic at 0x202 (expect NOT 'HdrS': this is a plain ELF)
  \0  \0  \0  \0

##### [build] done  (07:19:58)
IMAGE=<metal-home>/igkm-spike-a/unikraft/out/igkmc_fc-x86_64
