/usr/bin/ssh

########## [bootstrap] preflight: ssh to <redacted-metal-target>

########## [bootstrap] remote user=ubuntu home=<metal-home> sudo='sudo -n'

########## [bootstrap] acquire canonical metal lease (/run/lock/overdrive-metal-shared.lock)
OVERDRIVE_METAL_LEASE_ACQUIRED token=4b4d85acbf30ff162aeaebe6 pid=230540

########## [bootstrap] sync /Users/marcus/conductor/workspaces/helios/bordeaux-v2 -> <redacted-metal-target>:<metal-home>/overdrive
cannot delete non-empty directory: spike-scratch/increment-u-netns-density-295-default-offload-20260913T2302
cannot delete non-empty directory: spike-scratch/increment-t-netns-density-295-bridge-local-20260913T2259
cannot delete non-empty directory: spike-scratch/increment-s-netns-density-295-bridge-dns-20260913T2257
cannot delete non-empty directory: spike-scratch/increment-r-netns-density-295-offload-20260913T2254
cannot delete non-empty directory: spike-scratch/increment-q-netns-density-295-broute-host-20260913T2252
cannot delete non-empty directory: spike-scratch/increment-p-netns-density-295-metal-20260913T2237

sent 152,306 bytes  received 3,972 bytes  44,650.86 bytes/sec
total size is 157,041,776  speedup is 1,004.89

########## [bootstrap] fail-closed native x86_64/KVM preflight
firecracker processes:       []
jailer processes:            []
igkm listener processes:     []
tap igkmc0 present:          no
tap igkmb0 present:          no
tap igkma0 present:          no
tun/tap links on host:       []
192.168.203.x on host:       0
unix sockets under scratch:  0
per-run dirs left:           none
root-owned files in scratch: 0
retained build tree (user-owned, outside ~/overdrive):
728M	<metal-home>/igkm-spike-a
3.9M	<metal-home>/igkm-spike-a/bin
58M	<metal-home>/igkm-spike-a/firecracker
192M	<metal-home>/igkm-spike-a/nanos
52K	<metal-home>/igkm-spike-a/nanos-make-kernel.log
4.0K	<metal-home>/igkm-spike-a/nanos-make-mkfs.log
175M	<metal-home>/igkm-spike-a/nanos-pvhfix
56K	<metal-home>/igkm-spike-a/nanos-pvhfix-make.log
4.0K	<metal-home>/igkm-spike-a/nanos-pvhfix-sockdebug-make.log
6.9M	<metal-home>/igkm-spike-a/out
68M	<metal-home>/igkm-spike-a/src
226M	<metal-home>/igkm-spike-a/unikraft
60K	<metal-home>/igkm-spike-a/unikraft/app-igkmc
101M	<metal-home>/igkm-spike-a/unikraft/build-igkmc
4.0K	<metal-home>/igkm-spike-a/unikraft/igkmc-defconfig.log
16K	<metal-home>/igkm-spike-a/unikraft/igkmc-make.log
940K	<metal-home>/igkm-spike-a/unikraft/lib-lwip
4.4M	<metal-home>/igkm-spike-a/unikraft/out
98M	<metal-home>/igkm-spike-a/unikraft/tools
24M	<metal-home>/igkm-spike-a/unikraft/unikraft
