observed_utc=2026-09-12T09:32:33Z state=Terminated
Service 'service-vm-http-302' (kind: Service)
Spec digest: e8296dee29f0330857c76c5835acdad8db80dd3ba6d4978bd4343c47f9ff971a
Replicas (desired/running): 1/0
Alloc                    State        Restarts   Since               
alloc-service-vm-http-302-0 Terminated   1          (c=7893,w=local)    
    reason: stopped
    last terminated: Failed at (c=6012,w=local) — driver internal error: bind beacon listener: Address already in use (os error 98)
    last terminated ran since: 1789205543.483890732
    last terminated detail: bind beacon listener: Address already in use (os error 98)
Memory:        134217728
VIP:           10.96.0.2
Listeners:
  18080/tcp
Probes:
  startup probe[0] http GET http://0.0.0.0:18080/ready last=fail (HTTP 302 (redirect not followed)) last_observed_at=1789205553114
settled_utc=2026-09-12T09:32:37Z state=Terminated
Service 'service-vm-http-302' (kind: Service)
Spec digest: e8296dee29f0330857c76c5835acdad8db80dd3ba6d4978bd4343c47f9ff971a
Replicas (desired/running): 1/0
Alloc                    State        Restarts   Since               
alloc-service-vm-http-302-0 Terminated   1          (c=7893,w=local)    
    reason: stopped
    last terminated: Failed at (c=6012,w=local) — driver internal error: bind beacon listener: Address already in use (os error 98)
    last terminated ran since: 1789205543.483890732
    last terminated detail: bind beacon listener: Address already in use (os error 98)
Memory:        134217728
VIP:           10.96.0.2
Listeners:
  18080/tcp
Probes:
  startup probe[0] http GET http://0.0.0.0:18080/ready last=fail (HTTP 302 (redirect not followed)) last_observed_at=1789205553114
