# Usage statistics is OFF. We care about your privacy.
# If you want to help our project, consider enabling statistics with config --enable-stats=true.

Output directory: /Users/marcus/conductor/workspaces/helios/baghdad-v1/spike-scratch/flat-cluster-intent-log/increment-a-reconfig-conformance/_apalache-out/server/2026-09-25T16-39-19_12115934821797595877
# APALACHE version: 0.56.1 | build: 70cdaf4                       I@16:39:19.421
Starting checker server on port 18931...                          I@16:39:19.450
The Apalache server is running on port 18931. Press Ctrl-C to stop.
Sep 25, 2026 4:39:23 PM com.google.protobuf.GeneratedMessage warnPre22Gencode
WARNING: Vulnerable protobuf generated type in use: io.grpc.reflection.v1alpha.ServerReflectionRequest
As of 2022/09/29 (release 21.7) makeExtensionsImmutable should not be called from protobuf gencode. If you are seeing this message, your gencode is vulnerable to a denial of service attack. You should regenerate your code using protobuf 25.6 or later. Use the latest version that meets your needs. However, if you understand the risks and wish to continue with vulnerable gencode, you can set the system property `-Dcom.google.protobuf.use_unsafe_pre22_gencode` on the command line to silence this warning. You also can set `-Dcom.google.protobuf.error_on_unsafe_pre22_gencode` to throw an error instead. See security vulnerability: https://github.com/protocolbuffers/protobuf/security/advisories/GHSA-h4h5-3hr4-j3g2
PASS #0: SanyParser                                               I@16:39:37.080
PASS #1: TypeCheckerSnowcat                                       I@16:39:52.579
 > Running Snowcat .::.                                           I@16:39:52.582
 > Your types are purrfect!                                       I@16:40:35.867
 > All expressions are typed                                      I@16:40:35.877
PASS #2: ConfigurationPass                                        I@16:40:35.897
  > Set the initialization predicate to q::init                   I@16:40:35.943
  > Set the transition predicate to q::step                       I@16:40:35.947
  > Set an invariant to q::inv                                    I@16:40:35.952
PASS #3: DesugarerPass                                            I@16:40:35.992
  > Desugaring...                                                 I@16:40:35.994
PASS #4: InlinePass                                               I@16:40:36.071
Leaving only relevant operators: CInitPrimed, q::init, q::initPrimed, q::inv, q::step I@16:40:36.073
PASS #5: TemporalPass                                             I@16:40:49.694
  > Rewriting temporal operators...                               I@16:40:49.699
  > No temporal property specified, nothing to encode             I@16:40:49.707
PASS #6: InlinePass                                               I@16:40:49.710
Leaving only relevant operators: CInitPrimed, q::init, q::initPrimed, q::inv, q::step I@16:40:49.715
PASS #7: PrimingPass                                              I@16:40:53.386
  > Introducing q::initPrimed for q::init'                        I@16:40:53.417
PASS #8: VCGen                                                    I@16:40:53.432
  > Producing verification conditions from the invariant q::inv   I@16:40:53.435
  > VCGen produced 10 verification condition(s)                   I@16:40:53.463
PASS #9: PreprocessingPass                                        I@16:40:53.470
  > Before preprocessing: unique renaming                         I@16:40:53.471
 > Applying standard transformations:                             I@16:40:53.489
  > PrimePropagation                                              I@16:40:53.490
  > Desugarer                                                     I@16:40:54.569
  > UniqueRenamer                                                 I@16:40:56.288
  > Normalizer                                                    I@16:40:58.953
  > Keramelizer                                                   I@16:40:59.357
  > After preprocessing: UniqueRenamer                            I@16:41:00.577
PASS #10: TransitionFinderPass                                    I@16:41:03.405
  > Found 1 initializing transitions                              I@16:41:03.484
  > Found 34 transitions                                          I@16:41:03.888
  > No constant initializer                                       I@16:41:03.896
  > Applying unique renaming                                      I@16:41:03.900
PASS #11: OptimizationPass                                        I@16:41:05.948
 > Applying optimizations:                                        I@16:41:06.010
  > ConstSimplifier                                               I@16:41:06.016
  > ExprOptimizer                                                 I@16:41:08.512
  > SetMembershipSimplifier                                       I@16:41:10.332
  > ConstSimplifier                                               I@16:41:11.825
PASS #12: AnalysisPass                                            I@16:41:13.557
 > Marking skolemizable existentials and sets to be expanded...   I@16:41:13.576
  > Skolemization                                                 I@16:41:13.579
  > Expansion                                                     I@16:41:13.737
  > Remove unused let-in defs                                     I@16:41:14.477
 > Running analyzers...                                           I@16:41:14.660
  > Introduced expression grades                                  I@16:41:14.680
PASS #13: BoundedChecker                                          I@16:41:14.685
State 0: Checking 10 state invariants                             I@16:41:15.840
State 0: state invariant 0 holds.                                 I@16:41:15.842
State 0: state invariant 1 holds.                                 I@16:41:15.936
State 0: state invariant 2 holds.                                 I@16:41:16.489
State 0: state invariant 3 holds.                                 I@16:41:16.619
State 0: state invariant 4 holds.                                 I@16:41:16.626
State 0: state invariant 5 holds.                                 I@16:41:16.630
State 0: state invariant 6 holds.                                 I@16:41:16.688
State 0: state invariant 7 holds.                                 I@16:41:16.691
State 0: state invariant 8 holds.                                 I@16:41:16.692
State 0: state invariant 9 holds.                                 I@16:41:16.694
Step 0: picking a transition out of 1 transition(s)               I@16:41:16.697
State 1: Checking 7 state invariants                              I@16:41:22.882
State 1: state invariant 0 holds.                                 I@16:41:22.901
State 1: state invariant 1 holds.                                 I@16:41:23.076
State 1: state invariant 2 holds.                                 I@16:41:23.322
State 1: state invariant 3 holds.                                 I@16:41:24.016
State 1: state invariant 4 holds.                                 I@16:41:24.023
State 1: state invariant 6 holds.                                 I@16:41:24.207
State 1: state invariant 7 holds.                                 I@16:41:24.213
Step 1: Transition #1 is disabled                                 I@16:41:24.229
Step 1: Transition #2 is disabled                                 I@16:41:24.239
Step 1: Transition #3 is disabled                                 I@16:41:24.259
Step 1: Transition #4 is disabled                                 I@16:41:24.530
State 1: Checking 7 state invariants                              I@16:41:25.271
State 1: state invariant 0 holds.                                 I@16:41:25.273
State 1: state invariant 1 holds.                                 I@16:41:25.296
State 1: state invariant 2 holds.                                 I@16:41:25.364
State 1: state invariant 3 holds.                                 I@16:41:25.431
State 1: state invariant 4 holds.                                 I@16:41:25.435
State 1: state invariant 6 holds.                                 I@16:41:25.458
State 1: state invariant 7 holds.                                 I@16:41:25.461
Step 1: Transition #6 is disabled                                 I@16:41:25.690
Step 1: Transition #7 is disabled                                 I@16:41:25.705
Step 1: Transition #8 is disabled                                 I@16:41:25.715
State 1: Checking 8 state invariants                              I@16:41:34.815
State 1: state invariant 0 holds.                                 I@16:41:34.868
State 1: state invariant 1 holds.                                 I@16:41:35.100
State 1: state invariant 2 holds.                                 I@16:41:35.362
State 1: state invariant 3 holds.                                 I@16:41:35.537
State 1: state invariant 4 holds.                                 I@16:41:35.547
State 1: state invariant 5 holds.                                 I@16:41:35.552
State 1: state invariant 6 holds.                                 I@16:41:35.607
State 1: state invariant 7 holds.                                 I@16:41:35.621
Step 1: Transition #10 is disabled                                I@16:41:35.784
Step 1: Transition #11 is disabled                                I@16:41:36.023
Step 1: Transition #12 is disabled                                I@16:41:41.350
Step 1: Transition #13 is disabled                                I@16:42:08.189
Step 1: Transition #14 is disabled                                I@16:42:08.951
Step 1: Transition #15 is disabled                                I@16:42:09.166
Step 1: Transition #16 is disabled                                I@16:42:09.407
Step 1: Transition #17 is disabled                                I@16:42:09.425
Step 1: Transition #18 is disabled                                I@16:42:09.435
Step 1: Transition #19 is disabled                                I@16:42:09.444
Step 1: Transition #20 is disabled                                I@16:42:09.459
Step 1: Transition #21 is disabled                                I@16:42:09.468
Step 1: Transition #22 is disabled                                I@16:42:09.483
Step 1: Transition #23 is disabled                                I@16:42:09.498
Step 1: Transition #24 is disabled                                I@16:42:09.829
Step 1: Transition #25 is disabled                                I@16:42:10.306
Step 1: Transition #26 is disabled                                I@16:42:10.455
Step 1: Transition #27 is disabled                                I@16:42:10.605
Step 1: Transition #28 is disabled                                I@16:42:10.734
Step 1: Transition #29 is disabled                                I@16:42:10.888
Step 1: Transition #30 is disabled                                I@16:42:12.476
Step 1: Transition #31 is disabled                                I@16:42:12.760
Step 1: Transition #32 is disabled                                I@16:42:13.040
Step 1: Transition #33 is disabled                                I@16:42:13.499
Step 1: picking a transition out of 3 transition(s)               I@16:42:13.511
State 2: Checking 7 state invariants                              I@16:42:37.870
State 2: state invariant 0 holds.                                 I@16:42:38.147
State 2: state invariant 1 holds.                                 I@16:42:39.171
State 2: state invariant 2 holds.                                 I@16:42:40.506
State 2: state invariant 3 holds.                                 I@16:42:44.297
State 2: state invariant 4 holds.                                 I@16:42:45.219
State 2: state invariant 6 holds.                                 I@16:42:45.936
State 2: state invariant 7 holds.                                 I@16:42:45.965
Step 2: Transition #1 is disabled                                 I@16:42:50.090
Step 2: Transition #2 is disabled                                 I@16:42:58.509
Step 2: Transition #3 is disabled                                 I@16:43:25.995
State 2: Checking 7 state invariants                              I@16:43:44.515
State 2: state invariant 0 holds.                                 I@16:43:44.764
State 2: state invariant 1 holds.                                 I@16:43:47.564
State 2: state invariant 2 holds.                                 I@16:43:48.067
State 2: state invariant 3 holds.                                 I@16:43:48.458
State 2: state invariant 4 holds.                                 I@16:43:48.479
State 2: state invariant 6 holds.                                 I@16:43:48.612
State 2: state invariant 7 holds.                                 I@16:43:48.638
State 2: Checking 7 state invariants                              I@16:44:13.528
State 2: state invariant 0 holds.                                 I@16:44:13.777
State 2: state invariant 1 holds.                                 I@16:44:14.461
State 2: state invariant 2 holds.                                 I@16:44:16.546
State 2: state invariant 3 holds.                                 I@16:44:17.106
State 2: state invariant 4 holds.                                 I@16:44:17.128
State 2: state invariant 6 holds.                                 I@16:44:17.286
State 2: state invariant 7 holds.                                 I@16:44:17.314
State 2: Checking 7 state invariants                              I@16:44:48.516
State 2: state invariant 0 holds.                                 I@16:44:48.682
State 2: state invariant 1 holds.                                 I@16:44:49.251
State 2: state invariant 2 holds.                                 I@16:44:49.789
State 2: state invariant 3 holds.                                 I@16:44:50.225
State 2: state invariant 4 holds.                                 I@16:44:50.241
State 2: state invariant 6 holds.                                 I@16:44:50.345
State 2: state invariant 7 holds.                                 I@16:44:50.372
Step 2: Transition #7 is disabled                                 I@16:44:51.289
Step 2: Transition #8 is disabled                                 I@16:44:52.081
State 2: Checking 8 state invariants                              I@16:47:24.265
State 2: state invariant 0 holds.                                 I@16:47:25.261
State 2: state invariant 1 holds.                                 I@16:47:30.806
State 2: state invariant 2 holds.                                 I@16:47:40.212
State 2: state invariant 3 holds.                                 I@16:47:44.544
State 2: state invariant 4 holds.                                 I@16:47:45.497
State 2: state invariant 5 holds.                                 I@16:47:45.668
State 2: state invariant 6 holds.                                 I@16:47:46.920
State 2: state invariant 7 holds.                                 I@16:47:46.970
State 2: Checking 7 state invariants                              I@16:49:24.276
State 2: state invariant 0 holds.                                 I@16:49:24.581
State 2: state invariant 1 holds.                                 I@16:49:25.302
State 2: state invariant 2 holds.                                 I@16:49:26.184
State 2: state invariant 3 holds.                                 I@16:49:26.899
State 2: state invariant 4 holds.                                 I@16:49:26.923
State 2: state invariant 6 holds.                                 I@16:49:27.030
State 2: state invariant 7 holds.                                 I@16:49:27.052
Step 2: Transition #11 is disabled                                I@16:49:28.792
Step 2: Transition #12 is disabled                                I@16:49:43.483
Step 2: Transition #13 is disabled                                I@16:50:23.014
Step 2: Transition #14 is disabled                                I@16:50:26.028
Step 2: Transition #15 is disabled                                I@16:50:32.885
Step 2: Transition #16 is disabled                                I@16:50:34.594
Step 2: Transition #17 is disabled                                I@16:50:35.601
Step 2: Transition #18 is disabled                                I@16:50:36.397
Step 2: Transition #19 is disabled                                I@16:50:39.255
Step 2: Transition #20 is disabled                                I@16:50:42.707
Step 2: Transition #21 is disabled                                I@16:50:43.564
Step 2: Transition #22 is disabled                                I@16:50:44.620
Step 2: Transition #23 is disabled                                I@16:50:45.687
Step 2: Transition #24 is disabled                                I@16:50:46.794
Step 2: Transition #25 is disabled                                I@16:50:47.852
Step 2: Transition #26 is disabled                                I@16:50:51.734
Step 2: Transition #27 is disabled                                I@16:50:52.243
Step 2: Transition #28 is disabled                                I@16:50:52.865
Step 2: Transition #29 is disabled                                I@16:50:53.624
