cloud-hypervisor:   0.000045s: <main> INFO:cloud-hypervisor/src/main.rs:631 -- v53.0.0 starting
cloud-hypervisor:   0.000134s: <main> INFO:event_monitor/src/lib.rs:113 -- Event: source = vmm event = starting 
cloud-hypervisor:   0.001310s: <vmm> INFO:vmm/src/api/mod.rs:1278 -- API request event: VmCreate VmConfig { cpus: CpusConfig { boot_vcpus: 1, max_vcpus: 1, topology: None, kvm_hyperv: false, max_phys_bits: 46, affinity: None, features: CpuFeatures { amx: false }, nested: true, core_scheduling: Vm, profile: Host }, memory: MemoryConfig { size: 536870912, mergeable: false, hotplug_method: Acpi, hotplug_size: None, hotplugged_size: None, shared: false, hugepages: false, hugepage_size: None, prefault: false, reserve: false, zones: None, thp: true }, payload: Some(PayloadConfig { firmware: None, kernel: Some("/srv/vm/overdrive-testing/kernel"), cmdline: Some("console=ttyS0 panic=-1 loglevel=4"), initramfs: Some("/home/ubuntu/overdrive/spike-scratch/netns-density-295-ch-vhost-vsock/out/increment-b/initramfs.cpio.gz") }), rate_limit_groups: None, disks: None, net: None, rng: RngConfig { pci_common: PciDeviceCommonConfig { id: None, iommu: false, pci_segment: 0, pci_device_id: None }, src: "/dev/urandom" }, balloon: None, generic_vhost_user: None, fs: None, pmem: None, serial: SerialConfig { common: CommonConsoleConfig { file: Some("/home/ubuntu/overdrive/spike-scratch/netns-density-295-ch-vhost-vsock/out/increment-b/vm-p5-dup-1791212248211/serial.log"), mode: File, socket: None } }, console: ConsoleConfig { common: CommonConsoleConfig { file: None, mode: Off, socket: None }, pci_common: PciDeviceCommonConfig { id: None, iommu: false, pci_segment: 0, pci_device_id: None } }, debug_console: DebugConsoleConfig { file: None, mode: Off, iobase: Some(233) }, devices: None, user_devices: None, vdpa: None, vsock: Some(VsockConfig { pci_common: PciDeviceCommonConfig { id: None, iommu: false, pci_segment: 0, pci_device_id: None }, cid: 101, socket: None, backend: VhostKernel }), pvpanic: false, iommu: false, numa: None, watchdog: false, rtc: None, pci_segments: None, platform: None, tpm: None, preserved_fds: None, landlock_enable: false, landlock_rules: None }
cloud-hypervisor:   0.001949s: <vmm> INFO:vmm/src/api/mod.rs:1169 -- API request event: VmBoot
cloud-hypervisor:   0.001974s: <vmm> INFO:vmm/src/lib.rs:2230 -- Booting VM
cloud-hypervisor:   0.001997s: <vmm> INFO:event_monitor/src/lib.rs:113 -- Event: source = vm event = booting 
cloud-hypervisor:   0.002248s: <vmm> INFO:vmm/src/memory_manager.rs:681 -- create ram region for zone mem0, region_start: 0x0, region_size: 0x20000000
cloud-hypervisor:   0.002307s: <vmm> INFO:vmm/src/memory_manager.rs:2154 -- RAM region mapping at 0x76501c000000 (size = 0x20000000)
cloud-hypervisor:   0.002361s: <vmm> INFO:vmm/src/vm.rs:606 -- Booting VM from config: Mutex { data: VmConfig { cpus: CpusConfig { boot_vcpus: 1, max_vcpus: 1, topology: None, kvm_hyperv: false, max_phys_bits: 46, affinity: None, features: CpuFeatures { amx: false }, nested: true, core_scheduling: Vm, profile: Host }, memory: MemoryConfig { size: 536870912, mergeable: false, hotplug_method: Acpi, hotplug_size: None, hotplugged_size: None, shared: false, hugepages: false, hugepage_size: None, prefault: false, reserve: false, zones: None, thp: true }, payload: Some(PayloadConfig { firmware: None, kernel: Some("/srv/vm/overdrive-testing/kernel"), cmdline: Some("console=ttyS0 panic=-1 loglevel=4"), initramfs: Some("/home/ubuntu/overdrive/spike-scratch/netns-density-295-ch-vhost-vsock/out/increment-b/initramfs.cpio.gz") }), rate_limit_groups: None, disks: None, net: None, rng: RngConfig { pci_common: PciDeviceCommonConfig { id: None, iommu: false, pci_segment: 0, pci_device_id: None }, src: "/dev/urandom" }, balloon: None, generic_vhost_user: None, fs: None, pmem: None, serial: SerialConfig { common: CommonConsoleConfig { file: Some("/home/ubuntu/overdrive/spike-scratch/netns-density-295-ch-vhost-vsock/out/increment-b/vm-p5-dup-1791212248211/serial.log"), mode: File, socket: None } }, console: ConsoleConfig { common: CommonConsoleConfig { file: None, mode: Off, socket: None }, pci_common: PciDeviceCommonConfig { id: None, iommu: false, pci_segment: 0, pci_device_id: None } }, debug_console: DebugConsoleConfig { file: None, mode: Off, iobase: Some(233) }, devices: None, user_devices: None, vdpa: None, vsock: Some(VsockConfig { pci_common: PciDeviceCommonConfig { id: None, iommu: false, pci_segment: 0, pci_device_id: None }, cid: 101, socket: None, backend: VhostKernel }), pvpanic: false, iommu: false, numa: None, watchdog: false, rtc: None, pci_segments: None, platform: None, tpm: None, preserved_fds: None, landlock_enable: false, landlock_rules: None }, poisoned: false, .. }
cloud-hypervisor:   0.003066s: <vmm> INFO:arch/src/x86_64/mod.rs:629 -- Generating guest CPUID with physical address size: 46
cloud-hypervisor:   0.003154s: <vmm> INFO:vmm/src/pci_segment.rs:107 -- Adding PCI segment: id=0, PCI MMIO config address: 0xe8000000, mem32 area [0xc0000000-0xe7ffffff], mem64 area [0x100000000-0x3fffffeeffff]
cloud-hypervisor:   0.003212s: <vmm> INFO:vmm/src/memory_manager.rs:2433 -- Creating userspace mapping: 0 -> 76501c000000 20000000, slot 0
cloud-hypervisor:   0.003307s: <vmm> INFO:vmm/src/memory_manager.rs:2491 -- Created userspace mapping: 0 -> 76501c000000 20000000
cloud-hypervisor:   0.003451s: <payload_loader> INFO:vmm/src/vm.rs:1636 -- Loading kernel
cloud-hypervisor:   0.003459s: <vmm> INFO:vmm/src/cpu.rs:1100 -- Request to create new vCPUs: desired = 1, max = 1, allocated = 0, present = 0
cloud-hypervisor:   0.003865s: <vmm> INFO:vmm/src/device_manager.rs:3099 -- Creating virtio-rng device: RngConfig { pci_common: PciDeviceCommonConfig { id: None, iommu: false, pci_segment: 0, pci_device_id: None }, src: "/dev/urandom" }
cloud-hypervisor:   0.003975s: <vmm> INFO:vmm/src/device_manager.rs:3527 -- Creating virtio-vsock device: VsockConfig { pci_common: PciDeviceCommonConfig { id: Some("_vsock0"), iommu: false, pci_segment: 0, pci_device_id: None }, cid: 101, socket: None, backend: VhostKernel }
cloud-hypervisor:   0.005622s: <payload_loader> INFO:vmm/src/vm.rs:1666 -- bzImage kernel loaded: entry_addr = 0x100000
cloud-hypervisor:   0.008950s: <vmm> INFO:virtio-devices/src/device.rs:485 -- Resuming virtio-rng
cloud-hypervisor:   0.019188s: <vmm> INFO:vmm/src/lib.rs:2080 -- VM exit event
cloud-hypervisor:   0.019224s: <vmm> INFO:event_monitor/src/lib.rs:113 -- Event: source = vm event = deleted 
cloud-hypervisor:   0.019254s: <vmm> INFO:event_monitor/src/lib.rs:113 -- Event: source = vmm event = shutdown 
cloud-hypervisor:   0.019483s: <main> ERROR:cloud-hypervisor/src/lib.rs:24 -- Fatal error: VmBoot(VmBoot(DeviceManager(CreateVhostKernelVsock(SetGuestCid(101, IoctlError(Os { code: 98, kind: AddrInUse, message: "Address already in use" }))))))
