/usr/bin/ssh

########## [bootstrap] preflight: ssh to <redacted-metal-target>

########## [bootstrap] remote user=ubuntu home=<metal-home> sudo='sudo -n'

########## [bootstrap] acquire canonical metal lease (/run/lock/overdrive-metal-shared.lock)
OVERDRIVE_METAL_LEASE_ACQUIRED token=f5ff5e4308e52a50f748a6e1 pid=236081

########## [bootstrap] sync /Users/marcus/conductor/workspaces/helios/bordeaux-v2 -> <redacted-metal-target>:<metal-home>/overdrive
cannot delete non-empty directory: spike-scratch/increment-u-netns-density-295-default-offload-20260913T2302
cannot delete non-empty directory: spike-scratch/increment-t-netns-density-295-bridge-local-20260913T2259
cannot delete non-empty directory: spike-scratch/increment-s-netns-density-295-bridge-dns-20260913T2257
cannot delete non-empty directory: spike-scratch/increment-r-netns-density-295-offload-20260913T2254
cannot delete non-empty directory: spike-scratch/increment-q-netns-density-295-broute-host-20260913T2252
cannot delete non-empty directory: spike-scratch/increment-p-netns-density-295-metal-20260913T2237

sent 162,015 bytes  received 4,258 bytes  47,506.57 bytes/sec
total size is 157,099,280  speedup is 944.83

########## [bootstrap] fail-closed native x86_64/KVM preflight

=== substrate probes ===
uname -m: x86_64
uname -r: 7.0.0-29-generic
systemd-detect-virt: none (exit 1)
cpu vmx/svm flag count: 16
cpu aes flag count: 16
crw-rw---- 1 root kvm 10, 232 Sep 28 20:07 /dev/kvm
KVM_GET_API_VERSION=12 KVM_CREATE_VM=ok
model name	: AMD EPYC 8024P 8-Core Processor
16

=== Firecracker v1.17.0 from Spike A2 (must exist, unchanged) ===
99ad0f5cd0514a88aad0e9ae8cfdb3cc3b4ab9d190e1194602406c786b5de7a5  <metal-home>/igkm-spike-a/firecracker/v1.17.0/release-v1.17.0-x86_64/firecracker-v1.17.0-x86_64
Firecracker v1.17.0

=== Spike A3 Unikraft tree ===
unikraft   HEAD=eb8fa2368618cea11c9bde196f79e6e6b9caeed5 tree=48639ed4fe5ce6133789c54a043d1ae86fed4f61 dirty=0
lib-lwip   HEAD=ec55ae17618feeb57c8c10109bcf5c42723e8e95 tree=16e828f2b3af7b73787307189f624538cffd8974 dirty=0
<metal-home>/igkm-spike-a/unikraft/unikraft eb8fa236 (detached HEAD)
bison
flex
flex++
m4
yacc
728M	<metal-home>/igkm-spike-a

=== Rust toolchain for the host stubs (login user) ===
PATH=<metal-home>/.cargo/bin:/usr/local/sbin:/usr/local/bin:/usr/sbin:/usr/bin:/sbin:/bin:/usr/games:/usr/local/games:/snap/bin
cargo   <metal-home>/.cargo/bin/cargo
rustc   <metal-home>/.cargo/bin/rustc
rustup  <metal-home>/.cargo/bin/rustup
total 211808
-rwxr-xr-x 1 ubuntu ubuntu 101233680 Jan  1  2023 bpf-linker
lrwxrwxrwx 1 ubuntu ubuntu         6 Aug 10 14:16 cargo -> rustup
-rwxr-xr-x 1 ubuntu ubuntu  18470008 Aug 10 14:16 cargo-binstall
lrwxrwxrwx 1 ubuntu ubuntu         6 Aug 10 14:16 cargo-clippy -> rustup
-rwxr-xr-x 1 ubuntu ubuntu   8844624 Jul  9 18:00 cargo-deny
lrwxrwxrwx 1 ubuntu ubuntu         6 Aug 10 14:16 cargo-fmt -> rustup
lrwxrwxrwx 1 ubuntu ubuntu         6 Aug 10 14:16 cargo-miri -> rustup
-rwxr-xr-x 1 ubuntu ubuntu   9640208 Jun  2 15:18 cargo-mutants
-rwxr-xr-x 1 ubuntu ubuntu  35533816 Aug  4 22:20 cargo-nextest
lrwxrwxrwx 1 ubuntu ubuntu         6 Aug 10 14:16 clippy-driver -> rustup
lrwxrwxrwx 1 ubuntu ubuntu         6 Aug 10 14:16 rls -> rustup
lrwxrwxrwx 1 ubuntu ubuntu         6 Aug 10 14:16 rust-analyzer -> rustup
lrwxrwxrwx 1 ubuntu ubuntu         6 Aug 10 14:16 rust-gdb -> rustup
lrwxrwxrwx 1 ubuntu ubuntu         6 Aug 10 14:16 rust-gdbgui -> rustup
lrwxrwxrwx 1 ubuntu ubuntu         6 Aug 10 14:16 rust-lldb -> rustup
lrwxrwxrwx 1 ubuntu ubuntu         6 Aug 10 14:16 rustc -> rustup
lrwxrwxrwx 1 ubuntu ubuntu         6 Aug 10 14:16 rustdoc -> rustup
lrwxrwxrwx 1 ubuntu ubuntu         6 Aug 10 14:16 rustfmt -> rustup
-rwxr-xr-x 1 ubuntu ubuntu  20838840 Aug 10 14:30 rustup
rustc 1.95.0 (59807616e 2026-04-14)
cargo 1.95.0 (f2d3ce0bd 2026-03-21)
1.95.0-x86_64-unknown-linux-gnu (overridden by '<metal-home>/overdrive/rust-toolchain.toml')
565M	<metal-home>/.cargo/registry

=== capture and diagnostic tooling ===
tcpdump  /usr/bin/tcpdump
ss       /usr/bin/ss
ip       /usr/sbin/ip
python3  /usr/bin/python3
openssl  /usr/bin/openssl
gcc      /usr/bin/gcc
make     /usr/bin/make
curl     /usr/bin/curl
bzip2    /usr/bin/bzip2
tar      /usr/bin/tar
tcpdump version 4.99.6
libpcap version 1.10.6 (64-bit time_t, with TPACKET_V3)
Python 3.14.4

=== network reachability (HEAD/metadata only) ===
https://index.crates.io/config.json -> 200
https://static.crates.io -> 403
https://github.com -> 200

=== tap name / subnet / port availability ===
igkmd0 present: no
192.168.203.x on host: 0
no listener on 5001/6443-6446

=== verdict ===
SUBSTRATE OK
