/usr/bin/ssh

########## [bootstrap] preflight: ssh to <redacted-metal-target>

########## [bootstrap] remote user=ubuntu home=<metal-home> sudo='sudo -n'

########## [bootstrap] acquire canonical metal lease (/run/lock/overdrive-metal-shared.lock)
OVERDRIVE_METAL_LEASE_ACQUIRED token=7d9867f1a0c07780eee39a54 pid=170679

########## [bootstrap] sync /Users/marcus/conductor/workspaces/helios/bordeaux-v2 -> <redacted-metal-target>:<metal-home>/overdrive
cannot delete non-empty directory: spike-scratch/increment-u-netns-density-295-default-offload-20260913T2302
cannot delete non-empty directory: spike-scratch/increment-t-netns-density-295-bridge-local-20260913T2259
cannot delete non-empty directory: spike-scratch/increment-s-netns-density-295-bridge-dns-20260913T2257
cannot delete non-empty directory: spike-scratch/increment-r-netns-density-295-offload-20260913T2254
cannot delete non-empty directory: spike-scratch/increment-q-netns-density-295-broute-host-20260913T2252
cannot delete non-empty directory: spike-scratch/increment-p-netns-density-295-metal-20260913T2237

sent 151,269 bytes  received 1,895 bytes  61,265.60 bytes/sec
total size is 156,080,350  speedup is 1,019.04

########## [bootstrap] fail-closed native x86_64/KVM preflight

===== pre-run host state =====
links: eno12399np0 eno12409np1 eno8303 lo 
cloud-hypervisor processes: []

===== versions / artifacts =====
7.0.0-29-generic
cloud-hypervisor v53.0
aad473aad2f73a9893d5c32be333f2796725ab82
c99b7da38017ee74d5e1999ae1f76654420ffca859972a25a1637aa87ef9f521  <metal-home>/igkm-spike-a/nanos/output/platform/pc/bin/kernel.img
27157a22bd2ceb9d0167248b3b04bb68add394368c2840e2f8ffce75a542beec  <metal-home>/igkm-spike-a/out/nanos-vsock.img

===== launch =====
CH command: cloud-hypervisor --kernel <metal-home>/igkm-spike-a/nanos/output/platform/pc/bin/kernel.img --disk path=<metal-home>/igkm-spike-a/runs/20260928T060926Z-171031/disk.img --cpus boot=1 --memory size=512M --net tap=igkma0\,ip=192.168.203.1\,mask=255.255.255.0\,mac=52:54:00:1a:03:02 --vsock cid=3\,socket=<metal-home>/igkm-spike-a/runs/20260928T060926Z-171031/vsock.sock --serial file=<metal-home>/igkm-spike-a/runs/20260928T060926Z-171031/serial.log --console off --event-monitor path=<metal-home>/igkm-spike-a/runs/20260928T060926Z-171031/events.json --log-file <metal-home>/igkm-spike-a/runs/20260928T060926Z-171031/ch.log -vv 
cloud-hypervisor pid=171063 listener pid=171060 T0=1790575766.440993335
tap while VM running: igkma0           UNKNOWN        192.168.203.1/24 fe80::70f1:58ff:fec5:444b/64 
cloud-hypervisor exited on its own: exit=0 after 0.234s
listener exit=1

===== host listener log =====
HOST: vsock-leg listening on unix <metal-home>/igkm-spike-a/runs/20260928T060926Z-171031/vsock.sock_5000 t+0.019026s
HOST: net-leg listening on tcp 192.168.203.1:5001 (IP_FREEBIND) t+0.019094s
HOST: vsock-leg NO CONNECTION before deadline t+60.120257s
HOST: net-leg NO CONNECTION before deadline t+60.120332s
HOST: VERDICT vsock=FAIL t+60.120503s
HOST: VERDICT net=FAIL t+60.120517s

===== guest serial console (Nanos) =====

===== cloud-hypervisor event monitor =====
{
  "timestamp": {
    "secs": 0,
    "nanos": 150156
  },
  "source": "vmm",
  "event": "starting",
  "properties": null
}

{
  "timestamp": {
    "secs": 0,
    "nanos": 3539957
  },
  "source": "vm",
  "event": "booting",
  "properties": null
}

{
  "timestamp": {
    "secs": 0,
    "nanos": 22763268
  },
  "source": "vm",
  "event": "booted",
  "properties": null
}

{
  "timestamp": {
    "secs": 0,
    "nanos": 23220547
  },
  "source": "vm",
  "event": "shutdown",
  "properties": null
}

{
  "timestamp": {
    "secs": 0,
    "nanos": 50671932
  },
  "source": "vm",
  "event": "deleted",
  "properties": null
}

{
  "timestamp": {
    "secs": 0,
    "nanos": 50706224
  },
  "source": "vmm",
  "event": "shutdown",
  "properties": null
}


===== cloud-hypervisor stdout/stderr =====

===== cloud-hypervisor log (-vv) =====
cloud-hypervisor:   0.000052s: <main> INFO:cloud-hypervisor/src/main.rs:631 -- v53.0 starting
cloud-hypervisor:   0.000311s: <main> INFO:event_monitor/src/lib.rs:113 -- Event: source = vmm event = starting 
cloud-hypervisor:   0.002786s: <vmm> INFO:vmm/src/api/mod.rs:1278 -- API request event: VmCreate VmConfig { cpus: CpusConfig { boot_vcpus: 1, max_vcpus: 1, topology: None, kvm_hyperv: false, max_phys_bits: 46, affinity: None, features: CpuFeatures { amx: false }, nested: true, core_scheduling: Vm, profile: Host }, memory: MemoryConfig { size: 536870912, mergeable: false, hotplug_method: Acpi, hotplug_size: None, hotplugged_size: None, shared: false, hugepages: false, hugepage_size: None, prefault: false, reserve: false, zones: None, thp: true }, payload: Some(PayloadConfig { firmware: None, kernel: Some("<metal-home>/igkm-spike-a/nanos/output/platform/pc/bin/kernel.img"), cmdline: None, initramfs: None }), rate_limit_groups: None, disks: Some([DiskConfig { pci_common: PciDeviceCommonConfig { id: None, iommu: false, pci_segment: 0, pci_device_id: None }, path: Some("<metal-home>/igkm-spike-a/runs/20260928T060926Z-171031/disk.img"), readonly: false, direct: false, num_queues: 1, queue_size: 128, vhost_user: false, vhost_socket: None, rate_limit_group: None, rate_limiter_config: None, disable_io_uring: false, disable_aio: false, serial: None, queue_affinity: None, backing_files: false, sparse: true, image_type: Unknown, lock_granularity: ByteRange }]), net: Some([NetConfig { pci_common: PciDeviceCommonConfig { id: None, iommu: false, pci_segment: 0, pci_device_id: None }, tap: Some("igkma0"), ip: Some(192.168.203.1), mask: Some(255.255.255.0), mac: MacAddr { bytes: [82, 84, 0, 26, 3, 2] }, host_mac: None, mtu: None, num_queues: 2, queue_size: 256, vhost_user: false, vhost_socket: None, vhost_mode: Client, fds: None, rate_limiter_config: None, offload_tso: true, offload_ufo: true, offload_csum: true }]), rng: RngConfig { pci_common: PciDeviceCommonConfig { id: None, iommu: false, pci_segment: 0, pci_device_id: None }, src: "/dev/urandom" }, balloon: None, generic_vhost_user: None, fs: None, pmem: None, serial: SerialConfig { common: CommonConsoleConfig { file: Some("<metal-home>/igkm-spike-a/runs/20260928T060926Z-171031/serial.log"), mode: File, socket: None } }, console: ConsoleConfig { common: CommonConsoleConfig { file: None, mode: Off, socket: None }, pci_common: PciDeviceCommonConfig { id: None, iommu: false, pci_segment: 0, pci_device_id: None } }, debug_console: DebugConsoleConfig { file: None, mode: Off, iobase: Some(233) }, devices: None, user_devices: None, vdpa: None, vsock: Some(VsockConfig { pci_common: PciDeviceCommonConfig { id: None, iommu: false, pci_segment: 0, pci_device_id: None }, cid: 3, socket: "<metal-home>/igkm-spike-a/runs/20260928T060926Z-171031/vsock.sock" }), pvpanic: false, iommu: false, numa: None, watchdog: false, rtc: None, pci_segments: None, platform: None, tpm: None, preserved_fds: None, landlock_enable: false, landlock_rules: None }
cloud-hypervisor:   0.003664s: <vmm> INFO:vmm/src/api/mod.rs:1169 -- API request event: VmBoot
cloud-hypervisor:   0.003688s: <vmm> INFO:vmm/src/lib.rs:2230 -- Booting VM
cloud-hypervisor:   0.003709s: <vmm> INFO:event_monitor/src/lib.rs:113 -- Event: source = vm event = booting 
cloud-hypervisor:   0.004027s: <vmm> INFO:vmm/src/memory_manager.rs:681 -- create ram region for zone mem0, region_start: 0x0, region_size: 0x20000000
cloud-hypervisor:   0.004089s: <vmm> INFO:vmm/src/memory_manager.rs:2154 -- RAM region mapping at 0x798897200000 (size = 0x20000000)
cloud-hypervisor:   0.004119s: <vmm> DEBUG:vmm/src/memory_manager.rs:2167 -- Successfully marked pages as THP eligible
cloud-hypervisor:   0.004159s: <vmm> INFO:vmm/src/vm.rs:606 -- Booting VM from config: Mutex { data: VmConfig { cpus: CpusConfig { boot_vcpus: 1, max_vcpus: 1, topology: None, kvm_hyperv: false, max_phys_bits: 46, affinity: None, features: CpuFeatures { amx: false }, nested: true, core_scheduling: Vm, profile: Host }, memory: MemoryConfig { size: 536870912, mergeable: false, hotplug_method: Acpi, hotplug_size: None, hotplugged_size: None, shared: false, hugepages: false, hugepage_size: None, prefault: false, reserve: false, zones: None, thp: true }, payload: Some(PayloadConfig { firmware: None, kernel: Some("<metal-home>/igkm-spike-a/nanos/output/platform/pc/bin/kernel.img"), cmdline: None, initramfs: None }), rate_limit_groups: None, disks: Some([DiskConfig { pci_common: PciDeviceCommonConfig { id: None, iommu: false, pci_segment: 0, pci_device_id: None }, path: Some("<metal-home>/igkm-spike-a/runs/20260928T060926Z-171031/disk.img"), readonly: false, direct: false, num_queues: 1, queue_size: 128, vhost_user: false, vhost_socket: None, rate_limit_group: None, rate_limiter_config: None, disable_io_uring: false, disable_aio: false, serial: None, queue_affinity: None, backing_files: false, sparse: true, image_type: Unknown, lock_granularity: ByteRange }]), net: Some([NetConfig { pci_common: PciDeviceCommonConfig { id: None, iommu: false, pci_segment: 0, pci_device_id: None }, tap: Some("igkma0"), ip: Some(192.168.203.1), mask: Some(255.255.255.0), mac: MacAddr { bytes: [82, 84, 0, 26, 3, 2] }, host_mac: None, mtu: None, num_queues: 2, queue_size: 256, vhost_user: false, vhost_socket: None, vhost_mode: Client, fds: None, rate_limiter_config: None, offload_tso: true, offload_ufo: true, offload_csum: true }]), rng: RngConfig { pci_common: PciDeviceCommonConfig { id: None, iommu: false, pci_segment: 0, pci_device_id: None }, src: "/dev/urandom" }, balloon: None, generic_vhost_user: None, fs: None, pmem: None, serial: SerialConfig { common: CommonConsoleConfig { file: Some("<metal-home>/igkm-spike-a/runs/20260928T060926Z-171031/serial.log"), mode: File, socket: None } }, console: ConsoleConfig { common: CommonConsoleConfig { file: None, mode: Off, socket: None }, pci_common: PciDeviceCommonConfig { id: None, iommu: false, pci_segment: 0, pci_device_id: None } }, debug_console: DebugConsoleConfig { file: None, mode: Off, iobase: Some(233) }, devices: None, user_devices: None, vdpa: None, vsock: Some(VsockConfig { pci_common: PciDeviceCommonConfig { id: None, iommu: false, pci_segment: 0, pci_device_id: None }, cid: 3, socket: "<metal-home>/igkm-spike-a/runs/20260928T060926Z-171031/vsock.sock" }), pvpanic: false, iommu: false, numa: None, watchdog: false, rtc: None, pci_segments: None, platform: None, tpm: None, preserved_fds: None, landlock_enable: false, landlock_rules: None }, poisoned: false, .. }
cloud-hypervisor:   0.004990s: <vmm> INFO:arch/src/x86_64/mod.rs:629 -- Generating guest CPUID with physical address size: 46
cloud-hypervisor:   0.005100s: <vmm> INFO:vmm/src/pci_segment.rs:107 -- Adding PCI segment: id=0, PCI MMIO config address: 0xe8000000, mem32 area [0xc0000000-0xe7ffffff], mem64 area [0x100000000-0x3fffffeeffff]
cloud-hypervisor:   0.005150s: <vmm> INFO:vmm/src/memory_manager.rs:2433 -- Creating userspace mapping: 0 -> 798897200000 20000000, slot 0
cloud-hypervisor:   0.005233s: <vmm> INFO:vmm/src/memory_manager.rs:2491 -- Created userspace mapping: 0 -> 798897200000 20000000
cloud-hypervisor:   0.005317s: <vmm> INFO:vmm/src/cpu.rs:1100 -- Request to create new vCPUs: desired = 1, max = 1, allocated = 0, present = 0
cloud-hypervisor:   0.005350s: <vmm> DEBUG:vmm/src/cpu.rs:973 -- Creating vCPU: cpu_id = 0
cloud-hypervisor:   0.005361s: <payload_loader> INFO:vmm/src/vm.rs:1636 -- Loading kernel
cloud-hypervisor:   0.005757s: <vmm> INFO:vmm/src/device_manager.rs:2700 -- Creating virtio-block device: DiskConfig { pci_common: PciDeviceCommonConfig { id: Some("_disk0"), iommu: false, pci_segment: 0, pci_device_id: None }, path: Some("<metal-home>/igkm-spike-a/runs/20260928T060926Z-171031/disk.img"), readonly: false, direct: false, num_queues: 1, queue_size: 128, vhost_user: false, vhost_socket: None, rate_limit_group: None, rate_limiter_config: None, disable_io_uring: false, disable_aio: false, serial: None, queue_affinity: None, backing_files: false, sparse: true, image_type: Unknown, lock_granularity: ByteRange }
cloud-hypervisor:   0.005880s: <payload_loader> INFO:vmm/src/vm.rs:1659 -- PVH kernel loaded: entry_addr = 0x2000dc
cloud-hypervisor:   0.006043s: <vmm> INFO:block/src/factory.rs:153 -- Opening RAW disk file with io_uring backend
cloud-hypervisor:   0.006068s: <vmm> WARN:vmm/src/device_manager.rs:2756 -- DEPRECATION: auto-detection of disk image type is deprecated and will be removed in a future release. Please specify image type explicitly.
cloud-hypervisor:   0.006090s: <vmm> WARN:vmm/src/device_manager.rs:2761 -- No image_type specified - detected as raw. Configuration updated to persist type across reboots and migrations.
cloud-hypervisor:   0.006115s: <vmm> WARN:vmm/src/device_manager.rs:2769 -- Autodetected raw image type. Disabling sector 0 writes.
cloud-hypervisor:   0.006181s: <vmm> INFO:block/src/lib.rs:428 -- Probed file sparse support: punch_hole=true, zero_range=true => true
cloud-hypervisor:   0.006212s: <vmm> INFO:virtio-devices/src/block.rs:871 -- Disk topology: DiskTopology { logical_block_size: 512, physical_block_size: 512, minimum_io_size: 512, optimal_io_size: 0 }
cloud-hypervisor:   0.006268s: <vmm> INFO:vmm/src/device_manager.rs:2929 -- Creating virtio-net device: NetConfig { pci_common: PciDeviceCommonConfig { id: Some("_net1"), iommu: false, pci_segment: 0, pci_device_id: None }, tap: Some("igkma0"), ip: Some(192.168.203.1), mask: Some(255.255.255.0), mac: MacAddr { bytes: [82, 84, 0, 26, 3, 2] }, host_mac: None, mtu: None, num_queues: 2, queue_size: 256, vhost_user: false, vhost_socket: None, vhost_mode: Client, fds: None, rate_limiter_config: None, offload_tso: true, offload_ufo: true, offload_csum: true }
cloud-hypervisor:   0.006908s: <vmm> INFO:vmm/src/device_manager.rs:3091 -- Creating virtio-rng device: RngConfig { pci_common: PciDeviceCommonConfig { id: None, iommu: false, pci_segment: 0, pci_device_id: None }, src: "/dev/urandom" }
cloud-hypervisor:   0.007001s: <vmm> INFO:vmm/src/device_manager.rs:3519 -- Creating virtio-vsock device: VsockConfig { pci_common: PciDeviceCommonConfig { id: Some("_vsock2"), iommu: false, pci_segment: 0, pci_device_id: None }, cid: 3, socket: "<metal-home>/igkm-spike-a/runs/20260928T060926Z-171031/vsock.sock" }
cloud-hypervisor:   0.007301s: <vmm> DEBUG:virtio-devices/src/block.rs:1021 -- Attempting to acquire Write lock for disk image: id=_disk0,path=<metal-home>/igkm-spike-a/runs/20260928T060926Z-171031/disk.img,granularity=ByteRange(0, 15781888)
cloud-hypervisor:   0.007363s: <vmm> INFO:virtio-devices/src/block.rs:1042 -- Acquired Write lock for disk image id=_disk0,path=<metal-home>/igkm-spike-a/runs/20260928T060926Z-171031/disk.img
cloud-hypervisor:   0.007810s: <vmm> INFO:vmm/src/acpi.rs:1166 -- Generated ACPI tables: took 411µs size = 5169
cloud-hypervisor:   0.007850s: <vmm> INFO:vmm/src/vm.rs:2739 -- Created ACPI tables: rsdp_addr = 0xa0000
cloud-hypervisor:   0.007896s: <vmm> INFO:vmm/src/cpu.rs:556 -- Configuring vCPU: cpu_id = 0
cloud-hypervisor:   0.007940s: <vmm> DEBUG:arch/src/x86_64/mod.rs:1001 -- function = 0x00000000 index = 0x00000000 eax = 0x00000010 ebx = 0x68747541 ecx = 0x444d4163 edx = 0x69746e65 flags = 0x00000000
cloud-hypervisor:   0.008016s: <vmm> DEBUG:arch/src/x86_64/mod.rs:1001 -- function = 0x00000001 index = 0x00000000 eax = 0x00aa0f02 ebx = 0x00010800 ecx = 0xf7fa3203 edx = 0x178bfbff flags = 0x00000000
cloud-hypervisor:   0.008088s: <vmm> DEBUG:arch/src/x86_64/mod.rs:1001 -- function = 0x00000002 index = 0x00000000 eax = 0x00000000 ebx = 0x00000000 ecx = 0x00000000 edx = 0x00000000 flags = 0x00000000
cloud-hypervisor:   0.008189s: <vmm> DEBUG:arch/src/x86_64/mod.rs:1001 -- function = 0x00000003 index = 0x00000000 eax = 0x00000000 ebx = 0x00000000 ecx = 0x00000000 edx = 0x00000000 flags = 0x00000000
cloud-hypervisor:   0.008291s: <vmm> DEBUG:arch/src/x86_64/mod.rs:1001 -- function = 0x00000004 index = 0x00000000 eax = 0x00000000 ebx = 0x00000000 ecx = 0x00000000 edx = 0x00000000 flags = 0x00000001
cloud-hypervisor:   0.008392s: <vmm> DEBUG:arch/src/x86_64/mod.rs:1001 -- function = 0x00000005 index = 0x00000000 eax = 0x00000000 ebx = 0x00000000 ecx = 0x00000000 edx = 0x00000000 flags = 0x00000000
cloud-hypervisor:   0.008499s: <vmm> DEBUG:arch/src/x86_64/mod.rs:1001 -- function = 0x00000006 index = 0x00000000 eax = 0x00000004 ebx = 0x00000000 ecx = 0x00000000 edx = 0x00000000 flags = 0x00000000
cloud-hypervisor:   0.008601s: <vmm> DEBUG:arch/src/x86_64/mod.rs:1001 -- function = 0x00000007 index = 0x00000000 eax = 0x00000001 ebx = 0xf1bf07ab ecx = 0x00415fce edx = 0xbc000010 flags = 0x00000001
cloud-hypervisor:   0.008682s: <vmm> DEBUG:arch/src/x86_64/mod.rs:1001 -- function = 0x00000007 index = 0x00000001 eax = 0x00000020 ebx = 0x00000000 ecx = 0x00000000 edx = 0x00000000 flags = 0x00000001
cloud-hypervisor:   0.008792s: <vmm> DEBUG:arch/src/x86_64/mod.rs:1001 -- function = 0x00000008 index = 0x00000000 eax = 0x00000000 ebx = 0x00000000 ecx = 0x00000000 edx = 0x00000000 flags = 0x00000000
cloud-hypervisor:   0.008894s: <vmm> DEBUG:arch/src/x86_64/mod.rs:1001 -- function = 0x00000009 index = 0x00000000 eax = 0x00000000 ebx = 0x00000000 ecx = 0x00000000 edx = 0x00000000 flags = 0x00000000
cloud-hypervisor:   0.008995s: <vmm> DEBUG:arch/src/x86_64/mod.rs:1001 -- function = 0x0000000a index = 0x00000000 eax = 0x00000000 ebx = 0x00000000 ecx = 0x00000000 edx = 0x00000000 flags = 0x00000000
cloud-hypervisor:   0.009095s: <vmm> DEBUG:arch/src/x86_64/mod.rs:1001 -- function = 0x0000000b index = 0x00000000 eax = 0x00000000 ebx = 0x00000001 ecx = 0x00000100 edx = 0x00000000 flags = 0x00000001
cloud-hypervisor:   0.009193s: <vmm> DEBUG:arch/src/x86_64/mod.rs:1001 -- function = 0x0000000c index = 0x00000000 eax = 0x00000000 ebx = 0x00000000 ecx = 0x00000000 edx = 0x00000000 flags = 0x00000000
cloud-hypervisor:   0.009295s: <vmm> DEBUG:arch/src/x86_64/mod.rs:1001 -- function = 0x0000000d index = 0x00000000 eax = 0x000002e7 ebx = 0x00000988 ecx = 0x00000988 edx = 0x00000000 flags = 0x00000001
cloud-hypervisor:   0.009390s: <vmm> DEBUG:arch/src/x86_64/mod.rs:1001 -- function = 0x0000000d index = 0x00000001 eax = 0x0000000f ebx = 0x000009b0 ecx = 0x00001800 edx = 0x00000000 flags = 0x00000001
cloud-hypervisor:   0.009483s: <vmm> DEBUG:arch/src/x86_64/mod.rs:1001 -- function = 0x0000000d index = 0x00000002 eax = 0x00000100 ebx = 0x00000240 ecx = 0x00000000 edx = 0x00000000 flags = 0x00000001
cloud-hypervisor:   0.009578s: <vmm> DEBUG:arch/src/x86_64/mod.rs:1001 -- function = 0x0000000d index = 0x00000005 eax = 0x00000040 ebx = 0x00000340 ecx = 0x00000000 edx = 0x00000000 flags = 0x00000001
cloud-hypervisor:   0.009674s: <vmm> DEBUG:arch/src/x86_64/mod.rs:1001 -- function = 0x0000000d index = 0x00000006 eax = 0x00000200 ebx = 0x00000380 ecx = 0x00000000 edx = 0x00000000 flags = 0x00000001
cloud-hypervisor:   0.009793s: <vmm> DEBUG:arch/src/x86_64/mod.rs:1001 -- function = 0x0000000d index = 0x00000007 eax = 0x00000400 ebx = 0x00000580 ecx = 0x00000000 edx = 0x00000000 flags = 0x00000001
cloud-hypervisor:   0.009889s: <vmm> DEBUG:arch/src/x86_64/mod.rs:1001 -- function = 0x0000000d index = 0x00000009 eax = 0x00000008 ebx = 0x00000980 ecx = 0x00000000 edx = 0x00000000 flags = 0x00000001
cloud-hypervisor:   0.009987s: <vmm> DEBUG:arch/src/x86_64/mod.rs:1001 -- function = 0x0000000d index = 0x0000000b eax = 0x00000010 ebx = 0x00000000 ecx = 0x00000001 edx = 0x00000000 flags = 0x00000001
cloud-hypervisor:   0.010086s: <vmm> DEBUG:arch/src/x86_64/mod.rs:1001 -- function = 0x0000000d index = 0x0000000c eax = 0x00000018 ebx = 0x00000000 ecx = 0x00000001 edx = 0x00000000 flags = 0x00000001
cloud-hypervisor:   0.010185s: <vmm> DEBUG:arch/src/x86_64/mod.rs:1001 -- function = 0x0000000e index = 0x00000000 eax = 0x00000000 ebx = 0x00000000 ecx = 0x00000000 edx = 0x00000000 flags = 0x00000000
cloud-hypervisor:   0.010285s: <vmm> DEBUG:arch/src/x86_64/mod.rs:1001 -- function = 0x0000000f index = 0x00000000 eax = 0x00000000 ebx = 0x00000000 ecx = 0x00000000 edx = 0x00000000 flags = 0x00000001
cloud-hypervisor:   0.010385s: <vmm> DEBUG:arch/src/x86_64/mod.rs:1001 -- function = 0x00000010 index = 0x00000000 eax = 0x00000000 ebx = 0x00000000 ecx = 0x00000000 edx = 0x00000000 flags = 0x00000001
cloud-hypervisor:   0.010484s: <vmm> DEBUG:arch/src/x86_64/mod.rs:1001 -- function = 0x80000000 index = 0x00000000 eax = 0x80000022 ebx = 0x68747541 ecx = 0x444d4163 edx = 0x69746e65 flags = 0x00000000
cloud-hypervisor:   0.010546s: <vmm> DEBUG:arch/src/x86_64/mod.rs:1001 -- function = 0x80000001 index = 0x00000000 eax = 0x00aa0f02 ebx = 0x80000000 ecx = 0x00c003f7 edx = 0x2fd3fbff flags = 0x00000000
cloud-hypervisor:   0.010607s: <vmm> DEBUG:arch/src/x86_64/mod.rs:1001 -- function = 0x80000005 index = 0x00000000 eax = 0xff48ff40 ebx = 0xff48ff40 ecx = 0x20080140 edx = 0x20080140 flags = 0x00000000
cloud-hypervisor:   0.010664s: <vmm> DEBUG:arch/src/x86_64/mod.rs:1001 -- function = 0x80000006 index = 0x00000000 eax = 0x5c002200 ebx = 0x6c004200 ecx = 0x04006140 edx = 0x01009140 flags = 0x00000000
cloud-hypervisor:   0.010728s: <vmm> DEBUG:arch/src/x86_64/mod.rs:1001 -- function = 0x80000007 index = 0x00000000 eax = 0x00000000 ebx = 0x00000000 ecx = 0x00000000 edx = 0x00000100 flags = 0x00000000
cloud-hypervisor:   0.010818s: <vmm> DEBUG:arch/src/x86_64/mod.rs:1001 -- function = 0x80000008 index = 0x00000000 eax = 0x002e392e ebx = 0x531ad205 ecx = 0x00000000 edx = 0x00000000 flags = 0x00000000
cloud-hypervisor:   0.010894s: <vmm> DEBUG:arch/src/x86_64/mod.rs:1001 -- function = 0x80000009 index = 0x00000000 eax = 0x00000000 ebx = 0x00000000 ecx = 0x00000000 edx = 0x00000000 flags = 0x00000000
cloud-hypervisor:   0.010986s: <vmm> DEBUG:arch/src/x86_64/mod.rs:1001 -- function = 0x8000000a index = 0x00000000 eax = 0x00000001 ebx = 0x00000008 ecx = 0x00000000 edx = 0x1201947b flags = 0x00000000
cloud-hypervisor:   0.011068s: <vmm> DEBUG:arch/src/x86_64/mod.rs:1001 -- function = 0x8000000b index = 0x00000000 eax = 0x00000000 ebx = 0x00000000 ecx = 0x00000000 edx = 0x00000000 flags = 0x00000000
cloud-hypervisor:   0.011160s: <vmm> DEBUG:arch/src/x86_64/mod.rs:1001 -- function = 0x8000000c index = 0x00000000 eax = 0x00000000 ebx = 0x00000000 ecx = 0x00000000 edx = 0x00000000 flags = 0x00000000
cloud-hypervisor:   0.011251s: <vmm> DEBUG:arch/src/x86_64/mod.rs:1001 -- function = 0x8000000d index = 0x00000000 eax = 0x00000000 ebx = 0x00000000 ecx = 0x00000000 edx = 0x00000000 flags = 0x00000000
cloud-hypervisor:   0.011343s: <vmm> DEBUG:arch/src/x86_64/mod.rs:1001 -- function = 0x8000000e index = 0x00000000 eax = 0x00000000 ebx = 0x00000000 ecx = 0x00000000 edx = 0x00000000 flags = 0x00000000
cloud-hypervisor:   0.011434s: <vmm> DEBUG:arch/src/x86_64/mod.rs:1001 -- function = 0x8000000f index = 0x00000000 eax = 0x00000000 ebx = 0x00000000 ecx = 0x00000000 edx = 0x00000000 flags = 0x00000000
cloud-hypervisor:   0.011526s: <vmm> DEBUG:arch/src/x86_64/mod.rs:1001 -- function = 0x80000010 index = 0x00000000 eax = 0x00000000 ebx = 0x00000000 ecx = 0x00000000 edx = 0x00000000 flags = 0x00000000
cloud-hypervisor:   0.011617s: <vmm> DEBUG:arch/src/x86_64/mod.rs:1001 -- function = 0x80000011 index = 0x00000000 eax = 0x00000000 ebx = 0x00000000 ecx = 0x00000000 edx = 0x00000000 flags = 0x00000000
cloud-hypervisor:   0.011708s: <vmm> DEBUG:arch/src/x86_64/mod.rs:1001 -- function = 0x80000012 index = 0x00000000 eax = 0x00000000 ebx = 0x00000000 ecx = 0x00000000 edx = 0x00000000 flags = 0x00000000
cloud-hypervisor:   0.011805s: <vmm> DEBUG:arch/src/x86_64/mod.rs:1001 -- function = 0x80000013 index = 0x00000000 eax = 0x00000000 ebx = 0x00000000 ecx = 0x00000000 edx = 0x00000000 flags = 0x00000000
cloud-hypervisor:   0.011896s: <vmm> DEBUG:arch/src/x86_64/mod.rs:1001 -- function = 0x80000014 index = 0x00000000 eax = 0x00000000 ebx = 0x00000000 ecx = 0x00000000 edx = 0x00000000 flags = 0x00000000
cloud-hypervisor:   0.011987s: <vmm> DEBUG:arch/src/x86_64/mod.rs:1001 -- function = 0x80000015 index = 0x00000000 eax = 0x00000000 ebx = 0x00000000 ecx = 0x00000000 edx = 0x00000000 flags = 0x00000000
cloud-hypervisor:   0.012078s: <vmm> DEBUG:arch/src/x86_64/mod.rs:1001 -- function = 0x80000016 index = 0x00000000 eax = 0x00000000 ebx = 0x00000000 ecx = 0x00000000 edx = 0x00000000 flags = 0x00000000
cloud-hypervisor:   0.012169s: <vmm> DEBUG:arch/src/x86_64/mod.rs:1001 -- function = 0x80000017 index = 0x00000000 eax = 0x00000000 ebx = 0x00000000 ecx = 0x00000000 edx = 0x00000000 flags = 0x00000000
cloud-hypervisor:   0.012264s: <vmm> DEBUG:arch/src/x86_64/mod.rs:1001 -- function = 0x80000018 index = 0x00000000 eax = 0x00000000 ebx = 0x00000000 ecx = 0x00000000 edx = 0x00000000 flags = 0x00000000
cloud-hypervisor:   0.012355s: <vmm> DEBUG:arch/src/x86_64/mod.rs:1001 -- function = 0x80000019 index = 0x00000000 eax = 0xf048f040 ebx = 0xf0400000 ecx = 0x00000000 edx = 0x00000000 flags = 0x00000000
cloud-hypervisor:   0.012429s: <vmm> DEBUG:arch/src/x86_64/mod.rs:1001 -- function = 0x8000001a index = 0x00000000 eax = 0x00000006 ebx = 0x00000000 ecx = 0x00000000 edx = 0x00000000 flags = 0x00000000
cloud-hypervisor:   0.012520s: <vmm> DEBUG:arch/src/x86_64/mod.rs:1001 -- function = 0x8000001b index = 0x00000000 eax = 0x00000000 ebx = 0x00000000 ecx = 0x00000000 edx = 0x00000000 flags = 0x00000000
cloud-hypervisor:   0.012611s: <vmm> DEBUG:arch/src/x86_64/mod.rs:1001 -- function = 0x8000001c index = 0x00000000 eax = 0x00000000 ebx = 0x00000000 ecx = 0x00000000 edx = 0x00000000 flags = 0x00000000
cloud-hypervisor:   0.012702s: <vmm> DEBUG:arch/src/x86_64/mod.rs:1001 -- function = 0x8000001d index = 0x00000000 eax = 0x00004121 ebx = 0x01c0003f ecx = 0x0000003f edx = 0x00000000 flags = 0x00000001
cloud-hypervisor:   0.012792s: <vmm> DEBUG:arch/src/x86_64/mod.rs:1001 -- function = 0x8000001d index = 0x00000001 eax = 0x00004122 ebx = 0x01c0003f ecx = 0x0000003f edx = 0x00000000 flags = 0x00000001
cloud-hypervisor:   0.012871s: <vmm> DEBUG:arch/src/x86_64/mod.rs:1001 -- function = 0x8000001d index = 0x00000002 eax = 0x00004143 ebx = 0x01c0003f ecx = 0x000007ff edx = 0x00000002 flags = 0x00000001
cloud-hypervisor:   0.012947s: <vmm> DEBUG:arch/src/x86_64/mod.rs:1001 -- function = 0x8000001d index = 0x00000003 eax = 0x0001c163 ebx = 0x03c0003f ecx = 0x00003fff edx = 0x00000001 flags = 0x00000001
cloud-hypervisor:   0.013021s: <vmm> DEBUG:arch/src/x86_64/mod.rs:1001 -- function = 0x8000001d index = 0x00000004 eax = 0x00000000 ebx = 0x00000000 ecx = 0x00000000 edx = 0x00000000 flags = 0x00000001
cloud-hypervisor:   0.013112s: <vmm> DEBUG:arch/src/x86_64/mod.rs:1001 -- function = 0x8000001e index = 0x00000000 eax = 0x00000000 ebx = 0x00000000 ecx = 0x00000000 edx = 0x00000000 flags = 0x00000000
cloud-hypervisor:   0.013202s: <vmm> DEBUG:arch/src/x86_64/mod.rs:1001 -- function = 0x8000001f index = 0x00000000 eax = 0x00000000 ebx = 0x00000000 ecx = 0x00000000 edx = 0x00000000 flags = 0x00000000
cloud-hypervisor:   0.013292s: <vmm> DEBUG:arch/src/x86_64/mod.rs:1001 -- function = 0x80000020 index = 0x00000000 eax = 0x00000000 ebx = 0x00000000 ecx = 0x00000000 edx = 0x00000000 flags = 0x00000000
cloud-hypervisor:   0.013382s: <vmm> DEBUG:arch/src/x86_64/mod.rs:1001 -- function = 0x80000021 index = 0x00000000 eax = 0x18000347 ebx = 0x00000000 ecx = 0x00000000 edx = 0x00000000 flags = 0x00000000
cloud-hypervisor:   0.013464s: <vmm> DEBUG:arch/src/x86_64/mod.rs:1001 -- function = 0x80000022 index = 0x00000000 eax = 0x00000001 ebx = 0x00000006 ecx = 0x00000000 edx = 0x00000000 flags = 0x00000000
cloud-hypervisor:   0.013555s: <vmm> DEBUG:arch/src/x86_64/mod.rs:1001 -- function = 0x40000000 index = 0x00000000 eax = 0x40000010 ebx = 0x4b4d564b ecx = 0x564b4d56 edx = 0x0000004d flags = 0x00000000
cloud-hypervisor:   0.013618s: <vmm> DEBUG:arch/src/x86_64/mod.rs:1001 -- function = 0x40000001 index = 0x00000000 eax = 0x0100fefb ebx = 0x00000000 ecx = 0x00000000 edx = 0x00000000 flags = 0x00000000
cloud-hypervisor:   0.013701s: <vmm> DEBUG:arch/src/x86_64/mod.rs:1001 -- function = 0x80000002 index = 0x00000000 eax = 0x20444d41 ebx = 0x43595045 ecx = 0x32303820 edx = 0x38205034 flags = 0x00000000
cloud-hypervisor:   0.013767s: <vmm> DEBUG:arch/src/x86_64/mod.rs:1001 -- function = 0x80000003 index = 0x00000000 eax = 0x726f432d ebx = 0x72502065 ecx = 0x7365636f edx = 0x20726f73 flags = 0x00000000
cloud-hypervisor:   0.013824s: <vmm> DEBUG:arch/src/x86_64/mod.rs:1001 -- function = 0x80000004 index = 0x00000000 eax = 0x20202020 ebx = 0x20202020 ecx = 0x20202020 edx = 0x00202020 flags = 0x00000000
cloud-hypervisor:   0.013886s: <vmm> DEBUG:arch/src/x86_64/mod.rs:1001 -- function = 0x0000000b index = 0x00000001 eax = 0x00000000 ebx = 0x00000001 ecx = 0x00000200 edx = 0x00000000 flags = 0x00000001
cloud-hypervisor:   0.013985s: <vmm> DEBUG:arch/src/x86_64/mod.rs:1001 -- function = 0x0000001f index = 0x00000000 eax = 0x00000000 ebx = 0x00000001 ecx = 0x00000100 edx = 0x00000000 flags = 0x00000001
cloud-hypervisor:   0.014081s: <vmm> DEBUG:arch/src/x86_64/mod.rs:1001 -- function = 0x0000001f index = 0x00000001 eax = 0x00000000 ebx = 0x00000001 ecx = 0x00000200 edx = 0x00000000 flags = 0x00000001
cloud-hypervisor:   0.014178s: <vmm> DEBUG:arch/src/x86_64/mod.rs:1001 -- function = 0x0000001f index = 0x00000002 eax = 0x00000000 ebx = 0x00000001 ecx = 0x00000500 edx = 0x00000000 flags = 0x00000001
cloud-hypervisor:   0.014275s: <vmm> DEBUG:arch/src/x86_64/mod.rs:1001 -- function = 0x40000010 index = 0x00000000 eax = 0x002490e5 ebx = 0x000f4240 ecx = 0x00000000 edx = 0x00000000 flags = 0x00000000
cloud-hypervisor:   0.014442s: <vmm> INFO:vmm/src/vm.rs:1826 -- Configuring system
cloud-hypervisor:   0.014475s: <vmm> INFO:arch/src/x86_64/mod.rs:1174 -- first usable physical memory range, start: 0x00100000, end: 0x20000000
cloud-hypervisor:   0.014504s: <vmm> INFO:arch/src/x86_64/mod.rs:1246 -- create_memmap_entry, start: 0x00100000, end: 0x20000000
cloud-hypervisor:   0.014533s: <vmm> INFO:vmm/src/cpu.rs:1513 -- Starting vCPUs: desired = 1, allocated = 1, present = 0, paused = false
cloud-hypervisor:   0.014655s: <vmm> DEBUG:vmm/src/cpu.rs:1231 -- Starting vCPU: cpu_id = 0
cloud-hypervisor:   0.022749s: <vcpu0> INFO:vmm/src/cpu.rs:1314 -- vCPU 0: core scheduling cookie = 0x1391680
cloud-hypervisor:   0.022933s: <vmm> INFO:event_monitor/src/lib.rs:113 -- Event: source = vm event = booted 
cloud-hypervisor:   0.023094s: <vcpu0> INFO:vmm/src/vm.rs:485 -- Guest MMIO write to unregistered address 0xfffffffc
cloud-hypervisor:   0.023141s: <vcpu0> INFO:vmm/src/vm.rs:476 -- Guest MMIO read from unregistered address 0xfffffffc
cloud-hypervisor:   0.023199s: <vcpu0> ERROR:vmm/src/cpu.rs:1460 -- VCPU generated error: VcpuRun(Failed to run vcpu

Caused by:
    Unexpected exit reason on vcpu run: InternalError)
cloud-hypervisor:   0.023255s: <vmm> INFO:vmm/src/lib.rs:2080 -- VM exit event
cloud-hypervisor:   0.023283s: <vmm> INFO:virtio-devices/src/device.rs:485 -- Resuming virtio-rng
cloud-hypervisor:   0.023308s: <vmm> INFO:virtio-devices/src/device.rs:485 -- Resuming virtio-vsock
cloud-hypervisor:   0.023332s: <vmm> INFO:virtio-devices/src/device.rs:485 -- Resuming virtio-net
cloud-hypervisor:   0.023356s: <vmm> INFO:virtio-devices/src/device.rs:485 -- Resuming virtio-block
cloud-hypervisor:   0.023395s: <vmm> INFO:event_monitor/src/lib.rs:113 -- Event: source = vm event = shutdown 
cloud-hypervisor:   0.023426s: <vmm> INFO:virtio-devices/src/device.rs:485 -- Resuming virtio-rng
cloud-hypervisor:   0.023449s: <vmm> INFO:virtio-devices/src/device.rs:485 -- Resuming virtio-vsock
cloud-hypervisor:   0.023472s: <vmm> INFO:virtio-devices/src/device.rs:485 -- Resuming virtio-net
cloud-hypervisor:   0.023495s: <vmm> INFO:virtio-devices/src/device.rs:485 -- Resuming virtio-block
cloud-hypervisor:   0.050835s: <vmm> INFO:event_monitor/src/lib.rs:113 -- Event: source = vm event = deleted 
cloud-hypervisor:   0.050881s: <vmm> INFO:event_monitor/src/lib.rs:113 -- Event: source = vmm event = shutdown 
cloud-hypervisor:   0.051075s: <main> INFO:cloud-hypervisor/src/main.rs:962 -- Cloud Hypervisor exited successfully

===== run verdict =====
HOST: VERDICT vsock=FAIL t+60.120503s
HOST: VERDICT net=FAIL t+60.120517s

===== cleanup =====

===== post-run host state (must match pre-run) =====
links added:   
links removed: 
cloud-hypervisor processes before: [] after: []
tap igkma0 present: no
run dir present: no
leftover listener/CH pids: 
