===== attempt 1: /Users/marcus/conductor/workspaces/helios/wellington-v2/target/quint/guest-flow-owner/steering-hazard-any-restore-exposure/attempt-1.log =====
[TLC] Compiling to TLA+ (via Apalache)...
Picked up JAVA_TOOL_OPTIONS: -XX:-UsePerfData -Djava.io.tmpdir=/Users/marcus/conductor/workspaces/helios/wellington-v2/target/quint/guest-flow-owner/steering-hazard-any-restore-exposure/tmp-1
# Usage statistics is OFF. We care about your privacy.
# If you want to help our project, consider enabling statistics with config --enable-stats=true.

Output directory: /Users/marcus/conductor/workspaces/helios/wellington-v2/target/quint/guest-flow-owner/steering-hazard-any-restore-exposure/_apalache-out/server/2026-10-07T12-21-30_16907719039834223635
# APALACHE version: 0.56.1 | build: 70cdaf4                       I@12:21:30.938
Starting checker server on port 42787...                          I@12:21:30.944
The Apalache server is running on port 42787. Press Ctrl-C to stop.
Oct 07, 2026 12:21:32 PM com.google.protobuf.GeneratedMessage warnPre22Gencode
WARNING: Vulnerable protobuf generated type in use: io.grpc.reflection.v1alpha.ServerReflectionRequest
As of 2022/09/29 (release 21.7) makeExtensionsImmutable should not be called from protobuf gencode. If you are seeing this message, your gencode is vulnerable to a denial of service attack. You should regenerate your code using protobuf 25.6 or later. Use the latest version that meets your needs. However, if you understand the risks and wish to continue with vulnerable gencode, you can set the system property `-Dcom.google.protobuf.use_unsafe_pre22_gencode` on the command line to silence this warning. You also can set `-Dcom.google.protobuf.error_on_unsafe_pre22_gencode` to throw an error instead. See security vulnerability: https://github.com/protocolbuffers/protobuf/security/advisories/GHSA-h4h5-3hr4-j3g2
PASS #0: SanyParser                                               I@12:21:35.286
[TLC] Running TLC model checker...

Picked up JAVA_TOOL_OPTIONS: -XX:-UsePerfData -Djava.io.tmpdir=/Users/marcus/conductor/workspaces/helios/wellington-v2/target/quint/guest-flow-owner/steering-hazard-any-restore-exposure/tmp-1
TLC2 Version 2.19 of 08 August 2024
Warning: Please run the Java VM which executes TLC with a throughput optimized garbage collector by passing the "-XX:+UseParallelGC" property.
(Use the -nowarning option to disable this warning.)
Running breadth-first search Model-Checking with fp 16 and seed -5656164064254550271 with 8 workers on 8 cores with 8192MB heap and 64MB offheap memory [pid: 454618] (Linux 7.0.0-34-generic aarch64, Eclipse Adoptium 21.0.12.1 x86_64, MSBDiskFPSet, DiskStateQueue).
Parsing file /Users/marcus/conductor/workspaces/helios/wellington-v2/target/quint/guest-flow-owner/steering-hazard-any-restore-exposure/tmp-1/quint-tlc-EkfmiP/steer_detachLiveAnyRestore.tla
Parsing file /Users/marcus/conductor/workspaces/helios/wellington-v2/target/quint/guest-flow-owner/steering-hazard-any-restore-exposure/tmp-1/Integers.tla
Parsing file /Users/marcus/conductor/workspaces/helios/wellington-v2/target/quint/guest-flow-owner/steering-hazard-any-restore-exposure/tmp-1/Sequences.tla
Parsing file /Users/marcus/conductor/workspaces/helios/wellington-v2/target/quint/guest-flow-owner/steering-hazard-any-restore-exposure/tmp-1/FiniteSets.tla
Parsing file /Users/marcus/conductor/workspaces/helios/wellington-v2/target/quint/guest-flow-owner/steering-hazard-any-restore-exposure/tmp-1/TLC.tla
Parsing file /Users/marcus/conductor/workspaces/helios/wellington-v2/target/quint/guest-flow-owner/steering-hazard-any-restore-exposure/tmp-1/Apalache.tla
Parsing file /Users/marcus/conductor/workspaces/helios/wellington-v2/target/quint/guest-flow-owner/steering-hazard-any-restore-exposure/tmp-1/Variants.tla
Parsing file /Users/marcus/conductor/workspaces/helios/wellington-v2/target/quint/guest-flow-owner/steering-hazard-any-restore-exposure/tmp-1/Naturals.tla
Semantic processing of module Naturals
Semantic processing of module Integers
Semantic processing of module Sequences
Semantic processing of module FiniteSets
Semantic processing of module TLC
Semantic processing of module Apalache
Semantic processing of module Variants
Semantic processing of module steer_detachLiveAnyRestore
Starting... (2026-10-07 12:21:36)
Implied-temporal checking--satisfiability problem has 1 branches.
Computing initial states...
Finished computing initial states: 1 distinct state generated at 2026-10-07 12:21:36.
Checking temporal properties for the current state space with 52132 total distinct states at (2026-10-07 12:21:39)
Finished checking temporal properties in 00s at 2026-10-07 12:21:39
Progress(23) at 2026-10-07 12:21:39: 606,276 states generated (606,276 s/min), 52,132 distinct states found (52,132 ds/min), 16,577 states left on queue.
Checking temporal properties for the current state space with 1187211 total distinct states at (2026-10-07 12:22:38)
Finished checking temporal properties in 11s at 2026-10-07 12:22:50
Progress(34) at 2026-10-07 12:22:50: 16,879,543 states generated (16,273,267 s/min), 1,187,215 distinct states found (1,135,083 ds/min), 219,424 states left on queue.
Checking temporal properties for the current state space with 2204704 total distinct states at (2026-10-07 12:23:49)
Finished checking temporal properties in 27s at 2026-10-07 12:24:16
Progress(38) at 2026-10-07 12:24:16: 32,813,008 states generated (15,933,465 s/min), 2,204,704 distinct states found (1,017,489 ds/min), 323,299 states left on queue.
Progress(40) at 2026-10-07 12:25:15: 48,535,419 states generated (15,722,411 s/min), 3,156,707 distinct states found (952,003 ds/min), 374,098 states left on queue.
Checking temporal properties for the current state space with 4051838 total distinct states at (2026-10-07 12:26:14)
Finished checking temporal properties in 52s at 2026-10-07 12:27:06
Progress(43) at 2026-10-07 12:27:06: 63,841,228 states generated (15,305,809 s/min), 4,051,841 distinct states found (895,134 ds/min), 381,752 states left on queue.
Progress(45) at 2026-10-07 12:28:05: 78,857,000 states generated (15,015,772 s/min), 4,899,886 distinct states found (848,045 ds/min), 350,146 states left on queue.
Progress(48) at 2026-10-07 12:29:04: 93,989,201 states generated (15,132,201 s/min), 5,717,883 distinct states found (817,997 ds/min), 280,203 states left on queue.
Progress(51) at 2026-10-07 12:30:03: 108,623,473 states generated (14,634,272 s/min), 6,490,107 distinct states found (772,224 ds/min), 177,779 states left on queue.
Progress(69) at 2026-10-07 12:30:58: 121,966,733 states generated, 7,137,030 distinct states found, 0 states left on queue.
Checking temporal properties for the complete state space with 7137030 total distinct states at (2026-10-07 12:30:58)
Finished checking temporal properties in 01min 35s at 2026-10-07 12:32:33
Model checking completed. No error has been found.
  Estimates of the probability that TLC did not check all reachable states
  because two distinct states had the same fingerprint:
  calculated (optimistic):  val = 4.4E-5
  based on the actual fingerprints:  val = 1.3E-4
121966733 states generated, 7137030 distinct states found, 0 states left on queue.
The depth of the complete state graph search is 69.
The average outdegree of the complete state graph is 1 (minimum is 0, the maximum 7 and the 95th percentile is 3).
Finished in 10min 58s at (2026-10-07 12:32:34)

[ok] No violation found (658954ms).

===== /Users/marcus/conductor/workspaces/helios/wellington-v2/target/quint/guest-flow-owner/steering-hazard-any-restore-exposure/events.log =====
1791368475.575 attempt 1 start pgid=454559 port=42787 timeout=1800s log=/Users/marcus/conductor/workspaces/helios/wellington-v2/target/quint/guest-flow-owner/steering-hazard-any-restore-exposure/attempt-1.log
1791369155.382 attempt 1 end Exited { success: true } after 691.3s; group 454559 killed; verdict Final { outcome: Holds, cause: None }
