===== attempt 1: /Users/marcus/conductor/workspaces/helios/wellington-v2/target/quint/guest-flow-owner/steering-detach-exposure-ends/attempt-1.log =====
[TLC] Compiling to TLA+ (via Apalache)...
Picked up JAVA_TOOL_OPTIONS: -XX:-UsePerfData -Djava.io.tmpdir=/Users/marcus/conductor/workspaces/helios/wellington-v2/target/quint/guest-flow-owner/steering-detach-exposure-ends/tmp-1
# Usage statistics is OFF. We care about your privacy.
# If you want to help our project, consider enabling statistics with config --enable-stats=true.

Output directory: /Users/marcus/conductor/workspaces/helios/wellington-v2/target/quint/guest-flow-owner/steering-detach-exposure-ends/_apalache-out/server/2026-10-07T11-50-10_2475963500721802503
# APALACHE version: 0.56.1 | build: 70cdaf4                       I@11:50:10.300
Starting checker server on port 38851...                          I@11:50:10.305
The Apalache server is running on port 38851. Press Ctrl-C to stop.
Oct 07, 2026 11:50:11 AM com.google.protobuf.GeneratedMessage warnPre22Gencode
WARNING: Vulnerable protobuf generated type in use: io.grpc.reflection.v1alpha.ServerReflectionRequest
As of 2022/09/29 (release 21.7) makeExtensionsImmutable should not be called from protobuf gencode. If you are seeing this message, your gencode is vulnerable to a denial of service attack. You should regenerate your code using protobuf 25.6 or later. Use the latest version that meets your needs. However, if you understand the risks and wish to continue with vulnerable gencode, you can set the system property `-Dcom.google.protobuf.use_unsafe_pre22_gencode` on the command line to silence this warning. You also can set `-Dcom.google.protobuf.error_on_unsafe_pre22_gencode` to throw an error instead. See security vulnerability: https://github.com/protocolbuffers/protobuf/security/advisories/GHSA-h4h5-3hr4-j3g2
PASS #0: SanyParser                                               I@11:50:14.863
[TLC] Running TLC model checker...

Picked up JAVA_TOOL_OPTIONS: -XX:-UsePerfData -Djava.io.tmpdir=/Users/marcus/conductor/workspaces/helios/wellington-v2/target/quint/guest-flow-owner/steering-detach-exposure-ends/tmp-1
TLC2 Version 2.19 of 08 August 2024
Warning: Please run the Java VM which executes TLC with a throughput optimized garbage collector by passing the "-XX:+UseParallelGC" property.
(Use the -nowarning option to disable this warning.)
Running breadth-first search Model-Checking with fp 57 and seed 7125744541675038046 with 8 workers on 8 cores with 8192MB heap and 64MB offheap memory [pid: 453283] (Linux 7.0.0-34-generic aarch64, Eclipse Adoptium 21.0.12.1 x86_64, MSBDiskFPSet, DiskStateQueue).
Parsing file /Users/marcus/conductor/workspaces/helios/wellington-v2/target/quint/guest-flow-owner/steering-detach-exposure-ends/tmp-1/quint-tlc-RSkB34/steer_detachLive.tla
Parsing file /Users/marcus/conductor/workspaces/helios/wellington-v2/target/quint/guest-flow-owner/steering-detach-exposure-ends/tmp-1/Integers.tla
Parsing file /Users/marcus/conductor/workspaces/helios/wellington-v2/target/quint/guest-flow-owner/steering-detach-exposure-ends/tmp-1/Sequences.tla
Parsing file /Users/marcus/conductor/workspaces/helios/wellington-v2/target/quint/guest-flow-owner/steering-detach-exposure-ends/tmp-1/FiniteSets.tla
Parsing file /Users/marcus/conductor/workspaces/helios/wellington-v2/target/quint/guest-flow-owner/steering-detach-exposure-ends/tmp-1/TLC.tla
Parsing file /Users/marcus/conductor/workspaces/helios/wellington-v2/target/quint/guest-flow-owner/steering-detach-exposure-ends/tmp-1/Apalache.tla
Parsing file /Users/marcus/conductor/workspaces/helios/wellington-v2/target/quint/guest-flow-owner/steering-detach-exposure-ends/tmp-1/Variants.tla
Parsing file /Users/marcus/conductor/workspaces/helios/wellington-v2/target/quint/guest-flow-owner/steering-detach-exposure-ends/tmp-1/Naturals.tla
Semantic processing of module Naturals
Semantic processing of module Integers
Semantic processing of module Sequences
Semantic processing of module FiniteSets
Semantic processing of module TLC
Semantic processing of module Apalache
Semantic processing of module Variants
Semantic processing of module steer_detachLive
Starting... (2026-10-07 11:50:16)
Implied-temporal checking--satisfiability problem has 1 branches.
Computing initial states...
Finished computing initial states: 1 distinct state generated at 2026-10-07 11:50:16.
Checking temporal properties for the current state space with 46562 total distinct states at (2026-10-07 11:50:19)
Error: Temporal properties were violated.

Error: The following behavior constitutes a counter-example:

State 1: <Initial predicate>
/\ steer_detachLive_steering_sess = FALSE
/\ steer_detachLive_steering_gen = 0
/\ steer_detachLive_steering_rules = FALSE
/\ steer_detachLive_steering_flowL = TRUE
/\ steer_detachLive_steering_g = [ routeUnverified |-> FALSE,
  refused |-> FALSE,
  actPartial |-> FALSE,
  actResidue |-> FALSE,
  actErrDone |-> FALSE,
  relListener |-> FALSE,
  reopenEarly |-> FALSE,
  repairNoHold |-> FALSE,
  resteered |-> FALSE,
  stillQuiesced |-> FALSE,
  overlapped |-> FALSE,
  revokeKept |-> FALSE,
  quiesceWidened |-> FALSE,
  gpsWidened |-> FALSE,
  quiesceFenced |-> FALSE,
  widenClose |-> FALSE,
  widenRoute |-> FALSE ]
/\ steer_detachLive_steering_boot = 0
/\ steer_detachLive_steering_att = [ IpRules |-> 0,
  GuestPrefixSteering |-> 0,
  FlowListeners |-> 0,
  LocalRoute |-> 0 ]
/\ steer_detachLive_steering_winE = 0
/\ steer_detachLive_steering_winF = 0
/\ steer_detachLive_steering_rmv = FALSE
/\ steer_detachLive_steering_win = 0
/\ steer_detachLive_steering_estab = FALSE
/\ steer_detachLive_steering_lastLS = {}
/\ steer_detachLive_steering_verified = {}
/\ steer_detachLive_steering_steerLeft = 0
/\ steer_detachLive_steering_lis = {}
/\ steer_detachLive_steering_tamper = FALSE
/\ steer_detachLive_steering_convLeft = 0
/\ steer_detachLive_steering_fenceLeft = 0
/\ steer_detachLive_steering_verSince = FALSE
/\ steer_detachLive_steering_stop = "none"
/\ steer_detachLive_steering_alloc = "Absent"
/\ steer_detachLive_steering_up = TRUE
/\ steer_detachLive_steering_latch = FALSE
/\ steer_detachLive_steering_bindLeft = 0
/\ steer_detachLive_steering_holders = {}
/\ steer_detachLive_steering_rec = [ IpRules |-> "idle",
  GuestPrefixSteering |-> "idle",
  FlowListeners |-> "idle",
  LocalRoute |-> "idle" ]
/\ steer_detachLive_steering_repLeft = 1
/\ steer_detachLive_steering_entries = {}
/\ steer_detachLive_steering_route = "absent"
/\ steer_detachLive_steering_rfn = FALSE
/\ steer_detachLive_steering_revokeLeft = 0
/\ steer_detachLive_steering_link = FALSE

State 2: <steer_detachLive_steering_BootStep line 1422, col 3 to line 1503, col 42 of module steer_detachLive>
/\ steer_detachLive_steering_sess = FALSE
/\ steer_detachLive_steering_gen = 0
/\ steer_detachLive_steering_rules = FALSE
/\ steer_detachLive_steering_flowL = TRUE
/\ steer_detachLive_steering_g = [ routeUnverified |-> FALSE,
  refused |-> FALSE,
  actPartial |-> FALSE,
  actResidue |-> FALSE,
  actErrDone |-> FALSE,
  relListener |-> FALSE,
  reopenEarly |-> FALSE,
  repairNoHold |-> FALSE,
  resteered |-> FALSE,
  stillQuiesced |-> FALSE,
  overlapped |-> FALSE,
  revokeKept |-> FALSE,
  quiesceWidened |-> FALSE,
  gpsWidened |-> FALSE,
  quiesceFenced |-> FALSE,
  widenClose |-> FALSE,
  widenRoute |-> FALSE ]
/\ steer_detachLive_steering_boot = 1
/\ steer_detachLive_steering_att = [ IpRules |-> 0,
  GuestPrefixSteering |-> 0,
  FlowListeners |-> 0,
  LocalRoute |-> 0 ]
/\ steer_detachLive_steering_winE = 0
/\ steer_detachLive_steering_winF = 0
/\ steer_detachLive_steering_rmv = FALSE
/\ steer_detachLive_steering_win = 0
/\ steer_detachLive_steering_estab = FALSE
/\ steer_detachLive_steering_lastLS = {}
/\ steer_detachLive_steering_verified = {}
/\ steer_detachLive_steering_steerLeft = 0
/\ steer_detachLive_steering_lis = {}
/\ steer_detachLive_steering_tamper = FALSE
/\ steer_detachLive_steering_convLeft = 0
/\ steer_detachLive_steering_fenceLeft = 0
/\ steer_detachLive_steering_verSince = FALSE
/\ steer_detachLive_steering_stop = "none"
/\ steer_detachLive_steering_alloc = "Absent"
/\ steer_detachLive_steering_up = TRUE
/\ steer_detachLive_steering_latch = FALSE
/\ steer_detachLive_steering_bindLeft = 0
/\ steer_detachLive_steering_holders = {}
/\ steer_detachLive_steering_rec = [ IpRules |-> "idle",
  GuestPrefixSteering |-> "idle",
  FlowListeners |-> "idle",
  LocalRoute |-> "idle" ]
/\ steer_detachLive_steering_repLeft = 1
/\ steer_detachLive_steering_entries = {}
/\ steer_detachLive_steering_route = "absent"
/\ steer_detachLive_steering_rfn = FALSE
/\ steer_detachLive_steering_revokeLeft = 0
/\ steer_detachLive_steering_link = FALSE

State 3: <steer_detachLive_steering_ListenerTaskExit line 1850, col 3 to line 1862, col 66 of module steer_detachLive>
/\ steer_detachLive_steering_sess = FALSE
/\ steer_detachLive_steering_gen = 0
/\ steer_detachLive_steering_rules = FALSE
/\ steer_detachLive_steering_flowL = FALSE
/\ steer_detachLive_steering_g = [ routeUnverified |-> FALSE,
  refused |-> FALSE,
  actPartial |-> FALSE,
  actResidue |-> FALSE,
  actErrDone |-> FALSE,
  relListener |-> FALSE,
  reopenEarly |-> FALSE,
  repairNoHold |-> FALSE,
  resteered |-> FALSE,
  stillQuiesced |-> FALSE,
  overlapped |-> FALSE,
  revokeKept |-> FALSE,
  quiesceWidened |-> FALSE,
  gpsWidened |-> FALSE,
  quiesceFenced |-> FALSE,
  widenClose |-> FALSE,
  widenRoute |-> FALSE ]
/\ steer_detachLive_steering_boot = 1
/\ steer_detachLive_steering_att = [ IpRules |-> 0,
  GuestPrefixSteering |-> 0,
  FlowListeners |-> 0,
  LocalRoute |-> 0 ]
/\ steer_detachLive_steering_winE = 0
/\ steer_detachLive_steering_winF = 0
/\ steer_detachLive_steering_rmv = FALSE
/\ steer_detachLive_steering_win = 0
/\ steer_detachLive_steering_estab = FALSE
/\ steer_detachLive_steering_lastLS = {}
/\ steer_detachLive_steering_verified = {}
/\ steer_detachLive_steering_steerLeft = 0
/\ steer_detachLive_steering_lis = {}
/\ steer_detachLive_steering_tamper = FALSE
/\ steer_detachLive_steering_convLeft = 0
/\ steer_detachLive_steering_fenceLeft = 0
/\ steer_detachLive_steering_verSince = FALSE
/\ steer_detachLive_steering_stop = "none"
/\ steer_detachLive_steering_alloc = "Absent"
/\ steer_detachLive_steering_up = TRUE
/\ steer_detachLive_steering_latch = FALSE
/\ steer_detachLive_steering_bindLeft = 0
/\ steer_detachLive_steering_holders = {}
/\ steer_detachLive_steering_rec = [ IpRules |-> "idle",
  GuestPrefixSteering |-> "idle",
  FlowListeners |-> "idle",
  LocalRoute |-> "idle" ]
/\ steer_detachLive_steering_repLeft = 1
/\ steer_detachLive_steering_entries = {}
/\ steer_detachLive_steering_route = "absent"
/\ steer_detachLive_steering_rfn = FALSE
/\ steer_detachLive_steering_revokeLeft = 0
/\ steer_detachLive_steering_link = FALSE

State 4: <steer_detachLive_steering_BootStep line 1422, col 3 to line 1503, col 42 of module steer_detachLive>
/\ steer_detachLive_steering_sess = FALSE
/\ steer_detachLive_steering_gen = 0
/\ steer_detachLive_steering_rules = TRUE
/\ steer_detachLive_steering_flowL = FALSE
/\ steer_detachLive_steering_g = [ routeUnverified |-> FALSE,
  refused |-> FALSE,
  actPartial |-> FALSE,
  actResidue |-> FALSE,
  actErrDone |-> FALSE,
  relListener |-> FALSE,
  reopenEarly |-> FALSE,
  repairNoHold |-> FALSE,
  resteered |-> FALSE,
  stillQuiesced |-> FALSE,
  overlapped |-> FALSE,
  revokeKept |-> FALSE,
  quiesceWidened |-> FALSE,
  gpsWidened |-> FALSE,
  quiesceFenced |-> FALSE,
  widenClose |-> FALSE,
  widenRoute |-> FALSE ]
/\ steer_detachLive_steering_boot = 2
/\ steer_detachLive_steering_att = [ IpRules |-> 0,
  GuestPrefixSteering |-> 0,
  FlowListeners |-> 0,
  LocalRoute |-> 0 ]
/\ steer_detachLive_steering_winE = 0
/\ steer_detachLive_steering_winF = 0
/\ steer_detachLive_steering_rmv = FALSE
/\ steer_detachLive_steering_win = 0
/\ steer_detachLive_steering_estab = FALSE
/\ steer_detachLive_steering_lastLS = {}
/\ steer_detachLive_steering_verified = {}
/\ steer_detachLive_steering_steerLeft = 0
/\ steer_detachLive_steering_lis = {}
/\ steer_detachLive_steering_tamper = FALSE
/\ steer_detachLive_steering_convLeft = 0
/\ steer_detachLive_steering_fenceLeft = 0
/\ steer_detachLive_steering_verSince = FALSE
/\ steer_detachLive_steering_stop = "none"
/\ steer_detachLive_steering_alloc = "Absent"
/\ steer_detachLive_steering_up = TRUE
/\ steer_detachLive_steering_latch = FALSE
/\ steer_detachLive_steering_bindLeft = 0
/\ steer_detachLive_steering_holders = {}
/\ steer_detachLive_steering_rec = [ IpRules |-> "idle",
  GuestPrefixSteering |-> "idle",
  FlowListeners |-> "idle",
  LocalRoute |-> "idle" ]
/\ steer_detachLive_steering_repLeft = 1
/\ steer_detachLive_steering_entries = {}
/\ steer_detachLive_steering_route = "absent"
/\ steer_detachLive_steering_rfn = FALSE
/\ steer_detachLive_steering_revokeLeft = 0
/\ steer_detachLive_steering_link = FALSE

State 5: <steer_detachLive_steering_BootStep line 1422, col 3 to line 1503, col 42 of module steer_detachLive>
/\ steer_detachLive_steering_sess = FALSE
/\ steer_detachLive_steering_gen = 0
/\ steer_detachLive_steering_rules = TRUE
/\ steer_detachLive_steering_flowL = FALSE
/\ steer_detachLive_steering_g = [ routeUnverified |-> FALSE,
  refused |-> FALSE,
  actPartial |-> FALSE,
  actResidue |-> FALSE,
  actErrDone |-> FALSE,
  relListener |-> FALSE,
  reopenEarly |-> FALSE,
  repairNoHold |-> FALSE,
  resteered |-> FALSE,
  stillQuiesced |-> FALSE,
  overlapped |-> FALSE,
  revokeKept |-> FALSE,
  quiesceWidened |-> FALSE,
  gpsWidened |-> FALSE,
  quiesceFenced |-> FALSE,
  widenClose |-> FALSE,
  widenRoute |-> FALSE ]
/\ steer_detachLive_steering_boot = 3
/\ steer_detachLive_steering_att = [ IpRules |-> 0,
  GuestPrefixSteering |-> 0,
  FlowListeners |-> 0,
  LocalRoute |-> 0 ]
/\ steer_detachLive_steering_winE = 0
/\ steer_detachLive_steering_winF = 0
/\ steer_detachLive_steering_rmv = FALSE
/\ steer_detachLive_steering_win = 0
/\ steer_detachLive_steering_estab = FALSE
/\ steer_detachLive_steering_lastLS = {}
/\ steer_detachLive_steering_verified = {}
/\ steer_detachLive_steering_steerLeft = 0
/\ steer_detachLive_steering_lis = {}
/\ steer_detachLive_steering_tamper = FALSE
/\ steer_detachLive_steering_convLeft = 0
/\ steer_detachLive_steering_fenceLeft = 0
/\ steer_detachLive_steering_verSince = FALSE
/\ steer_detachLive_steering_stop = "none"
/\ steer_detachLive_steering_alloc = "Absent"
/\ steer_detachLive_steering_up = TRUE
/\ steer_detachLive_steering_latch = FALSE
/\ steer_detachLive_steering_bindLeft = 0
/\ steer_detachLive_steering_holders = {}
/\ steer_detachLive_steering_rec = [ IpRules |-> "idle",
  GuestPrefixSteering |-> "idle",
  FlowListeners |-> "idle",
  LocalRoute |-> "idle" ]
/\ steer_detachLive_steering_repLeft = 1
/\ steer_detachLive_steering_entries = {}
/\ steer_detachLive_steering_route = "absent"
/\ steer_detachLive_steering_rfn = FALSE
/\ steer_detachLive_steering_revokeLeft = 0
/\ steer_detachLive_steering_link = TRUE

State 6: <steer_detachLive_steering_BootStep line 1422, col 3 to line 1503, col 42 of module steer_detachLive>
/\ steer_detachLive_steering_sess = FALSE
/\ steer_detachLive_steering_gen = 0
/\ steer_detachLive_steering_rules = TRUE
/\ steer_detachLive_steering_flowL = FALSE
/\ steer_detachLive_steering_g = [ routeUnverified |-> FALSE,
  refused |-> FALSE,
  actPartial |-> FALSE,
  actResidue |-> FALSE,
  actErrDone |-> FALSE,
  relListener |-> FALSE,
  reopenEarly |-> FALSE,
  repairNoHold |-> FALSE,
  resteered |-> FALSE,
  stillQuiesced |-> FALSE,
  overlapped |-> FALSE,
  revokeKept |-> FALSE,
  quiesceWidened |-> FALSE,
  gpsWidened |-> FALSE,
  quiesceFenced |-> FALSE,
  widenClose |-> FALSE,
  widenRoute |-> FALSE ]
/\ steer_detachLive_steering_boot = 4
/\ steer_detachLive_steering_att = [ IpRules |-> 0,
  GuestPrefixSteering |-> 0,
  FlowListeners |-> 0,
  LocalRoute |-> 0 ]
/\ steer_detachLive_steering_winE = 0
/\ steer_detachLive_steering_winF = 0
/\ steer_detachLive_steering_rmv = FALSE
/\ steer_detachLive_steering_win = 0
/\ steer_detachLive_steering_estab = FALSE
/\ steer_detachLive_steering_lastLS = {}
/\ steer_detachLive_steering_verified = {"boot"}
/\ steer_detachLive_steering_steerLeft = 0
/\ steer_detachLive_steering_lis = {}
/\ steer_detachLive_steering_tamper = FALSE
/\ steer_detachLive_steering_convLeft = 0
/\ steer_detachLive_steering_fenceLeft = 0
/\ steer_detachLive_steering_verSince = TRUE
/\ steer_detachLive_steering_stop = "none"
/\ steer_detachLive_steering_alloc = "Absent"
/\ steer_detachLive_steering_up = TRUE
/\ steer_detachLive_steering_latch = FALSE
/\ steer_detachLive_steering_bindLeft = 0
/\ steer_detachLive_steering_holders = {}
/\ steer_detachLive_steering_rec = [ IpRules |-> "idle",
  GuestPrefixSteering |-> "idle",
  FlowListeners |-> "idle",
  LocalRoute |-> "idle" ]
/\ steer_detachLive_steering_repLeft = 1
/\ steer_detachLive_steering_entries = {}
/\ steer_detachLive_steering_route = "absent"
/\ steer_detachLive_steering_rfn = FALSE
/\ steer_detachLive_steering_revokeLeft = 0
/\ steer_detachLive_steering_link = TRUE

State 7: <steer_detachLive_steering_BootStep line 1422, col 3 to line 1503, col 42 of module steer_detachLive>
/\ steer_detachLive_steering_sess = FALSE
/\ steer_detachLive_steering_gen = 0
/\ steer_detachLive_steering_rules = TRUE
/\ steer_detachLive_steering_flowL = FALSE
/\ steer_detachLive_steering_g = [ routeUnverified |-> FALSE,
  refused |-> FALSE,
  actPartial |-> FALSE,
  actResidue |-> FALSE,
  actErrDone |-> FALSE,
  relListener |-> FALSE,
  reopenEarly |-> FALSE,
  repairNoHold |-> FALSE,
  resteered |-> FALSE,
  stillQuiesced |-> FALSE,
  overlapped |-> FALSE,
  revokeKept |-> FALSE,
  quiesceWidened |-> FALSE,
  gpsWidened |-> FALSE,
  quiesceFenced |-> FALSE,
  widenClose |-> FALSE,
  widenRoute |-> FALSE ]
/\ steer_detachLive_steering_boot = 5
/\ steer_detachLive_steering_att = [ IpRules |-> 0,
  GuestPrefixSteering |-> 0,
  FlowListeners |-> 0,
  LocalRoute |-> 0 ]
/\ steer_detachLive_steering_winE = 0
/\ steer_detachLive_steering_winF = 0
/\ steer_detachLive_steering_rmv = FALSE
/\ steer_detachLive_steering_win = 0
/\ steer_detachLive_steering_estab = TRUE
/\ steer_detachLive_steering_lastLS = {}
/\ steer_detachLive_steering_verified = {"boot"}
/\ steer_detachLive_steering_steerLeft = 0
/\ steer_detachLive_steering_lis = {}
/\ steer_detachLive_steering_tamper = FALSE
/\ steer_detachLive_steering_convLeft = 0
/\ steer_detachLive_steering_fenceLeft = 0
/\ steer_detachLive_steering_verSince = TRUE
/\ steer_detachLive_steering_stop = "none"
/\ steer_detachLive_steering_alloc = "Absent"
/\ steer_detachLive_steering_up = TRUE
/\ steer_detachLive_steering_latch = FALSE
/\ steer_detachLive_steering_bindLeft = 0
/\ steer_detachLive_steering_holders = {}
/\ steer_detachLive_steering_rec = [ IpRules |-> "idle",
  GuestPrefixSteering |-> "idle",
  FlowListeners |-> "idle",
  LocalRoute |-> "idle" ]
/\ steer_detachLive_steering_repLeft = 1
/\ steer_detachLive_steering_entries = {}
/\ steer_detachLive_steering_route = "local"
/\ steer_detachLive_steering_rfn = FALSE
/\ steer_detachLive_steering_revokeLeft = 0
/\ steer_detachLive_steering_link = TRUE

State 8: <steer_detachLive_steering_RecQuiesce line 2167, col 3 to line 2193, col 17 of module steer_detachLive>
/\ steer_detachLive_steering_sess = FALSE
/\ steer_detachLive_steering_gen = 0
/\ steer_detachLive_steering_rules = TRUE
/\ steer_detachLive_steering_flowL = FALSE
/\ steer_detachLive_steering_g = [ routeUnverified |-> FALSE,
  refused |-> FALSE,
  actPartial |-> FALSE,
  actResidue |-> FALSE,
  actErrDone |-> FALSE,
  relListener |-> FALSE,
  reopenEarly |-> FALSE,
  repairNoHold |-> FALSE,
  resteered |-> FALSE,
  stillQuiesced |-> FALSE,
  overlapped |-> FALSE,
  revokeKept |-> FALSE,
  quiesceWidened |-> FALSE,
  gpsWidened |-> FALSE,
  quiesceFenced |-> FALSE,
  widenClose |-> FALSE,
  widenRoute |-> FALSE ]
/\ steer_detachLive_steering_boot = 5
/\ steer_detachLive_steering_att = [ IpRules |-> 0,
  GuestPrefixSteering |-> 0,
  FlowListeners |-> 0,
  LocalRoute |-> 0 ]
/\ steer_detachLive_steering_winE = 0
/\ steer_detachLive_steering_winF = 0
/\ steer_detachLive_steering_rmv = FALSE
/\ steer_detachLive_steering_win = 0
/\ steer_detachLive_steering_estab = TRUE
/\ steer_detachLive_steering_lastLS = {}
/\ steer_detachLive_steering_verified = {"boot"}
/\ steer_detachLive_steering_steerLeft = 0
/\ steer_detachLive_steering_lis = {}
/\ steer_detachLive_steering_tamper = FALSE
/\ steer_detachLive_steering_convLeft = 0
/\ steer_detachLive_steering_fenceLeft = 0
/\ steer_detachLive_steering_verSince = TRUE
/\ steer_detachLive_steering_stop = "none"
/\ steer_detachLive_steering_alloc = "Absent"
/\ steer_detachLive_steering_up = TRUE
/\ steer_detachLive_steering_latch = TRUE
/\ steer_detachLive_steering_bindLeft = 0
/\ steer_detachLive_steering_holders = {"FlowListeners"}
/\ steer_detachLive_steering_rec = [ IpRules |-> "idle",
  GuestPrefixSteering |-> "idle",
  FlowListeners |-> "held",
  LocalRoute |-> "idle" ]
/\ steer_detachLive_steering_repLeft = 1
/\ steer_detachLive_steering_entries = {}
/\ steer_detachLive_steering_route = "local"
/\ steer_detachLive_steering_rfn = FALSE
/\ steer_detachLive_steering_revokeLeft = 0
/\ steer_detachLive_steering_link = TRUE

State 9: <steer_detachLive_steering_RootDetach line 1786, col 3 to line 1802, col 66 of module steer_detachLive>
/\ steer_detachLive_steering_sess = FALSE
/\ steer_detachLive_steering_gen = 0
/\ steer_detachLive_steering_rules = TRUE
/\ steer_detachLive_steering_flowL = FALSE
/\ steer_detachLive_steering_g = [ routeUnverified |-> FALSE,
  refused |-> FALSE,
  actPartial |-> FALSE,
  actResidue |-> FALSE,
  actErrDone |-> FALSE,
  relListener |-> FALSE,
  reopenEarly |-> FALSE,
  repairNoHold |-> FALSE,
  resteered |-> FALSE,
  stillQuiesced |-> FALSE,
  overlapped |-> FALSE,
  revokeKept |-> FALSE,
  quiesceWidened |-> FALSE,
  gpsWidened |-> FALSE,
  quiesceFenced |-> FALSE,
  widenClose |-> FALSE,
  widenRoute |-> FALSE ]
/\ steer_detachLive_steering_boot = 5
/\ steer_detachLive_steering_att = [ IpRules |-> 0,
  GuestPrefixSteering |-> 0,
  FlowListeners |-> 0,
  LocalRoute |-> 0 ]
/\ steer_detachLive_steering_winE = 0
/\ steer_detachLive_steering_winF = 0
/\ steer_detachLive_steering_rmv = FALSE
/\ steer_detachLive_steering_win = 0
/\ steer_detachLive_steering_estab = TRUE
/\ steer_detachLive_steering_lastLS = {}
/\ steer_detachLive_steering_verified = {"boot"}
/\ steer_detachLive_steering_steerLeft = 0
/\ steer_detachLive_steering_lis = {}
/\ steer_detachLive_steering_tamper = TRUE
/\ steer_detachLive_steering_convLeft = 0
/\ steer_detachLive_steering_fenceLeft = 0
/\ steer_detachLive_steering_verSince = TRUE
/\ steer_detachLive_steering_stop = "none"
/\ steer_detachLive_steering_alloc = "Absent"
/\ steer_detachLive_steering_up = TRUE
/\ steer_detachLive_steering_latch = TRUE
/\ steer_detachLive_steering_bindLeft = 0
/\ steer_detachLive_steering_holders = {"FlowListeners"}
/\ steer_detachLive_steering_rec = [ IpRules |-> "idle",
  GuestPrefixSteering |-> "idle",
  FlowListeners |-> "held",
  LocalRoute |-> "idle" ]
/\ steer_detachLive_steering_repLeft = 1
/\ steer_detachLive_steering_entries = {}
/\ steer_detachLive_steering_route = "local"
/\ steer_detachLive_steering_rfn = FALSE
/\ steer_detachLive_steering_revokeLeft = 0
/\ steer_detachLive_steering_link = FALSE

State 10: <steer_detachLive_steering_AuditFind line 1868, col 3 to line 1886, col 66 of module steer_detachLive>
/\ steer_detachLive_steering_sess = FALSE
/\ steer_detachLive_steering_gen = 0
/\ steer_detachLive_steering_rules = TRUE
/\ steer_detachLive_steering_flowL = FALSE
/\ steer_detachLive_steering_g = [ routeUnverified |-> FALSE,
  refused |-> FALSE,
  actPartial |-> FALSE,
  actResidue |-> FALSE,
  actErrDone |-> FALSE,
  relListener |-> FALSE,
  reopenEarly |-> FALSE,
  repairNoHold |-> FALSE,
  resteered |-> FALSE,
  stillQuiesced |-> FALSE,
  overlapped |-> FALSE,
  revokeKept |-> FALSE,
  quiesceWidened |-> FALSE,
  gpsWidened |-> FALSE,
  quiesceFenced |-> FALSE,
  widenClose |-> FALSE,
  widenRoute |-> FALSE ]
/\ steer_detachLive_steering_boot = 5
/\ steer_detachLive_steering_att = [ IpRules |-> 0,
  GuestPrefixSteering |-> 0,
  FlowListeners |-> 0,
  LocalRoute |-> 0 ]
/\ steer_detachLive_steering_winE = 0
/\ steer_detachLive_steering_winF = 0
/\ steer_detachLive_steering_rmv = FALSE
/\ steer_detachLive_steering_win = 1
/\ steer_detachLive_steering_estab = TRUE
/\ steer_detachLive_steering_lastLS = {}
/\ steer_detachLive_steering_verified = {"boot"}
/\ steer_detachLive_steering_steerLeft = 0
/\ steer_detachLive_steering_lis = {}
/\ steer_detachLive_steering_tamper = TRUE
/\ steer_detachLive_steering_convLeft = 0
/\ steer_detachLive_steering_fenceLeft = 0
/\ steer_detachLive_steering_verSince = TRUE
/\ steer_detachLive_steering_stop = "none"
/\ steer_detachLive_steering_alloc = "Absent"
/\ steer_detachLive_steering_up = TRUE
/\ steer_detachLive_steering_latch = TRUE
/\ steer_detachLive_steering_bindLeft = 0
/\ steer_detachLive_steering_holders = {"FlowListeners"}
/\ steer_detachLive_steering_rec = [ IpRules |-> "idle",
  GuestPrefixSteering |-> "found",
  FlowListeners |-> "held",
  LocalRoute |-> "idle" ]
/\ steer_detachLive_steering_repLeft = 1
/\ steer_detachLive_steering_entries = {}
/\ steer_detachLive_steering_route = "local"
/\ steer_detachLive_steering_rfn = FALSE
/\ steer_detachLive_steering_revokeLeft = 0
/\ steer_detachLive_steering_link = FALSE

State 11: <steer_detachLive_steering_RecFence line 1892, col 3 to line 1933, col 66 of module steer_detachLive>
/\ steer_detachLive_steering_sess = FALSE
/\ steer_detachLive_steering_gen = 0
/\ steer_detachLive_steering_rules = TRUE
/\ steer_detachLive_steering_flowL = FALSE
/\ steer_detachLive_steering_g = [ routeUnverified |-> FALSE,
  refused |-> FALSE,
  actPartial |-> FALSE,
  actResidue |-> FALSE,
  actErrDone |-> FALSE,
  relListener |-> FALSE,
  reopenEarly |-> FALSE,
  repairNoHold |-> FALSE,
  resteered |-> FALSE,
  stillQuiesced |-> FALSE,
  overlapped |-> FALSE,
  revokeKept |-> FALSE,
  quiesceWidened |-> FALSE,
  gpsWidened |-> FALSE,
  quiesceFenced |-> FALSE,
  widenClose |-> FALSE,
  widenRoute |-> FALSE ]
/\ steer_detachLive_steering_boot = 5
/\ steer_detachLive_steering_att = [ IpRules |-> 0,
  GuestPrefixSteering |-> 0,
  FlowListeners |-> 0,
  LocalRoute |-> 0 ]
/\ steer_detachLive_steering_winE = 0
/\ steer_detachLive_steering_winF = 0
/\ steer_detachLive_steering_rmv = FALSE
/\ steer_detachLive_steering_win = 2
/\ steer_detachLive_steering_estab = TRUE
/\ steer_detachLive_steering_lastLS = {}
/\ steer_detachLive_steering_verified = {"boot"}
/\ steer_detachLive_steering_steerLeft = 0
/\ steer_detachLive_steering_lis = {}
/\ steer_detachLive_steering_tamper = FALSE
/\ steer_detachLive_steering_convLeft = 0
/\ steer_detachLive_steering_fenceLeft = 0
/\ steer_detachLive_steering_verSince = FALSE
/\ steer_detachLive_steering_stop = "none"
/\ steer_detachLive_steering_alloc = "Absent"
/\ steer_detachLive_steering_up = TRUE
/\ steer_detachLive_steering_latch = TRUE
/\ steer_detachLive_steering_bindLeft = 0
/\ steer_detachLive_steering_holders = {"FlowListeners"}
/\ steer_detachLive_steering_rec = [ IpRules |-> "idle",
  GuestPrefixSteering |-> "fenced",
  FlowListeners |-> "held",
  LocalRoute |-> "idle" ]
/\ steer_detachLive_steering_repLeft = 1
/\ steer_detachLive_steering_entries = {}
/\ steer_detachLive_steering_route = "fence"
/\ steer_detachLive_steering_rfn = FALSE
/\ steer_detachLive_steering_revokeLeft = 0
/\ steer_detachLive_steering_link = FALSE

State 12: <steer_detachLive_steering_Provision line 1649, col 3 to line 1657, col 42 of module steer_detachLive>
/\ steer_detachLive_steering_sess = FALSE
/\ steer_detachLive_steering_gen = 1
/\ steer_detachLive_steering_rules = TRUE
/\ steer_detachLive_steering_flowL = FALSE
/\ steer_detachLive_steering_g = [ routeUnverified |-> FALSE,
  refused |-> FALSE,
  actPartial |-> FALSE,
  actResidue |-> FALSE,
  actErrDone |-> FALSE,
  relListener |-> FALSE,
  reopenEarly |-> FALSE,
  repairNoHold |-> FALSE,
  resteered |-> FALSE,
  stillQuiesced |-> FALSE,
  overlapped |-> FALSE,
  revokeKept |-> FALSE,
  quiesceWidened |-> FALSE,
  gpsWidened |-> FALSE,
  quiesceFenced |-> FALSE,
  widenClose |-> FALSE,
  widenRoute |-> FALSE ]
/\ steer_detachLive_steering_boot = 5
/\ steer_detachLive_steering_att = [ IpRules |-> 0,
  GuestPrefixSteering |-> 0,
  FlowListeners |-> 0,
  LocalRoute |-> 0 ]
/\ steer_detachLive_steering_winE = 0
/\ steer_detachLive_steering_winF = 0
/\ steer_detachLive_steering_rmv = FALSE
/\ steer_detachLive_steering_win = 0
/\ steer_detachLive_steering_estab = TRUE
/\ steer_detachLive_steering_lastLS = {}
/\ steer_detachLive_steering_verified = {"boot"}
/\ steer_detachLive_steering_steerLeft = 0
/\ steer_detachLive_steering_lis = {}
/\ steer_detachLive_steering_tamper = FALSE
/\ steer_detachLive_steering_convLeft = 0
/\ steer_detachLive_steering_fenceLeft = 0
/\ steer_detachLive_steering_verSince = FALSE
/\ steer_detachLive_steering_stop = "none"
/\ steer_detachLive_steering_alloc = "Provisioned"
/\ steer_detachLive_steering_up = TRUE
/\ steer_detachLive_steering_latch = TRUE
/\ steer_detachLive_steering_bindLeft = 0
/\ steer_detachLive_steering_holders = {"FlowListeners"}
/\ steer_detachLive_steering_rec = [ IpRules |-> "idle",
  GuestPrefixSteering |-> "fenced",
  FlowListeners |-> "held",
  LocalRoute |-> "idle" ]
/\ steer_detachLive_steering_repLeft = 1
/\ steer_detachLive_steering_entries = {}
/\ steer_detachLive_steering_route = "fence"
/\ steer_detachLive_steering_rfn = FALSE
/\ steer_detachLive_steering_revokeLeft = 0
/\ steer_detachLive_steering_link = FALSE

State 13: <steer_detachLive_steering_SessOpen line 1663, col 3 to line 1671, col 42 of module steer_detachLive>
/\ steer_detachLive_steering_sess = TRUE
/\ steer_detachLive_steering_gen = 1
/\ steer_detachLive_steering_rules = TRUE
/\ steer_detachLive_steering_flowL = FALSE
/\ steer_detachLive_steering_g = [ routeUnverified |-> FALSE,
  refused |-> FALSE,
  actPartial |-> FALSE,
  actResidue |-> FALSE,
  actErrDone |-> FALSE,
  relListener |-> FALSE,
  reopenEarly |-> FALSE,
  repairNoHold |-> FALSE,
  resteered |-> FALSE,
  stillQuiesced |-> FALSE,
  overlapped |-> FALSE,
  revokeKept |-> FALSE,
  quiesceWidened |-> FALSE,
  gpsWidened |-> FALSE,
  quiesceFenced |-> FALSE,
  widenClose |-> FALSE,
  widenRoute |-> FALSE ]
/\ steer_detachLive_steering_boot = 5
/\ steer_detachLive_steering_att = [ IpRules |-> 0,
  GuestPrefixSteering |-> 0,
  FlowListeners |-> 0,
  LocalRoute |-> 0 ]
/\ steer_detachLive_steering_winE = 0
/\ steer_detachLive_steering_winF = 0
/\ steer_detachLive_steering_rmv = FALSE
/\ steer_detachLive_steering_win = 0
/\ steer_detachLive_steering_estab = TRUE
/\ steer_detachLive_steering_lastLS = {}
/\ steer_detachLive_steering_verified = {"boot"}
/\ steer_detachLive_steering_steerLeft = 0
/\ steer_detachLive_steering_lis = {}
/\ steer_detachLive_steering_tamper = FALSE
/\ steer_detachLive_steering_convLeft = 0
/\ steer_detachLive_steering_fenceLeft = 0
/\ steer_detachLive_steering_verSince = FALSE
/\ steer_detachLive_steering_stop = "none"
/\ steer_detachLive_steering_alloc = "Provisioned"
/\ steer_detachLive_steering_up = TRUE
/\ steer_detachLive_steering_latch = TRUE
/\ steer_detachLive_steering_bindLeft = 0
/\ steer_detachLive_steering_holders = {"FlowListeners"}
/\ steer_detachLive_steering_rec = [ IpRules |-> "idle",
  GuestPrefixSteering |-> "fenced",
  FlowListeners |-> "held",
  LocalRoute |-> "idle" ]
/\ steer_detachLive_steering_repLeft = 1
/\ steer_detachLive_steering_entries = {}
/\ steer_detachLive_steering_route = "fence"
/\ steer_detachLive_steering_rfn = FALSE
/\ steer_detachLive_steering_revokeLeft = 0
/\ steer_detachLive_steering_link = FALSE

State 14: <steer_detachLive_steering_RepConverge line 1960, col 3 to line 2008, col 66 of module steer_detachLive>
/\ steer_detachLive_steering_sess = TRUE
/\ steer_detachLive_steering_gen = 1
/\ steer_detachLive_steering_rules = TRUE
/\ steer_detachLive_steering_flowL = TRUE
/\ steer_detachLive_steering_g = [ routeUnverified |-> FALSE,
  refused |-> FALSE,
  actPartial |-> FALSE,
  actResidue |-> FALSE,
  actErrDone |-> FALSE,
  relListener |-> FALSE,
  reopenEarly |-> FALSE,
  repairNoHold |-> FALSE,
  resteered |-> FALSE,
  stillQuiesced |-> FALSE,
  overlapped |-> FALSE,
  revokeKept |-> FALSE,
  quiesceWidened |-> FALSE,
  gpsWidened |-> FALSE,
  quiesceFenced |-> FALSE,
  widenClose |-> FALSE,
  widenRoute |-> FALSE ]
/\ steer_detachLive_steering_boot = 5
/\ steer_detachLive_steering_att = [ IpRules |-> 0,
  GuestPrefixSteering |-> 0,
  FlowListeners |-> 0,
  LocalRoute |-> 0 ]
/\ steer_detachLive_steering_winE = 0
/\ steer_detachLive_steering_winF = 0
/\ steer_detachLive_steering_rmv = FALSE
/\ steer_detachLive_steering_win = 0
/\ steer_detachLive_steering_estab = TRUE
/\ steer_detachLive_steering_lastLS = {}
/\ steer_detachLive_steering_verified = {"boot"}
/\ steer_detachLive_steering_steerLeft = 0
/\ steer_detachLive_steering_lis = {}
/\ steer_detachLive_steering_tamper = FALSE
/\ steer_detachLive_steering_convLeft = 0
/\ steer_detachLive_steering_fenceLeft = 0
/\ steer_detachLive_steering_verSince = FALSE
/\ steer_detachLive_steering_stop = "none"
/\ steer_detachLive_steering_alloc = "Provisioned"
/\ steer_detachLive_steering_up = TRUE
/\ steer_detachLive_steering_latch = TRUE
/\ steer_detachLive_steering_bindLeft = 0
/\ steer_detachLive_steering_holders = {"FlowListeners"}
/\ steer_detachLive_steering_rec = [ IpRules |-> "idle",
  GuestPrefixSteering |-> "fenced",
  FlowListeners |-> "conv",
  LocalRoute |-> "idle" ]
/\ steer_detachLive_steering_repLeft = 1
/\ steer_detachLive_steering_entries = {}
/\ steer_detachLive_steering_route = "fence"
/\ steer_detachLive_steering_rfn = FALSE
/\ steer_detachLive_steering_revokeLeft = 0
/\ steer_detachLive_steering_link = TRUE

State 15: <steer_detachLive_steering_RepVerify line 2052, col 3 to line 2093, col 66 of module steer_detachLive>
/\ steer_detachLive_steering_sess = TRUE
/\ steer_detachLive_steering_gen = 1
/\ steer_detachLive_steering_rules = TRUE
/\ steer_detachLive_steering_flowL = TRUE
/\ steer_detachLive_steering_g = [ routeUnverified |-> FALSE,
  refused |-> FALSE,
  actPartial |-> FALSE,
  actResidue |-> FALSE,
  actErrDone |-> FALSE,
  relListener |-> FALSE,
  reopenEarly |-> FALSE,
  repairNoHold |-> FALSE,
  resteered |-> FALSE,
  stillQuiesced |-> FALSE,
  overlapped |-> FALSE,
  revokeKept |-> FALSE,
  quiesceWidened |-> FALSE,
  gpsWidened |-> FALSE,
  quiesceFenced |-> FALSE,
  widenClose |-> FALSE,
  widenRoute |-> FALSE ]
/\ steer_detachLive_steering_boot = 5
/\ steer_detachLive_steering_att = [ IpRules |-> 0,
  GuestPrefixSteering |-> 0,
  FlowListeners |-> 0,
  LocalRoute |-> 0 ]
/\ steer_detachLive_steering_winE = 0
/\ steer_detachLive_steering_winF = 0
/\ steer_detachLive_steering_rmv = FALSE
/\ steer_detachLive_steering_win = 0
/\ steer_detachLive_steering_estab = TRUE
/\ steer_detachLive_steering_lastLS = {}
/\ steer_detachLive_steering_verified = {"FlowListeners", "boot"}
/\ steer_detachLive_steering_steerLeft = 0
/\ steer_detachLive_steering_lis = {}
/\ steer_detachLive_steering_tamper = FALSE
/\ steer_detachLive_steering_convLeft = 0
/\ steer_detachLive_steering_fenceLeft = 0
/\ steer_detachLive_steering_verSince = TRUE
/\ steer_detachLive_steering_stop = "none"
/\ steer_detachLive_steering_alloc = "Provisioned"
/\ steer_detachLive_steering_up = TRUE
/\ steer_detachLive_steering_latch = TRUE
/\ steer_detachLive_steering_bindLeft = 0
/\ steer_detachLive_steering_holders = {"FlowListeners"}
/\ steer_detachLive_steering_rec = [ IpRules |-> "idle",
  GuestPrefixSteering |-> "fenced",
  FlowListeners |-> "ver",
  LocalRoute |-> "idle" ]
/\ steer_detachLive_steering_repLeft = 1
/\ steer_detachLive_steering_entries = {}
/\ steer_detachLive_steering_route = "fence"
/\ steer_detachLive_steering_rfn = FALSE
/\ steer_detachLive_steering_revokeLeft = 0
/\ steer_detachLive_steering_link = TRUE

State 16: <steer_detachLive_steering_RepRoute line 2099, col 3 to line 2132, col 7 of module steer_detachLive>
/\ steer_detachLive_steering_sess = TRUE
/\ steer_detachLive_steering_gen = 1
/\ steer_detachLive_steering_rules = TRUE
/\ steer_detachLive_steering_flowL = TRUE
/\ steer_detachLive_steering_g = [ routeUnverified |-> FALSE,
  refused |-> FALSE,
  actPartial |-> FALSE,
  actResidue |-> FALSE,
  actErrDone |-> FALSE,
  relListener |-> FALSE,
  reopenEarly |-> FALSE,
  repairNoHold |-> FALSE,
  resteered |-> FALSE,
  stillQuiesced |-> FALSE,
  overlapped |-> FALSE,
  revokeKept |-> FALSE,
  quiesceWidened |-> FALSE,
  gpsWidened |-> FALSE,
  quiesceFenced |-> FALSE,
  widenClose |-> FALSE,
  widenRoute |-> FALSE ]
/\ steer_detachLive_steering_boot = 5
/\ steer_detachLive_steering_att = [ IpRules |-> 0,
  GuestPrefixSteering |-> 0,
  FlowListeners |-> 0,
  LocalRoute |-> 0 ]
/\ steer_detachLive_steering_winE = 0
/\ steer_detachLive_steering_winF = 0
/\ steer_detachLive_steering_rmv = FALSE
/\ steer_detachLive_steering_win = 0
/\ steer_detachLive_steering_estab = TRUE
/\ steer_detachLive_steering_lastLS = {}
/\ steer_detachLive_steering_verified = {"FlowListeners", "boot"}
/\ steer_detachLive_steering_steerLeft = 0
/\ steer_detachLive_steering_lis = {}
/\ steer_detachLive_steering_tamper = FALSE
/\ steer_detachLive_steering_convLeft = 0
/\ steer_detachLive_steering_fenceLeft = 0
/\ steer_detachLive_steering_verSince = TRUE
/\ steer_detachLive_steering_stop = "none"
/\ steer_detachLive_steering_alloc = "Provisioned"
/\ steer_detachLive_steering_up = TRUE
/\ steer_detachLive_steering_latch = TRUE
/\ steer_detachLive_steering_bindLeft = 0
/\ steer_detachLive_steering_holders = {"FlowListeners"}
/\ steer_detachLive_steering_rec = [ IpRules |-> "idle",
  GuestPrefixSteering |-> "fenced",
  FlowListeners |-> "repaired",
  LocalRoute |-> "idle" ]
/\ steer_detachLive_steering_repLeft = 1
/\ steer_detachLive_steering_entries = {}
/\ steer_detachLive_steering_route = "local"
/\ steer_detachLive_steering_rfn = FALSE
/\ steer_detachLive_steering_revokeLeft = 0
/\ steer_detachLive_steering_link = TRUE

State 17: <steer_detachLive_steering_RootDetach line 1786, col 3 to line 1802, col 66 of module steer_detachLive>
/\ steer_detachLive_steering_sess = TRUE
/\ steer_detachLive_steering_gen = 1
/\ steer_detachLive_steering_rules = TRUE
/\ steer_detachLive_steering_flowL = TRUE
/\ steer_detachLive_steering_g = [ routeUnverified |-> FALSE,
  refused |-> FALSE,
  actPartial |-> FALSE,
  actResidue |-> FALSE,
  actErrDone |-> FALSE,
  relListener |-> FALSE,
  reopenEarly |-> FALSE,
  repairNoHold |-> FALSE,
  resteered |-> FALSE,
  stillQuiesced |-> FALSE,
  overlapped |-> FALSE,
  revokeKept |-> FALSE,
  quiesceWidened |-> FALSE,
  gpsWidened |-> FALSE,
  quiesceFenced |-> FALSE,
  widenClose |-> FALSE,
  widenRoute |-> FALSE ]
/\ steer_detachLive_steering_boot = 5
/\ steer_detachLive_steering_att = [ IpRules |-> 0,
  GuestPrefixSteering |-> 0,
  FlowListeners |-> 0,
  LocalRoute |-> 0 ]
/\ steer_detachLive_steering_winE = 0
/\ steer_detachLive_steering_winF = 0
/\ steer_detachLive_steering_rmv = FALSE
/\ steer_detachLive_steering_win = 0
/\ steer_detachLive_steering_estab = TRUE
/\ steer_detachLive_steering_lastLS = {}
/\ steer_detachLive_steering_verified = {"FlowListeners", "boot"}
/\ steer_detachLive_steering_steerLeft = 0
/\ steer_detachLive_steering_lis = {}
/\ steer_detachLive_steering_tamper = TRUE
/\ steer_detachLive_steering_convLeft = 0
/\ steer_detachLive_steering_fenceLeft = 0
/\ steer_detachLive_steering_verSince = TRUE
/\ steer_detachLive_steering_stop = "none"
/\ steer_detachLive_steering_alloc = "Provisioned"
/\ steer_detachLive_steering_up = TRUE
/\ steer_detachLive_steering_latch = TRUE
/\ steer_detachLive_steering_bindLeft = 0
/\ steer_detachLive_steering_holders = {"FlowListeners"}
/\ steer_detachLive_steering_rec = [ IpRules |-> "idle",
  GuestPrefixSteering |-> "fenced",
  FlowListeners |-> "repaired",
  LocalRoute |-> "idle" ]
/\ steer_detachLive_steering_repLeft = 1
/\ steer_detachLive_steering_entries = {}
/\ steer_detachLive_steering_route = "local"
/\ steer_detachLive_steering_rfn = FALSE
/\ steer_detachLive_steering_revokeLeft = 0
/\ steer_detachLive_steering_link = FALSE

State 18: <steer_detachLive_steering_RecRestore line 1292, col 3 to line 1380, col 38 of module steer_detachLive>
/\ steer_detachLive_steering_sess = TRUE
/\ steer_detachLive_steering_gen = 1
/\ steer_detachLive_steering_rules = TRUE
/\ steer_detachLive_steering_flowL = TRUE
/\ steer_detachLive_steering_g = [ routeUnverified |-> FALSE,
  refused |-> FALSE,
  actPartial |-> FALSE,
  actResidue |-> FALSE,
  actErrDone |-> FALSE,
  relListener |-> FALSE,
  reopenEarly |-> FALSE,
  repairNoHold |-> FALSE,
  resteered |-> FALSE,
  stillQuiesced |-> FALSE,
  overlapped |-> FALSE,
  revokeKept |-> FALSE,
  quiesceWidened |-> FALSE,
  gpsWidened |-> FALSE,
  quiesceFenced |-> FALSE,
  widenClose |-> FALSE,
  widenRoute |-> FALSE ]
/\ steer_detachLive_steering_boot = 5
/\ steer_detachLive_steering_att = [ IpRules |-> 0,
  GuestPrefixSteering |-> 0,
  FlowListeners |-> 0,
  LocalRoute |-> 0 ]
/\ steer_detachLive_steering_winE = 0
/\ steer_detachLive_steering_winF = 0
/\ steer_detachLive_steering_rmv = FALSE
/\ steer_detachLive_steering_win = 0
/\ steer_detachLive_steering_estab = TRUE
/\ steer_detachLive_steering_lastLS = {}
/\ steer_detachLive_steering_verified = {"boot"}
/\ steer_detachLive_steering_steerLeft = 0
/\ steer_detachLive_steering_lis = {}
/\ steer_detachLive_steering_tamper = TRUE
/\ steer_detachLive_steering_convLeft = 0
/\ steer_detachLive_steering_fenceLeft = 0
/\ steer_detachLive_steering_verSince = TRUE
/\ steer_detachLive_steering_stop = "none"
/\ steer_detachLive_steering_alloc = "Provisioned"
/\ steer_detachLive_steering_up = TRUE
/\ steer_detachLive_steering_latch = FALSE
/\ steer_detachLive_steering_bindLeft = 0
/\ steer_detachLive_steering_holders = {}
/\ steer_detachLive_steering_rec = [ IpRules |-> "idle",
  GuestPrefixSteering |-> "fenced",
  FlowListeners |-> "idle",
  LocalRoute |-> "idle" ]
/\ steer_detachLive_steering_repLeft = 1
/\ steer_detachLive_steering_entries = {}
/\ steer_detachLive_steering_route = "local"
/\ steer_detachLive_steering_rfn = FALSE
/\ steer_detachLive_steering_revokeLeft = 0
/\ steer_detachLive_steering_link = FALSE

State 19: <steer_detachLive_steering_ActivateBegin line 1690, col 3 to line 1704, col 66 of module steer_detachLive>
/\ steer_detachLive_steering_sess = TRUE
/\ steer_detachLive_steering_gen = 1
/\ steer_detachLive_steering_rules = TRUE
/\ steer_detachLive_steering_flowL = TRUE
/\ steer_detachLive_steering_g = [ routeUnverified |-> FALSE,
  refused |-> FALSE,
  actPartial |-> FALSE,
  actResidue |-> FALSE,
  actErrDone |-> FALSE,
  relListener |-> FALSE,
  reopenEarly |-> FALSE,
  repairNoHold |-> FALSE,
  resteered |-> FALSE,
  stillQuiesced |-> FALSE,
  overlapped |-> FALSE,
  revokeKept |-> FALSE,
  quiesceWidened |-> FALSE,
  gpsWidened |-> FALSE,
  quiesceFenced |-> FALSE,
  widenClose |-> FALSE,
  widenRoute |-> FALSE ]
/\ steer_detachLive_steering_boot = 5
/\ steer_detachLive_steering_att = [ IpRules |-> 0,
  GuestPrefixSteering |-> 0,
  FlowListeners |-> 0,
  LocalRoute |-> 0 ]
/\ steer_detachLive_steering_winE = 0
/\ steer_detachLive_steering_winF = 0
/\ steer_detachLive_steering_rmv = FALSE
/\ steer_detachLive_steering_win = 0
/\ steer_detachLive_steering_estab = TRUE
/\ steer_detachLive_steering_lastLS = {}
/\ steer_detachLive_steering_verified = {"boot"}
/\ steer_detachLive_steering_steerLeft = 0
/\ steer_detachLive_steering_lis = {}
/\ steer_detachLive_steering_tamper = TRUE
/\ steer_detachLive_steering_convLeft = 0
/\ steer_detachLive_steering_fenceLeft = 0
/\ steer_detachLive_steering_verSince = TRUE
/\ steer_detachLive_steering_stop = "none"
/\ steer_detachLive_steering_alloc = "Activating"
/\ steer_detachLive_steering_up = TRUE
/\ steer_detachLive_steering_latch = FALSE
/\ steer_detachLive_steering_bindLeft = 0
/\ steer_detachLive_steering_holders = {}
/\ steer_detachLive_steering_rec = [ IpRules |-> "idle",
  GuestPrefixSteering |-> "fenced",
  FlowListeners |-> "idle",
  LocalRoute |-> "idle" ]
/\ steer_detachLive_steering_repLeft = 1
/\ steer_detachLive_steering_entries = {}
/\ steer_detachLive_steering_route = "local"
/\ steer_detachLive_steering_rfn = FALSE
/\ steer_detachLive_steering_revokeLeft = 0
/\ steer_detachLive_steering_link = FALSE

State 20: Stuttering
Finished checking temporal properties in 00s at 2026-10-07 11:50:19
650833 states generated, 46562 distinct states found, 17880 states left on queue.
Finished in 03s at (2026-10-07 11:50:19)

[violation] Found an issue (4090ms).
error: found a counterexample

===== /Users/marcus/conductor/workspaces/helios/wellington-v2/target/quint/guest-flow-owner/steering-detach-exposure-ends/events.log =====
1791366595.646 attempt 1 start pgid=453218 port=38851 timeout=900s log=/Users/marcus/conductor/workspaces/helios/wellington-v2/target/quint/guest-flow-owner/steering-detach-exposure-ends/attempt-1.log
1791366620.080 attempt 1 end Exited { success: false } after 24.9s; group 453218 killed; verdict Final { outcome: Violation, cause: None }
