    Finished `dev` profile [unoptimized + debuginfo] target(s) in 0.28s
     Running `target/debug/xtask metal run -- python3 spike-scratch/netns-density-295-aya-zero-udp/increment-a/run.py`
/usr/bin/ssh
xtask: running metal run (one bootstrap lease session)

########## [bootstrap] preflight: ssh to <redacted canonical metal target>

########## [bootstrap] remote user=ubuntu home=/home/ubuntu sudo='sudo -n'

########## [bootstrap] acquire canonical metal lease (/run/lock/overdrive-metal-shared.lock)
OVERDRIVE_METAL_LEASE_ACQUIRED token=aa3082b552e868373832149a pid=864767

########## [bootstrap] sync /Users/marcus/conductor/workspaces/helios/wellington-v2 -> <redacted canonical metal target>:/home/ubuntu/overdrive

sent 573,186 bytes  received 12,359 bytes  61,636.32 bytes/sec
total size is 827,730,945  speedup is 1,413.61

########## [bootstrap] fail-closed native x86_64/KVM preflight
7.0.0-29-generic

   Compiling proc-macro2 v1.0.107
   Compiling quote v1.0.47
   Compiling unicode-ident v1.0.26
   Compiling version_check v0.9.5
   Compiling equivalent v1.0.2
   Compiling crc32fast v1.5.2
   Compiling foldhash v0.1.5
   Compiling allocator-api2 v0.2.21
   Compiling thiserror v1.0.69
   Compiling object v0.36.7
   Compiling hashbrown v0.17.1
   Compiling cfg-if v1.0.5
   Compiling memchr v2.8.3
   Compiling serde_core v1.0.229
   Compiling zmij v1.0.23
   Compiling libc v0.2.190
   Compiling log v0.4.34
   Compiling serde_json v1.0.151
   Compiling bytes v1.12.1
   Compiling once_cell v1.21.4
   Compiling itoa v1.0.18
   Compiling bitflags v2.13.2
   Compiling assert_matches v1.5.0
   Compiling core-error v0.0.0
   Compiling hashbrown v0.15.5
   Compiling indexmap v2.14.2
   Compiling syn v2.0.119
   Compiling thiserror-impl v1.0.69
   Compiling aya-obj v0.2.1
   Compiling aya v0.13.1
   Compiling aya-vsock-probe v0.0.0 (/home/ubuntu/overdrive/spike-scratch/netns-density-295-aya-zero-udp/increment-a)
error: unknown byte escape: `1`
   --> src/main.rs:390:93
    |
390 |  for (name,wire) in [("bad_magic",b"BAD!\0\0\0\0".to_vec()),("length_mismatch",b"ZUD1\0\0\0\1".to_vec())]{p.tx(5,1,&wire);let mut p...
    |                                                                                             ^ unknown byte escape
    |
    = help: for more information, visit <https://doc.rust-lang.org/reference/tokens.html#literals>

warning: unused imports: `TcpListener` and `TcpStream`
  --> src/main.rs:12:11
   |
12 |     net::{TcpListener, TcpStream, UdpSocket},
   |           ^^^^^^^^^^^  ^^^^^^^^^
   |
   = note: `#[warn(unused_imports)]` (part of `#[warn(unused)]`) on by default

warning: unused import: `Read`
  --> src/main.rs:11:16
   |
11 |     io::{self, Read, Write},
   |                ^^^^

warning: `aya-vsock-probe` (bin "aya-vsock-probe") generated 2 warnings
error: could not compile `aya-vsock-probe` (bin "aya-vsock-probe") due to 1 previous error; 2 warnings emitted

Traceback (most recent call last):
  File "/home/ubuntu/overdrive/spike-scratch/netns-density-295-aya-zero-udp/increment-a/run.py", line 26, in <module>
    run(['cargo','build','--release','--manifest-path',str(INC/'Cargo.toml')],env=env)
    ~~~^^^^^^^^^^^^^^^^^^^^^^^^^^^^^^^^^^^^^^^^^^^^^^^^^^^^^^^^^^^^^^^^^^^^^^^^^^^^^^^
  File "/home/ubuntu/overdrive/spike-scratch/netns-density-295-aya-zero-udp/increment-a/run.py", line 20, in run
    if p.returncode: raise RuntimeError(f'{args}: exit {p.returncode}')
                     ^^^^^^^^^^^^^^^^^^^^^^^^^^^^^^^^^^^^^^^^^^^^^^^^^^
RuntimeError: ['cargo', 'build', '--release', '--manifest-path', '/home/ubuntu/overdrive/spike-scratch/netns-density-295-aya-zero-udp/increment-a/Cargo.toml']: exit 101
xtask failed: 
   0: [91mmetal run (one bootstrap lease session) failed with exit status: 1[0m

Location:
   [35mxtask/src/main.rs[0m:[35m1300[0m

Backtrace omitted. Run with RUST_BACKTRACE=1 environment variable to display it.
Run with RUST_BACKTRACE=full to include source snippets.
{"launcher_rc": 1, "wall_s": 59.446168875001604}
