 Downloading crates ...
  Downloaded no-std-net v0.6.0
  Downloaded fnv v1.0.7
  Downloaded bit-set v0.8.0
  Downloaded quick-error v1.2.3
  Downloaded rand_xorshift v0.4.0
  Downloaded autocfg v1.5.1
  Downloaded pnet_macros_support v0.35.0
  Downloaded ipnetwork v0.20.0
  Downloaded unarray v0.1.4
  Downloaded pnet_sys v0.35.0
  Downloaded pnet_transport v0.35.0
  Downloaded pnet_base v0.35.0
  Downloaded rusty-fork v0.3.1
  Downloaded pnet_datalink v0.35.0
  Downloaded pnet v0.35.0
  Downloaded tempfile v3.27.0
  Downloaded num-traits v0.2.19
  Downloaded pnet_packet v0.35.0
  Downloaded rand v0.9.4
  Downloaded getrandom v0.3.4
  Downloaded rand_core v0.9.5
  Downloaded rand_chacha v0.9.0
  Downloaded ppv-lite86 v0.2.21
  Downloaded pnet_macros v0.35.0
  Downloaded glob v0.3.3
  Downloaded proptest v1.11.0
  Downloaded bit-vec v0.8.0
   Compiling libc v0.2.186
   Compiling proc-macro2 v1.0.106
   Compiling quote v1.0.46
   Compiling unicode-ident v1.0.24
   Compiling serde_core v1.0.228
   Compiling serde v1.0.228
    Checking cfg-if v1.0.4
   Compiling thiserror v2.0.18
    Checking bitflags v1.3.2
    Checking log v0.4.33
    Checking bitflags v2.13.0
   Compiling rustversion v1.0.22
   Compiling find-msvc-tools v0.1.9
   Compiling shlex v2.0.1
    Checking memchr v2.8.2
   Compiling getrandom v0.4.3
   Compiling zerocopy v0.8.53
    Checking rand_core v0.10.1
   Compiling pkg-config v0.3.33
   Compiling zmij v1.0.21
   Compiling serde_json v1.0.150
    Checking cpufeatures v0.3.0
    Checking itoa v1.0.18
    Checking byteorder v1.5.0
    Checking chacha20 v0.10.1
    Checking virtio-bindings v0.2.7
   Compiling rustix v1.1.4
   Compiling anyhow v1.0.103
    Checking linux-raw-sys v0.12.1
   Compiling strsim v0.11.1
   Compiling ident_case v1.0.1
    Checking utf8parse v0.2.2
    Checking anstyle-query v1.1.5
    Checking scopeguard v1.2.0
    Checking anstyle-parse v1.0.0
    Checking anstyle v1.0.14
    Checking smallvec v1.15.2
   Compiling kvm-ioctls v0.25.0
    Checking is_terminal_polyfill v1.70.2
    Checking colorchoice v1.0.5
    Checking lock_api v0.4.14
    Checking iommufd-bindings v0.1.0
    Checking regex-syntax v0.8.11
   Compiling zstd-safe v7.2.4
    Checking once_cell v1.21.4
   Compiling crc32fast v1.5.0
    Checking anstream v1.0.0
    Checking adler2 v2.0.1
    Checking simd-adler32 v0.3.9
    Checking clap_lex v1.1.0
   Compiling io-uring v0.7.13
   Compiling heck v0.5.0
    Checking aho-corasick v1.1.4
    Checking debug-helper v0.3.14
    Checking miniz_oxide v0.8.9
    Checking zeroize v1.9.0
    Checking untrusted v0.9.0
    Checking fastrand v2.4.1
    Checking crc-any v3.0.0
   Compiling rustls v0.23.41
    Checking either v1.16.0
    Checking arc-swap v1.9.2
    Checking rustls-pki-types v1.15.0
   Compiling syn v2.0.118
   Compiling net_util v0.1.0 (/home/ubuntu/overdrive/vendors/cloud-hypervisor/net_util)
    Checking subtle v2.6.1
    Checking jiff v0.2.31
    Checking spin v0.9.8
   Compiling winnow v1.0.3
    Checking futures-core v0.3.32
    Checking itertools v0.15.0
    Checking futures-sink v0.3.32
    Checking flate2 v1.1.9
   Compiling equivalent v1.0.2
   Compiling hashbrown v0.17.1
   Compiling vcpkg v0.2.15
    Checking base64 v0.22.1
    Checking flume v0.12.0
   Compiling toml_datetime v1.1.1+spec-1.1.0
   Compiling jobserver v0.1.35
    Checking rand v0.10.2
    Checking epoll v4.4.0
    Checking getrandom v0.2.17
    Checking typenum v1.20.1
   Compiling cc v1.2.66
   Compiling virtio-devices v0.1.0 (/home/ubuntu/overdrive/vendors/cloud-hypervisor/virtio-devices)
    Checking seccompiler v0.5.0
    Checking errno v0.3.14
   Compiling micro_http v0.1.0 (https://github.com/firecracker-microvm/micro-http?branch=main#5c2254d6)
    Checking serial_buffer v0.1.0 (/home/ubuntu/overdrive/vendors/cloud-hypervisor/serial_buffer)
   Compiling indexmap v2.14.0
    Checking const-oid v0.10.2
   Compiling signal-hook v0.4.4
    Checking signal-hook-registry v1.4.8
    Checking uuid v1.23.4
   Compiling vmm v0.1.0 (/home/ubuntu/overdrive/vendors/cloud-hypervisor/vmm)
   Compiling parking_lot_core v0.9.12
    Checking wait-timeout v0.2.1
    Checking option-ext v0.2.0
   Compiling cloud-hypervisor v53.0.0 (/home/ubuntu/overdrive/vendors/cloud-hypervisor/cloud-hypervisor)
    Checking dirs-sys v0.5.0
   Compiling getrandom v0.3.4
    Checking dirs v6.0.0
    Checking no-std-net v0.6.0
    Checking pnet_base v0.35.0
    Checking parking_lot v0.12.5
    Checking regex-automata v0.4.14
   Compiling toml_parser v1.1.2+spec-1.1.0
    Checking hybrid-array v0.4.13
   Compiling autocfg v1.5.1
    Checking pnet_macros_support v0.35.0
    Checking pnet_sys v0.35.0
    Checking terminal_size v0.4.4
   Compiling openssl-src v300.6.1+3.6.3
    Checking rand_core v0.9.5
    Checking tempfile v3.27.0
    Checking fnv v1.0.7
   Compiling pnet v0.35.0
    Checking clap_builder v4.6.0
    Checking bit-vec v0.8.0
    Checking quick-error v1.2.3
    Checking rand_xorshift v0.4.0
    Checking rusty-fork v0.3.1
    Checking bit-set v0.8.0
    Checking rand v0.9.4
   Compiling num-traits v0.2.19
    Checking unarray v0.1.4
   Compiling toml_edit v0.25.12+spec-1.1.0
    Checking crypto-common v0.2.2
    Checking block-buffer v0.12.1
   Compiling zstd-sys v2.0.16+zstd.1.5.7
   Compiling ring v0.17.14
   Compiling openssl-sys v0.9.117
   Compiling libz-sys v1.1.29
   Compiling libssh2-sys v0.3.2
   Compiling proc-macro-crate v3.5.0
    Checking digest v0.11.3
    Checking sha2 v0.11.0
    Checking regex v1.12.4
   Compiling darling_core v0.23.0
    Checking env_filter v2.0.0
    Checking env_logger v0.11.11
   Compiling serde_derive v1.0.228
   Compiling thiserror-impl v2.0.18
   Compiling zerocopy-derive v0.8.53
   Compiling open-enum-derive v0.5.2
   Compiling bitfield-struct v0.13.0
   Compiling concat-idents v1.1.5
   Compiling clap_derive v4.6.1
   Compiling remain v0.2.15
   Compiling num_enum_derive v0.7.6
   Compiling enumflags2_derive v0.7.12
    Checking open-enum v0.5.2
    Checking enumflags2 v0.7.12
    Checking num_enum v0.7.6
    Checking vm-memory v0.17.1
    Checking option_parser v0.1.0 (/home/ubuntu/overdrive/vendors/cloud-hypervisor/option_parser)
    Checking landlock v0.4.5
   Compiling darling_macro v0.23.0
    Checking rustls-webpki v0.103.13
   Compiling darling v0.23.0
   Compiling serde_with_macros v3.21.0
   Compiling pnet_macros v0.35.0
    Checking vm-allocator v0.1.0 (/home/ubuntu/overdrive/vendors/cloud-hypervisor/vm-allocator)
    Checking linux-loader v0.13.2
    Checking clap v4.6.1
    Checking serde_with v3.21.0
    Checking pnet_packet v0.35.0
    Checking zstd v0.13.3
    Checking vmm-sys-util v0.15.0
    Checking event_monitor v0.1.0 (/home/ubuntu/overdrive/vendors/cloud-hypervisor/event_monitor)
    Checking tracer v0.1.0 (/home/ubuntu/overdrive/vendors/cloud-hypervisor/tracer)
    Checking ipnetwork v0.20.0
    Checking pnet_datalink v0.35.0
    Checking virtio-queue v0.17.0
    Checking vfio-bindings v0.6.2
    Checking iommufd-ioctls v0.2.0
    Checking vhost v0.16.0
    Checking rate_limiter v0.1.0 (/home/ubuntu/overdrive/vendors/cloud-hypervisor/rate_limiter)
    Checking tpm v0.1.0 (/home/ubuntu/overdrive/vendors/cloud-hypervisor/tpm)
    Checking api_client v0.1.0 (/home/ubuntu/overdrive/vendors/cloud-hypervisor/api_client)
    Checking vfio_user v0.1.3
    Checking vm-virtio v0.1.0 (/home/ubuntu/overdrive/vendors/cloud-hypervisor/vm-virtio)
    Checking vhost-user-backend v0.22.0
    Checking vhost_user_net v0.1.0 (/home/ubuntu/overdrive/vendors/cloud-hypervisor/vhost_user_net)
    Checking kvm-bindings v0.14.1
    Checking block v0.1.0 (/home/ubuntu/overdrive/vendors/cloud-hypervisor/block)
    Checking vm-migration v0.1.0 (/home/ubuntu/overdrive/vendors/cloud-hypervisor/vm-migration)
    Checking acpi_tables v0.2.1
    Checking ppv-lite86 v0.2.21
    Checking pnet_transport v0.35.0
    Checking rand_chacha v0.9.0
    Checking proptest v1.11.0
    Checking vfio-ioctls v0.7.0
    Checking hypervisor v0.1.0 (/home/ubuntu/overdrive/vendors/cloud-hypervisor/hypervisor)
    Checking vhost_user_block v0.1.0 (/home/ubuntu/overdrive/vendors/cloud-hypervisor/vhost_user_block)
    Checking vm-device v0.1.0 (/home/ubuntu/overdrive/vendors/cloud-hypervisor/vm-device)
    Checking arch v0.1.0 (/home/ubuntu/overdrive/vendors/cloud-hypervisor/arch)
    Checking pci v0.1.0 (/home/ubuntu/overdrive/vendors/cloud-hypervisor/pci)
    Checking devices v0.1.0 (/home/ubuntu/overdrive/vendors/cloud-hypervisor/devices)
    Checking offload_daemon v0.1.0 (/home/ubuntu/overdrive/vendors/cloud-hypervisor/offload_daemon)
    Checking ssh2 v0.9.6
    Checking test_infra v0.1.0 (/home/ubuntu/overdrive/vendors/cloud-hypervisor/test_infra)
    Checking performance-metrics v0.1.0 (/home/ubuntu/overdrive/vendors/cloud-hypervisor/performance-metrics)
    Finished `dev` profile [unoptimized + debuginfo] target(s) in 40.50s
