[2m2026-08-02T09:45:03.769163Z[0m [32m INFO[0m adopt-on-restart §5: swept 6 surviving per-workload nft-TPROXY rule(s) from the shared chain (shared infra left intact) [3mswept[0m[2m=[0m6
[2m2026-08-02T09:45:03.770929Z[0m [32m INFO[0m control plane listening [3mendpoint[0m[2m=[0mhttps://127.0.0.1:7443/
[2m2026-08-02T09:45:06.864045Z[0m [32m INFO[0m allocation recovered from a terminal observation [3malloc[0m[2m=[0malloc-liveness-holds-0 [3mworkload[0m[2m=[0mliveness-holds [3mrestart_count[0m[2m=[0m1 [3mprior_state[0m[2m=[0mterminated
[2m2026-08-02T09:45:07.100741Z[0m [32m INFO[0m allocation recovered from a terminal observation [3malloc[0m[2m=[0malloc-liveness-fails-0 [3mworkload[0m[2m=[0mliveness-fails [3mrestart_count[0m[2m=[0m1 [3mprior_state[0m[2m=[0mterminated
[2m2026-08-02T09:45:07.312964Z[0m [32m INFO[0m allocation recovered from a terminal observation [3malloc[0m[2m=[0malloc-liveness-holds-0 [3mworkload[0m[2m=[0mliveness-holds [3mrestart_count[0m[2m=[0m2 [3mprior_state[0m[2m=[0mterminated
[2m2026-08-02T09:45:07.542786Z[0m [32m INFO[0m allocation recovered from a terminal observation [3malloc[0m[2m=[0malloc-liveness-fails-0 [3mworkload[0m[2m=[0mliveness-fails [3mrestart_count[0m[2m=[0m2 [3mprior_state[0m[2m=[0mterminated
[2m2026-08-02T09:45:07.763190Z[0m [32m INFO[0m allocation recovered from a terminal observation [3malloc[0m[2m=[0malloc-liveness-holds-0 [3mworkload[0m[2m=[0mliveness-holds [3mrestart_count[0m[2m=[0m3 [3mprior_state[0m[2m=[0mterminated
[2m2026-08-02T09:45:08.002037Z[0m [32m INFO[0m allocation recovered from a terminal observation [3malloc[0m[2m=[0malloc-liveness-fails-0 [3mworkload[0m[2m=[0mliveness-fails [3mrestart_count[0m[2m=[0m3 [3mprior_state[0m[2m=[0mterminated
[2m2026-08-02T09:45:08.217710Z[0m [32m INFO[0m allocation recovered from a terminal observation [3malloc[0m[2m=[0malloc-liveness-holds-0 [3mworkload[0m[2m=[0mliveness-holds [3mrestart_count[0m[2m=[0m4 [3mprior_state[0m[2m=[0mterminated
[2m2026-08-02T09:45:08.447979Z[0m [32m INFO[0m allocation recovered from a terminal observation [3malloc[0m[2m=[0malloc-liveness-fails-0 [3mworkload[0m[2m=[0mliveness-fails [3mrestart_count[0m[2m=[0m4 [3mprior_state[0m[2m=[0mterminated
[2m2026-08-02T09:45:08.672781Z[0m [32m INFO[0m allocation recovered from a terminal observation [3malloc[0m[2m=[0malloc-liveness-holds-0 [3mworkload[0m[2m=[0mliveness-holds [3mrestart_count[0m[2m=[0m5 [3mprior_state[0m[2m=[0mterminated
[2m2026-08-02T09:45:08.905756Z[0m [32m INFO[0m allocation recovered from a terminal observation [3malloc[0m[2m=[0malloc-liveness-fails-0 [3mworkload[0m[2m=[0mliveness-fails [3mrestart_count[0m[2m=[0m5 [3mprior_state[0m[2m=[0mterminated
[2m2026-08-02T09:45:09.154858Z[0m [32m INFO[0m allocation recovered from a terminal observation [3malloc[0m[2m=[0malloc-liveness-holds-0 [3mworkload[0m[2m=[0mliveness-holds [3mrestart_count[0m[2m=[0m6 [3mprior_state[0m[2m=[0mterminated
[2m2026-08-02T09:45:09.387801Z[0m [32m INFO[0m allocation recovered from a terminal observation [3malloc[0m[2m=[0malloc-liveness-fails-0 [3mworkload[0m[2m=[0mliveness-fails [3mrestart_count[0m[2m=[0m6 [3mprior_state[0m[2m=[0mterminated
[2m2026-08-02T09:45:09.625177Z[0m [32m INFO[0m allocation recovered from a terminal observation [3malloc[0m[2m=[0malloc-liveness-holds-0 [3mworkload[0m[2m=[0mliveness-holds [3mrestart_count[0m[2m=[0m7 [3mprior_state[0m[2m=[0mterminated
[2m2026-08-02T09:45:09.848909Z[0m [32m INFO[0m allocation recovered from a terminal observation [3malloc[0m[2m=[0malloc-liveness-fails-0 [3mworkload[0m[2m=[0mliveness-fails [3mrestart_count[0m[2m=[0m7 [3mprior_state[0m[2m=[0mterminated
[2m2026-08-02T09:45:10.076190Z[0m [32m INFO[0m allocation recovered from a terminal observation [3malloc[0m[2m=[0malloc-liveness-holds-0 [3mworkload[0m[2m=[0mliveness-holds [3mrestart_count[0m[2m=[0m8 [3mprior_state[0m[2m=[0mterminated
[2m2026-08-02T09:45:10.296770Z[0m [32m INFO[0m allocation recovered from a terminal observation [3malloc[0m[2m=[0malloc-liveness-fails-0 [3mworkload[0m[2m=[0mliveness-fails [3mrestart_count[0m[2m=[0m8 [3mprior_state[0m[2m=[0mterminated
[2m2026-08-02T09:45:10.516698Z[0m [32m INFO[0m allocation recovered from a terminal observation [3malloc[0m[2m=[0malloc-liveness-holds-0 [3mworkload[0m[2m=[0mliveness-holds [3mrestart_count[0m[2m=[0m9 [3mprior_state[0m[2m=[0mterminated
[2m2026-08-02T09:45:10.729991Z[0m [32m INFO[0m allocation recovered from a terminal observation [3malloc[0m[2m=[0malloc-liveness-fails-0 [3mworkload[0m[2m=[0mliveness-fails [3mrestart_count[0m[2m=[0m9 [3mprior_state[0m[2m=[0mterminated
[2m2026-08-02T09:45:10.966054Z[0m [32m INFO[0m allocation recovered from a terminal observation [3malloc[0m[2m=[0malloc-liveness-holds-0 [3mworkload[0m[2m=[0mliveness-holds [3mrestart_count[0m[2m=[0m10 [3mprior_state[0m[2m=[0mterminated
[2m2026-08-02T09:45:11.196774Z[0m [32m INFO[0m allocation recovered from a terminal observation [3malloc[0m[2m=[0malloc-liveness-fails-0 [3mworkload[0m[2m=[0mliveness-fails [3mrestart_count[0m[2m=[0m10 [3mprior_state[0m[2m=[0mterminated
[2m2026-08-02T09:45:11.435003Z[0m [32m INFO[0m allocation recovered from a terminal observation [3malloc[0m[2m=[0malloc-liveness-holds-0 [3mworkload[0m[2m=[0mliveness-holds [3mrestart_count[0m[2m=[0m11 [3mprior_state[0m[2m=[0mterminated
[2m2026-08-02T09:45:11.680927Z[0m [32m INFO[0m allocation recovered from a terminal observation [3malloc[0m[2m=[0malloc-liveness-fails-0 [3mworkload[0m[2m=[0mliveness-fails [3mrestart_count[0m[2m=[0m11 [3mprior_state[0m[2m=[0mterminated
[2m2026-08-02T09:45:11.918826Z[0m [32m INFO[0m allocation recovered from a terminal observation [3malloc[0m[2m=[0malloc-liveness-holds-0 [3mworkload[0m[2m=[0mliveness-holds [3mrestart_count[0m[2m=[0m12 [3mprior_state[0m[2m=[0mterminated
[2m2026-08-02T09:45:12.161941Z[0m [32m INFO[0m allocation recovered from a terminal observation [3malloc[0m[2m=[0malloc-liveness-fails-0 [3mworkload[0m[2m=[0mliveness-fails [3mrestart_count[0m[2m=[0m12 [3mprior_state[0m[2m=[0mterminated
[2m2026-08-02T09:45:12.404242Z[0m [32m INFO[0m allocation recovered from a terminal observation [3malloc[0m[2m=[0malloc-liveness-holds-0 [3mworkload[0m[2m=[0mliveness-holds [3mrestart_count[0m[2m=[0m13 [3mprior_state[0m[2m=[0mterminated
[2m2026-08-02T09:45:12.618950Z[0m [32m INFO[0m allocation recovered from a terminal observation [3malloc[0m[2m=[0malloc-liveness-fails-0 [3mworkload[0m[2m=[0mliveness-fails [3mrestart_count[0m[2m=[0m13 [3mprior_state[0m[2m=[0mterminated
[2m2026-08-02T09:45:12.872980Z[0m [32m INFO[0m allocation recovered from a terminal observation [3malloc[0m[2m=[0malloc-liveness-holds-0 [3mworkload[0m[2m=[0mliveness-holds [3mrestart_count[0m[2m=[0m14 [3mprior_state[0m[2m=[0mterminated
[2m2026-08-02T09:45:13.104129Z[0m [32m INFO[0m allocation recovered from a terminal observation [3malloc[0m[2m=[0malloc-liveness-fails-0 [3mworkload[0m[2m=[0mliveness-fails [3mrestart_count[0m[2m=[0m14 [3mprior_state[0m[2m=[0mterminated
[2m2026-08-02T09:45:13.334070Z[0m [32m INFO[0m allocation recovered from a terminal observation [3malloc[0m[2m=[0malloc-liveness-holds-0 [3mworkload[0m[2m=[0mliveness-holds [3mrestart_count[0m[2m=[0m15 [3mprior_state[0m[2m=[0mterminated
[2m2026-08-02T09:45:13.571867Z[0m [32m INFO[0m allocation recovered from a terminal observation [3malloc[0m[2m=[0malloc-liveness-fails-0 [3mworkload[0m[2m=[0mliveness-fails [3mrestart_count[0m[2m=[0m15 [3mprior_state[0m[2m=[0mterminated
[2m2026-08-02T09:45:13.807104Z[0m [32m INFO[0m allocation recovered from a terminal observation [3malloc[0m[2m=[0malloc-liveness-holds-0 [3mworkload[0m[2m=[0mliveness-holds [3mrestart_count[0m[2m=[0m16 [3mprior_state[0m[2m=[0mterminated
[2m2026-08-02T09:45:14.036074Z[0m [32m INFO[0m allocation recovered from a terminal observation [3malloc[0m[2m=[0malloc-liveness-fails-0 [3mworkload[0m[2m=[0mliveness-fails [3mrestart_count[0m[2m=[0m16 [3mprior_state[0m[2m=[0mterminated
[2m2026-08-02T09:45:14.264951Z[0m [32m INFO[0m allocation recovered from a terminal observation [3malloc[0m[2m=[0malloc-liveness-holds-0 [3mworkload[0m[2m=[0mliveness-holds [3mrestart_count[0m[2m=[0m17 [3mprior_state[0m[2m=[0mterminated
[2m2026-08-02T09:45:14.482083Z[0m [32m INFO[0m allocation recovered from a terminal observation [3malloc[0m[2m=[0malloc-liveness-fails-0 [3mworkload[0m[2m=[0mliveness-fails [3mrestart_count[0m[2m=[0m17 [3mprior_state[0m[2m=[0mterminated
[2m2026-08-02T09:45:14.708003Z[0m [32m INFO[0m allocation recovered from a terminal observation [3malloc[0m[2m=[0malloc-liveness-holds-0 [3mworkload[0m[2m=[0mliveness-holds [3mrestart_count[0m[2m=[0m18 [3mprior_state[0m[2m=[0mterminated
[2m2026-08-02T09:45:14.940084Z[0m [32m INFO[0m allocation recovered from a terminal observation [3malloc[0m[2m=[0malloc-liveness-fails-0 [3mworkload[0m[2m=[0mliveness-fails [3mrestart_count[0m[2m=[0m18 [3mprior_state[0m[2m=[0mterminated
[2m2026-08-02T09:45:15.195857Z[0m [32m INFO[0m allocation recovered from a terminal observation [3malloc[0m[2m=[0malloc-liveness-holds-0 [3mworkload[0m[2m=[0mliveness-holds [3mrestart_count[0m[2m=[0m19 [3mprior_state[0m[2m=[0mterminated
[2m2026-08-02T09:45:15.444021Z[0m [32m INFO[0m allocation recovered from a terminal observation [3malloc[0m[2m=[0malloc-liveness-fails-0 [3mworkload[0m[2m=[0mliveness-fails [3mrestart_count[0m[2m=[0m19 [3mprior_state[0m[2m=[0mterminated
[2m2026-08-02T09:45:15.674910Z[0m [32m INFO[0m allocation recovered from a terminal observation [3malloc[0m[2m=[0malloc-liveness-holds-0 [3mworkload[0m[2m=[0mliveness-holds [3mrestart_count[0m[2m=[0m20 [3mprior_state[0m[2m=[0mterminated
[2m2026-08-02T09:45:15.915802Z[0m [32m INFO[0m allocation recovered from a terminal observation [3malloc[0m[2m=[0malloc-liveness-fails-0 [3mworkload[0m[2m=[0mliveness-fails [3mrestart_count[0m[2m=[0m20 [3mprior_state[0m[2m=[0mterminated
[2m2026-08-02T09:45:16.159854Z[0m [32m INFO[0m allocation recovered from a terminal observation [3malloc[0m[2m=[0malloc-liveness-holds-0 [3mworkload[0m[2m=[0mliveness-holds [3mrestart_count[0m[2m=[0m21 [3mprior_state[0m[2m=[0mterminated
[2m2026-08-02T09:45:16.407012Z[0m [32m INFO[0m allocation recovered from a terminal observation [3malloc[0m[2m=[0malloc-liveness-fails-0 [3mworkload[0m[2m=[0mliveness-fails [3mrestart_count[0m[2m=[0m21 [3mprior_state[0m[2m=[0mterminated
[2m2026-08-02T09:45:16.641755Z[0m [32m INFO[0m allocation recovered from a terminal observation [3malloc[0m[2m=[0malloc-liveness-holds-0 [3mworkload[0m[2m=[0mliveness-holds [3mrestart_count[0m[2m=[0m22 [3mprior_state[0m[2m=[0mterminated
[2m2026-08-02T09:45:16.857802Z[0m [32m INFO[0m allocation recovered from a terminal observation [3malloc[0m[2m=[0malloc-liveness-fails-0 [3mworkload[0m[2m=[0mliveness-fails [3mrestart_count[0m[2m=[0m22 [3mprior_state[0m[2m=[0mterminated
[2m2026-08-02T09:45:17.122882Z[0m [32m INFO[0m allocation recovered from a terminal observation [3malloc[0m[2m=[0malloc-liveness-holds-0 [3mworkload[0m[2m=[0mliveness-holds [3mrestart_count[0m[2m=[0m23 [3mprior_state[0m[2m=[0mterminated
[2m2026-08-02T09:45:17.357947Z[0m [32m INFO[0m allocation recovered from a terminal observation [3malloc[0m[2m=[0malloc-liveness-fails-0 [3mworkload[0m[2m=[0mliveness-fails [3mrestart_count[0m[2m=[0m23 [3mprior_state[0m[2m=[0mterminated
[2m2026-08-02T09:45:17.605864Z[0m [32m INFO[0m allocation recovered from a terminal observation [3malloc[0m[2m=[0malloc-liveness-holds-0 [3mworkload[0m[2m=[0mliveness-holds [3mrestart_count[0m[2m=[0m24 [3mprior_state[0m[2m=[0mterminated
[2m2026-08-02T09:45:17.833911Z[0m [32m INFO[0m allocation recovered from a terminal observation [3malloc[0m[2m=[0malloc-liveness-fails-0 [3mworkload[0m[2m=[0mliveness-fails [3mrestart_count[0m[2m=[0m24 [3mprior_state[0m[2m=[0mterminated
[2m2026-08-02T09:45:18.052006Z[0m [32m INFO[0m allocation recovered from a terminal observation [3malloc[0m[2m=[0malloc-liveness-holds-0 [3mworkload[0m[2m=[0mliveness-holds [3mrestart_count[0m[2m=[0m25 [3mprior_state[0m[2m=[0mterminated
[2m2026-08-02T09:45:18.290891Z[0m [32m INFO[0m allocation recovered from a terminal observation [3malloc[0m[2m=[0malloc-liveness-fails-0 [3mworkload[0m[2m=[0mliveness-fails [3mrestart_count[0m[2m=[0m25 [3mprior_state[0m[2m=[0mterminated
[2m2026-08-02T09:45:18.522969Z[0m [32m INFO[0m allocation recovered from a terminal observation [3malloc[0m[2m=[0malloc-liveness-holds-0 [3mworkload[0m[2m=[0mliveness-holds [3mrestart_count[0m[2m=[0m26 [3mprior_state[0m[2m=[0mterminated
[2m2026-08-02T09:45:18.761958Z[0m [32m INFO[0m allocation recovered from a terminal observation [3malloc[0m[2m=[0malloc-liveness-fails-0 [3mworkload[0m[2m=[0mliveness-fails [3mrestart_count[0m[2m=[0m26 [3mprior_state[0m[2m=[0mterminated
[2m2026-08-02T09:45:18.997073Z[0m [32m INFO[0m allocation recovered from a terminal observation [3malloc[0m[2m=[0malloc-liveness-holds-0 [3mworkload[0m[2m=[0mliveness-holds [3mrestart_count[0m[2m=[0m27 [3mprior_state[0m[2m=[0mterminated
[2m2026-08-02T09:45:19.226872Z[0m [32m INFO[0m allocation recovered from a terminal observation [3malloc[0m[2m=[0malloc-liveness-fails-0 [3mworkload[0m[2m=[0mliveness-fails [3mrestart_count[0m[2m=[0m27 [3mprior_state[0m[2m=[0mterminated
[2m2026-08-02T09:45:19.439021Z[0m [32m INFO[0m allocation recovered from a terminal observation [3malloc[0m[2m=[0malloc-liveness-holds-0 [3mworkload[0m[2m=[0mliveness-holds [3mrestart_count[0m[2m=[0m28 [3mprior_state[0m[2m=[0mterminated
[2m2026-08-02T09:45:19.661059Z[0m [32m INFO[0m allocation recovered from a terminal observation [3malloc[0m[2m=[0malloc-liveness-fails-0 [3mworkload[0m[2m=[0mliveness-fails [3mrestart_count[0m[2m=[0m28 [3mprior_state[0m[2m=[0mterminated
[2m2026-08-02T09:45:19.888814Z[0m [32m INFO[0m allocation recovered from a terminal observation [3malloc[0m[2m=[0malloc-liveness-holds-0 [3mworkload[0m[2m=[0mliveness-holds [3mrestart_count[0m[2m=[0m29 [3mprior_state[0m[2m=[0mterminated
[2m2026-08-02T09:45:20.109040Z[0m [32m INFO[0m allocation recovered from a terminal observation [3malloc[0m[2m=[0malloc-liveness-fails-0 [3mworkload[0m[2m=[0mliveness-fails [3mrestart_count[0m[2m=[0m29 [3mprior_state[0m[2m=[0mterminated
[2m2026-08-02T09:45:20.338690Z[0m [32m INFO[0m allocation recovered from a terminal observation [3malloc[0m[2m=[0malloc-liveness-holds-0 [3mworkload[0m[2m=[0mliveness-holds [3mrestart_count[0m[2m=[0m30 [3mprior_state[0m[2m=[0mterminated
[2m2026-08-02T09:45:20.567140Z[0m [32m INFO[0m allocation recovered from a terminal observation [3malloc[0m[2m=[0malloc-liveness-fails-0 [3mworkload[0m[2m=[0mliveness-fails [3mrestart_count[0m[2m=[0m30 [3mprior_state[0m[2m=[0mterminated
[2m2026-08-02T09:45:20.803947Z[0m [32m INFO[0m allocation recovered from a terminal observation [3malloc[0m[2m=[0malloc-liveness-holds-0 [3mworkload[0m[2m=[0mliveness-holds [3mrestart_count[0m[2m=[0m31 [3mprior_state[0m[2m=[0mterminated
[2m2026-08-02T09:45:21.030057Z[0m [32m INFO[0m allocation recovered from a terminal observation [3malloc[0m[2m=[0malloc-liveness-fails-0 [3mworkload[0m[2m=[0mliveness-fails [3mrestart_count[0m[2m=[0m31 [3mprior_state[0m[2m=[0mterminated
[2m2026-08-02T09:45:21.267930Z[0m [32m INFO[0m allocation recovered from a terminal observation [3malloc[0m[2m=[0malloc-liveness-holds-0 [3mworkload[0m[2m=[0mliveness-holds [3mrestart_count[0m[2m=[0m32 [3mprior_state[0m[2m=[0mterminated
[2m2026-08-02T09:45:21.483881Z[0m [32m INFO[0m allocation recovered from a terminal observation [3malloc[0m[2m=[0malloc-liveness-fails-0 [3mworkload[0m[2m=[0mliveness-fails [3mrestart_count[0m[2m=[0m32 [3mprior_state[0m[2m=[0mterminated
[2m2026-08-02T09:45:21.716745Z[0m [32m INFO[0m allocation recovered from a terminal observation [3malloc[0m[2m=[0malloc-liveness-holds-0 [3mworkload[0m[2m=[0mliveness-holds [3mrestart_count[0m[2m=[0m33 [3mprior_state[0m[2m=[0mterminated
[2m2026-08-02T09:45:21.936795Z[0m [32m INFO[0m allocation recovered from a terminal observation [3malloc[0m[2m=[0malloc-liveness-fails-0 [3mworkload[0m[2m=[0mliveness-fails [3mrestart_count[0m[2m=[0m33 [3mprior_state[0m[2m=[0mterminated
[2m2026-08-02T09:45:22.171777Z[0m [32m INFO[0m allocation recovered from a terminal observation [3malloc[0m[2m=[0malloc-liveness-holds-0 [3mworkload[0m[2m=[0mliveness-holds [3mrestart_count[0m[2m=[0m34 [3mprior_state[0m[2m=[0mterminated
[2m2026-08-02T09:45:22.403149Z[0m [32m INFO[0m allocation recovered from a terminal observation [3malloc[0m[2m=[0malloc-liveness-fails-0 [3mworkload[0m[2m=[0mliveness-fails [3mrestart_count[0m[2m=[0m34 [3mprior_state[0m[2m=[0mterminated
[2m2026-08-02T09:45:22.634016Z[0m [32m INFO[0m allocation recovered from a terminal observation [3malloc[0m[2m=[0malloc-liveness-holds-0 [3mworkload[0m[2m=[0mliveness-holds [3mrestart_count[0m[2m=[0m35 [3mprior_state[0m[2m=[0mterminated
[2m2026-08-02T09:45:22.895754Z[0m [32m INFO[0m allocation recovered from a terminal observation [3malloc[0m[2m=[0malloc-liveness-fails-0 [3mworkload[0m[2m=[0mliveness-fails [3mrestart_count[0m[2m=[0m35 [3mprior_state[0m[2m=[0mterminated
[2m2026-08-02T09:45:23.138173Z[0m [32m INFO[0m allocation recovered from a terminal observation [3malloc[0m[2m=[0malloc-liveness-holds-0 [3mworkload[0m[2m=[0mliveness-holds [3mrestart_count[0m[2m=[0m36 [3mprior_state[0m[2m=[0mterminated
[2m2026-08-02T09:45:23.352914Z[0m [32m INFO[0m allocation recovered from a terminal observation [3malloc[0m[2m=[0malloc-liveness-fails-0 [3mworkload[0m[2m=[0mliveness-fails [3mrestart_count[0m[2m=[0m36 [3mprior_state[0m[2m=[0mterminated
[2m2026-08-02T09:45:23.575062Z[0m [32m INFO[0m allocation recovered from a terminal observation [3malloc[0m[2m=[0malloc-liveness-holds-0 [3mworkload[0m[2m=[0mliveness-holds [3mrestart_count[0m[2m=[0m37 [3mprior_state[0m[2m=[0mterminated
[2m2026-08-02T09:45:23.811100Z[0m [32m INFO[0m allocation recovered from a terminal observation [3malloc[0m[2m=[0malloc-liveness-fails-0 [3mworkload[0m[2m=[0mliveness-fails [3mrestart_count[0m[2m=[0m37 [3mprior_state[0m[2m=[0mterminated
[2m2026-08-02T09:45:24.039046Z[0m [32m INFO[0m allocation recovered from a terminal observation [3malloc[0m[2m=[0malloc-liveness-holds-0 [3mworkload[0m[2m=[0mliveness-holds [3mrestart_count[0m[2m=[0m38 [3mprior_state[0m[2m=[0mterminated
[2m2026-08-02T09:45:24.279960Z[0m [32m INFO[0m allocation recovered from a terminal observation [3malloc[0m[2m=[0malloc-liveness-fails-0 [3mworkload[0m[2m=[0mliveness-fails [3mrestart_count[0m[2m=[0m38 [3mprior_state[0m[2m=[0mterminated
[2m2026-08-02T09:45:24.511110Z[0m [32m INFO[0m allocation recovered from a terminal observation [3malloc[0m[2m=[0malloc-liveness-holds-0 [3mworkload[0m[2m=[0mliveness-holds [3mrestart_count[0m[2m=[0m39 [3mprior_state[0m[2m=[0mterminated
[2m2026-08-02T09:45:24.749204Z[0m [32m INFO[0m allocation recovered from a terminal observation [3malloc[0m[2m=[0malloc-liveness-fails-0 [3mworkload[0m[2m=[0mliveness-fails [3mrestart_count[0m[2m=[0m39 [3mprior_state[0m[2m=[0mterminated
[2m2026-08-02T09:45:24.995795Z[0m [32m INFO[0m allocation recovered from a terminal observation [3malloc[0m[2m=[0malloc-liveness-holds-0 [3mworkload[0m[2m=[0mliveness-holds [3mrestart_count[0m[2m=[0m40 [3mprior_state[0m[2m=[0mterminated
[2m2026-08-02T09:45:25.240091Z[0m [32m INFO[0m allocation recovered from a terminal observation [3malloc[0m[2m=[0malloc-liveness-fails-0 [3mworkload[0m[2m=[0mliveness-fails [3mrestart_count[0m[2m=[0m40 [3mprior_state[0m[2m=[0mterminated
[2m2026-08-02T09:45:25.480902Z[0m [32m INFO[0m allocation recovered from a terminal observation [3malloc[0m[2m=[0malloc-liveness-holds-0 [3mworkload[0m[2m=[0mliveness-holds [3mrestart_count[0m[2m=[0m41 [3mprior_state[0m[2m=[0mterminated
[2m2026-08-02T09:45:25.708046Z[0m [32m INFO[0m allocation recovered from a terminal observation [3malloc[0m[2m=[0malloc-liveness-fails-0 [3mworkload[0m[2m=[0mliveness-fails [3mrestart_count[0m[2m=[0m41 [3mprior_state[0m[2m=[0mterminated
[2m2026-08-02T09:45:25.932938Z[0m [32m INFO[0m allocation recovered from a terminal observation [3malloc[0m[2m=[0malloc-liveness-holds-0 [3mworkload[0m[2m=[0mliveness-holds [3mrestart_count[0m[2m=[0m42 [3mprior_state[0m[2m=[0mterminated
[2m2026-08-02T09:45:26.173993Z[0m [32m INFO[0m allocation recovered from a terminal observation [3malloc[0m[2m=[0malloc-liveness-fails-0 [3mworkload[0m[2m=[0mliveness-fails [3mrestart_count[0m[2m=[0m42 [3mprior_state[0m[2m=[0mterminated
[2m2026-08-02T09:45:26.396763Z[0m [32m INFO[0m allocation recovered from a terminal observation [3malloc[0m[2m=[0malloc-liveness-holds-0 [3mworkload[0m[2m=[0mliveness-holds [3mrestart_count[0m[2m=[0m43 [3mprior_state[0m[2m=[0mterminated
[2m2026-08-02T09:45:26.624986Z[0m [32m INFO[0m allocation recovered from a terminal observation [3malloc[0m[2m=[0malloc-liveness-fails-0 [3mworkload[0m[2m=[0mliveness-fails [3mrestart_count[0m[2m=[0m43 [3mprior_state[0m[2m=[0mterminated
[2m2026-08-02T09:45:26.855983Z[0m [32m INFO[0m allocation recovered from a terminal observation [3malloc[0m[2m=[0malloc-liveness-holds-0 [3mworkload[0m[2m=[0mliveness-holds [3mrestart_count[0m[2m=[0m44 [3mprior_state[0m[2m=[0mterminated
[2m2026-08-02T09:45:27.095825Z[0m [32m INFO[0m allocation recovered from a terminal observation [3malloc[0m[2m=[0malloc-liveness-fails-0 [3mworkload[0m[2m=[0mliveness-fails [3mrestart_count[0m[2m=[0m44 [3mprior_state[0m[2m=[0mterminated
[2m2026-08-02T09:45:27.328925Z[0m [32m INFO[0m allocation recovered from a terminal observation [3malloc[0m[2m=[0malloc-liveness-holds-0 [3mworkload[0m[2m=[0mliveness-holds [3mrestart_count[0m[2m=[0m45 [3mprior_state[0m[2m=[0mterminated
[2m2026-08-02T09:45:27.560920Z[0m [32m INFO[0m allocation recovered from a terminal observation [3malloc[0m[2m=[0malloc-liveness-fails-0 [3mworkload[0m[2m=[0mliveness-fails [3mrestart_count[0m[2m=[0m45 [3mprior_state[0m[2m=[0mterminated
[2m2026-08-02T09:45:27.794961Z[0m [32m INFO[0m allocation recovered from a terminal observation [3malloc[0m[2m=[0malloc-liveness-holds-0 [3mworkload[0m[2m=[0mliveness-holds [3mrestart_count[0m[2m=[0m46 [3mprior_state[0m[2m=[0mterminated
[2m2026-08-02T09:45:28.023919Z[0m [32m INFO[0m allocation recovered from a terminal observation [3malloc[0m[2m=[0malloc-liveness-fails-0 [3mworkload[0m[2m=[0mliveness-fails [3mrestart_count[0m[2m=[0m46 [3mprior_state[0m[2m=[0mterminated
[2m2026-08-02T09:45:28.256908Z[0m [32m INFO[0m allocation recovered from a terminal observation [3malloc[0m[2m=[0malloc-liveness-holds-0 [3mworkload[0m[2m=[0mliveness-holds [3mrestart_count[0m[2m=[0m47 [3mprior_state[0m[2m=[0mterminated
[2m2026-08-02T09:45:28.492761Z[0m [32m INFO[0m allocation recovered from a terminal observation [3malloc[0m[2m=[0malloc-liveness-fails-0 [3mworkload[0m[2m=[0mliveness-fails [3mrestart_count[0m[2m=[0m47 [3mprior_state[0m[2m=[0mterminated
[2m2026-08-02T09:45:28.717074Z[0m [32m INFO[0m allocation recovered from a terminal observation [3malloc[0m[2m=[0malloc-liveness-holds-0 [3mworkload[0m[2m=[0mliveness-holds [3mrestart_count[0m[2m=[0m48 [3mprior_state[0m[2m=[0mterminated
[2m2026-08-02T09:45:28.940931Z[0m [32m INFO[0m allocation recovered from a terminal observation [3malloc[0m[2m=[0malloc-liveness-fails-0 [3mworkload[0m[2m=[0mliveness-fails [3mrestart_count[0m[2m=[0m48 [3mprior_state[0m[2m=[0mterminated
[2m2026-08-02T09:45:29.151055Z[0m [32m INFO[0m allocation recovered from a terminal observation [3malloc[0m[2m=[0malloc-liveness-holds-0 [3mworkload[0m[2m=[0mliveness-holds [3mrestart_count[0m[2m=[0m49 [3mprior_state[0m[2m=[0mterminated
[2m2026-08-02T09:45:29.395749Z[0m [32m INFO[0m allocation recovered from a terminal observation [3malloc[0m[2m=[0malloc-liveness-fails-0 [3mworkload[0m[2m=[0mliveness-fails [3mrestart_count[0m[2m=[0m49 [3mprior_state[0m[2m=[0mterminated
[2m2026-08-02T09:45:29.615796Z[0m [32m INFO[0m allocation recovered from a terminal observation [3malloc[0m[2m=[0malloc-liveness-holds-0 [3mworkload[0m[2m=[0mliveness-holds [3mrestart_count[0m[2m=[0m50 [3mprior_state[0m[2m=[0mterminated
[2m2026-08-02T09:45:29.846980Z[0m [32m INFO[0m allocation recovered from a terminal observation [3malloc[0m[2m=[0malloc-liveness-fails-0 [3mworkload[0m[2m=[0mliveness-fails [3mrestart_count[0m[2m=[0m50 [3mprior_state[0m[2m=[0mterminated
[2m2026-08-02T09:45:30.076122Z[0m [32m INFO[0m allocation recovered from a terminal observation [3malloc[0m[2m=[0malloc-liveness-holds-0 [3mworkload[0m[2m=[0mliveness-holds [3mrestart_count[0m[2m=[0m51 [3mprior_state[0m[2m=[0mterminated
[2m2026-08-02T09:45:30.321799Z[0m [32m INFO[0m allocation recovered from a terminal observation [3malloc[0m[2m=[0malloc-liveness-fails-0 [3mworkload[0m[2m=[0mliveness-fails [3mrestart_count[0m[2m=[0m51 [3mprior_state[0m[2m=[0mterminated
[2m2026-08-02T09:45:30.563008Z[0m [32m INFO[0m allocation recovered from a terminal observation [3malloc[0m[2m=[0malloc-liveness-holds-0 [3mworkload[0m[2m=[0mliveness-holds [3mrestart_count[0m[2m=[0m52 [3mprior_state[0m[2m=[0mterminated
[2m2026-08-02T09:45:30.800838Z[0m [32m INFO[0m allocation recovered from a terminal observation [3malloc[0m[2m=[0malloc-liveness-fails-0 [3mworkload[0m[2m=[0mliveness-fails [3mrestart_count[0m[2m=[0m52 [3mprior_state[0m[2m=[0mterminated
[2m2026-08-02T09:45:31.025077Z[0m [32m INFO[0m allocation recovered from a terminal observation [3malloc[0m[2m=[0malloc-liveness-holds-0 [3mworkload[0m[2m=[0mliveness-holds [3mrestart_count[0m[2m=[0m53 [3mprior_state[0m[2m=[0mterminated
[2m2026-08-02T09:45:31.260961Z[0m [32m INFO[0m allocation recovered from a terminal observation [3malloc[0m[2m=[0malloc-liveness-fails-0 [3mworkload[0m[2m=[0mliveness-fails [3mrestart_count[0m[2m=[0m53 [3mprior_state[0m[2m=[0mterminated
[2m2026-08-02T09:45:31.481064Z[0m [32m INFO[0m allocation recovered from a terminal observation [3malloc[0m[2m=[0malloc-liveness-holds-0 [3mworkload[0m[2m=[0mliveness-holds [3mrestart_count[0m[2m=[0m54 [3mprior_state[0m[2m=[0mterminated
[2m2026-08-02T09:45:31.711142Z[0m [32m INFO[0m allocation recovered from a terminal observation [3malloc[0m[2m=[0malloc-liveness-fails-0 [3mworkload[0m[2m=[0mliveness-fails [3mrestart_count[0m[2m=[0m54 [3mprior_state[0m[2m=[0mterminated
[2m2026-08-02T09:45:31.934949Z[0m [32m INFO[0m allocation recovered from a terminal observation [3malloc[0m[2m=[0malloc-liveness-holds-0 [3mworkload[0m[2m=[0mliveness-holds [3mrestart_count[0m[2m=[0m55 [3mprior_state[0m[2m=[0mterminated
[2m2026-08-02T09:45:32.156748Z[0m [32m INFO[0m allocation recovered from a terminal observation [3malloc[0m[2m=[0malloc-liveness-fails-0 [3mworkload[0m[2m=[0mliveness-fails [3mrestart_count[0m[2m=[0m55 [3mprior_state[0m[2m=[0mterminated
[2m2026-08-02T09:45:32.377227Z[0m [32m INFO[0m allocation recovered from a terminal observation [3malloc[0m[2m=[0malloc-liveness-holds-0 [3mworkload[0m[2m=[0mliveness-holds [3mrestart_count[0m[2m=[0m56 [3mprior_state[0m[2m=[0mterminated
[2m2026-08-02T09:45:32.601983Z[0m [32m INFO[0m allocation recovered from a terminal observation [3malloc[0m[2m=[0malloc-liveness-fails-0 [3mworkload[0m[2m=[0mliveness-fails [3mrestart_count[0m[2m=[0m56 [3mprior_state[0m[2m=[0mterminated
[2m2026-08-02T09:45:32.826239Z[0m [32m INFO[0m allocation recovered from a terminal observation [3malloc[0m[2m=[0malloc-liveness-holds-0 [3mworkload[0m[2m=[0mliveness-holds [3mrestart_count[0m[2m=[0m57 [3mprior_state[0m[2m=[0mterminated
[2m2026-08-02T09:45:33.064778Z[0m [32m INFO[0m allocation recovered from a terminal observation [3malloc[0m[2m=[0malloc-liveness-fails-0 [3mworkload[0m[2m=[0mliveness-fails [3mrestart_count[0m[2m=[0m57 [3mprior_state[0m[2m=[0mterminated
[2m2026-08-02T09:45:33.306691Z[0m [32m INFO[0m allocation recovered from a terminal observation [3malloc[0m[2m=[0malloc-liveness-holds-0 [3mworkload[0m[2m=[0mliveness-holds [3mrestart_count[0m[2m=[0m58 [3mprior_state[0m[2m=[0mterminated
[2m2026-08-02T09:45:33.537063Z[0m [32m INFO[0m allocation recovered from a terminal observation [3malloc[0m[2m=[0malloc-liveness-fails-0 [3mworkload[0m[2m=[0mliveness-fails [3mrestart_count[0m[2m=[0m58 [3mprior_state[0m[2m=[0mterminated
[2m2026-08-02T09:45:33.761030Z[0m [32m INFO[0m allocation recovered from a terminal observation [3malloc[0m[2m=[0malloc-liveness-holds-0 [3mworkload[0m[2m=[0mliveness-holds [3mrestart_count[0m[2m=[0m59 [3mprior_state[0m[2m=[0mterminated
[2m2026-08-02T09:45:33.994829Z[0m [32m INFO[0m allocation recovered from a terminal observation [3malloc[0m[2m=[0malloc-liveness-fails-0 [3mworkload[0m[2m=[0mliveness-fails [3mrestart_count[0m[2m=[0m59 [3mprior_state[0m[2m=[0mterminated
[2m2026-08-02T09:45:34.261104Z[0m [32m INFO[0m allocation recovered from a terminal observation [3malloc[0m[2m=[0malloc-liveness-holds-0 [3mworkload[0m[2m=[0mliveness-holds [3mrestart_count[0m[2m=[0m60 [3mprior_state[0m[2m=[0mterminated
[2m2026-08-02T09:45:34.486997Z[0m [32m INFO[0m allocation recovered from a terminal observation [3malloc[0m[2m=[0malloc-liveness-fails-0 [3mworkload[0m[2m=[0mliveness-fails [3mrestart_count[0m[2m=[0m60 [3mprior_state[0m[2m=[0mterminated
[2m2026-08-02T09:45:34.713053Z[0m [32m INFO[0m allocation recovered from a terminal observation [3malloc[0m[2m=[0malloc-liveness-holds-0 [3mworkload[0m[2m=[0mliveness-holds [3mrestart_count[0m[2m=[0m61 [3mprior_state[0m[2m=[0mterminated
[2m2026-08-02T09:45:34.942785Z[0m [32m INFO[0m allocation recovered from a terminal observation [3malloc[0m[2m=[0malloc-liveness-fails-0 [3mworkload[0m[2m=[0mliveness-fails [3mrestart_count[0m[2m=[0m61 [3mprior_state[0m[2m=[0mterminated
[2m2026-08-02T09:45:35.154039Z[0m [32m INFO[0m allocation recovered from a terminal observation [3malloc[0m[2m=[0malloc-liveness-holds-0 [3mworkload[0m[2m=[0mliveness-holds [3mrestart_count[0m[2m=[0m62 [3mprior_state[0m[2m=[0mterminated
[2m2026-08-02T09:45:35.362826Z[0m [32m INFO[0m allocation recovered from a terminal observation [3malloc[0m[2m=[0malloc-liveness-fails-0 [3mworkload[0m[2m=[0mliveness-fails [3mrestart_count[0m[2m=[0m62 [3mprior_state[0m[2m=[0mterminated
[2m2026-08-02T09:45:35.583880Z[0m [32m INFO[0m allocation recovered from a terminal observation [3malloc[0m[2m=[0malloc-liveness-holds-0 [3mworkload[0m[2m=[0mliveness-holds [3mrestart_count[0m[2m=[0m63 [3mprior_state[0m[2m=[0mterminated
[2m2026-08-02T09:45:35.812898Z[0m [32m INFO[0m allocation recovered from a terminal observation [3malloc[0m[2m=[0malloc-liveness-fails-0 [3mworkload[0m[2m=[0mliveness-fails [3mrestart_count[0m[2m=[0m63 [3mprior_state[0m[2m=[0mterminated
[2m2026-08-02T09:45:36.041074Z[0m [32m INFO[0m allocation recovered from a terminal observation [3malloc[0m[2m=[0malloc-liveness-holds-0 [3mworkload[0m[2m=[0mliveness-holds [3mrestart_count[0m[2m=[0m64 [3mprior_state[0m[2m=[0mterminated
[2m2026-08-02T09:45:36.270941Z[0m [32m INFO[0m allocation recovered from a terminal observation [3malloc[0m[2m=[0malloc-liveness-fails-0 [3mworkload[0m[2m=[0mliveness-fails [3mrestart_count[0m[2m=[0m64 [3mprior_state[0m[2m=[0mterminated
[2m2026-08-02T09:45:36.497923Z[0m [32m INFO[0m allocation recovered from a terminal observation [3malloc[0m[2m=[0malloc-liveness-holds-0 [3mworkload[0m[2m=[0mliveness-holds [3mrestart_count[0m[2m=[0m65 [3mprior_state[0m[2m=[0mterminated
[2m2026-08-02T09:45:36.711179Z[0m [32m INFO[0m allocation recovered from a terminal observation [3malloc[0m[2m=[0malloc-liveness-fails-0 [3mworkload[0m[2m=[0mliveness-fails [3mrestart_count[0m[2m=[0m65 [3mprior_state[0m[2m=[0mterminated
[2m2026-08-02T09:45:36.940711Z[0m [32m INFO[0m allocation recovered from a terminal observation [3malloc[0m[2m=[0malloc-liveness-holds-0 [3mworkload[0m[2m=[0mliveness-holds [3mrestart_count[0m[2m=[0m66 [3mprior_state[0m[2m=[0mterminated
[2m2026-08-02T09:45:37.172932Z[0m [32m INFO[0m allocation recovered from a terminal observation [3malloc[0m[2m=[0malloc-liveness-fails-0 [3mworkload[0m[2m=[0mliveness-fails [3mrestart_count[0m[2m=[0m66 [3mprior_state[0m[2m=[0mterminated
[2m2026-08-02T09:45:37.394811Z[0m [32m INFO[0m allocation recovered from a terminal observation [3malloc[0m[2m=[0malloc-liveness-holds-0 [3mworkload[0m[2m=[0mliveness-holds [3mrestart_count[0m[2m=[0m67 [3mprior_state[0m[2m=[0mterminated
[2m2026-08-02T09:45:37.632062Z[0m [32m INFO[0m allocation recovered from a terminal observation [3malloc[0m[2m=[0malloc-liveness-fails-0 [3mworkload[0m[2m=[0mliveness-fails [3mrestart_count[0m[2m=[0m67 [3mprior_state[0m[2m=[0mterminated
[2m2026-08-02T09:45:37.863901Z[0m [32m INFO[0m allocation recovered from a terminal observation [3malloc[0m[2m=[0malloc-liveness-holds-0 [3mworkload[0m[2m=[0mliveness-holds [3mrestart_count[0m[2m=[0m68 [3mprior_state[0m[2m=[0mterminated
[2m2026-08-02T09:45:38.097018Z[0m [32m INFO[0m allocation recovered from a terminal observation [3malloc[0m[2m=[0malloc-liveness-fails-0 [3mworkload[0m[2m=[0mliveness-fails [3mrestart_count[0m[2m=[0m68 [3mprior_state[0m[2m=[0mterminated
[2m2026-08-02T09:45:38.323100Z[0m [32m INFO[0m allocation recovered from a terminal observation [3malloc[0m[2m=[0malloc-liveness-holds-0 [3mworkload[0m[2m=[0mliveness-holds [3mrestart_count[0m[2m=[0m69 [3mprior_state[0m[2m=[0mterminated
[2m2026-08-02T09:45:38.558781Z[0m [32m INFO[0m allocation recovered from a terminal observation [3malloc[0m[2m=[0malloc-liveness-fails-0 [3mworkload[0m[2m=[0mliveness-fails [3mrestart_count[0m[2m=[0m69 [3mprior_state[0m[2m=[0mterminated
[2m2026-08-02T09:45:38.792884Z[0m [32m INFO[0m allocation recovered from a terminal observation [3malloc[0m[2m=[0malloc-liveness-holds-0 [3mworkload[0m[2m=[0mliveness-holds [3mrestart_count[0m[2m=[0m70 [3mprior_state[0m[2m=[0mterminated
[2m2026-08-02T09:45:39.006984Z[0m [32m INFO[0m allocation recovered from a terminal observation [3malloc[0m[2m=[0malloc-liveness-fails-0 [3mworkload[0m[2m=[0mliveness-fails [3mrestart_count[0m[2m=[0m70 [3mprior_state[0m[2m=[0mterminated
[2m2026-08-02T09:45:39.229805Z[0m [32m INFO[0m allocation recovered from a terminal observation [3malloc[0m[2m=[0malloc-liveness-holds-0 [3mworkload[0m[2m=[0mliveness-holds [3mrestart_count[0m[2m=[0m71 [3mprior_state[0m[2m=[0mterminated
[2m2026-08-02T09:45:39.450854Z[0m [32m INFO[0m allocation recovered from a terminal observation [3malloc[0m[2m=[0malloc-liveness-fails-0 [3mworkload[0m[2m=[0mliveness-fails [3mrestart_count[0m[2m=[0m71 [3mprior_state[0m[2m=[0mterminated
[2m2026-08-02T09:45:39.677867Z[0m [32m INFO[0m allocation recovered from a terminal observation [3malloc[0m[2m=[0malloc-liveness-holds-0 [3mworkload[0m[2m=[0mliveness-holds [3mrestart_count[0m[2m=[0m72 [3mprior_state[0m[2m=[0mterminated
[2m2026-08-02T09:45:39.892120Z[0m [32m INFO[0m allocation recovered from a terminal observation [3malloc[0m[2m=[0malloc-liveness-fails-0 [3mworkload[0m[2m=[0mliveness-fails [3mrestart_count[0m[2m=[0m72 [3mprior_state[0m[2m=[0mterminated
[2m2026-08-02T09:45:40.127852Z[0m [32m INFO[0m allocation recovered from a terminal observation [3malloc[0m[2m=[0malloc-liveness-holds-0 [3mworkload[0m[2m=[0mliveness-holds [3mrestart_count[0m[2m=[0m73 [3mprior_state[0m[2m=[0mterminated
[2m2026-08-02T09:45:40.344760Z[0m [32m INFO[0m allocation recovered from a terminal observation [3malloc[0m[2m=[0malloc-liveness-fails-0 [3mworkload[0m[2m=[0mliveness-fails [3mrestart_count[0m[2m=[0m73 [3mprior_state[0m[2m=[0mterminated
[2m2026-08-02T09:45:40.587990Z[0m [32m INFO[0m allocation recovered from a terminal observation [3malloc[0m[2m=[0malloc-liveness-holds-0 [3mworkload[0m[2m=[0mliveness-holds [3mrestart_count[0m[2m=[0m74 [3mprior_state[0m[2m=[0mterminated
[2m2026-08-02T09:45:40.824165Z[0m [32m INFO[0m allocation recovered from a terminal observation [3malloc[0m[2m=[0malloc-liveness-fails-0 [3mworkload[0m[2m=[0mliveness-fails [3mrestart_count[0m[2m=[0m74 [3mprior_state[0m[2m=[0mterminated
[2m2026-08-02T09:45:41.045793Z[0m [32m INFO[0m allocation recovered from a terminal observation [3malloc[0m[2m=[0malloc-liveness-holds-0 [3mworkload[0m[2m=[0mliveness-holds [3mrestart_count[0m[2m=[0m75 [3mprior_state[0m[2m=[0mterminated
[2m2026-08-02T09:45:41.266806Z[0m [32m INFO[0m allocation recovered from a terminal observation [3malloc[0m[2m=[0malloc-liveness-fails-0 [3mworkload[0m[2m=[0mliveness-fails [3mrestart_count[0m[2m=[0m75 [3mprior_state[0m[2m=[0mterminated
[2m2026-08-02T09:45:41.479157Z[0m [32m INFO[0m allocation recovered from a terminal observation [3malloc[0m[2m=[0malloc-liveness-holds-0 [3mworkload[0m[2m=[0mliveness-holds [3mrestart_count[0m[2m=[0m76 [3mprior_state[0m[2m=[0mterminated
[2m2026-08-02T09:45:41.709110Z[0m [32m INFO[0m allocation recovered from a terminal observation [3malloc[0m[2m=[0malloc-liveness-fails-0 [3mworkload[0m[2m=[0mliveness-fails [3mrestart_count[0m[2m=[0m76 [3mprior_state[0m[2m=[0mterminated
[2m2026-08-02T09:45:41.955856Z[0m [32m INFO[0m allocation recovered from a terminal observation [3malloc[0m[2m=[0malloc-liveness-holds-0 [3mworkload[0m[2m=[0mliveness-holds [3mrestart_count[0m[2m=[0m77 [3mprior_state[0m[2m=[0mterminated
[2m2026-08-02T09:45:42.176765Z[0m [32m INFO[0m allocation recovered from a terminal observation [3malloc[0m[2m=[0malloc-liveness-fails-0 [3mworkload[0m[2m=[0mliveness-fails [3mrestart_count[0m[2m=[0m77 [3mprior_state[0m[2m=[0mterminated
[2m2026-08-02T09:45:42.389911Z[0m [32m INFO[0m allocation recovered from a terminal observation [3malloc[0m[2m=[0malloc-liveness-holds-0 [3mworkload[0m[2m=[0mliveness-holds [3mrestart_count[0m[2m=[0m78 [3mprior_state[0m[2m=[0mterminated
[2m2026-08-02T09:45:42.640896Z[0m [32m INFO[0m allocation recovered from a terminal observation [3malloc[0m[2m=[0malloc-liveness-fails-0 [3mworkload[0m[2m=[0mliveness-fails [3mrestart_count[0m[2m=[0m78 [3mprior_state[0m[2m=[0mterminated
[2m2026-08-02T09:45:42.880022Z[0m [32m INFO[0m allocation recovered from a terminal observation [3malloc[0m[2m=[0malloc-liveness-holds-0 [3mworkload[0m[2m=[0mliveness-holds [3mrestart_count[0m[2m=[0m79 [3mprior_state[0m[2m=[0mterminated
[2m2026-08-02T09:45:43.110146Z[0m [32m INFO[0m allocation recovered from a terminal observation [3malloc[0m[2m=[0malloc-liveness-fails-0 [3mworkload[0m[2m=[0mliveness-fails [3mrestart_count[0m[2m=[0m79 [3mprior_state[0m[2m=[0mterminated
[2m2026-08-02T09:45:43.346900Z[0m [32m INFO[0m allocation recovered from a terminal observation [3malloc[0m[2m=[0malloc-liveness-holds-0 [3mworkload[0m[2m=[0mliveness-holds [3mrestart_count[0m[2m=[0m80 [3mprior_state[0m[2m=[0mterminated
[2m2026-08-02T09:45:43.565968Z[0m [32m INFO[0m allocation recovered from a terminal observation [3malloc[0m[2m=[0malloc-liveness-fails-0 [3mworkload[0m[2m=[0mliveness-fails [3mrestart_count[0m[2m=[0m80 [3mprior_state[0m[2m=[0mterminated
[2m2026-08-02T09:45:43.814009Z[0m [32m INFO[0m allocation recovered from a terminal observation [3malloc[0m[2m=[0malloc-liveness-holds-0 [3mworkload[0m[2m=[0mliveness-holds [3mrestart_count[0m[2m=[0m81 [3mprior_state[0m[2m=[0mterminated
[2m2026-08-02T09:45:44.047014Z[0m [32m INFO[0m allocation recovered from a terminal observation [3malloc[0m[2m=[0malloc-liveness-fails-0 [3mworkload[0m[2m=[0mliveness-fails [3mrestart_count[0m[2m=[0m81 [3mprior_state[0m[2m=[0mterminated
[2m2026-08-02T09:45:44.289966Z[0m [32m INFO[0m allocation recovered from a terminal observation [3malloc[0m[2m=[0malloc-liveness-holds-0 [3mworkload[0m[2m=[0mliveness-holds [3mrestart_count[0m[2m=[0m82 [3mprior_state[0m[2m=[0mterminated
[2m2026-08-02T09:45:44.530936Z[0m [32m INFO[0m allocation recovered from a terminal observation [3malloc[0m[2m=[0malloc-liveness-fails-0 [3mworkload[0m[2m=[0mliveness-fails [3mrestart_count[0m[2m=[0m82 [3mprior_state[0m[2m=[0mterminated
[2m2026-08-02T09:45:44.774765Z[0m [32m INFO[0m allocation recovered from a terminal observation [3malloc[0m[2m=[0malloc-liveness-holds-0 [3mworkload[0m[2m=[0mliveness-holds [3mrestart_count[0m[2m=[0m83 [3mprior_state[0m[2m=[0mterminated
