    Finished `dev` profile [unoptimized + debuginfo] target(s) in 0.23s
     Running `target/debug/xtask metal run -- python3 spike-scratch/netns-density-295-shared-memory-vsock/increment-02-native-20261004T0951Z/run.py`
/usr/bin/ssh
xtask: running metal run (one bootstrap lease session)

########## [bootstrap] preflight: ssh to <redacted canonical metal target>

########## [bootstrap] remote user=ubuntu home=/home/ubuntu sudo='sudo -n'

########## [bootstrap] acquire canonical metal lease (/run/lock/overdrive-metal-shared.lock)
OVERDRIVE_METAL_LEASE_ACQUIRED token=a350f6b34b844fc3ac213e33 pid=792392

########## [bootstrap] sync /Users/marcus/conductor/workspaces/helios/wellington-v2 -> <redacted canonical metal target>:/home/ubuntu/overdrive

sent 579,921 bytes  received 105,035 bytes  124,537.45 bytes/sec
total size is 976,988,160  speedup is 1,426.35

########## [bootstrap] fail-closed native x86_64/KVM preflight
{"at_s": 0.010066191665828228, "event": "identity", "lease_owner": "pid=792392\nstarted_at=2026-10-04T09:47:11Z\naction=run\nscenario=spike-vsock-increment-02-native-20261004T0951Z\nworkspace=/Users/marcus/conductor/workspaces/helios/wellington-v2\ncommit=5ea2d0c506f5c1f0672c2a4b5b7c5d0d415d6bde\ntoken=a350f6b34b844fc3ac213e33\n", "parent_executable": "/usr/bin/python3.14", "parent_executable_sha256": "52e0a13e60a981d8c4b6478be2ba5176f69da07948a056bf49cf6f077e30cb41", "pid": 792743, "rlimit_nofile": [1024, 524288], "runner_sha256": "00ff36e6a92ea7382df850cb868b23339e39eab9ff84227076d0167ba30cb2d5", "source_sha256": "17562ef8bb7b36d139cbfa1ac8f70b0ff02e678e6e1e14560aa3fff0722732d4", "uname": ["Linux", "em-determined-roentgen", "7.0.0-29-generic", "#29-Ubuntu SMP PREEMPT_DYNAMIC Fri Jul 17 20:52:35 UTC 2026", "x86_64"]}
{"at_s": 0.1787189682945609, "cloud_hypervisor_sha256": "448af3d4e59b22c2987f7df94c213ad40fb53a10d437e42b5ee6c4fce7c29ecc", "event": "fixture-identity", "kernel_path": "/srv/vm/overdrive-testing/kernel", "kernel_sha256": "b51367c7dab2f3824ca811c7e33b7f6bb0ddc8122b48248335ba6164de8d9682", "rootfs_bytes": 67108864, "rootfs_path": "/srv/vm/overdrive-testing/rootfs.ext4", "rootfs_sha256": "4f7f97841e22384f1aebb040e199d78844ab418ad4859e6c262809d557898d85"}
{"at_s": 0.7955009546130896, "binary_bytes": 765352, "binary_sha256": "907ba98c94938b34dceae677e3af56a0a185f15a4ddfa6767b5716e716b5f6f0", "elapsed_s": 0.5715155443176627, "event": "build"}
{"at_s": 0.8499939935281873, "before_any_vmm_spawn": true, "event": "host-ready", "pid": 792808, "receiver_paths": ["/run/v295-792743/va_5000", "/run/v295-792743/vb_5000"]}
{"at_s": 0.9008047617971897, "before_any_vmm_spawn": true, "event": "capture-armed", "limitation": "AF_PACKET cannot witness virtio-vsock payloads; Rust backend logs are sampled successful reads, not loss-accounted observers", "pid": 792811}
{"at_s": 1.008246316574514, "cid": 39501, "event": "staged-guest", "image_bytes": 67108864, "image_sha256": "6b53612bd9f70d8f127631742e870758451bf43559a687af3b57da85981a656d", "init_sha256": "907ba98c94938b34dceae677e3af56a0a185f15a4ddfa6767b5716e716b5f6f0", "role": "a"}
{"at_s": 1.0089539512991905, "cid": 39501, "event": "vmm-spawn", "host_net_devices_requested": 0, "net_option_present": false, "pid": 792816, "role": "a"}
{"at_s": 1.117832018993795, "cid": 39502, "event": "staged-guest", "image_bytes": 67108864, "image_sha256": "83f1f7561f208b402d7e9e38c977327d03048a84d0155c3114a0b5472db3ceec", "init_sha256": "907ba98c94938b34dceae677e3af56a0a185f15a4ddfa6767b5716e716b5f6f0", "role": "b"}
{"at_s": 1.1185034597292542, "cid": 39502, "event": "vmm-spawn", "host_net_devices_requested": 0, "net_option_present": false, "pid": 792828, "role": "b"}
{"at_s": 36.147686700336635, "error": "deadline waiting for GUEST_PROBE_READY 8'\n[    0.634312] Loaded X.509 cert 'Canonical Ltd. Secure Boot Signing (2021 v1): a8d54bbb3825cfb94fa13c9f8a594a195c107b8d'\n[    0.637059] Loaded X.509 cert 'Canonical Ltd. Secure Boot Signing (2021 v2): 4cf046892d6fd3c9a5b03f98d845f90851dc6a8c'\n[    0.639814] Loaded X.509 cert 'Canonical Ltd. Secure Boot Signing (2021 v3): 100437bb6de6e469b581e61cd66bce3ef4ed53af'\n[    0.642569] Loaded X.509 cert 'Canonical Ltd. Secure Boot Signing (Ubuntu Core 2019): c1d57b8f6b743f23ee41f4f7ee292f06eecadfb9'\n[    0.654133] Demotion targets for Node 0: null\n[    0.655411] Key type .fscrypt registered\n[    0.656451] Key type fscrypt-provisioning registered\n[    0.657841] Key type big_key registered\n[    0.659309] Key type encrypted registered\n[    0.660377] AppArmor: AppArmor sha256 policy hashing enabled\n[    0.661848] ima: No TPM chip found, activating TPM-bypass!\n[    0.663294] Loading compiled-in module X.509 certificates\n[    0.665200] Loaded X.509 cert 'Build time autogenerated kernel key: 454b3e9802e3c39a997a1e8863aaf8b3df15fbc0'\n[    0.667741] ima: Allocated hash algorithm: sha256\n[    0.668985] ima: No architecture policies found\n[    0.670209] evm: Initialising EVM extended attributes:\n[    0.671544] evm: security.selinux\n[    0.672427] evm: security.SMACK64\n[    0.673314] evm: security.SMACK64EXEC\n[    0.674284] evm: security.SMACK64TRANSMUTE\n[    0.675360] evm: security.SMACK64MMAP\n[    0.676331] evm: security.apparmor\n[    0.677240] evm: security.ima\n[    0.678025] evm: security.capability\n[    0.678972] evm: HMAC attrs: 0x1\n[    0.680142] PM:   Magic number: 14:513:777\n[    0.681252] misc rfkill: hash matches\n[    0.682421] RAS: Correctable Errors collector initialized.\n[    0.684173] clk: Disabling unused clocks\n[    0.685219] PM: genpd: Disabling unused power domains\n[    0.687322] md: Waiting for all devices to be available before autodetect\n[    0.688391] md: If you don't use raid, use raid=noautodetect\n[    0.689290] md: Autodetecting RAID arrays.\n[    0.689941] md: autorun ...\n[    0.690406] md: ... autorun DONE.\n[    0.693781] EXT4-fs (vda): mounted filesystem c347d57f-4097-4d3a-9b65-80bd58eb52ec r/w with ordered data mode. Quota mode: none.\n[    0.695555] VFS: Mounted root (ext4 filesystem) on device 253:0.\n[    0.696577] devtmpfs: mounted\n[    0.697095] VFS: Pivoted into new rootfs\n[    0.698936] Freeing unused decrypted memory: 2028K\n[    0.700312] Freeing unused kernel image (initmem) memory: 5292K\n[    0.701263] Write protecting the kernel read-only data: 43008k\n[    0.702610] Freeing unused kernel image (text/rodata gap) memory: 776K\n[    0.703931] Freeing unused kernel image (rodata/data gap) memory: 1668K\n[    0.768663] x86/mm: Checked W+X mappings: passed, no W+X pages found.\n[    0.769670] Run /init as init process\nGUEST_IDENTITY role=a expected_cid=39501 pid=1 source_sha=17562ef8bb7b36d139cbfa1ac8f70b0ff02e678e6e1e14560aa3fff0722732d4 exe=Ok(\"/init\")\nPROBE_ERROR Os { code: 2, kind: NotFound, message: \"No such file or directory\" }\n", "event": "probe-failure", "trace": "Traceback (most recent call last):\n  File \"/home/ubuntu/overdrive/spike-scratch/netns-density-295-shared-memory-vsock/increment-02-native-20261004T0951Z/run.py\", line 98, in <module>\n    text=wait_text(console,'GUEST_PROBE_READY',proc,35)\n  File \"/home/ubuntu/overdrive/spike-scratch/netns-density-295-shared-memory-vsock/increment-02-native-20261004T0951Z/run.py\", line 50, in wait_text\n    raise RuntimeError('deadline waiting for '+needle+' '+text[-3000:])\nRuntimeError: deadline waiting for GUEST_PROBE_READY 8'\n[    0.634312] Loaded X.509 cert 'Canonical Ltd. Secure Boot Signing (2021 v1): a8d54bbb3825cfb94fa13c9f8a594a195c107b8d'\n[    0.637059] Loaded X.509 cert 'Canonical Ltd. Secure Boot Signing (2021 v2): 4cf046892d6fd3c9a5b03f98d845f90851dc6a8c'\n[    0.639814] Loaded X.509 cert 'Canonical Ltd. Secure Boot Signing (2021 v3): 100437bb6de6e469b581e61cd66bce3ef4ed53af'\n[    0.642569] Loaded X.509 cert 'Canonical Ltd. Secure Boot Signing (Ubuntu Core 2019): c1d57b8f6b743f23ee41f4f7ee292f06eecadfb9'\n[    0.654133] Demotion targets for Node 0: null\n[    0.655411] Key type .fscrypt registered\n[    0.656451] Key type fscrypt-provisioning registered\n[    0.657841] Key type big_key registered\n[    0.659309] Key type encrypted registered\n[    0.660377] AppArmor: AppArmor sha256 policy hashing enabled\n[    0.661848] ima: No TPM chip found, activating TPM-bypass!\n[    0.663294] Loading compiled-in module X.509 certificates\n[    0.665200] Loaded X.509 cert 'Build time autogenerated kernel key: 454b3e9802e3c39a997a1e8863aaf8b3df15fbc0'\n[    0.667741] ima: Allocated hash algorithm: sha256\n[    0.668985] ima: No architecture policies found\n[    0.670209] evm: Initialising EVM extended attributes:\n[    0.671544] evm: security.selinux\n[    0.672427] evm: security.SMACK64\n[    0.673314] evm: security.SMACK64EXEC\n[    0.674284] evm: security.SMACK64TRANSMUTE\n[    0.675360] evm: security.SMACK64MMAP\n[    0.676331] evm: security.apparmor\n[    0.677240] evm: security.ima\n[    0.678025] evm: security.capability\n[    0.678972] evm: HMAC attrs: 0x1\n[    0.680142] PM:   Magic number: 14:513:777\n[    0.681252] misc rfkill: hash matches\n[    0.682421] RAS: Correctable Errors collector initialized.\n[    0.684173] clk: Disabling unused clocks\n[    0.685219] PM: genpd: Disabling unused power domains\n[    0.687322] md: Waiting for all devices to be available before autodetect\n[    0.688391] md: If you don't use raid, use raid=noautodetect\n[    0.689290] md: Autodetecting RAID arrays.\n[    0.689941] md: autorun ...\n[    0.690406] md: ... autorun DONE.\n[    0.693781] EXT4-fs (vda): mounted filesystem c347d57f-4097-4d3a-9b65-80bd58eb52ec r/w with ordered data mode. Quota mode: none.\n[    0.695555] VFS: Mounted root (ext4 filesystem) on device 253:0.\n[    0.696577] devtmpfs: mounted\n[    0.697095] VFS: Pivoted into new rootfs\n[    0.698936] Freeing unused decrypted memory: 2028K\n[    0.700312] Freeing unused kernel image (initmem) memory: 5292K\n[    0.701263] Write protecting the kernel read-only data: 43008k\n[    0.702610] Freeing unused kernel image (text/rodata gap) memory: 776K\n[    0.703931] Freeing unused kernel image (rodata/data gap) memory: 1668K\n[    0.768663] x86/mm: Checked W+X mappings: passed, no W+X pages found.\n[    0.769670] Run /init as init process\nGUEST_IDENTITY role=a expected_cid=39501 pid=1 source_sha=17562ef8bb7b36d139cbfa1ac8f70b0ff02e678e6e1e14560aa3fff0722732d4 exe=Ok(\"/init\")\nPROBE_ERROR Os { code: 2, kind: NotFound, message: \"No such file or directory\" }\n\n"}
{"at_s": 36.163334232755005, "event": "owned-process-stopped", "pid": 792828, "returncode": 0}
{"at_s": 36.19480617251247, "event": "owned-process-stopped", "pid": 792816, "returncode": 0}
{"at_s": 36.22627105098218, "event": "owned-process-stopped", "pid": 792811, "returncode": 0}
{"at_s": 36.227431267499924, "event": "owned-process-stopped", "pid": 792808, "returncode": -15}
{"at_s": 36.227720733731985, "event": "owned-path-removed", "path": "/run/v295-792743/va_5000"}
{"at_s": 36.22778850514442, "event": "owned-path-removed", "path": "/run/v295-792743/vb_5000"}
{"at_s": 36.22996356897056, "event": "owned-path-removed", "path": "/home/ubuntu/overdrive/spike-scratch/netns-density-295-shared-memory-vsock/out/increment-02-native-20261004T0951Z/guest-a.ext4"}
{"at_s": 36.232239404693246, "event": "owned-path-removed", "path": "/home/ubuntu/overdrive/spike-scratch/netns-density-295-shared-memory-vsock/out/increment-02-native-20261004T0951Z/guest-b.ext4"}
Traceback (most recent call last):
  File "/home/ubuntu/overdrive/spike-scratch/netns-density-295-shared-memory-vsock/increment-02-native-20261004T0951Z/run.py", line 122, in <module>
    if UDSDIR.exists():UDSDIR.rmdir();emit('owned-uds-directory-removed',path=str(UDSDIR))
                       ~~~~~~~~~~~~^^
  File "/usr/lib/python3.14/pathlib/__init__.py", line 1052, in rmdir
    os.rmdir(self)
    ~~~~~~~~^^^^^^
OSError: [Errno 39] Directory not empty: '/run/v295-792743'
xtask failed: 
   0: [91mmetal run (one bootstrap lease session) failed with exit status: 1[0m

Location:
   [35mxtask/src/main.rs[0m:[35m1300[0m

Backtrace omitted. Run with RUST_BACKTRACE=1 environment variable to display it.
Run with RUST_BACKTRACE=full to include source snippets.
{"launcher_rc": 1, "wall_s": 70.63974741697893}
