    Finished `dev` profile [unoptimized + debuginfo] target(s) in 0.96s
     Running `target/debug/xtask metal run -- bash spike-scratch/service-kind-vm-workloads/increment-d-codec-ab-corrected/run.sh`
xtask: running metal run (one bootstrap lease session)
sudo: preserving the entire environment is not supported, '-E' is ignored
   Compiling serde_core v1.0.229
   Compiling zmij v1.0.23
   Compiling serde_json v1.0.151
   Compiling memchr v2.8.3
   Compiling itoa v1.0.18
   Compiling service-vm-codec-ab-spike v0.0.0 (/home/ubuntu/overdrive/spike-scratch/service-kind-vm-workloads/increment-d-codec-ab-corrected)
warning: unused import: `std::hint::black_box`
 --> src/main.rs:8:5
  |
8 | use std::hint::black_box;
  |     ^^^^^^^^^^^^^^^^^^^^
  |
  = note: `#[warn(unused_imports)]` (part of `#[warn(unused)]`) on by default

warning: unused import: `std::time::Instant`
 --> src/main.rs:9:5
  |
9 | use std::time::Instant;
  |     ^^^^^^^^^^^^^^^^^^

warning: constant `MAX_FRAME` is never used
  --> src/main.rs:11:7
   |
11 | const MAX_FRAME: usize = 16 * 1024;
   |       ^^^^^^^^^
   |
   = note: `#[warn(dead_code)]` (part of `#[warn(unused)]`) on by default

warning: constant `ITERATIONS` is never used
  --> src/main.rs:12:7
   |
12 | const ITERATIONS: usize = 100_000;
   |       ^^^^^^^^^^

warning: constant `SCHEMA_V1` is never used
  --> src/main.rs:13:7
   |
13 | const SCHEMA_V1: u32 = 1;
   |       ^^^^^^^^^

warning: constant `SCHEMA_V2` is never used
  --> src/main.rs:14:7
   |
14 | const SCHEMA_V2: u32 = 2;
   |       ^^^^^^^^^

warning: function `frame` is never used
  --> src/main.rs:16:4
   |
16 | fn frame(payload: &[u8]) -> Result<Vec<u8>, &'static str> {
   |    ^^^^^

warning: function `unframe` is never used
  --> src/main.rs:27:4
   |
27 | fn unframe(frame: &[u8]) -> Result<&[u8], &'static str> {
   |    ^^^^^^^

warning: function `versioned_payload` is never used
  --> src/main.rs:40:4
   |
40 | fn versioned_payload(schema: u32, encoded: &[u8]) -> Vec<u8> {
   |    ^^^^^^^^^^^^^^^^^

warning: function `split_version` is never used
  --> src/main.rs:47:4
   |
47 | fn split_version(payload: &[u8]) -> Result<(u32, &[u8]), &'static str> {
   |    ^^^^^^^^^^^^^

warning: function `oversized_frame` is never used
  --> src/main.rs:52:4
   |
52 | fn oversized_frame() -> Vec<u8> {
   |    ^^^^^^^^^^^^^^^

warning: `service-vm-codec-ab-spike` (bin "service-vm-codec-ab-spike") generated 11 warnings (run `cargo fix --bin "service-vm-codec-ab-spike" -p service-vm-codec-ab-spike` to apply 2 suggestions)
    Finished `release-unstripped` profile [optimized + debuginfo] target(s) in 5.50s
   Compiling serde_core v1.0.229
   Compiling zmij v1.0.23
   Compiling serde_json v1.0.151
   Compiling itoa v1.0.18
   Compiling memchr v2.8.3
   Compiling service-vm-codec-ab-spike v0.0.0 (/home/ubuntu/overdrive/spike-scratch/service-kind-vm-workloads/increment-d-codec-ab-corrected)
warning: unused import: `std::hint::black_box`
 --> src/main.rs:8:5
  |
8 | use std::hint::black_box;
  |     ^^^^^^^^^^^^^^^^^^^^
  |
  = note: `#[warn(unused_imports)]` (part of `#[warn(unused)]`) on by default

warning: unused import: `std::time::Instant`
 --> src/main.rs:9:5
  |
9 | use std::time::Instant;
  |     ^^^^^^^^^^^^^^^^^^

warning: constant `MAX_FRAME` is never used
  --> src/main.rs:11:7
   |
11 | const MAX_FRAME: usize = 16 * 1024;
   |       ^^^^^^^^^
   |
   = note: `#[warn(dead_code)]` (part of `#[warn(unused)]`) on by default

warning: constant `ITERATIONS` is never used
  --> src/main.rs:12:7
   |
12 | const ITERATIONS: usize = 100_000;
   |       ^^^^^^^^^^

warning: constant `SCHEMA_V1` is never used
  --> src/main.rs:13:7
   |
13 | const SCHEMA_V1: u32 = 1;
   |       ^^^^^^^^^

warning: constant `SCHEMA_V2` is never used
  --> src/main.rs:14:7
   |
14 | const SCHEMA_V2: u32 = 2;
   |       ^^^^^^^^^

warning: function `frame` is never used
  --> src/main.rs:16:4
   |
16 | fn frame(payload: &[u8]) -> Result<Vec<u8>, &'static str> {
   |    ^^^^^

warning: function `unframe` is never used
  --> src/main.rs:27:4
   |
27 | fn unframe(frame: &[u8]) -> Result<&[u8], &'static str> {
   |    ^^^^^^^

warning: function `versioned_payload` is never used
  --> src/main.rs:40:4
   |
40 | fn versioned_payload(schema: u32, encoded: &[u8]) -> Vec<u8> {
   |    ^^^^^^^^^^^^^^^^^

warning: function `split_version` is never used
  --> src/main.rs:47:4
   |
47 | fn split_version(payload: &[u8]) -> Result<(u32, &[u8]), &'static str> {
   |    ^^^^^^^^^^^^^

warning: function `oversized_frame` is never used
  --> src/main.rs:52:4
   |
52 | fn oversized_frame() -> Vec<u8> {
   |    ^^^^^^^^^^^^^^^

warning: `service-vm-codec-ab-spike` (bin "service-vm-codec-ab-spike") generated 11 warnings (run `cargo fix --bin "service-vm-codec-ab-spike" -p service-vm-codec-ab-spike` to apply 2 suggestions)
    Finished `release` profile [optimized + debuginfo] target(s) in 5.42s
   Compiling proc-macro2 v1.0.107
   Compiling unicode-ident v1.0.24
   Compiling quote v1.0.47
   Compiling serde_core v1.0.229
   Compiling serde v1.0.229
   Compiling syn v3.0.5
   Compiling serde_json v1.0.151
   Compiling serde_derive v1.0.229
   Compiling service-vm-codec-ab-spike v0.0.0 (/home/ubuntu/overdrive/spike-scratch/service-kind-vm-workloads/increment-d-codec-ab-corrected)
    Finished `release-unstripped` profile [optimized + debuginfo] target(s) in 6.92s
   Compiling proc-macro2 v1.0.107
   Compiling quote v1.0.47
   Compiling unicode-ident v1.0.24
   Compiling serde_core v1.0.229
   Compiling serde v1.0.229
   Compiling syn v3.0.5
   Compiling serde_json v1.0.151
   Compiling serde_derive v1.0.229
   Compiling service-vm-codec-ab-spike v0.0.0 (/home/ubuntu/overdrive/spike-scratch/service-kind-vm-workloads/increment-d-codec-ab-corrected)
    Finished `release` profile [optimized + debuginfo] target(s) in 6.91s
   Compiling syn v3.0.5
   Compiling syn v2.0.119
   Compiling simdutf8 v0.1.5
   Compiling hashbrown v0.17.1
   Compiling ptr_meta_derive v0.3.2
   Compiling bytecheck_derive v0.8.3
   Compiling rkyv_derive v0.8.18
   Compiling munge_macro v0.4.7
   Compiling ptr_meta v0.3.2
   Compiling rancor v0.1.3
   Compiling munge v0.4.7
   Compiling bytecheck v0.8.3
   Compiling rend v0.5.4
   Compiling rkyv v0.8.18
   Compiling service-vm-codec-ab-spike v0.0.0 (/home/ubuntu/overdrive/spike-scratch/service-kind-vm-workloads/increment-d-codec-ab-corrected)
    Finished `release-unstripped` profile [optimized + debuginfo] target(s) in 9.45s
   Compiling syn v3.0.5
   Compiling syn v2.0.119
   Compiling simdutf8 v0.1.5
   Compiling hashbrown v0.17.1
   Compiling munge_macro v0.4.7
   Compiling ptr_meta_derive v0.3.2
   Compiling bytecheck_derive v0.8.3
   Compiling rkyv_derive v0.8.18
   Compiling ptr_meta v0.3.2
   Compiling rancor v0.1.3
   Compiling munge v0.4.7
   Compiling bytecheck v0.8.3
   Compiling rend v0.5.4
   Compiling rkyv v0.8.18
   Compiling service-vm-codec-ab-spike v0.0.0 (/home/ubuntu/overdrive/spike-scratch/service-kind-vm-workloads/increment-d-codec-ab-corrected)
    Finished `release` profile [optimized + debuginfo] target(s) in 9.43s
    Finished `release` profile [optimized + debuginfo] target(s) in 0.12s
