    Finished `dev` profile [unoptimized + debuginfo] target(s) in 0.20s
     Running `target/debug/xtask metal run -- bash spike-scratch/service-kind-vm-workloads/increment-d-codec-ab-corrected/run.sh`
xtask: running metal run (one bootstrap lease session)
sudo: preserving the entire environment is not supported, '-E' is ignored
warning: unused import: `std::hint::black_box`
 --> src/main.rs:8:5
  |
8 | use std::hint::black_box;
  |     ^^^^^^^^^^^^^^^^^^^^
  |
  = note: `#[warn(unused_imports)]` (part of `#[warn(unused)]`) on by default

warning: unused import: `std::time::Instant`
 --> src/main.rs:9:5
  |
9 | use std::time::Instant;
  |     ^^^^^^^^^^^^^^^^^^

warning: constant `MAX_FRAME` is never used
  --> src/main.rs:11:7
   |
11 | const MAX_FRAME: usize = 16 * 1024;
   |       ^^^^^^^^^
   |
   = note: `#[warn(dead_code)]` (part of `#[warn(unused)]`) on by default

warning: constant `ITERATIONS` is never used
  --> src/main.rs:12:7
   |
12 | const ITERATIONS: usize = 100_000;
   |       ^^^^^^^^^^

warning: constant `SCHEMA_V1` is never used
  --> src/main.rs:13:7
   |
13 | const SCHEMA_V1: u32 = 1;
   |       ^^^^^^^^^

warning: constant `SCHEMA_V2` is never used
  --> src/main.rs:14:7
   |
14 | const SCHEMA_V2: u32 = 2;
   |       ^^^^^^^^^

warning: function `frame` is never used
  --> src/main.rs:16:4
   |
16 | fn frame(payload: &[u8]) -> Result<Vec<u8>, &'static str> {
   |    ^^^^^

warning: function `unframe` is never used
  --> src/main.rs:27:4
   |
27 | fn unframe(frame: &[u8]) -> Result<&[u8], &'static str> {
   |    ^^^^^^^

warning: function `versioned_payload` is never used
  --> src/main.rs:40:4
   |
40 | fn versioned_payload(schema: u32, encoded: &[u8]) -> Vec<u8> {
   |    ^^^^^^^^^^^^^^^^^

warning: function `split_version` is never used
  --> src/main.rs:47:4
   |
47 | fn split_version(payload: &[u8]) -> Result<(u32, &[u8]), &'static str> {
   |    ^^^^^^^^^^^^^

warning: function `oversized_frame` is never used
  --> src/main.rs:52:4
   |
52 | fn oversized_frame() -> Vec<u8> {
   |    ^^^^^^^^^^^^^^^

warning: `service-vm-codec-ab-spike` (bin "service-vm-codec-ab-spike") generated 11 warnings (run `cargo fix --bin "service-vm-codec-ab-spike" -p service-vm-codec-ab-spike` to apply 2 suggestions)
    Finished `release-unstripped` profile [optimized + debuginfo] target(s) in 0.02s
warning: unused import: `std::hint::black_box`
 --> src/main.rs:8:5
  |
8 | use std::hint::black_box;
  |     ^^^^^^^^^^^^^^^^^^^^
  |
  = note: `#[warn(unused_imports)]` (part of `#[warn(unused)]`) on by default

warning: unused import: `std::time::Instant`
 --> src/main.rs:9:5
  |
9 | use std::time::Instant;
  |     ^^^^^^^^^^^^^^^^^^

warning: constant `MAX_FRAME` is never used
  --> src/main.rs:11:7
   |
11 | const MAX_FRAME: usize = 16 * 1024;
   |       ^^^^^^^^^
   |
   = note: `#[warn(dead_code)]` (part of `#[warn(unused)]`) on by default

warning: constant `ITERATIONS` is never used
  --> src/main.rs:12:7
   |
12 | const ITERATIONS: usize = 100_000;
   |       ^^^^^^^^^^

warning: constant `SCHEMA_V1` is never used
  --> src/main.rs:13:7
   |
13 | const SCHEMA_V1: u32 = 1;
   |       ^^^^^^^^^

warning: constant `SCHEMA_V2` is never used
  --> src/main.rs:14:7
   |
14 | const SCHEMA_V2: u32 = 2;
   |       ^^^^^^^^^

warning: function `frame` is never used
  --> src/main.rs:16:4
   |
16 | fn frame(payload: &[u8]) -> Result<Vec<u8>, &'static str> {
   |    ^^^^^

warning: function `unframe` is never used
  --> src/main.rs:27:4
   |
27 | fn unframe(frame: &[u8]) -> Result<&[u8], &'static str> {
   |    ^^^^^^^

warning: function `versioned_payload` is never used
  --> src/main.rs:40:4
   |
40 | fn versioned_payload(schema: u32, encoded: &[u8]) -> Vec<u8> {
   |    ^^^^^^^^^^^^^^^^^

warning: function `split_version` is never used
  --> src/main.rs:47:4
   |
47 | fn split_version(payload: &[u8]) -> Result<(u32, &[u8]), &'static str> {
   |    ^^^^^^^^^^^^^

warning: function `oversized_frame` is never used
  --> src/main.rs:52:4
   |
52 | fn oversized_frame() -> Vec<u8> {
   |    ^^^^^^^^^^^^^^^

warning: `service-vm-codec-ab-spike` (bin "service-vm-codec-ab-spike") generated 11 warnings (run `cargo fix --bin "service-vm-codec-ab-spike" -p service-vm-codec-ab-spike` to apply 2 suggestions)
    Finished `release` profile [optimized + debuginfo] target(s) in 0.01s
    Finished `release-unstripped` profile [optimized + debuginfo] target(s) in 0.01s
    Finished `release` profile [optimized + debuginfo] target(s) in 0.02s
    Finished `release-unstripped` profile [optimized + debuginfo] target(s) in 0.02s
    Finished `release` profile [optimized + debuginfo] target(s) in 0.02s
    Finished `release` profile [optimized + debuginfo] target(s) in 0.12s
   Compiling proc-macro2 v1.0.106
   Compiling unicode-ident v1.0.24
   Compiling quote v1.0.45
   Compiling serde_core v1.0.228
   Compiling libc v0.2.185
   Compiling cfg-if v1.0.4
   Compiling serde v1.0.228
   Compiling version_check v0.9.5
   Compiling equivalent v1.0.2
   Compiling typenum v1.20.0
   Compiling memchr v2.8.0
   Compiling hashbrown v0.17.0
   Compiling pin-project-lite v0.2.17
   Compiling zerocopy v0.8.48
   Compiling find-msvc-tools v0.1.9
   Compiling zmij v1.0.21
   Compiling shlex v1.3.0
   Compiling parking_lot_core v0.9.12
   Compiling futures-core v0.3.32
   Compiling regex-syntax v0.8.10
   Compiling futures-sink v0.3.32
   Compiling cc v1.2.60
   Compiling scopeguard v1.2.0
   Compiling futures-io v0.3.32
   Compiling serde_json v1.0.149
   Compiling futures-channel v0.3.32
   Compiling itoa v1.0.18
   Compiling simdutf8 v0.1.5
   Compiling generic-array v0.14.7
   Compiling slab v0.4.12
   Compiling smallvec v1.15.1
   Compiling getrandom v0.4.2
   Compiling futures-task v0.3.32
   Compiling autocfg v1.5.0
   Compiling lock_api v0.4.14
   Compiling aho-corasick v1.1.4
   Compiling winnow v0.7.15
   Compiling toml_write v0.1.2
   Compiling powerfmt v0.2.0
   Compiling once_cell v1.21.4
   Compiling ryu v1.0.23
   Compiling ciborium-io v0.2.2
   Compiling cfg_aliases v0.2.1
   Compiling num-conv v0.1.0
   Compiling unsafe-libyaml-norway v0.2.15
   Compiling thiserror v2.0.18
   Compiling memoffset v0.9.1
   Compiling time-core v0.1.7
   Compiling tracing-core v0.1.36
   Compiling nix v0.30.1
   Compiling syn v2.0.117
   Compiling time-macros v0.2.25
   Compiling cpufeatures v0.3.0
   Compiling constant_time_eq v0.4.2
   Compiling arrayvec v0.7.6
   Compiling cpufeatures v0.2.17
   Compiling hashbrown v0.16.1
   Compiling arrayref v0.3.9
   Compiling bytes v1.11.1
   Compiling hex v0.4.3
   Compiling bitflags v2.11.1
   Compiling block-buffer v0.10.4
   Compiling crypto-common v0.1.7
   Compiling digest v0.10.7
   Compiling blake3 v1.8.5
   Compiling sha2 v0.10.9
   Compiling errno v0.3.14
   Compiling mio v1.2.0
   Compiling socket2 v0.6.3
   Compiling signal-hook-registry v1.4.8
   Compiling regex-automata v0.4.14
   Compiling parking_lot v0.12.5
   Compiling indexmap v2.14.0
   Compiling deranged v0.5.8
   Compiling uuid v1.23.1
   Compiling regex v1.12.3
   Compiling time v0.3.45
   Compiling serde_derive v1.0.228
   Compiling ptr_meta_derive v0.3.1
   Compiling zerocopy-derive v0.8.48
   Compiling futures-macro v0.3.32
   Compiling bytecheck_derive v0.8.2
   Compiling munge_macro v0.4.7
   Compiling thiserror-impl v2.0.18
   Compiling tracing-attributes v0.1.31
   Compiling rkyv_derive v0.8.15
   Compiling tokio-macros v2.7.0
   Compiling utoipa-gen v5.4.0
   Compiling async-trait v0.1.89
   Compiling ptr_meta v0.3.1
   Compiling rancor v0.1.1
   Compiling munge v0.4.7
   Compiling tokio v1.52.1
   Compiling bytecheck v0.8.2
   Compiling futures-util v0.3.32
   Compiling rend v0.5.3
   Compiling tracing v0.1.44
   Compiling toml_datetime v0.6.11
   Compiling serde_spanned v0.6.9
   Compiling serde_norway v0.9.42
   Compiling ipnet v2.12.0
   Compiling toml_edit v0.22.27
   Compiling futures-executor v0.3.32
   Compiling futures v0.3.32
   Compiling rkyv v0.8.15
   Compiling utoipa v5.4.0
   Compiling half v2.7.1
   Compiling toml v0.8.23
   Compiling ciborium-ll v0.2.2
   Compiling ciborium v0.2.2
   Compiling overdrive-core v0.0.0 (/home/ubuntu/overdrive/crates/overdrive-core)
   Compiling overdrive-init v0.0.0 (/home/ubuntu/overdrive/crates/overdrive-init)
    Finished `release` profile [optimized + debuginfo] target(s) in 21.98s
