    Finished `dev` profile [unoptimized + debuginfo] target(s) in 0.26s
     Running `target/debug/xtask metal run -- bash spike-scratch/service-kind-vm-workloads/increment-d-codec-ab-corrected/run.sh`
xtask: running metal run (one bootstrap lease session)
sudo: preserving the entire environment is not supported, '-E' is ignored
   Compiling service-vm-codec-ab-spike v0.0.0 (/home/ubuntu/overdrive/spike-scratch/service-kind-vm-workloads/increment-d-codec-ab-corrected)
warning: unused import: `std::hint::black_box`
 --> src/main.rs:8:5
  |
8 | use std::hint::black_box;
  |     ^^^^^^^^^^^^^^^^^^^^
  |
  = note: `#[warn(unused_imports)]` (part of `#[warn(unused)]`) on by default

warning: unused import: `std::time::Instant`
 --> src/main.rs:9:5
  |
9 | use std::time::Instant;
  |     ^^^^^^^^^^^^^^^^^^

warning: constant `MAX_FRAME` is never used
  --> src/main.rs:11:7
   |
11 | const MAX_FRAME: usize = 16 * 1024;
   |       ^^^^^^^^^
   |
   = note: `#[warn(dead_code)]` (part of `#[warn(unused)]`) on by default

warning: constant `ITERATIONS` is never used
  --> src/main.rs:12:7
   |
12 | const ITERATIONS: usize = 100_000;
   |       ^^^^^^^^^^

warning: constant `SCHEMA_V1` is never used
  --> src/main.rs:13:7
   |
13 | const SCHEMA_V1: u32 = 1;
   |       ^^^^^^^^^

warning: constant `SCHEMA_V2` is never used
  --> src/main.rs:14:7
   |
14 | const SCHEMA_V2: u32 = 2;
   |       ^^^^^^^^^

warning: function `frame` is never used
  --> src/main.rs:16:4
   |
16 | fn frame(payload: &[u8]) -> Result<Vec<u8>, &'static str> {
   |    ^^^^^

warning: function `unframe` is never used
  --> src/main.rs:27:4
   |
27 | fn unframe(frame: &[u8]) -> Result<&[u8], &'static str> {
   |    ^^^^^^^

warning: function `versioned_payload` is never used
  --> src/main.rs:40:4
   |
40 | fn versioned_payload(schema: u32, encoded: &[u8]) -> Vec<u8> {
   |    ^^^^^^^^^^^^^^^^^

warning: function `split_version` is never used
  --> src/main.rs:47:4
   |
47 | fn split_version(payload: &[u8]) -> Result<(u32, &[u8]), &'static str> {
   |    ^^^^^^^^^^^^^

warning: function `oversized_frame` is never used
  --> src/main.rs:52:4
   |
52 | fn oversized_frame() -> Vec<u8> {
   |    ^^^^^^^^^^^^^^^

warning: `service-vm-codec-ab-spike` (bin "service-vm-codec-ab-spike") generated 11 warnings (run `cargo fix --bin "service-vm-codec-ab-spike" -p service-vm-codec-ab-spike` to apply 2 suggestions)
    Finished `release-unstripped` profile [optimized + debuginfo] target(s) in 2.67s
   Compiling service-vm-codec-ab-spike v0.0.0 (/home/ubuntu/overdrive/spike-scratch/service-kind-vm-workloads/increment-d-codec-ab-corrected)
warning: unused import: `std::hint::black_box`
 --> src/main.rs:8:5
  |
8 | use std::hint::black_box;
  |     ^^^^^^^^^^^^^^^^^^^^
  |
  = note: `#[warn(unused_imports)]` (part of `#[warn(unused)]`) on by default

warning: unused import: `std::time::Instant`
 --> src/main.rs:9:5
  |
9 | use std::time::Instant;
  |     ^^^^^^^^^^^^^^^^^^

warning: constant `MAX_FRAME` is never used
  --> src/main.rs:11:7
   |
11 | const MAX_FRAME: usize = 16 * 1024;
   |       ^^^^^^^^^
   |
   = note: `#[warn(dead_code)]` (part of `#[warn(unused)]`) on by default

warning: constant `ITERATIONS` is never used
  --> src/main.rs:12:7
   |
12 | const ITERATIONS: usize = 100_000;
   |       ^^^^^^^^^^

warning: constant `SCHEMA_V1` is never used
  --> src/main.rs:13:7
   |
13 | const SCHEMA_V1: u32 = 1;
   |       ^^^^^^^^^

warning: constant `SCHEMA_V2` is never used
  --> src/main.rs:14:7
   |
14 | const SCHEMA_V2: u32 = 2;
   |       ^^^^^^^^^

warning: function `frame` is never used
  --> src/main.rs:16:4
   |
16 | fn frame(payload: &[u8]) -> Result<Vec<u8>, &'static str> {
   |    ^^^^^

warning: function `unframe` is never used
  --> src/main.rs:27:4
   |
27 | fn unframe(frame: &[u8]) -> Result<&[u8], &'static str> {
   |    ^^^^^^^

warning: function `versioned_payload` is never used
  --> src/main.rs:40:4
   |
40 | fn versioned_payload(schema: u32, encoded: &[u8]) -> Vec<u8> {
   |    ^^^^^^^^^^^^^^^^^

warning: function `split_version` is never used
  --> src/main.rs:47:4
   |
47 | fn split_version(payload: &[u8]) -> Result<(u32, &[u8]), &'static str> {
   |    ^^^^^^^^^^^^^

warning: function `oversized_frame` is never used
  --> src/main.rs:52:4
   |
52 | fn oversized_frame() -> Vec<u8> {
   |    ^^^^^^^^^^^^^^^

warning: `service-vm-codec-ab-spike` (bin "service-vm-codec-ab-spike") generated 11 warnings (run `cargo fix --bin "service-vm-codec-ab-spike" -p service-vm-codec-ab-spike` to apply 2 suggestions)
    Finished `release` profile [optimized + debuginfo] target(s) in 2.63s
   Compiling service-vm-codec-ab-spike v0.0.0 (/home/ubuntu/overdrive/spike-scratch/service-kind-vm-workloads/increment-d-codec-ab-corrected)
    Finished `release-unstripped` profile [optimized + debuginfo] target(s) in 3.55s
   Compiling service-vm-codec-ab-spike v0.0.0 (/home/ubuntu/overdrive/spike-scratch/service-kind-vm-workloads/increment-d-codec-ab-corrected)
    Finished `release` profile [optimized + debuginfo] target(s) in 3.56s
   Compiling service-vm-codec-ab-spike v0.0.0 (/home/ubuntu/overdrive/spike-scratch/service-kind-vm-workloads/increment-d-codec-ab-corrected)
    Finished `release-unstripped` profile [optimized + debuginfo] target(s) in 3.12s
   Compiling service-vm-codec-ab-spike v0.0.0 (/home/ubuntu/overdrive/spike-scratch/service-kind-vm-workloads/increment-d-codec-ab-corrected)
    Finished `release` profile [optimized + debuginfo] target(s) in 3.10s
    Finished `release` profile [optimized + debuginfo] target(s) in 0.12s
    Finished `release` profile [optimized + debuginfo] target(s) in 0.12s
