observed_utc=2026-09-12T09:32:57Z state=Terminated
Service 'service-vm-http-404' (kind: Service)
Spec digest: cef97a0d5c487976f44b99b34c658348374f4a90db7a184bd791f802c9877729
Replicas (desired/running): 1/0
Alloc                    State        Restarts   Since               
alloc-service-vm-http-404-0 Terminated   1          (c=7933,w=local)    
    reason: stopped
    last terminated: Failed at (c=5964,w=local) — driver internal error: bind beacon listener: Address already in use (os error 98)
    last terminated ran since: 1789205567.600617996
    last terminated detail: bind beacon listener: Address already in use (os error 98)
Memory:        134217728
VIP:           10.96.0.2
Listeners:
  18080/tcp
Probes:
  startup probe[0] http GET http://0.0.0.0:18080/ready last=fail (HTTP 404) last_observed_at=1789205577252
settled_utc=2026-09-12T09:33:01Z state=Terminated
Service 'service-vm-http-404' (kind: Service)
Spec digest: cef97a0d5c487976f44b99b34c658348374f4a90db7a184bd791f802c9877729
Replicas (desired/running): 1/0
Alloc                    State        Restarts   Since               
alloc-service-vm-http-404-0 Terminated   1          (c=7933,w=local)    
    reason: stopped
    last terminated: Failed at (c=5964,w=local) — driver internal error: bind beacon listener: Address already in use (os error 98)
    last terminated ran since: 1789205567.600617996
    last terminated detail: bind beacon listener: Address already in use (os error 98)
Memory:        134217728
VIP:           10.96.0.2
Listeners:
  18080/tcp
Probes:
  startup probe[0] http GET http://0.0.0.0:18080/ready last=fail (HTTP 404) last_observed_at=1789205577252
