GH295_PHASE1_SUBSTRATE_PROBE
EVIDENCE=/Users/marcus/conductor/workspaces/helios/khartoum-v1/spike-scratch/increment-o-netns-density-295-preflight-20260913T2227/evidence-mpwZDSO7

COMMAND uname -r
START 2026-09-13T22:27:28Z
7.0.0-30-generic
COMPLETE 2026-09-13T22:27:28Z EXIT_STATUS=0

COMMAND uname -m
START 2026-09-13T22:27:28Z
aarch64
COMPLETE 2026-09-13T22:27:28Z EXIT_STATUS=0

COMMAND systemd-detect-virt
START 2026-09-13T22:27:28Z
apple
COMPLETE 2026-09-13T22:27:28Z EXIT_STATUS=0

COMMAND id
START 2026-09-13T22:27:28Z
uid=0(root) gid=0(root) groups=0(root)
COMPLETE 2026-09-13T22:27:28Z EXIT_STATUS=0

COMMAND cloud-hypervisor --version
START 2026-09-13T22:27:28Z
cloud-hypervisor v53.0
Migration Protocol Versions: 0
COMPLETE 2026-09-13T22:27:28Z EXIT_STATUS=0

COMMAND ls -l /dev/kvm
START 2026-09-13T22:27:28Z
crw-rw-rw- 1 root kvm 10, 232 Sep 11 06:46 /dev/kvm
COMPLETE 2026-09-13T22:27:28Z EXIT_STATUS=0

COMMAND ls -l /boot
START 2026-09-13T22:27:28Z
total 216956
-rw------- 1 root root  8787202 Jul 31 18:27 System.map-7.0.0-30-generic
-rw------- 1 root root  8788453 Aug  1 04:09 System.map-7.0.0-31-generic
-rw-r--r-- 1 root root   370867 Jul 31 18:27 config-7.0.0-30-generic
-rw-r--r-- 1 root root   370898 Aug  1 04:09 config-7.0.0-31-generic
drwx------ 3 root root      512 Jan  1  1970 efi
drwxr-xr-x 5 root root     4096 Sep  6 16:29 grub
lrwxrwxrwx 1 root root       27 Sep  6 16:29 initrd.img -> initrd.img-7.0.0-31-generic
-rw-r--r-- 1 root root 91085876 Aug 23 18:31 initrd.img-7.0.0-30-generic
-rw------- 1 root root 65038520 Sep  6 16:29 initrd.img-7.0.0-31-generic
lrwxrwxrwx 1 root root       27 Aug 23 18:30 initrd.img.old -> initrd.img-7.0.0-30-generic
drwx------ 2 root root    16384 Aug 23 18:32 lost+found
lrwxrwxrwx 1 root root       24 Sep  6 16:29 vmlinuz -> vmlinuz-7.0.0-31-generic
-rw------- 1 root root 23839624 Jul 31 18:28 vmlinuz-7.0.0-30-generic
-rw------- 1 root root 23843720 Aug  1 04:01 vmlinuz-7.0.0-31-generic
lrwxrwxrwx 1 root root       24 Aug 23 18:30 vmlinuz.old -> vmlinuz-7.0.0-30-generic
COMPLETE 2026-09-13T22:27:28Z EXIT_STATUS=0

COMMAND ls -l /lib/modules
START 2026-09-13T22:27:28Z
total 8
drwxr-xr-x 6 root root 4096 Aug 23 18:31 7.0.0-30-generic
drwxr-xr-x 6 root root 4096 Sep  6 16:29 7.0.0-31-generic
COMPLETE 2026-09-13T22:27:28Z EXIT_STATUS=0

COMMAND ip -br link
START 2026-09-13T22:27:28Z
lo               UNKNOWN        00:00:00:00:00:00 <LOOPBACK,UP,LOWER_UP> 
enp0s1           UP             52:55:55:ca:eb:38 <BROADCAST,MULTICAST,UP,LOWER_UP> 
ovd-veth-bk@ovd-veth-cli UP             56:06:e2:04:60:7d <BROADCAST,MULTICAST,UP,LOWER_UP> 
ovd-veth-cli@ovd-veth-bk UP             46:86:6d:1a:91:f8 <BROADCAST,MULTICAST,UP,LOWER_UP> 
COMPLETE 2026-09-13T22:27:28Z EXIT_STATUS=0

COMMAND ip netns list
START 2026-09-13T22:27:28Z
COMPLETE 2026-09-13T22:27:28Z EXIT_STATUS=0

COMMAND nft --version
START 2026-09-13T22:27:28Z
nftables v1.1.6 (Commodore Bullmoose #7)
COMPLETE 2026-09-13T22:27:28Z EXIT_STATUS=0
PINNED_KERNEL_MATCH=no REQUIRED=6.18_LTS ACTUAL=7.0.0-30-generic
NATIVE_GUEST_EVIDENCE_REQUIREMENT=x86_64_nonvirtualized
ACTUAL_ARCH=aarch64 ACTUAL_VIRTUALIZATION=apple
MECHANISM_EXECUTED=no
MICROVM_BOOTED=no
WIRE_CAPTURE=none
STOP_REASON=required_pinned_kernel_and_allowed_real_guest_substrate_unavailable_in_this_Lima_instance
PREFLIGHT_ELAPSED_SECONDS=0.069477
PROBE_OUTCOME=BLOCKED_BEFORE_MECHANISM
