    Finished `dev` profile [unoptimized + debuginfo] target(s) in 0.23s
     Running `target/debug/xtask metal run -- python3 spike-scratch/netns-density-295-shared-memory-vsock/increment-04-native-20261004T0951Z/run.py`
/usr/bin/ssh
xtask: running metal run (one bootstrap lease session)

########## [bootstrap] preflight: ssh to <redacted canonical metal target>

########## [bootstrap] remote user=ubuntu home=/home/ubuntu sudo='sudo -n'

########## [bootstrap] acquire canonical metal lease (/run/lock/overdrive-metal-shared.lock)
OVERDRIVE_METAL_LEASE_ACQUIRED token=279203eaba8a5b030d35d693 pid=794129

########## [bootstrap] sync /Users/marcus/conductor/workspaces/helios/wellington-v2 -> <redacted canonical metal target>:/home/ubuntu/overdrive

sent 654,867 bytes  received 104,970 bytes  138,152.18 bytes/sec
total size is 977,404,820  speedup is 1,286.33

########## [bootstrap] fail-closed native x86_64/KVM preflight
{"at_s": 0.009951718151569366, "event": "identity", "lease_owner": "pid=794129\nstarted_at=2026-10-04T09:51:01Z\naction=run\nscenario=spike-vsock-increment-04-native-20261004T0951Z\nworkspace=/Users/marcus/conductor/workspaces/helios/wellington-v2\ncommit=5ea2d0c506f5c1f0672c2a4b5b7c5d0d415d6bde\ntoken=279203eaba8a5b030d35d693\n", "parent_executable": "/usr/bin/python3.14", "parent_executable_sha256": "52e0a13e60a981d8c4b6478be2ba5176f69da07948a056bf49cf6f077e30cb41", "pid": 794479, "rlimit_nofile": [1024, 524288], "runner_sha256": "0a68ac3278965866ef5848e140ddae638ac40d7346b65e628f8499186d63ca8e", "source_sha256": "dc187157c4f7e7faab0ab642582ba3a330a0b82817f36e403cd217d9dc820397", "uname": ["Linux", "em-determined-roentgen", "7.0.0-29-generic", "#29-Ubuntu SMP PREEMPT_DYNAMIC Fri Jul 17 20:52:35 UTC 2026", "x86_64"]}
{"at_s": 0.17322914395481348, "cloud_hypervisor_sha256": "448af3d4e59b22c2987f7df94c213ad40fb53a10d437e42b5ee6c4fce7c29ecc", "event": "fixture-identity", "kernel_path": "/srv/vm/overdrive-testing/kernel", "kernel_sha256": "b51367c7dab2f3824ca811c7e33b7f6bb0ddc8122b48248335ba6164de8d9682", "rootfs_bytes": 67108864, "rootfs_path": "/srv/vm/overdrive-testing/rootfs.ext4", "rootfs_sha256": "4f7f97841e22384f1aebb040e199d78844ab418ad4859e6c262809d557898d85"}
{"at_s": 0.7631938261911273, "binary_bytes": 713328, "binary_sha256": "2756d6116a3ccf94f85b39ca67fece549b239907154b2f435ee66a7fa78bfb20", "elapsed_s": 0.5433347076177597, "event": "build"}
{"at_s": 0.8172131646424532, "before_any_vmm_spawn": true, "event": "host-ready", "pid": 794543, "receiver_paths": ["/run/v295-794479/va_5000", "/run/v295-794479/vb_5000"]}
{"at_s": 0.8682910334318876, "before_any_vmm_spawn": true, "event": "capture-armed", "limitation": "AF_PACKET cannot witness virtio-vsock payloads; Rust backend logs are sampled successful reads, not loss-accounted observers", "pid": 794546}
{"at_s": 0.9999484764412045, "cid": 39501, "event": "staged-guest", "image_bytes": 67108864, "image_sha256": "b5f13ec96aa0520c9f6ba9a563d00fae0da5ed60732259a5aa30a8da57381988", "init_sha256": "2756d6116a3ccf94f85b39ca67fece549b239907154b2f435ee66a7fa78bfb20", "role": "a"}
{"at_s": 1.0006753597408533, "cid": 39501, "event": "vmm-spawn", "host_net_devices_requested": 0, "net_option_present": false, "pid": 794551, "role": "a"}
{"at_s": 1.1076576737686992, "cid": 39502, "event": "staged-guest", "image_bytes": 67108864, "image_sha256": "eacad55f79b005aef4bdc55ce0480c39ed74131b00e7986cbf3378c08ecdc66d", "init_sha256": "2756d6116a3ccf94f85b39ca67fece549b239907154b2f435ee66a7fa78bfb20", "role": "b"}
{"at_s": 1.1083273915573955, "cid": 39502, "event": "vmm-spawn", "host_net_devices_requested": 0, "net_option_present": false, "pid": 794563, "role": "b"}
{"at_s": 6.1919715432450175, "cid": 39501, "elapsed_s": 5.191694922745228, "event": "guest-ready", "lines": ["GUEST_IDENTITY role=a expected_cid=39501 pid=1 source_sha=dc187157c4f7e7faab0ab642582ba3a330a0b82817f36e403cd217d9dc820397 exe=Ok(\"/init\")", "GUEST_UNAME Linux 7.0.0-29-generic x86_64", "GUEST_MODULE_LOAD path=/modules/vsock.ko rc=0 errno=Some(16)", "GUEST_MODULE_LOAD path=/modules/vmw_vsock_virtio_transport_common.ko rc=0 errno=Some(16)", "GUEST_MODULE_LOAD path=/modules/vmw_vsock_virtio_transport.ko rc=0 errno=Some(16)", "GUEST_LOCAL_CID role=a ioctl_rc=0 expected=39501 actual=39501 matched=true", "GUEST_NET_INTERFACES [\"lo\"]", "GUEST_MEMINFO MemTotal:         205424 kB", "GUEST_MODULES vmw_vsock_virtio_transport 20480 0 - Live 0xffffffffc040b000", "GUEST_LISTEN_READY role=a cid=39501 vsock_port=5001 local_http=8080 local_wrapper=8081", "GUEST_TCP_WRAPPER_RESULT role=a passed=true elapsed_us=465 request=\"guest-to-host-a-cid-39501\\n\" reply=\"host-echo-a:guest-to-host-a-cid-39501\\n\"", "GUEST_DENIAL role=a label=unregistered-port cid=2 port=5009 denied=true errno=Some(104) error=Os { code: 104, kind: ConnectionReset, message: \"Connection reset by peer\" } elapsed_us=83", "GUEST_DENIAL role=a label=unregistered-cid cid=49999 port=5001 denied=true errno=None error=Custom { kind: TimedOut, error: \"vsock connect 2s\" } elapsed_us=2002216", "GUEST_ACCEPT_ERROR Resource temporarily unavailable (os error 11)", "GUEST_DENIAL role=a label=sibling-cid cid=39502 port=5001 denied=true errno=None error=Custom { kind: TimedOut, error: \"vsock connect 2s\" } elapsed_us=2002258", "GUEST_PROBE_READY role=a transport_result=true"], "role": "a"}
{"at_s": 6.343562486581504, "cid": 39502, "elapsed_s": 5.2356411358341575, "event": "guest-ready", "lines": ["GUEST_IDENTITY role=b expected_cid=39502 pid=1 source_sha=dc187157c4f7e7faab0ab642582ba3a330a0b82817f36e403cd217d9dc820397 exe=Ok(\"/init\")", "GUEST_UNAME Linux 7.0.0-29-generic x86_64", "GUEST_MODULE_LOAD path=/modules/vsock.ko rc=0 errno=Some(16)", "GUEST_MODULE_LOAD path=/modules/vmw_vsock_virtio_transport_common.ko rc=0 errno=Some(16)", "GUEST_MODULE_LOAD path=/modules/vmw_vsock_virtio_transport.ko rc=0 errno=Some(16)", "GUEST_LOCAL_CID role=b ioctl_rc=0 expected=39502 actual=39502 matched=true", "GUEST_NET_INTERFACES [\"lo\"]", "GUEST_MEMINFO MemTotal:         205424 kB", "GUEST_MODULES vmw_vsock_virtio_transport 20480 0 - Live 0xffffffffc040b000", "GUEST_LISTEN_READY role=b cid=39502 vsock_port=5001 local_http=8080 local_wrapper=8081", "GUEST_TCP_WRAPPER_RESULT role=b passed=true elapsed_us=702 request=\"guest-to-host-b-cid-39502\\n\" reply=\"host-echo-b:guest-to-host-b-cid-39502\\n\"", "GUEST_DENIAL role=b label=unregistered-port cid=2 port=5009 denied=true errno=Some(104) error=Os { code: 104, kind: ConnectionReset, message: \"Connection reset by peer\" } elapsed_us=113", "GUEST_DENIAL role=b label=unregistered-cid cid=49999 port=5001 denied=true errno=None error=Custom { kind: TimedOut, error: \"vsock connect 2s\" } elapsed_us=2002118", "GUEST_ACCEPT_ERROR Resource temporarily unavailable (os error 11)", "GUEST_DENIAL role=b label=sibling-cid cid=39501 port=5001 denied=true errno=None error=Custom { kind: TimedOut, error: \"vsock connect 2s\" } elapsed_us=2002254", "GUEST_PROBE_READY role=b transport_result=true"], "role": "b"}
{"ack": "OK 1073741824\n", "at_s": 6.3488022442907095, "cid": 39501, "elapsed_s": 0.005089300684630871, "event": "host-to-guest-http", "passed": true, "reply": "HTTP/1.1 200 OK\r\nContent-Length: 15\r\nConnection: close\r\n\r\nordinary-http-a", "reply_hex": "485454502f312e3120323030204f4b0d0a436f6e74656e742d4c656e6774683a2031350d0a436f6e6e656374696f6e3a20636c6f73650d0a0d0a6f7264696e6172792d687474702d61", "role": "a"}
{"at_s": 6.349129376001656, "cid": 39501, "denied": true, "event": "host-unregistered-guest-port", "result": {"ack": "", "elapsed_s": 0.00020007044076919556, "passed": false}, "role": "a"}
{"ack": "OK 1073741824\n", "at_s": 6.353997052647173, "cid": 39502, "elapsed_s": 0.0045338040217757225, "event": "host-to-guest-http", "passed": true, "reply": "HTTP/1.1 200 OK\r\nContent-Length: 15\r\nConnection: close\r\n\r\nordinary-http-b", "reply_hex": "485454502f312e3120323030204f4b0d0a436f6e74656e742d4c656e6774683a2031350d0a436f6e6e656374696f6e3a20636c6f73650d0a0d0a6f7264696e6172792d687474702d62", "role": "b"}
{"at_s": 6.354243533685803, "cid": 39502, "denied": true, "event": "host-unregistered-guest-port", "result": {"ack": "", "elapsed_s": 0.00016960501670837402, "passed": false}, "role": "b"}
{"actual_host_bridge_ports_created": 0, "actual_host_taps_created": 0, "actual_linux_microvms": 2, "all_passed": true, "at_s": 6.434150285087526, "configured_memory_mib_per_vm": 256, "configured_vcpu_per_vm": 1, "event": "transport-summary", "scope": "Rust guest AF_VSOCK -> CH userspace virtio-vsock -> owned Unix backend; ordinary TCP applications use explicit loopback wrapper", "unique_guest_cids": [39501, 39502]}
{"at_s": 6.465915936976671, "event": "owned-process-stopped", "pid": 794563, "returncode": 0}
{"at_s": 6.497612634673715, "event": "owned-process-stopped", "pid": 794551, "returncode": 0}
{"at_s": 6.529034218750894, "event": "owned-process-stopped", "pid": 794546, "returncode": 0}
{"at_s": 6.530196327716112, "event": "owned-process-stopped", "pid": 794543, "returncode": -15}
{"at_s": 6.5304300002753735, "event": "owned-path-removed", "path": "/run/v295-794479/va_5000"}
{"at_s": 6.530499865300953, "event": "owned-path-removed", "path": "/run/v295-794479/vb_5000"}
{"at_s": 6.530581558123231, "event": "owned-path-removed", "path": "/run/v295-794479/api-a.lock"}
{"at_s": 6.530617902986705, "event": "owned-path-removed", "path": "/run/v295-794479/api-b.lock"}
{"at_s": 6.5322200441733, "event": "owned-path-removed", "path": "/home/ubuntu/overdrive/spike-scratch/netns-density-295-shared-memory-vsock/out/increment-04-native-20261004T0951Z/guest-a.ext4"}
{"at_s": 6.534340736456215, "event": "owned-path-removed", "path": "/home/ubuntu/overdrive/spike-scratch/netns-density-295-shared-memory-vsock/out/increment-04-native-20261004T0951Z/guest-b.ext4"}
{"at_s": 6.534397360868752, "event": "owned-uds-directory-removed", "path": "/run/v295-794479"}
{"administrative_configuration_matched": true, "at_s": 6.590346021577716, "different_keys": [], "event": "cleanup", "foreign_modules_unloaded": false, "new_host_netdevices_requested": 0, "owned_processes_alive": [], "owned_uds_remaining": [], "sysctls_tuned": false}
{"at_s": 6.590378470718861, "event": "final", "passed": true, "wall_s": 6.590377368964255}
{"launcher_rc": 0, "wall_s": 43.29765291599324}
