    Finished `dev` profile [unoptimized + debuginfo] target(s) in 0.24s
     Running `target/debug/xtask metal run -- bash spike-scratch/increment-v-part-b-production-core-netns-density-295-20260916T002721Z/run.sh`
/usr/bin/ssh
xtask: running metal run (one bootstrap lease session)

########## [bootstrap] preflight: ssh to ubuntu@151.115.99.251

########## [bootstrap] remote user=ubuntu home=/home/ubuntu sudo='sudo -n'

########## [bootstrap] acquire canonical metal lease (/run/lock/overdrive-metal-shared.lock)
OVERDRIVE_METAL_LEASE_ACQUIRED token=34ccd7dd4db5c3e7394beb27 pid=2822151

########## [bootstrap] sync /Users/marcus/conductor/workspaces/helios/khartoum-v1 -> ubuntu@151.115.99.251:/home/ubuntu/overdrive

sent 254,068 bytes  received 50,066 bytes  202,756.00 bytes/sec
total size is 314,166,313  speedup is 1,032.99

########## [bootstrap] fail-closed native x86_64/KVM preflight
SPIKE_RUN=/var/tmp/gh295b.2OLXjTrF
START=2026-09-16T00:38:29Z
SOURCE_SHA=ac20c948f8c07eb8a7551a1510be2dcf8f4659d9255c2363917df666f81d08f9
7.0.0-29-generic
x86_64
none
cloud-hypervisor v53.0
Migration Protocol Versions: 0
BPF_OBJECT_OVERRIDE=/home/ubuntu/overdrive/target/bpf/overdrive_bpf.o (linked crate build requirement only; this probe executes the mTLS module, not the embedded BPF object)
COMMAND build production-linked host and static credential-free guest
    Updating crates.io index
     Locking 353 packages to latest Rust 1.95.0 compatible versions
      Adding generic-array v0.14.7 (available: v0.14.9)
   Compiling aws-lc-rs v1.18.1
   Compiling aws-lc-sys v0.45.0
   Compiling idna v1.1.0
   Compiling color-eyre v0.6.5
   Compiling x509-parser v0.18.1
   Compiling libsql-ffi v0.4.1
   Compiling rand_chacha v0.3.1
   Compiling rtnetlink v0.23.0
   Compiling redb v2.6.3
   Compiling fs-err v3.3.1
   Compiling aya v0.13.1
   Compiling overdrive-dataplane v0.0.0 (/home/ubuntu/overdrive/crates/overdrive-dataplane)
   Compiling rustls v0.23.45
   Compiling clap v4.6.7
   Compiling ethtool v0.2.9
   Compiling tower v0.5.3
   Compiling serde_urlencoded v0.7.1
   Compiling serde_path_to_error v0.1.20
   Compiling matchit v0.7.3
   Compiling rand v0.10.2
   Compiling rand v0.8.8
   Compiling libsql-sys v0.7.0
   Compiling axum v0.7.9
   Compiling url v2.5.8
   Compiling arc-swap v1.9.2
   Compiling tokio-stream v0.1.19
   Compiling linux-keyutils v0.2.5
   Compiling async-stream-impl v0.3.6
   Compiling hostname v0.4.2
   Compiling tinyvec v1.13.3
   Compiling overdrive-netlink v0.0.0 (/home/ubuntu/overdrive/crates/overdrive-netlink)
   Compiling overdrive-host v0.0.0 (/home/ubuntu/overdrive/crates/overdrive-host)
   Compiling async-stream v0.3.6
   Compiling libsql v0.5.0
   Compiling overdrive-reconcilers v0.0.0 (/home/ubuntu/overdrive/crates/overdrive-reconcilers)
   Compiling hickory-proto v0.26.3
   Compiling fastrand v2.5.0
   Compiling tempfile v3.27.0
   Compiling rustls-webpki v0.103.15
   Compiling utoipa-axum v0.1.3
   Compiling tokio-rustls v0.26.5
   Compiling overdrive-store-local v0.0.0 (/home/ubuntu/overdrive/crates/overdrive-store-local)
   Compiling axum-server v0.7.3
   Compiling overdrive-worker v0.0.0 (/home/ubuntu/overdrive/crates/overdrive-worker)
   Compiling overdrive-control-plane v0.0.0 (/home/ubuntu/overdrive/crates/overdrive-control-plane)
   Compiling overdrive-sim v0.0.0 (/home/ubuntu/overdrive/crates/overdrive-sim)
   Compiling netns-density-295-part-b v0.0.0 (/home/ubuntu/overdrive/spike-scratch/increment-v-part-b-production-core-netns-density-295-20260916T002721Z)
error[E0432]: unresolved import `overdrive_core::ServiceId`
  --> host.rs:24:44
   |
24 | use overdrive_core::{AllocationId, NodeId, ServiceId, SpiffeId, WorkloadId};
   |                                            ^^^^^^^^^ no `ServiceId` in the root

error[E0284]: type annotations needed
  --> host.rs:99:31
   |
99 |     assert_eq!(original, PEER.parse().unwrap());
   |                               ^^^^^ cannot infer type of the type parameter `F` declared on the method `parse`
   |
   = note: cannot satisfy `<_ as FromStr>::Err == _`
help: consider specifying the generic argument
   |
99 |     assert_eq!(original, PEER.parse::<F>().unwrap());
   |                                    +++++

error[E0283]: type annotations needed
  --> host.rs:99:31
   |
99 |     assert_eq!(original, PEER.parse().unwrap());
   |     --------------------------^^^^^------------
   |     |                         |
   |     |                         cannot infer type of the type parameter `F` declared on the method `parse`
   |     type must be known at this point
   |
   = note: multiple `impl`s satisfying `SocketAddrV4: PartialEq<_>` found in the following crates: `core`, `rkyv`:
           - impl PartialEq for SocketAddrV4;
           - impl PartialEq<rkyv::net::ArchivedSocketAddrV4> for SocketAddrV4;
help: consider specifying the generic argument
   |
99 |     assert_eq!(original, PEER.parse::<F>().unwrap());
   |                                    +++++

Some errors have detailed explanations: E0283, E0284, E0432.
For more information about an error, try `rustc --explain E0283`.
error: could not compile `netns-density-295-part-b` (bin "host") due to 3 previous errors
xtask failed: 
   0: [91mmetal run (one bootstrap lease session) failed with exit status: 101[0m

Location:
   [35mxtask/src/main.rs[0m:[35m1261[0m

Backtrace omitted. Run with RUST_BACKTRACE=1 environment variable to display it.
Run with RUST_BACKTRACE=full to include source snippets.
