/usr/bin/ssh

########## [bootstrap] preflight: ssh to <redacted-metal-target>

########## [bootstrap] remote user=ubuntu home=<metal-home> sudo='sudo -n'

########## [bootstrap] acquire canonical metal lease (/run/lock/overdrive-metal-shared.lock)
OVERDRIVE_METAL_LEASE_ACQUIRED token=07d28fef5005764a34f2f339 pid=272702

########## [bootstrap] sync /Users/marcus/conductor/workspaces/helios/bordeaux-v2 -> <redacted-metal-target>:<metal-home>/overdrive
cannot delete non-empty directory: spike-scratch/increment-u-netns-density-295-default-offload-20260913T2302
cannot delete non-empty directory: spike-scratch/increment-t-netns-density-295-bridge-local-20260913T2259
cannot delete non-empty directory: spike-scratch/increment-s-netns-density-295-bridge-dns-20260913T2257
cannot delete non-empty directory: spike-scratch/increment-r-netns-density-295-offload-20260913T2254
cannot delete non-empty directory: spike-scratch/increment-q-netns-density-295-broute-host-20260913T2252
cannot delete non-empty directory: spike-scratch/increment-p-netns-density-295-metal-20260913T2237

sent 893,502 bytes  received 844,730 bytes  139,058.56 bytes/sec
total size is 157,772,809  speedup is 90.77

########## [bootstrap] fail-closed native x86_64/KVM preflight

=== substrate probes ===
uname -m: x86_64
uname -r: 7.0.0-29-generic
systemd-detect-virt: none (exit 1)
cpu vmx/svm flag count: 16
cpu aes flag count: 16
crw-rw---- 1 root kvm 10, 232 Sep 29 09:44 /dev/kvm
KVM_GET_API_VERSION=12 KVM_CREATE_VM=ok
model name	: AMD EPYC 8024P 8-Core Processor
16

=== Firecracker v1.17.0 (Spike A2 binary, must be unchanged) ===
99ad0f5cd0514a88aad0e9ae8cfdb3cc3b4ab9d190e1194602406c786b5de7a5  <metal-home>/igkm-spike-a/firecracker/v1.17.0/release-v1.17.0-x86_64/firecracker-v1.17.0-x86_64
Firecracker v1.17.0

=== Unikraft / lib-lwip / Mbed TLS trees (Spikes A3 and B) ===
unikraft         HEAD=eb8fa2368618cea11c9bde196f79e6e6b9caeed5 dirty=0
lib-lwip         HEAD=ec55ae17618feeb57c8c10109bcf5c42723e8e95 dirty=0
--- unikraft worktrees
<metal-home>/igkm-spike-a/unikraft/unikraft       eb8fa236 (detached HEAD)
<metal-home>/igkm-spike-a/unikraft/unikraft-igkmd eb8fa236 (detached HEAD)
--- Spike B worktree unikraft-igkmd: diff --stat vs its HEAD (must be patches 0001+0002 only)
eb8fa2368618cea11c9bde196f79e6e6b9caeed5
 lib/posix-socket/exportsyms.uk       |  2 ++
 lib/posix-socket/include/uk/socket.h | 24 ++++++++++++++++++++++++
 lib/posix-socket/socket.c            | 23 +++++++++++++++++++++++
 3 files changed, 49 insertions(+)
--- lib-lwip worktrees
<metal-home>/igkm-spike-a/unikraft/lib-lwip ec55ae1 (detached HEAD)
<metal-home>/igkm-spike-a/unikraft/app-igkmc
<metal-home>/igkm-spike-a/unikraft/app-igkmd
<metal-home>/igkm-spike-a/unikraft/build-igkmc
<metal-home>/igkm-spike-a/unikraft/build-igkmd
<metal-home>/igkm-spike-a/unikraft/igkmc-defconfig.log
<metal-home>/igkm-spike-a/unikraft/igkmc-make.log
<metal-home>/igkm-spike-a/unikraft/igkmd-defconfig.log
<metal-home>/igkm-spike-a/unikraft/igkmd-make.log
<metal-home>/igkm-spike-a/unikraft/lib-lwip
<metal-home>/igkm-spike-a/unikraft/lib-mtlsguard
<metal-home>/igkm-spike-a/unikraft/mbedtls
<metal-home>/igkm-spike-a/unikraft/out
<metal-home>/igkm-spike-a/unikraft/out-igkmd
<metal-home>/igkm-spike-a/unikraft/tools
<metal-home>/igkm-spike-a/unikraft/unikraft
<metal-home>/igkm-spike-a/unikraft/unikraft-igkmd
total 5352
drwxrwxr-x 17 ubuntu ubuntu    4096 Sep 28 20:21 mbedtls-3.6.7
-rw-rw-r--  1 ubuntu ubuntu 5473689 Sep 28 20:21 mbedtls-3.6.7.tar.bz2
a7e8bcbec0e6f761b4af24f25677626b35f762f68eef79c08677a363212d11f6  <metal-home>/igkm-spike-a/unikraft/mbedtls/mbedtls-3.6.7.tar.bz2
bison
flex
flex++
m4
yacc
1.1G	<metal-home>/igkm-spike-a

=== Rust toolchain + spike-private CARGO_HOME ===
rustc 1.95.0 (59807616e 2026-04-14)
cargo 1.95.0 (f2d3ce0bd 2026-03-21)
48M	<metal-home>/igkm-spike-a/cargo-home
<metal-home>/igkm-spike-a/cargo-home/registry/src/index.crates.io-1949cf8c6b5b557f/ring-0.17.14
<metal-home>/igkm-spike-a/cargo-home/registry/src/index.crates.io-1949cf8c6b5b557f/rustls-0.23.45

=== capture and diagnostic tooling ===
tcpdump  /usr/bin/tcpdump
ss       /usr/bin/ss
ip       /usr/sbin/ip
python3  /usr/bin/python3
openssl  /usr/bin/openssl
gcc      /usr/bin/gcc
make     /usr/bin/make
curl     /usr/bin/curl
bzip2    /usr/bin/bzip2
tar      /usr/bin/tar
tcpdump version 4.99.6
libpcap version 1.10.6 (64-bit time_t, with TPACKET_V3)
Python 3.14.4

=== tap name / subnet / port availability (increment-e uses igkme0, 192.168.204.0/24) ===
igkme0 present: no
192.168.204.x on host: 0
no listener on 5001/6443-6450
firecracker processes: []

=== verdict ===
SUBSTRATE OK
