/usr/bin/ssh

########## [bootstrap] preflight: ssh to <redacted-metal-target>

########## [bootstrap] remote user=ubuntu home=<metal-home> sudo='sudo -n'

########## [bootstrap] acquire canonical metal lease (/run/lock/overdrive-metal-shared.lock)
OVERDRIVE_METAL_LEASE_ACQUIRED token=2e2ff8627e62f6b1c553625a pid=273550

########## [bootstrap] sync /Users/marcus/conductor/workspaces/helios/bordeaux-v2 -> <redacted-metal-target>:<metal-home>/overdrive
cannot delete non-empty directory: spike-scratch/increment-u-netns-density-295-default-offload-20260913T2302
cannot delete non-empty directory: spike-scratch/increment-t-netns-density-295-bridge-local-20260913T2259
cannot delete non-empty directory: spike-scratch/increment-s-netns-density-295-bridge-dns-20260913T2257
cannot delete non-empty directory: spike-scratch/increment-r-netns-density-295-offload-20260913T2254
cannot delete non-empty directory: spike-scratch/increment-q-netns-density-295-broute-host-20260913T2252
cannot delete non-empty directory: spike-scratch/increment-p-netns-density-295-metal-20260913T2237

sent 219,134 bytes  received 2,316 bytes  49,211.11 bytes/sec
total size is 158,005,299  speedup is 713.50

########## [bootstrap] fail-closed native x86_64/KVM preflight

##### [build-host] toolchain  (10:16:21)
root-owned entries in the shared ~/.cargo/registry (first 3): <metal-home>/.cargo/registry <metal-home>/.cargo/registry/CACHEDIR.TAG <metal-home>/.cargo/registry/index 
CARGO_HOME=<metal-home>/igkm-spike-a/cargo-home RUSTUP_HOME=<metal-home>/.rustup
rustc 1.95.0 (59807616e 2026-04-14)
cargo 1.95.0 (f2d3ce0bd 2026-03-21)
d14f3d117a5160a6c5870d17eeea0b3ea362b02156853f64259f503fd3b08d3f  Cargo.toml
0855e58e83e67e3ec22d29686df0dcd9679ca6f8de36445a6c9e0955dae32813  Cargo.lock
311aa54e668ddedaf8fb06f8e506f0e45159920babebe2751e271b8c87d8a5f0  src/lib.rs
779aa25aa07f3f8826f1e3d4fb43ad6744ec90f77ce52f4d3e2763571185bd9b  src/bin/gencerts.rs
b3b1ad7678a2b152e2fea325ab20e04f1315b0ee64521f939b642318ab52f7d7  src/bin/inclient.rs
67e34e906488f56bd266e7a94bc3cc168a409c59a570f7b262199bac69584e6d  src/bin/peer.rs
bba76cfea1c996460af5812b88b3ab3e033b64d42531039cdf949660d21ae898  src/bin/relay.rs

##### [build-host] pinned crate versions (Cargo.lock)  (10:16:21)
  rcgen 0.14.10
  ring 0.17.14
  rustls 0.23.45
  rustls-pki-types 1.15.1
  rustls-webpki 0.103.15
  time 0.3.55
  x509-parser 0.18.1

##### [build-host] cargo build --release --locked  (10:16:21)
   Compiling proc-macro2 v1.0.107
   Compiling unicode-ident v1.0.26
   Compiling quote v1.0.47
   Compiling autocfg v1.5.1
   Compiling shlex v2.0.1
   Compiling num-conv v0.2.2
   Compiling find-msvc-tools v0.1.14
   Compiling time-core v0.1.9
   Compiling libc v0.2.189
   Compiling powerfmt v0.2.0
   Compiling deranged v0.5.8
   Compiling memchr v2.8.3
   Compiling thiserror v2.0.21
   Compiling minimal-lexical v0.2.1
   Compiling cfg-if v1.0.5
   Compiling zeroize v1.9.0
   Compiling untrusted v0.9.0
   Compiling cc v1.5.1
   Compiling oid-registry v0.8.1
   Compiling rustls v0.23.45
   Compiling time-macros v0.2.32
   Compiling base64 v0.23.1
   Compiling once_cell v1.21.4
   Compiling subtle v2.6.1
   Compiling rustls-pki-types v1.15.1
   Compiling data-encoding v2.11.1
   Compiling lazy_static v1.5.0
   Compiling log v0.4.34
   Compiling num-traits v0.2.19
   Compiling pem v4.0.0
   Compiling nom v7.1.3
   Compiling syn v2.0.119
   Compiling syn v3.0.6
   Compiling num-integer v0.1.47
   Compiling ring v0.17.14
   Compiling time v0.3.55
   Compiling getrandom v0.2.17
   Compiling num-bigint v0.4.8
   Compiling rusticata-macros v4.1.0
   Compiling thiserror-impl v2.0.21
   Compiling displaydoc v0.2.7
   Compiling yasna v0.6.0
   Compiling synstructure v0.13.2
   Compiling asn1-rs-derive v0.6.0
   Compiling asn1-rs-impl v0.2.0
   Compiling asn1-rs v0.7.2
   Compiling der-parser v10.0.0
   Compiling x509-parser v0.18.1
   Compiling rustls-webpki v0.103.15
   Compiling rcgen v0.14.10
   Compiling igkme-host v0.0.0 (<metal-home>/overdrive/spike-scratch/in-guest-kernel-mtls/increment-e/host)
    Finished `release` profile [optimized] target(s) in 14.03s
474474cfb00e3a77b764b721fa5ea70a1b15374231a56cdb7d896aeefbbf7d4f  <metal-home>/igkm-spike-a/igkme-host-target/release/gencerts
660d3df09d06788fb62d80f8515886f3165de977dc0d9b23aec3c0da8ae347db  <metal-home>/igkm-spike-a/igkme-host-target/release/peer
ad9c0b483db3702f6be04d1ce394d50b6e1b94633c560f460e626e9873b5cad4  <metal-home>/igkm-spike-a/igkme-host-target/release/relay
da30d240aac45c2dad035b67ec6ebc2e39ca6ed469f86ffd829667fa179083b4  <metal-home>/igkm-spike-a/igkme-host-target/release/inclient

##### [build-host] test PKI -> <metal-home>/overdrive/spike-scratch/in-guest-kernel-mtls/increment-e/out/certs  (10:16:35)
GENCERTS: client.pem spiffe=spiffe://overdrive.test/ns/default/sa/guest-client server=false validity=2026-09-27..2026-10-28 der_len=461
GENCERTS: peer-allowed.pem spiffe=spiffe://overdrive.test/ns/default/sa/peer-allowed server=true validity=2026-09-27..2026-10-28 der_len=465
GENCERTS: peer-denied.pem spiffe=spiffe://overdrive.test/ns/default/sa/peer-denied server=true validity=2026-09-27..2026-10-28 der_len=464
GENCERTS: guest-server.pem spiffe=spiffe://overdrive.test/ns/default/sa/guest-server server=true validity=2026-09-27..2026-10-28 der_len=465
GENCERTS: peer-client.pem spiffe=spiffe://overdrive.test/ns/default/sa/peer-client server=false validity=2026-09-27..2026-10-28 der_len=459
GENCERTS: peer-client-denied.pem spiffe=spiffe://overdrive.test/ns/default/sa/peer-client-denied server=false validity=2026-09-27..2026-10-28 der_len=471
GENCERTS: ca.pem CN=igkm-e spike test CA
total 56
-rw------- 1 ubuntu ubuntu 241 Sep 29 10:16 ca.key
-rw-rw-r-- 1 ubuntu ubuntu 627 Sep 29 10:16 ca.pem
-rw------- 1 ubuntu ubuntu 241 Sep 29 10:16 client.key
-rw-rw-r-- 1 ubuntu ubuntu 680 Sep 29 10:16 client.pem
-rw------- 1 ubuntu ubuntu 241 Sep 29 10:16 guest-server.key
-rw-rw-r-- 1 ubuntu ubuntu 684 Sep 29 10:16 guest-server.pem
-rw------- 1 ubuntu ubuntu 241 Sep 29 10:16 peer-allowed.key
-rw-rw-r-- 1 ubuntu ubuntu 684 Sep 29 10:16 peer-allowed.pem
-rw------- 1 ubuntu ubuntu 241 Sep 29 10:16 peer-client-denied.key
-rw-rw-r-- 1 ubuntu ubuntu 692 Sep 29 10:16 peer-client-denied.pem
-rw------- 1 ubuntu ubuntu 241 Sep 29 10:16 peer-client.key
-rw-rw-r-- 1 ubuntu ubuntu 676 Sep 29 10:16 peer-client.pem
-rw------- 1 ubuntu ubuntu 241 Sep 29 10:16 peer-denied.key
-rw-rw-r-- 1 ubuntu ubuntu 684 Sep 29 10:16 peer-denied.pem
--- ca.pem
No extensions in certificate
subject=CN=igkm-e spike test CA
issuer=CN=igkm-e spike test CA
notBefore=Sep 27 00:00:00 2026 GMT
notAfter=Oct 28 00:00:00 2026 GMT
sha256 Fingerprint=0A:09:E0:BF:33:EE:70:3D:FD:9B:1A:2B:51:00:8C:C7:8D:F9:C2:AF:30:55:5B:2D:F5:5A:07:59:0E:7B:EB:80
--- client.pem
subject=CN=igkm-e guest-client
issuer=CN=igkm-e spike test CA
notBefore=Sep 27 00:00:00 2026 GMT
notAfter=Oct 28 00:00:00 2026 GMT
X509v3 Subject Alternative Name: 
    URI:spiffe://overdrive.test/ns/default/sa/guest-client
X509v3 Extended Key Usage: 
    TLS Web Client Authentication
sha256 Fingerprint=0F:0E:B6:C9:33:9E:5F:A2:1F:C1:00:D7:F5:8C:6C:5C:FF:08:35:1C:8B:45:E2:E4:E7:05:71:59:46:32:B5:1D
--- peer-allowed.pem
subject=CN=igkm-e peer-allowed
issuer=CN=igkm-e spike test CA
notBefore=Sep 27 00:00:00 2026 GMT
notAfter=Oct 28 00:00:00 2026 GMT
X509v3 Subject Alternative Name: 
    URI:spiffe://overdrive.test/ns/default/sa/peer-allowed, IP Address:192.168.204.1
X509v3 Extended Key Usage: 
    TLS Web Server Authentication
sha256 Fingerprint=3A:65:53:50:B9:76:DE:93:E9:55:BC:EE:73:89:C6:AD:09:D8:5D:87:31:37:65:7A:37:92:35:F2:8C:04:82:97
--- peer-denied.pem
subject=CN=igkm-e peer-denied
issuer=CN=igkm-e spike test CA
notBefore=Sep 27 00:00:00 2026 GMT
notAfter=Oct 28 00:00:00 2026 GMT
X509v3 Subject Alternative Name: 
    URI:spiffe://overdrive.test/ns/default/sa/peer-denied, IP Address:192.168.204.1
X509v3 Extended Key Usage: 
    TLS Web Server Authentication
sha256 Fingerprint=D9:C9:65:D7:B3:43:12:02:FB:4A:5C:44:1F:D6:70:A3:E4:48:E4:13:9E:2F:F6:27:63:1B:06:6A:2D:8D:87:76
--- guest-server.pem
subject=CN=igkm-e guest-server
issuer=CN=igkm-e spike test CA
notBefore=Sep 27 00:00:00 2026 GMT
notAfter=Oct 28 00:00:00 2026 GMT
X509v3 Subject Alternative Name: 
    URI:spiffe://overdrive.test/ns/default/sa/guest-server, IP Address:192.168.204.2
X509v3 Extended Key Usage: 
    TLS Web Server Authentication
sha256 Fingerprint=6C:9B:EB:4C:97:BB:85:43:49:C3:50:47:E1:81:F6:5B:44:89:D8:AD:32:11:49:40:97:19:2E:33:0F:FB:9D:43
--- peer-client.pem
subject=CN=igkm-e peer-client
issuer=CN=igkm-e spike test CA
notBefore=Sep 27 00:00:00 2026 GMT
notAfter=Oct 28 00:00:00 2026 GMT
X509v3 Subject Alternative Name: 
    URI:spiffe://overdrive.test/ns/default/sa/peer-client
X509v3 Extended Key Usage: 
    TLS Web Client Authentication
sha256 Fingerprint=C4:F8:FD:D2:3A:31:56:DE:56:17:FB:29:1E:6A:AD:36:C1:DF:01:95:27:80:C9:CA:7B:C4:6B:61:93:2C:F6:04
--- peer-client-denied.pem
subject=CN=igkm-e peer-client-denied
issuer=CN=igkm-e spike test CA
notBefore=Sep 27 00:00:00 2026 GMT
notAfter=Oct 28 00:00:00 2026 GMT
X509v3 Subject Alternative Name: 
    URI:spiffe://overdrive.test/ns/default/sa/peer-client-denied
X509v3 Extended Key Usage: 
    TLS Web Client Authentication
sha256 Fingerprint=73:A5:1E:2C:66:CA:70:48:92:04:28:28:50:97:44:9F:57:C8:CF:CB:34:FC:AC:4B:CF:3F:34:5A:48:0C:E4:59
--- chain check
<metal-home>/overdrive/spike-scratch/in-guest-kernel-mtls/increment-e/out/certs/client.pem: OK
<metal-home>/overdrive/spike-scratch/in-guest-kernel-mtls/increment-e/out/certs/peer-allowed.pem: OK
<metal-home>/overdrive/spike-scratch/in-guest-kernel-mtls/increment-e/out/certs/peer-denied.pem: OK
<metal-home>/overdrive/spike-scratch/in-guest-kernel-mtls/increment-e/out/certs/guest-server.pem: OK
<metal-home>/overdrive/spike-scratch/in-guest-kernel-mtls/increment-e/out/certs/peer-client.pem: OK
<metal-home>/overdrive/spike-scratch/in-guest-kernel-mtls/increment-e/out/certs/peer-client-denied.pem: OK
--- client key (held by the relay only): type and sha256 of the PKCS#8 DER
Private-Key: (256 bit)
47afc7db3064d7f6af8911c0644a3ccc5287f225088e6240e5d0b650e2582780  -
--- guest-server key (held by the relay only): type and sha256 of the PKCS#8 DER
Private-Key: (256 bit)
5931fa7c9523d5c3f5c24287a339559099bf314f25b73d0b0340446d8ad3fbbe  -
