/usr/bin/ssh

########## [bootstrap] preflight: ssh to <redacted-metal-target>

########## [bootstrap] remote user=ubuntu home=<metal-home> sudo='sudo -n'

########## [bootstrap] acquire canonical metal lease (/run/lock/overdrive-metal-shared.lock)
OVERDRIVE_METAL_LEASE_ACQUIRED token=a5e509f85191f93ceaa928ca pid=287587

########## [bootstrap] sync /Users/marcus/conductor/workspaces/helios/bordeaux-v2 -> <redacted-metal-target>:<metal-home>/overdrive
cannot delete non-empty directory: spike-scratch/increment-u-netns-density-295-default-offload-20260913T2302
cannot delete non-empty directory: spike-scratch/increment-t-netns-density-295-bridge-local-20260913T2259
cannot delete non-empty directory: spike-scratch/increment-s-netns-density-295-bridge-dns-20260913T2257
cannot delete non-empty directory: spike-scratch/increment-r-netns-density-295-offload-20260913T2254
cannot delete non-empty directory: spike-scratch/increment-q-netns-density-295-broute-host-20260913T2252
cannot delete non-empty directory: spike-scratch/increment-p-netns-density-295-metal-20260913T2237

sent 319,734 bytes  received 2,136 bytes  128,748.00 bytes/sec
total size is 158,817,455  speedup is 493.42

########## [bootstrap] fail-closed native x86_64/KVM preflight
uname -r:                     7.0.0-29-generic
firecracker processes:        []
jailer processes:             []
peer/relay/inclient procs:    []
tcpdump processes:            []
listener processes (A-A3):    []
igk* links on host:           []
tun/tap links on host:        []
192.168.203.x/204.x on host:  0
listeners 5001/6443-6450/7100: []
unix sockets under scratch:   0
per-run dirs left:            none
root-owned files in scratch:  0
root-owned files in increment-d: 0
root-owned files in increment-e: 0
unikraft worktrees:
<metal-home>/igkm-spike-a/unikraft/unikraft       eb8fa236 (detached HEAD)
<metal-home>/igkm-spike-a/unikraft/unikraft-igkmd eb8fa236 (detached HEAD)
<metal-home>/igkm-spike-a/unikraft/unikraft-igkme eb8fa236 (detached HEAD)
lib-lwip worktrees:
<metal-home>/igkm-spike-a/unikraft/lib-lwip       ec55ae1 (detached HEAD)
<metal-home>/igkm-spike-a/unikraft/lib-lwip-igkme ec55ae1 (detached HEAD)
pristine clones clean: unikraft dirty=0 lib-lwip dirty=0
Spike B worktree unikraft-igkmd diff --stat (must be 0001+0002 only):
 lib/posix-socket/exportsyms.uk       |  2 ++
 lib/posix-socket/include/uk/socket.h | 24 ++++++++++++++++++++++++
 lib/posix-socket/socket.c            | 23 +++++++++++++++++++++++
 3 files changed, 49 insertions(+)
retained user-owned trees (outside ~/overdrive):
1.4G	<metal-home>/igkm-spike-a
3.9M	<metal-home>/igkm-spike-a/bin
48M	<metal-home>/igkm-spike-a/cargo-home
58M	<metal-home>/igkm-spike-a/firecracker
163M	<metal-home>/igkm-spike-a/igkmd-host-target
163M	<metal-home>/igkm-spike-a/igkme-host-target
192M	<metal-home>/igkm-spike-a/nanos
52K	<metal-home>/igkm-spike-a/nanos-make-kernel.log
4.0K	<metal-home>/igkm-spike-a/nanos-make-mkfs.log
175M	<metal-home>/igkm-spike-a/nanos-pvhfix
56K	<metal-home>/igkm-spike-a/nanos-pvhfix-make.log
4.0K	<metal-home>/igkm-spike-a/nanos-pvhfix-sockdebug-make.log
6.9M	<metal-home>/igkm-spike-a/out
68M	<metal-home>/igkm-spike-a/src
540M	<metal-home>/igkm-spike-a/unikraft
60K	<metal-home>/igkm-spike-a/unikraft/app-igkmc
60K	<metal-home>/igkm-spike-a/unikraft/app-igkmd
76K	<metal-home>/igkm-spike-a/unikraft/app-igkme
101M	<metal-home>/igkm-spike-a/unikraft/build-igkmc
105M	<metal-home>/igkm-spike-a/unikraft/build-igkmd
110M	<metal-home>/igkm-spike-a/unikraft/build-igkme
4.0K	<metal-home>/igkm-spike-a/unikraft/igkmc-defconfig.log
16K	<metal-home>/igkm-spike-a/unikraft/igkmc-make.log
4.0K	<metal-home>/igkm-spike-a/unikraft/igkmd-defconfig.log
16K	<metal-home>/igkm-spike-a/unikraft/igkmd-make.log
4.0K	<metal-home>/igkm-spike-a/unikraft/igkme-defconfig.log
16K	<metal-home>/igkm-spike-a/unikraft/igkme-make.log
992K	<metal-home>/igkm-spike-a/unikraft/lib-lwip
528K	<metal-home>/igkm-spike-a/unikraft/lib-lwip-igkme
52K	<metal-home>/igkm-spike-a/unikraft/lib-mtlsguard
76K	<metal-home>/igkm-spike-a/unikraft/lib-mtlsguard-igkme
57M	<metal-home>/igkm-spike-a/unikraft/mbedtls
4.4M	<metal-home>/igkm-spike-a/unikraft/out
4.7M	<metal-home>/igkm-spike-a/unikraft/out-igkmd
5.1M	<metal-home>/igkm-spike-a/unikraft/out-igkme
98M	<metal-home>/igkm-spike-a/unikraft/tools
24M	<metal-home>/igkm-spike-a/unikraft/unikraft
17M	<metal-home>/igkm-spike-a/unikraft/unikraft-igkmd
17M	<metal-home>/igkm-spike-a/unikraft/unikraft-igkme
