    Finished `dev` profile [unoptimized + debuginfo] target(s) in 0.06s
     Running `target/debug/xtask metal run -- python3 spike-scratch/increment-y-netns-density-295-persistent-fd-tap/spike.py`
/usr/bin/ssh
xtask: running metal run (one bootstrap lease session)

########## [bootstrap] preflight: ssh to ubuntu@151.115.99.251

########## [bootstrap] remote user=ubuntu home=/home/ubuntu sudo='sudo -n'

########## [bootstrap] acquire canonical metal lease (/run/lock/overdrive-metal-shared.lock)
OVERDRIVE_METAL_LEASE_ACQUIRED token=7994fd7840a1678be1ad27d1 pid=20681

########## [bootstrap] sync /Users/marcus/conductor/workspaces/helios/wellington-v2 -> ubuntu@151.115.99.251:/home/ubuntu/overdrive

sent 165,117 bytes  received 8,632 bytes  115,832.67 bytes/sec
total size is 263,186,440  speedup is 1,514.75

########## [bootstrap] fail-closed native x86_64/KVM preflight
[+ 0.000100] PREFLIGHT BEGIN
[+ 0.059086] ENV variant=main launcher_flags=0x5002
[+ 0.061961] ENV uname=Linux 7.0.0-29-generic x86_64 GNU/Linux
[+ 0.061980] ENV systemd_detect_virt=none
[+ 0.061985] ENV cloud_hypervisor_path=/usr/local/bin/cloud-hypervisor
[+ 0.063256] ENV cloud_hypervisor_version=cloud-hypervisor v53.0
[+ 0.064262] ENV ethtool_version=ethtool version 6.19
[+ 0.064288] ENV kernel=/srv/vm/overdrive-testing/kernel rootfs=/srv/vm/overdrive-testing/rootfs.ext4
[+ 0.067208] ENV parent_identity=uid=0(root) gid=0(root) groups=0(root)
[+ 0.067223] ENV names tap=pftap5227 scratch=pfx5227 bridge=pfbr5227 nft=pfguard5227 run_dir=/run/overdrive/vm/pf-tap-5227 cgroup=/sys/fs/cgroup/overdrive.slice/workloads.slice/pf-tap-5227.scope work=/srv/vm/overdrive-testing/pf-tap-5227
[+ 0.067230] ENV before_cloud_hypervisor_pids=[]
[+ 0.067235] PREFLIGHT RESULT=PASS native root x86_64 metal, no pre-existing exact resources
[+ 0.067241] SQ BEGIN
[+ 0.067244] SQ hypothesis=a single-queue persistent TAP admits exactly one attached queue fd; TUN_FEATURES follow the last attacher
[+ 0.067247] SQ prediction=attach while creator fd open -> EBUSY; after close ok; re-TUNSETIFF on an attached fd -> EEXIST; IFF_VNET_HDR in sysfs tun_flags equals the last attacher's request and survives detach
[+ 0.067250] SQ falsification=attach succeeds while another queue fd is attached, or tun_flags does not track the attacher's flags
[+ 0.086927] SQ creator_held_snapshot={"address": "c2:dc:cb:f9:95:4c", "carrier": "errno=22(EINVAL) Invalid argument", "exists": true, "fdinfo_scanned": 668, "flags": ["BROADCAST", "MULTICAST"], "group": "-1", "holders": [[21031, 3, "python3"]], "ifindex": 58838, "info_data": {"multi_queue": false, "persist": true, "pi": false, "type": "tap", "user": 4200, "vnet_hdr": false}, "master": null, "mtu": 1500, "offload": {"generic-receive-offload": "on", "generic-segmentation-offload": "on", "rx-checksumming": "off [fixed]", "scatter-gather": "on", "tcp-segmentation-offload": "off", "tx-checksum-ip-generic": "off", "tx-checksumming": "off", "tx-udp-segmentation": "off", "udp-fragmentation-offload": "?"}, "offload_digest": "ade987468d95cae7", "operstate": "DOWN", "owner": "4200", "stats": {"rx_bytes": 0, "rx_dropped": 0, "rx_packets": 0, "tx_bytes": 0, "tx_dropped": 0, "tx_packets": 0}, "tun_flags": "0x1802"}
[+ 0.086962] SQ creator_TUNGETIFF=name=pfx5227 flags=0x1802
[+ 0.086991] SQ launcher_attach_while_creator_fd_open=errno=16(EBUSY) Device or resource busy
[+ 0.106488] SQ after_creator_close_snapshot={"address": "c2:dc:cb:f9:95:4c", "carrier": "errno=22(EINVAL) Invalid argument", "exists": true, "fdinfo_scanned": 682, "flags": ["BROADCAST", "MULTICAST"], "group": "-1", "holders": [], "ifindex": 58838, "info_data": {"multi_queue": false, "persist": true, "pi": false, "type": "tap", "user": 4200, "vnet_hdr": false}, "master": null, "mtu": 1500, "offload": {"generic-receive-offload": "on", "generic-segmentation-offload": "on", "rx-checksumming": "off [fixed]", "scatter-gather": "on", "tcp-segmentation-offload": "off", "tx-checksum-ip-generic": "off", "tx-checksumming": "off", "tx-udp-segmentation": "off", "udp-fragmentation-offload": "?"}, "offload_digest": "ade987468d95cae7", "operstate": "DOWN", "owner": "4200", "stats": {"rx_bytes": 0, "rx_dropped": 0, "rx_packets": 0, "tx_bytes": 0, "tx_dropped": 0, "tx_packets": 0}, "tun_flags": "0x1802"}
[+ 0.106558] SQ attach_without_vnet_hdr=ok TUNGETIFF=name=pfx5227 flags=0x1802 sysfs_tun_flags=0x1802
[+ 0.106576] SQ second_attach_while_queue_attached=errno=16(EBUSY) Device or resource busy
[+ 0.106614] SQ ch_style_reissue_TUNSETIFF_with_vnet_on_attached_fd=errno=17(EEXIST) File exists sysfs_tun_flags=0x1802
[+ 0.121465] SQ after_plain_close holders=[] sysfs_tun_flags=0x1802
[+ 0.121522] SQ attach_with_vnet_hdr=ok TUNGETIFF=name=pfx5227 flags=0x5802 sysfs_tun_flags=0x5802
[+ 0.136180] SQ after_vnet_close holders=[] sysfs_tun_flags=0x5802
[+ 0.136243] SQ reattach_without_vnet_hdr=ok sysfs_tun_flags=0x1802
[+ 0.136306] SQ after_plain_again_close sysfs_tun_flags=0x1802
[+ 0.150979] SQ attach_for_delete_probe=ok holders=[[21031, 3, 'python3']]
[+ 0.163431] SQ rtm_dellink_with_queue_attached rc=0 stderr='' exists_after=False
[+ 0.178219] SQ holder_TUNGETIFF_after_delete=errno=77(EBADFD) File descriptor in bad state holders_after=[]
[+ 0.178266] SQ RESULT=PASS creator_open=errno=16(EBUSY) second_queue=errno=16(EBUSY) reissue=errno=17(EEXIST) vnet_sticky_after_detach=0x5802
[+ 0.178278] STAGING BEGIN
[+ 0.206549] STAGING RESULT=PASS rootfs/kernel/run-dir/beacon/cgroup staged
[+ 0.206567] STEP1 BEGIN
[+ 0.206572] STEP1 hypothesis=the production creator sequence yields a persistent, down, owner-4200 TAP with zero queue holders after its fd closes
[+ 0.206575] STEP1 prediction=tun_flags=0x1802 (TAP|NO_PI|PERSIST, no VNET_HDR) owner=4200 flags lack UP holders=[] master=bridge after attach
[+ 0.206577] STEP1 falsification=TAP absent after creator close, UP, holders non-empty, or persistence/owner differ
[+ 0.233748] STEP1 after_creator_close_snapshot={"address": "66:26:51:5d:68:87", "carrier": "errno=22(EINVAL) Invalid argument", "exists": true, "fdinfo_scanned": 687, "flags": ["BROADCAST", "MULTICAST"], "group": "-1", "holders": [], "ifindex": 58840, "info_data": {"multi_queue": false, "persist": true, "pi": false, "type": "tap", "user": 4200, "vnet_hdr": false}, "master": null, "mtu": 1500, "offload": {"generic-receive-offload": "on", "generic-segmentation-offload": "on", "rx-checksumming": "off [fixed]", "scatter-gather": "on", "tcp-segmentation-offload": "off", "tx-checksum-ip-generic": "off", "tx-checksumming": "off", "tx-udp-segmentation": "off", "udp-fragmentation-offload": "?"}, "offload_digest": "e13ae432eae73499", "operstate": "DOWN", "owner": "4200", "stats": {"rx_bytes": 0, "rx_dropped": 0, "rx_packets": 0, "tx_bytes": 0, "tx_dropped": 0, "tx_packets": 0}, "tun_flags": "0x1802"}
[+ 0.255507] STEP1 after_bridge_attach_snapshot={"address": "66:26:51:5d:68:87", "carrier": "errno=22(EINVAL) Invalid argument", "exists": true, "fdinfo_scanned": 712, "flags": ["BROADCAST", "MULTICAST"], "group": "-1", "holders": [], "ifindex": 58840, "info_data": {"multi_queue": false, "persist": true, "pi": false, "type": "tap", "user": 4200, "vnet_hdr": false}, "master": "pfbr5227", "mtu": 1500, "offload": {"generic-receive-offload": "on", "generic-segmentation-offload": "on", "rx-checksumming": "off [fixed]", "scatter-gather": "on", "tcp-segmentation-offload": "off", "tx-checksum-ip-generic": "off", "tx-checksumming": "off", "tx-udp-segmentation": "off", "udp-fragmentation-offload": "?"}, "offload_digest": "e13ae432eae73499", "operstate": "DOWN", "owner": "4200", "stats": {"rx_bytes": 0, "rx_dropped": 0, "rx_packets": 0, "tx_bytes": 0, "tx_dropped": 0, "tx_packets": 0}, "tun_flags": "0x1802"}
[+ 0.266033] STEP1 RESULT=PASS tap=pftap5227 ifindex=58840 tun_flags=0x1802 owner=4200 flags=['BROADCAST', 'MULTICAST'] master=pfbr5227 holders=[]
[+ 0.280056] CAPTURE capture_started_before_launch=AF_PACKET ifindex=58840 all_ethertypes=true
[+ 0.280068] STEP2 BEGIN
[+ 0.280074] STEP2 hypothesis=a separate launcher open+TUNSETIFF(0x5002) attaches to the existing persistent TAP without the creator fd
[+ 0.280077] STEP2 prediction=attach ok; fdinfo iff names the TAP; TUNSETIFF updates TUN_FEATURES (tun_flags gains 0x4000 iff requested); TAP stays down
[+ 0.280079] STEP2 falsification=attach errors, tun_flags does not track the request, or the TAP changes admin state
[+ 0.280200] STEP2 launcher_fd=50 inode=137 device=7 TUNGETIFF=name=pftap5227 flags=0x5802
[+ 0.280205] STEP2 launcher_fdinfo=pos:	0; flags:	02104002; mnt_id:	30; ino:	137; iff:	pftap5227
[+ 0.300218] STEP2 after_launcher_attach_snapshot={"address": "66:26:51:5d:68:87", "carrier": "errno=22(EINVAL) Invalid argument", "exists": true, "fdinfo_scanned": 714, "flags": ["BROADCAST", "MULTICAST"], "group": "-1", "holders": [[21031, 50, "python3"]], "ifindex": 58840, "info_data": {"multi_queue": false, "persist": true, "pi": false, "type": "tap", "user": 4200, "vnet_hdr": true}, "master": "pfbr5227", "mtu": 1500, "offload": {"generic-receive-offload": "on", "generic-segmentation-offload": "on", "rx-checksumming": "off [fixed]", "scatter-gather": "on", "tcp-segmentation-offload": "off", "tx-checksum-ip-generic": "off", "tx-checksumming": "off", "tx-udp-segmentation": "off", "udp-fragmentation-offload": "?"}, "offload_digest": "e13ae432eae73499", "operstate": "DOWN", "owner": "4200", "stats": {"rx_bytes": 0, "rx_dropped": 0, "rx_packets": 0, "tx_bytes": 0, "tx_dropped": 0, "tx_packets": 0}, "tun_flags": "0x5802"}
[+ 0.300273] STEP2 diff_vs_step1={"info_data": [{"multi_queue": false, "persist": true, "pi": false, "type": "tap", "user": 4200, "vnet_hdr": false}, {"multi_queue": false, "persist": true, "pi": false, "type": "tap", "user": 4200, "vnet_hdr": true}], "tun_flags": ["0x1802", "0x5802"]}
[+ 0.300290] FAILURE_ARM BEGIN
[+ 0.300295] FAILURE_ARM hypothesis=a failed CH launch leaves the launcher's queue fd and the persistent down TAP intact; after the launcher closes the fd the TAP persists and a fresh attach succeeds
[+ 0.300299] FAILURE_ARM prediction=CH exits non-zero; launcher fd inode/iff unchanged; TAP down, tun_flags unchanged; after close holders=[] TAP persists; reattach ok
[+ 0.300303] FAILURE_ARM falsification=TAP raised/removed, flags changed, or reattach refused
[+ 0.300427] FAILURE_ARM fd_flags_before=0x1 fd_flags_after=0x0 parent_non_cloexec_fds=[0, 1, 2, 50]
[+ 0.300578] FAILURE_ARM failure_cli=prlimit --fsize=268435456 --nofile=256 -- setpriv --reuid=4200 --regid=4200 --groups=991 --no-new-privs -- /usr/local/bin/cloud-hypervisor --cpus boot=1 --memory size=268435456 --kernel /run/overdrive/vm/pf-tap-5227/deliberately-missing-kernel --cmdline 'console=ttyS0 panic=1 root=/dev/vda rw overdrive.net=10.77.239.2/24,gw=10.77.239.1,dns=10.77.239.1' --disk path=/srv/vm/overdrive-testing/pf-tap-5227/rootfs.ext4,image_type=raw --serial file=/run/overdrive/vm/pf-tap-5227/fail-console.log --console off --vsock cid=3,socket=/run/overdrive/vm/pf-tap-5227/fail-vsock --api-socket /run/overdrive/vm/pf-tap-5227/fail-api --seccomp true --landlock --net 'fd=[50],mac=02:00:00:95:52:27,offload_tso=off,offload_ufo=off,offload_csum=off' --landlock-rules path=/sys/class/net/pftap5227,access=r --landlock-rules path=/run/overdrive/vm/pf-tap-5227,access=rw
[+ 0.332247] FAILURE_ARM failure_exit=1 failure_elapsed_seconds=0.031655
[+ 0.332353] FAILURE_ARM failure_stderr_tail=cloud-hypervisor:   0.016440s: <main> ERROR:/home/runner/work/cloud-hypervisor/cloud-hypervisor/cloud-hypervisor/src/lib.rs:24 -- Fatal error: VmBoot(VmBoot(KernelFile(Os { code: 2, kind: NotFound, message: "No such file or directory" }))) | Error: Cloud Hypervisor exited with the following chain of errors: |   0: Error booting VM |   1: The VM could not boot |   2: Cannot open kernel file |   3: No such file or directory (os error 2)
[+ 0.352432] FAILURE_ARM after_failed_launch_snapshot={"address": "66:26:51:5d:68:87", "carrier": "errno=22(EINVAL) Invalid argument", "exists": true, "fdinfo_scanned": 714, "flags": ["BROADCAST", "MULTICAST"], "group": "-1", "holders": [[21031, 50, "python3"]], "ifindex": 58840, "info_data": {"multi_queue": false, "persist": true, "pi": false, "type": "tap", "user": 4200, "vnet_hdr": true}, "master": "pfbr5227", "mtu": 1500, "offload": {"generic-receive-offload": "on", "generic-segmentation-offload": "on", "rx-checksumming": "off [fixed]", "scatter-gather": "on", "tcp-segmentation-offload": "off", "tx-checksum-ip-generic": "off", "tx-checksumming": "off", "tx-udp-segmentation": "off", "udp-fragmentation-offload": "?"}, "offload_digest": "e13ae432eae73499", "operstate": "DOWN", "owner": "4200", "stats": {"rx_bytes": 0, "rx_dropped": 0, "rx_packets": 0, "tx_bytes": 0, "tx_dropped": 0, "tx_packets": 0}, "tun_flags": "0x5802"}
[+ 0.352487] FAILURE_ARM diff_vs_launcher_attach={} launcher_fd_inode=137 launcher_TUNGETIFF=name=pftap5227 flags=0x5802
[+ 0.373117] FAILURE_ARM after_launcher_close_snapshot={"address": "66:26:51:5d:68:87", "carrier": "errno=22(EINVAL) Invalid argument", "exists": true, "fdinfo_scanned": 713, "flags": ["BROADCAST", "MULTICAST"], "group": "-1", "holders": [], "ifindex": 58840, "info_data": {"multi_queue": false, "persist": true, "pi": false, "type": "tap", "user": 4200, "vnet_hdr": true}, "master": "pfbr5227", "mtu": 1500, "offload": {"generic-receive-offload": "on", "generic-segmentation-offload": "on", "rx-checksumming": "off [fixed]", "scatter-gather": "on", "tcp-segmentation-offload": "off", "tx-checksum-ip-generic": "off", "tx-checksumming": "off", "tx-udp-segmentation": "off", "udp-fragmentation-offload": "?"}, "offload_digest": "e13ae432eae73499", "operstate": "DOWN", "owner": "4200", "stats": {"rx_bytes": 0, "rx_dropped": 0, "rx_packets": 0, "tx_bytes": 0, "tx_dropped": 0, "tx_packets": 0}, "tun_flags": "0x5802"}
[+ 0.393038] FAILURE_ARM subsequent_launcher_attach=ok fd=50 inode=137 TUNGETIFF=name=pftap5227 flags=0x5802 holders=[[21031, 50, 'python3']] tun_flags=0x5802
[+ 0.393052] FAILURE_ARM RESULT=PASS exit=1 tap_persisted_down=true tun_flags=0x5802 holders_after_close=[] reattach=ok fd=50
[+ 0.412207] STEP2 RESULT=PASS launcher_fd=50 TUNGETIFF=name=pftap5227 flags=0x5802 tun_flags=0x5802
[+ 0.412220] STEP3 BEGIN
[+ 0.412224] STEP3 hypothesis=CH v53 consumes the inherited queue fd without raising the persistent TAP; guest READY with zero frames
[+ 0.412227] STEP3 prediction=READY pid=1 port=1234; TAP flags lack UP; capture=0; all six counters=0; TAP state identical to post-attach
[+ 0.412230] STEP3 falsification=TAP UP at READY, any frame/counter (incl. rx_dropped) non-zero, or CH altered tun_flags/owner/offload
[+ 0.412304] STEP3 fd_flags_before=0x1 fd_flags_after=0x0 parent_non_cloexec_fds=[0, 1, 2, 50]
[+ 0.431570] STEP3 main_cli=prlimit --fsize=268435456 --nofile=256 -- setpriv --reuid=4200 --regid=4200 --groups=991 --no-new-privs -- /usr/local/bin/cloud-hypervisor --cpus boot=1 --memory size=268435456 --kernel /run/overdrive/vm/pf-tap-5227/kernel --cmdline 'console=ttyS0 panic=1 root=/dev/vda rw overdrive.net=10.77.239.2/24,gw=10.77.239.1,dns=10.77.239.1' --disk path=/srv/vm/overdrive-testing/pf-tap-5227/rootfs.ext4,image_type=raw --serial file=/run/overdrive/vm/pf-tap-5227/console.log --console off --vsock cid=3,socket=/run/overdrive/vm/pf-tap-5227/vsock --api-socket /run/overdrive/vm/pf-tap-5227/api --seccomp true --landlock --net 'fd=[50],mac=02:00:00:95:52:27,offload_tso=off,offload_ufo=off,offload_csum=off' --landlock-rules path=/sys/class/net/pftap5227,access=r --landlock-rules path=/run/overdrive/vm/pf-tap-5227,access=rw
[+ 0.442286] STEP3 exec_elapsed_seconds=0.010700 child_pid=21113
[+ 0.442325] STEP3 child_cmdline=/usr/local/bin/cloud-hypervisor --cpus boot=1 --memory size=268435456 --kernel /run/overdrive/vm/pf-tap-5227/kernel --cmdline console=ttyS0 panic=1 root=/dev/vda rw overdrive.net=10.77.239.2/24,gw=10.77.239.1,dns=10.77.239.1 --disk path=/srv/vm/overdrive-testing/pf-tap-5227/rootfs.ext4,image_type=raw --serial file=/run/overdrive/vm/pf-tap-5227/console.log --console off --vsock cid=3,socket=/run/overdrive/vm/pf-tap-5227/vsock --api-socket /run/overdrive/vm/pf-tap-5227/api --seccomp true --landlock --net fd=[50],mac=02:00:00:95:52:27,offload_tso=off,offload_ufo=off,offload_csum=off --landlock-rules path=/sys/class/net/pftap5227,access=r --landlock-rules path=/run/overdrive/vm/pf-tap-5227,access=rw 
[+ 0.442351] STEP3 child_status={"Gid": "4200\t4200\t4200\t4200", "Groups": "991", "NoNewPrivs": "1", "Seccomp": "0", "Seccomp_filters": "0", "Uid": "4200\t4200\t4200\t4200"}
[+ 0.442395] STEP3 cgroup=/sys/fs/cgroup/overdrive.slice/workloads.slice/pf-tap-5227.scope cgroup_procs=21113
[+ 1.586493] STEP3 ready_line=READY pid=1 port=1234 ready_elapsed_seconds=1.124411
[+ 1.586575] STEP3 at_ready_snapshot={"address": "66:26:51:5d:68:87", "carrier": "errno=22(EINVAL) Invalid argument", "exists": true, "fdinfo_scanned": 864, "flags": ["BROADCAST", "MULTICAST"], "group": "-1", "holders": [[21031, 50, "python3"], [21113, 50, "cloud-hyperviso"], [21113, 68, "cloud-hyperviso"], [21113, 120, "cloud-hyperviso"], [21113, 121, "cloud-hyperviso"], [21113, 125, "cloud-hyperviso"], [21113, 128, "cloud-hyperviso"]], "ifindex": 58840, "info_data": {"multi_queue": false, "persist": true, "pi": false, "type": "tap", "user": 4200, "vnet_hdr": true}, "master": "pfbr5227", "mtu": 1500, "offload": {"generic-receive-offload": "on", "generic-segmentation-offload": "on", "rx-checksumming": "off [fixed]", "scatter-gather": "on", "tcp-segmentation-offload": "off", "tx-checksum-ip-generic": "off", "tx-checksumming": "off", "tx-udp-segmentation": "off", "udp-fragmentation-offload": "?"}, "offload_digest": "e13ae432eae73499", "operstate": "DOWN", "owner": "4200", "stats": {"rx_bytes": 0, "rx_dropped": 0, "rx_packets": 0, "tx_bytes": 0, "tx_dropped": 0, "tx_packets": 0}, "tun_flags": "0x5802"}
[+ 1.586623] STEP3 diff_vs_pre_launch={} offload_digest_pre=e13ae432eae73499 offload_digest_ready=e13ae432eae73499
[+ 1.586648] STEP3 ch_tun_fds_at_ready=[{"fd": 50, "fdinfo_flags": "0104002", "iff": "pftap5227", "inode": 137}, {"fd": 68, "fdinfo_flags": "0104002", "iff": "pftap5227", "inode": 137}, {"fd": 120, "fdinfo_flags": "02104002", "iff": "pftap5227", "inode": 137}, {"fd": 121, "fdinfo_flags": "02104002", "iff": "pftap5227", "inode": 137}, {"fd": 125, "fdinfo_flags": "02104002", "iff": "pftap5227", "inode": 137}, {"fd": 128, "fdinfo_flags": "02104002", "iff": "pftap5227", "inode": 137}]
[+ 1.586682] STEP3 thread_security_at_ready=[{"Name": "cloud-hyperviso", "NoNewPrivs": "1", "Seccomp": "0", "Seccomp_filters": "0", "tid": 21113}, {"Name": "vmm", "NoNewPrivs": "1", "Seccomp": "2", "Seccomp_filters": "1", "tid": 21114}, {"Name": "http-server", "NoNewPrivs": "1", "Seccomp": "2", "Seccomp_filters": "1", "tid": 21115}, {"Name": "vmm_signal_hand", "NoNewPrivs": "1", "Seccomp": "2", "Seccomp_filters": "2", "tid": 21116}, {"Name": "vcpu0", "NoNewPrivs": "1", "Seccomp": "2", "Seccomp_filters": "2", "tid": 21118}, {"Name": "kvm-nx-lpage-re", "NoNewPrivs": "1", "Seccomp": "2", "Seccomp_filters": "2", "tid": 21119}, {"Name": "_disk0_q0", "NoNewPrivs": "1", "Seccomp": "2", "Seccomp_filters": "2", "tid": 21120}, {"Name": "_net1_ctrl", "NoNewPrivs": "1", "Seccomp": "2", "Seccomp_filters": "2", "tid": 21121}, {"Name": "_net1_qp0", "NoNewPrivs": "1", "Seccomp": "2", "Seccomp_filters": "2", "tid": 21122}, {"Name": "iou-wrk-21120", "NoNewPrivs": "1", "Seccomp": "2", "Seccomp_filters": "2", "tid": 21123}, {"Name": "_vsock2", "NoNewPrivs": "1", "Seccomp": "2", "Seccomp_filters": "2", "tid": 21124}]
[+ 1.586692] STEP3 pre_activation_capture_packets=0 bytes=0
[+ 1.593057] STEP3 RESULT=PASS 'READY pid=1 port=1234' at 1.124s flags=['BROADCAST', 'MULTICAST'] capture=0 stats=all-zero tap_state_unchanged=true ch_tun_fds=[50, 68, 120, 121, 125, 128]
[+ 1.593067] STEP4 BEGIN
[+ 1.593073] STEP4 hypothesis=CH's inherited fd (and its dup) are the only remaining queue holders once the launcher closes
[+ 1.593078] STEP4 prediction=holders == CH pid only; CH fdinfo iff still names the TAP; TAP exists, down, state unchanged
[+ 1.593082] STEP4 falsification=TAP disappears/changes, CH loses the iff association, or another holder remains
[+ 1.631357] STEP4 after_launcher_close_snapshot={"address": "66:26:51:5d:68:87", "carrier": "errno=22(EINVAL) Invalid argument", "exists": true, "fdinfo_scanned": 862, "flags": ["BROADCAST", "MULTICAST"], "group": "-1", "holders": [[21113, 50, "cloud-hyperviso"], [21113, 68, "cloud-hyperviso"], [21113, 120, "cloud-hyperviso"], [21113, 121, "cloud-hyperviso"], [21113, 125, "cloud-hyperviso"], [21113, 128, "cloud-hyperviso"]], "ifindex": 58840, "info_data": {"multi_queue": false, "persist": true, "pi": false, "type": "tap", "user": 4200, "vnet_hdr": true}, "master": "pfbr5227", "mtu": 1500, "offload": {"generic-receive-offload": "on", "generic-segmentation-offload": "on", "rx-checksumming": "off [fixed]", "scatter-gather": "on", "tcp-segmentation-offload": "off", "tx-checksum-ip-generic": "off", "tx-checksumming": "off", "tx-udp-segmentation": "off", "udp-fragmentation-offload": "?"}, "offload_digest": "e13ae432eae73499", "operstate": "DOWN", "owner": "4200", "stats": {"rx_bytes": 0, "rx_dropped": 0, "rx_packets": 0, "tx_bytes": 0, "tx_dropped": 0, "tx_packets": 0}, "tun_flags": "0x5802"}
[+ 1.631402] STEP4 ch_tun_fds_after_launcher_close=[{"fd": 50, "fdinfo_flags": "0104002", "iff": "pftap5227", "inode": 137}, {"fd": 68, "fdinfo_flags": "0104002", "iff": "pftap5227", "inode": 137}, {"fd": 120, "fdinfo_flags": "02104002", "iff": "pftap5227", "inode": 137}, {"fd": 121, "fdinfo_flags": "02104002", "iff": "pftap5227", "inode": 137}, {"fd": 125, "fdinfo_flags": "02104002", "iff": "pftap5227", "inode": 137}, {"fd": 128, "fdinfo_flags": "02104002", "iff": "pftap5227", "inode": 137}]
[+ 1.631461] STEP4 RESULT=PASS holders=[[21113, 50, 'cloud-hyperviso'], [21113, 68, 'cloud-hyperviso'], [21113, 120, 'cloud-hyperviso'], [21113, 121, 'cloud-hyperviso'], [21113, 125, 'cloud-hyperviso'], [21113, 128, 'cloud-hyperviso']] tap_exists=true flags=['BROADCAST', 'MULTICAST']
[+ 1.631468] STEP5 BEGIN
[+ 1.631474] STEP5 hypothesis=after guard read-back, owner-side offload disable + UP yields UP/LOWER_UP and bidirectional traffic entirely after the barrier
[+ 1.631478] STEP5 prediction=nft read-back exact; UP,LOWER_UP master=bridge forwarding; ARP+ICMP both directions; every timestamp > barrier
[+ 1.631483] STEP5 falsification=read-back mismatch, no bidirectional progress, or any capture timestamp <= barrier
[+ 1.634236] STEP5 protection_readback_begin
[+ 1.634266] STEP5   table bridge pfguard5227 { # handle 2759
[+ 1.634275] STEP5   	chain input { # handle 1
[+ 1.634281] STEP5   		type filter hook input priority -300; policy drop;
[+ 1.634286] STEP5   		iifname "pftap5227" ether type arp counter packets 0 bytes 0 accept # handle 2
[+ 1.634290] STEP5   		iifname "pftap5227" ip protocol icmp counter packets 0 bytes 0 accept # handle 3
[+ 1.634295] STEP5   	}
[+ 1.634299] STEP5   
[+ 1.634304] STEP5   	chain forward { # handle 4
[+ 1.634309] STEP5   		type filter hook forward priority -300; policy drop;
[+ 1.634313] STEP5   	}
[+ 1.634317] STEP5   }
[+ 1.634322] STEP5 protection_readback_end
[+ 1.635473] STEP5 owner_disable_tx_offload rc=0 stdout='' stderr=''
[+ 1.664667] STEP5 pre_up_snapshot={"address": "66:26:51:5d:68:87", "carrier": "errno=22(EINVAL) Invalid argument", "exists": true, "fdinfo_scanned": 862, "flags": ["BROADCAST", "MULTICAST"], "group": "-1", "holders": [[21113, 50, "cloud-hyperviso"], [21113, 68, "cloud-hyperviso"], [21113, 120, "cloud-hyperviso"], [21113, 121, "cloud-hyperviso"], [21113, 125, "cloud-hyperviso"], [21113, 128, "cloud-hyperviso"]], "ifindex": 58840, "info_data": {"multi_queue": false, "persist": true, "pi": false, "type": "tap", "user": 4200, "vnet_hdr": true}, "master": "pfbr5227", "mtu": 1500, "offload": {"generic-receive-offload": "on", "generic-segmentation-offload": "on", "rx-checksumming": "off [fixed]", "scatter-gather": "on", "tcp-segmentation-offload": "off", "tx-checksum-ip-generic": "off", "tx-checksumming": "off", "tx-udp-segmentation": "off", "udp-fragmentation-offload": "?"}, "offload_digest": "e13ae432eae73499", "operstate": "DOWN", "owner": "4200", "stats": {"rx_bytes": 0, "rx_dropped": 0, "rx_packets": 0, "tx_bytes": 0, "tx_dropped": 0, "tx_packets": 0}, "tun_flags": "0x5802"}
[+ 1.701160] STEP5 activation_wall_ns=1790181237469226358 activation_elapsed_seconds=0.002680
[+ 1.701224] STEP5 active_snapshot={"address": "66:26:51:5d:68:87", "carrier": "1", "exists": true, "fdinfo_scanned": 863, "flags": ["BROADCAST", "MULTICAST", "UP", "LOWER_UP"], "group": "-1", "holders": [[21113, 50, "cloud-hyperviso"], [21113, 68, "cloud-hyperviso"], [21113, 120, "cloud-hyperviso"], [21113, 121, "cloud-hyperviso"], [21113, 125, "cloud-hyperviso"], [21113, 128, "cloud-hyperviso"]], "ifindex": 58840, "info_data": {"multi_queue": false, "persist": true, "pi": false, "type": "tap", "user": 4200, "vnet_hdr": true}, "master": "pfbr5227", "mtu": 1500, "offload": {"generic-receive-offload": "on", "generic-segmentation-offload": "on", "rx-checksumming": "off [fixed]", "scatter-gather": "on", "tcp-segmentation-offload": "off", "tx-checksum-ip-generic": "off", "tx-checksumming": "off", "tx-udp-segmentation": "off", "udp-fragmentation-offload": "?"}, "offload_digest": "e13ae432eae73499", "operstate": "UP", "owner": "4200", "stats": {"rx_bytes": 0, "rx_dropped": 0, "rx_packets": 0, "tx_bytes": 200, "tx_dropped": 0, "tx_packets": 2}, "tun_flags": "0x5802"}
[+ 1.701230] STEP5 bridge_readback=58840: pftap5227: <BROADCAST,MULTICAST,UP,LOWER_UP> mtu 1500 master pfbr5227 state forwarding priority 32 cost 2 
    hairpin off guard off root_block off fastleave off learning on flood on mcast_flood on bcast_flood on mcast_router 1 mcast_to_unicast off neigh_suppress off neigh_vlan_suppress off vlan_tunnel off isolated off locked off mab off mcast_n_groups 0 mcast_max_groups 0
[+ 1.822561] STEP5 traffic_elapsed_seconds=0.020549 tap_stats={"rx_bytes": 140, "rx_dropped": 0, "rx_packets": 2, "tx_bytes": 426, "tx_dropped": 0, "tx_packets": 5}
[+ 1.822585] STEP5 post_activation_capture_packets=5 bytes=366 records_at_or_before_barrier=0 guest_originated=2 well_formed_guest=2 to_guest=2 icmp_reply_to_guest=True
[+ 1.822594] STEP5 first_frame_after_barrier_ms=40.706
[+ 1.822613] STEP5 post_activation_frame ts=1790181237509931949 pkttype=1 len=42 src=02:00:00:95:52:27 dst=ff:ff:ff:ff:ff:ff kind=arp-request head=ffffffffffff020000955227080600010800060400010200
[+ 1.822626] STEP5 post_activation_frame ts=1790181237509960913 pkttype=4 len=42 src=02:34:c3:42:c6:d9 dst=02:00:00:95:52:27 kind=arp-reply head=0200009552270234c342c6d9080600010800060400020234
[+ 1.822634] STEP5 post_activation_frame ts=1790181237510180783 pkttype=3 len=98 src=02:00:00:95:52:27 dst=02:34:c3:42:c6:d9 kind=icmp-echo-request head=0234c342c6d90200009552270800450000542c1740004001
[+ 1.822642] STEP5 post_activation_frame ts=1790181237510195556 pkttype=4 len=98 src=02:34:c3:42:c6:d9 dst=02:00:00:95:52:27 kind=icmp-echo-reply head=0200009552270234c342c6d9080045000054384700004001
[+ 1.822649] STEP5 post_activation_frame ts=1790181237573682361 pkttype=4 len=86 src=66:26:51:5d:68:87 dst=33:33:ff:5d:68:87 kind=ipv6 head=3333ff5d68876626515d688786dd6000000000203aff0000
[+ 1.822663] STEP5 RESULT=PASS guard_readback=exact UP=['BROADCAST', 'MULTICAST', 'UP', 'LOWER_UP'] master=pfbr5227 rx=2 tx=5 frames=5 all_after_barrier=true icmp_reply_to_guest=true
[+ 1.822667] STEP6 BEGIN
[+ 1.822670] STEP6 hypothesis=CH exit closes its queue; the persistent TAP remains with no holder anywhere
[+ 1.822673] STEP6 prediction=TAP exists, admin UP retained, NO-CARRIER/operstate DOWN, master=bridge, tun_flags persist bit set, owner=4200, holders=[]
[+ 1.822675] STEP6 falsification=TAP disappears, a holder remains, or persistence/owner changed
[+ 2.414682] STEP6 main_exit=0 cancellation_elapsed_seconds=0.031570 ch_pid_alive=False
[+ 2.414737] STEP6 main_stderr_tail=
[+ 2.414790] STEP6 after_ch_exit_snapshot={"address": "66:26:51:5d:68:87", "carrier": "0", "exists": true, "fdinfo_scanned": 714, "flags": ["NO-CARRIER", "BROADCAST", "MULTICAST", "UP"], "group": "-1", "holders": [], "ifindex": 58840, "info_data": {"multi_queue": false, "persist": true, "pi": false, "type": "tap", "user": 4200, "vnet_hdr": true}, "master": "pfbr5227", "mtu": 1500, "offload": {"generic-receive-offload": "on", "generic-segmentation-offload": "on", "rx-checksumming": "off [fixed]", "scatter-gather": "on", "tcp-segmentation-offload": "off", "tx-checksum-ip-generic": "off", "tx-checksumming": "off", "tx-udp-segmentation": "off", "udp-fragmentation-offload": "?"}, "offload_digest": "e13ae432eae73499", "operstate": "DOWN", "owner": "4200", "stats": {"rx_bytes": 140, "rx_dropped": 0, "rx_packets": 2, "tx_bytes": 426, "tx_dropped": 1, "tx_packets": 5}, "tun_flags": "0x5802"}
[+ 2.414823] STEP6 after_ch_exit_settled_snapshot={"address": "66:26:51:5d:68:87", "carrier": "0", "exists": true, "fdinfo_scanned": 714, "flags": ["NO-CARRIER", "BROADCAST", "MULTICAST", "UP"], "group": "-1", "holders": [], "ifindex": 58840, "info_data": {"multi_queue": false, "persist": true, "pi": false, "type": "tap", "user": 4200, "vnet_hdr": true}, "master": "pfbr5227", "mtu": 1500, "offload": {"generic-receive-offload": "on", "generic-segmentation-offload": "on", "rx-checksumming": "off [fixed]", "scatter-gather": "on", "tcp-segmentation-offload": "off", "tx-checksum-ip-generic": "off", "tx-checksumming": "off", "tx-udp-segmentation": "off", "udp-fragmentation-offload": "?"}, "offload_digest": "e13ae432eae73499", "operstate": "DOWN", "owner": "4200", "stats": {"rx_bytes": 140, "rx_dropped": 0, "rx_packets": 2, "tx_bytes": 426, "tx_dropped": 1, "tx_packets": 5}, "tun_flags": "0x5802"}
[+ 2.414864] STEP6 diff_active_vs_exit={"carrier": ["1", "0"], "flags": [["BROADCAST", "MULTICAST", "UP", "LOWER_UP"], ["NO-CARRIER", "BROADCAST", "MULTICAST", "UP"]], "operstate": ["UP", "DOWN"]}
[+ 2.418522] STEP6 tap_ip_detail=58840: pftap5227: <NO-CARRIER,BROADCAST,MULTICAST,UP> mtu 1500 qdisc fq_codel master pfbr5227 state DOWN mode DEFAULT group default qlen 1000 |     link/ether 66:26:51:5d:68:87 brd ff:ff:ff:ff:ff:ff promiscuity 1 allmulti 1 minmtu 68 maxmtu 65521  |     tun type tap pi off vnet_hdr on persist on user 4200  |     bridge_slave state disabled priority 32 cost 2 hairpin off guard off root_block off fastleave off learning on flood on port_id 0x8001 port_no 0x1 designated_port 32769 designated_cost 0 designated_bridge 8000.2:34:c3:42:c6:d9 designated_root 8000.2:34:c3:42:c6:d9 hold_timer    0.00 message_age_timer    0.00 forward_delay_timer    0.00 topology_change_ack 0 config_pending 0 proxy_arp off proxy_arp_wifi off mcast_router 1 mcast_fast_leave off mcast_flood on bcast_flood on mcast_to_unicast off neigh_suppress off neigh_vlan_suppress off group_fwd_mask 0 group_fwd_mask_str 0x0 vlan_tunnel off isolated off locked off mab off addrgenmode eui64 numtxqueues 1 numrxqueues 1 gso_max_size 65536 gso_max_segs 65535 tso_max_size 65536 tso_max_segs 65535 gro_max_size 65536 gso_ipv4_max_size 65536 gro_ipv4_max_size 65536
[+ 2.418558] STEP6 RESULT=PASS exists=true flags=['NO-CARRIER', 'BROADCAST', 'MULTICAST', 'UP'] operstate=DOWN carrier=0 master=pfbr5227 tun_flags=0x5802 owner=4200 holders=[] (fdinfo scanned=714)
[+ 2.418564] RESTART_OBS BEGIN
[+ 2.418567] RESTART_OBS hypothesis=tun_set_iff turns carrier on at attach, so a relaunch attach onto the persistent TAP left admin-UP after VMM exit makes it LOWER_UP before any VMM runs; a down-first reattach stays down
[+ 2.418571] RESTART_OBS prediction=attach while admin-UP -> LOWER_UP carrier=1 and host frames queue into the new fd; attach after set-down -> no UP, zero queued frames, counters unchanged
[+ 2.418574] RESTART_OBS falsification=attach onto admin-UP TAP stays NO-CARRIER with nothing queued
[+ 2.959925] RESTART_OBS reattach_while_admin_up_snapshot={"address": "66:26:51:5d:68:87", "carrier": "1", "exists": true, "fdinfo_scanned": 715, "flags": ["BROADCAST", "MULTICAST", "UP", "LOWER_UP"], "group": "-1", "holders": [[21031, 50, "python3"]], "ifindex": 58840, "info_data": {"multi_queue": false, "persist": true, "pi": false, "type": "tap", "user": 4200, "vnet_hdr": true}, "master": "pfbr5227", "mtu": 1500, "offload": {"generic-receive-offload": "on", "generic-segmentation-offload": "on", "rx-checksumming": "off [fixed]", "scatter-gather": "on", "tcp-segmentation-offload": "off", "tx-checksum-ip-generic": "off", "tx-checksumming": "off", "tx-udp-segmentation": "off", "udp-fragmentation-offload": "?"}, "offload_digest": "e13ae432eae73499", "operstate": "UP", "owner": "4200", "stats": {"rx_bytes": 140, "rx_dropped": 0, "rx_packets": 2, "tx_bytes": 426, "tx_dropped": 1, "tx_packets": 5}, "tun_flags": "0x5802"}
[+ 2.959956] RESTART_OBS queued_frames_while_admin_up=7
[+ 2.959982] RESTART_OBS queued_frame len=122 head=0000000000000000000000003333000000160234c342c6d986dd6000000000380001000000000000 as_vnet12=ipv6 as_vnet10=ethertype-0xc6d9
[+ 2.959998] RESTART_OBS queued_frame len=102 head=0000000000000000000000003333000000166626515d688786dd6000000000240001000000000000 as_vnet12=ipv6 as_vnet10=ethertype-0x6887
[+ 2.960008] RESTART_OBS queued_frame len=122 head=0000000000000000000000003333000000160234c342c6d986dd6000000000380001000000000000 as_vnet12=ipv6 as_vnet10=ethertype-0xc6d9
[+ 2.960034] RESTART_OBS queued_frame len=98 head=0000000000000000000000003333ff42c6d90234c342c6d986dd6000000000203aff000000000000 as_vnet12=ipv6 as_vnet10=ethertype-0xc6d9
[+ 2.960044] RESTART_OBS queued_frame len=102 head=0000000000000000000000003333000000166626515d688786dd6000000000240001fe8000000000 as_vnet12=ipv6 as_vnet10=ethertype-0x6887
[+ 2.960052] RESTART_OBS queued_frame len=82 head=0000000000000000000000003333000000026626515d688786dd6000000000103afffe8000000000 as_vnet12=ipv6 as_vnet10=ethertype-0x6887
[+ 2.960060] RESTART_OBS queued_frame len=102 head=0000000000000000000000003333000000166626515d688786dd6000000000240001fe8000000000 as_vnet12=ipv6 as_vnet10=ethertype-0x6887
[+ 2.998861] RESTART_OBS after_close flags=['NO-CARRIER', 'BROADCAST', 'MULTICAST', 'UP'] carrier=0 holders=[]
[+ 3.541601] RESTART_OBS reattach_after_set_down_snapshot={"address": "66:26:51:5d:68:87", "carrier": "errno=22(EINVAL) Invalid argument", "exists": true, "fdinfo_scanned": 715, "flags": ["BROADCAST", "MULTICAST"], "group": "-1", "holders": [[21031, 50, "python3"]], "ifindex": 58840, "info_data": {"multi_queue": false, "persist": true, "pi": false, "type": "tap", "user": 4200, "vnet_hdr": true}, "master": "pfbr5227", "mtu": 1500, "offload": {"generic-receive-offload": "on", "generic-segmentation-offload": "on", "rx-checksumming": "off [fixed]", "scatter-gather": "on", "tcp-segmentation-offload": "off", "tx-checksum-ip-generic": "off", "tx-checksumming": "off", "tx-udp-segmentation": "off", "udp-fragmentation-offload": "?"}, "offload_digest": "e13ae432eae73499", "operstate": "DOWN", "owner": "4200", "stats": {"rx_bytes": 140, "rx_dropped": 0, "rx_packets": 2, "tx_bytes": 1072, "tx_dropped": 2, "tx_packets": 12}, "tun_flags": "0x5802"}
[+ 3.541652] RESTART_OBS queued_frames_after_set_down=0 stats_before_attach={"rx_bytes": 140, "rx_dropped": 0, "rx_packets": 2, "tx_bytes": 1072, "tx_dropped": 2, "tx_packets": 12}
[+ 3.580160] RESTART_OBS after_obs flags=['BROADCAST', 'MULTICAST'] holders=[] tun_flags=0x5802
[+ 3.580196] RESTART_OBS RESULT=OBSERVED admin_up_reattach flags=['BROADCAST', 'MULTICAST', 'UP', 'LOWER_UP'] carrier=1 queued=7; down_first_reattach flags=['BROADCAST', 'MULTICAST'] queued=0 stats_delta={'rx_packets': 0, 'tx_packets': 0, 'rx_bytes': 0, 'tx_bytes': 0, 'rx_dropped': 0, 'tx_dropped': 0}
[+ 3.580205] STEP7 BEGIN
[+ 3.580211] STEP7 hypothesis=set-down + RTM_DELLINK removes the persistent TAP; the spike's remaining resources remove to an exact empty complement
[+ 3.580215] STEP7 prediction=down read-back; delete rc=0; TAP absent (ip link show ENODEV); holders=[]; no bridge/nft/cgroup/run-dir/staging/CH residue
[+ 3.580219] STEP7 falsification=TAP survives delete or any residue remains
[+ 3.616628] STEP7 after_set_down flags=['BROADCAST', 'MULTICAST'] operstate=DOWN holders=[]
[+ 3.665600] STEP7 rtm_dellink rc=0 stderr=''
[+ 3.665678] STEP7 ip_link_show_after rc=1 stderr='Device "pftap5227" does not exist.' sysfs_exists=False
[+ 3.665687] STEP7 holders_after_delete=[] fdinfo_scanned=714
[+ 3.744927] STEP7 final_readback={"bridge_exists": false, "cgroup_exists": false, "new_cloud_hypervisor_pids": [], "nft_table_exists": false, "probe_open_tun_fds": [], "run_dir_exists": false, "scratch_exists": false, "scratch_queue_holders": [], "staging_exists": false, "tap_exists": false, "tap_queue_holders": []}
[+ 3.744956] STEP7 RESULT=PASS tap deleted, exact empty complement
[+ 3.744961] SUMMARY QUEUE_IMPLICATIONS queue_fds=1 virtio_num_queues=2 IFF_MULTI_QUEUE=false
[+ 3.744966] SUMMARY PREFLIGHT: PASS native root x86_64 metal, no pre-existing exact resources
[+ 3.744970] SUMMARY SQ: PASS creator_open=errno=16(EBUSY) second_queue=errno=16(EBUSY) reissue=errno=17(EEXIST) vnet_sticky_after_detach=0x5802
[+ 3.744974] SUMMARY STAGING: PASS rootfs/kernel/run-dir/beacon/cgroup staged
[+ 3.744977] SUMMARY STEP1: PASS tap=pftap5227 ifindex=58840 tun_flags=0x1802 owner=4200 flags=['BROADCAST', 'MULTICAST'] master=pfbr5227 holders=[]
[+ 3.744979] SUMMARY FAILURE_ARM: PASS exit=1 tap_persisted_down=true tun_flags=0x5802 holders_after_close=[] reattach=ok fd=50
[+ 3.744982] SUMMARY STEP2: PASS launcher_fd=50 TUNGETIFF=name=pftap5227 flags=0x5802 tun_flags=0x5802
[+ 3.744985] SUMMARY STEP3: PASS 'READY pid=1 port=1234' at 1.124s flags=['BROADCAST', 'MULTICAST'] capture=0 stats=all-zero tap_state_unchanged=true ch_tun_fds=[50, 68, 120, 121, 125, 128]
[+ 3.744988] SUMMARY STEP4: PASS holders=[[21113, 50, 'cloud-hyperviso'], [21113, 68, 'cloud-hyperviso'], [21113, 120, 'cloud-hyperviso'], [21113, 121, 'cloud-hyperviso'], [21113, 125, 'cloud-hyperviso'], [21113, 128, 'cloud-hyperviso']] tap_exists=true flags=['BROADCAST', 'MULTICAST']
[+ 3.744992] SUMMARY STEP5: PASS guard_readback=exact UP=['BROADCAST', 'MULTICAST', 'UP', 'LOWER_UP'] master=pfbr5227 rx=2 tx=5 frames=5 all_after_barrier=true icmp_reply_to_guest=true
[+ 3.744995] SUMMARY STEP6: PASS exists=true flags=['NO-CARRIER', 'BROADCAST', 'MULTICAST', 'UP'] operstate=DOWN carrier=0 master=pfbr5227 tun_flags=0x5802 owner=4200 holders=[] (fdinfo scanned=714)
[+ 3.744998] SUMMARY RESTART_OBS: OBSERVED admin_up_reattach flags=['BROADCAST', 'MULTICAST', 'UP', 'LOWER_UP'] carrier=1 queued=7; down_first_reattach flags=['BROADCAST', 'MULTICAST'] queued=0 stats_delta={'rx_packets': 0, 'tx_packets': 0, 'rx_bytes': 0, 'tx_bytes': 0, 'rx_dropped': 0, 'tx_dropped': 0}
[+ 3.745001] SUMMARY STEP7: PASS tap deleted, exact empty complement
[+ 3.745005] SUMMARY TOTAL_ELAPSED_SECONDS=3.745004
VERDICT=WORKS
CLEANUP residue_found_by_fallback=[]
CLEANUP {"bridge_exists": false, "cgroup_exists": false, "new_cloud_hypervisor_pids": [], "nft_table_exists": false, "run_dir_exists": false, "scratch_exists": false, "staging_exists": false, "tap_exists": false, "tap_queue_holders": []}
cleanup_complete=True
exit=0
