    Finished `dev` profile [unoptimized + debuginfo] target(s) in 0.09s
     Running `target/debug/xtask metal run -- python3 spike-scratch/increment-y-netns-density-295-persistent-fd-tap/spike.py`
/usr/bin/ssh
xtask: running metal run (one bootstrap lease session)

########## [bootstrap] preflight: ssh to ubuntu@151.115.99.251

########## [bootstrap] remote user=ubuntu home=/home/ubuntu sudo='sudo -n'

########## [bootstrap] acquire canonical metal lease (/run/lock/overdrive-metal-shared.lock)
OVERDRIVE_METAL_LEASE_ACQUIRED token=210ccdc204e409883182039b pid=19860

########## [bootstrap] sync /Users/marcus/conductor/workspaces/helios/wellington-v2 -> ubuntu@151.115.99.251:/home/ubuntu/overdrive

sent 171,590 bytes  received 8,147 bytes  119,824.67 bytes/sec
total size is 263,145,598  speedup is 1,464.06

########## [bootstrap] fail-closed native x86_64/KVM preflight
[+ 0.000066] PREFLIGHT BEGIN
[+ 0.056803] ENV variant=main launcher_flags=0x5002
[+ 0.059734] ENV uname=Linux 7.0.0-29-generic x86_64 GNU/Linux
[+ 0.059753] ENV systemd_detect_virt=none
[+ 0.059758] ENV cloud_hypervisor_path=/usr/local/bin/cloud-hypervisor
[+ 0.061186] ENV cloud_hypervisor_version=cloud-hypervisor v53.0
[+ 0.062281] ENV ethtool_version=ethtool version 6.19
[+ 0.062294] ENV kernel=/srv/vm/overdrive-testing/kernel rootfs=/srv/vm/overdrive-testing/rootfs.ext4
[+ 0.065248] ENV parent_identity=uid=0(root) gid=0(root) groups=0(root)
[+ 0.065264] ENV names tap=pftap4ef2 scratch=pfx4ef2 bridge=pfbr4ef2 nft=pfguard4ef2 run_dir=/run/overdrive/vm/pf-tap-4ef2 cgroup=/sys/fs/cgroup/overdrive.slice/workloads.slice/pf-tap-4ef2.scope work=/srv/vm/overdrive-testing/pf-tap-4ef2
[+ 0.065270] ENV before_cloud_hypervisor_pids=[]
[+ 0.065275] PREFLIGHT RESULT=PASS native root x86_64 metal, no pre-existing exact resources
[+ 0.065280] SQ BEGIN
[+ 0.065283] SQ hypothesis=a single-queue persistent TAP admits exactly one attached queue fd; TUN_FEATURES follow the last attacher
[+ 0.065286] SQ prediction=attach while creator fd open -> EBUSY; after close ok; re-TUNSETIFF on an attached fd -> EEXIST; IFF_VNET_HDR in sysfs tun_flags equals the last attacher's request and survives detach
[+ 0.065289] SQ falsification=attach succeeds while another queue fd is attached, or tun_flags does not track the attacher's flags
[+ 0.084600] SQ creator_held_snapshot={"address": "de:bf:ff:21:ea:f3", "carrier": "errno=22(EINVAL) Invalid argument", "exists": true, "fdinfo_scanned": 669, "flags": ["BROADCAST", "MULTICAST"], "group": "-1", "holders": [[20210, 3, "python3"]], "ifindex": 58835, "info_data": {"multi_queue": false, "persist": true, "pi": false, "type": "tap", "user": 4200, "vnet_hdr": false}, "master": null, "mtu": 1500, "offload": {"generic-receive-offload": "on", "generic-segmentation-offload": "on", "rx-checksumming": "off [fixed]", "scatter-gather": "on", "tcp-segmentation-offload": "off", "tx-checksum-ip-generic": "off", "tx-checksumming": "off", "tx-udp-segmentation": "off", "udp-fragmentation-offload": "?"}, "offload_digest": "6319af7dd8a6b59d", "operstate": "DOWN", "owner": "4200", "stats": {"rx_bytes": 0, "rx_dropped": 0, "rx_packets": 0, "tx_bytes": 0, "tx_dropped": 0, "tx_packets": 0}, "tun_flags": "0x1802"}
[+ 0.084632] SQ creator_TUNGETIFF=name=pfx4ef2 flags=0x1802
[+ 0.084660] SQ launcher_attach_while_creator_fd_open=errno=16(EBUSY) Device or resource busy
[+ 0.103482] SQ after_creator_close_snapshot={"address": "de:bf:ff:21:ea:f3", "carrier": "errno=22(EINVAL) Invalid argument", "exists": true, "fdinfo_scanned": 683, "flags": ["BROADCAST", "MULTICAST"], "group": "-1", "holders": [], "ifindex": 58835, "info_data": {"multi_queue": false, "persist": true, "pi": false, "type": "tap", "user": 4200, "vnet_hdr": false}, "master": null, "mtu": 1500, "offload": {"generic-receive-offload": "on", "generic-segmentation-offload": "on", "rx-checksumming": "off [fixed]", "scatter-gather": "on", "tcp-segmentation-offload": "off", "tx-checksum-ip-generic": "off", "tx-checksumming": "off", "tx-udp-segmentation": "off", "udp-fragmentation-offload": "?"}, "offload_digest": "6319af7dd8a6b59d", "operstate": "DOWN", "owner": "4200", "stats": {"rx_bytes": 0, "rx_dropped": 0, "rx_packets": 0, "tx_bytes": 0, "tx_dropped": 0, "tx_packets": 0}, "tun_flags": "0x1802"}
[+ 0.103556] SQ attach_without_vnet_hdr=ok TUNGETIFF=name=pfx4ef2 flags=0x1802 sysfs_tun_flags=0x1802
[+ 0.103574] SQ second_attach_while_queue_attached=errno=16(EBUSY) Device or resource busy
[+ 0.103614] SQ ch_style_reissue_TUNSETIFF_with_vnet_on_attached_fd=errno=17(EEXIST) File exists sysfs_tun_flags=0x1802
[+ 0.118117] SQ after_plain_close holders=[] sysfs_tun_flags=0x1802
[+ 0.118183] SQ attach_with_vnet_hdr=ok TUNGETIFF=name=pfx4ef2 flags=0x5802 sysfs_tun_flags=0x5802
[+ 0.132633] SQ after_vnet_close holders=[] sysfs_tun_flags=0x5802
[+ 0.132699] SQ reattach_without_vnet_hdr=ok sysfs_tun_flags=0x1802
[+ 0.132778] SQ after_plain_again_close sysfs_tun_flags=0x1802
[+ 0.147250] SQ attach_for_delete_probe=ok holders=[[20210, 3, 'python3']]
[+ 0.158529] SQ rtm_dellink_with_queue_attached rc=0 stderr='' exists_after=False
[+ 0.173090] SQ holder_TUNGETIFF_after_delete=errno=77(EBADFD) File descriptor in bad state holders_after=[]
[+ 0.173134] SQ RESULT=PASS creator_open=errno=16(EBUSY) second_queue=errno=16(EBUSY) reissue=errno=17(EEXIST) vnet_sticky_after_detach=0x5802
[+ 0.173144] STAGING BEGIN
[+ 0.201947] STAGING RESULT=PASS rootfs/kernel/run-dir/beacon/cgroup staged
[+ 0.201965] STEP1 BEGIN
[+ 0.201969] STEP1 hypothesis=the production creator sequence yields a persistent, down, owner-4200 TAP with zero queue holders after its fd closes
[+ 0.201973] STEP1 prediction=tun_flags=0x1802 (TAP|NO_PI|PERSIST, no VNET_HDR) owner=4200 flags lack UP holders=[] master=bridge after attach
[+ 0.201975] STEP1 falsification=TAP absent after creator close, UP, holders non-empty, or persistence/owner differ
[+ 0.227440] STEP1 after_creator_close_snapshot={"address": "7a:d3:3e:07:a2:a2", "carrier": "errno=22(EINVAL) Invalid argument", "exists": true, "fdinfo_scanned": 688, "flags": ["BROADCAST", "MULTICAST"], "group": "-1", "holders": [], "ifindex": 58837, "info_data": {"multi_queue": false, "persist": true, "pi": false, "type": "tap", "user": 4200, "vnet_hdr": false}, "master": null, "mtu": 1500, "offload": {"generic-receive-offload": "on", "generic-segmentation-offload": "on", "rx-checksumming": "off [fixed]", "scatter-gather": "on", "tcp-segmentation-offload": "off", "tx-checksum-ip-generic": "off", "tx-checksumming": "off", "tx-udp-segmentation": "off", "udp-fragmentation-offload": "?"}, "offload_digest": "7210dc20a2ecce15", "operstate": "DOWN", "owner": "4200", "stats": {"rx_bytes": 0, "rx_dropped": 0, "rx_packets": 0, "tx_bytes": 0, "tx_dropped": 0, "tx_packets": 0}, "tun_flags": "0x1802"}
[+ 0.248818] STEP1 after_bridge_attach_snapshot={"address": "7a:d3:3e:07:a2:a2", "carrier": "errno=22(EINVAL) Invalid argument", "exists": true, "fdinfo_scanned": 712, "flags": ["BROADCAST", "MULTICAST"], "group": "-1", "holders": [], "ifindex": 58837, "info_data": {"multi_queue": false, "persist": true, "pi": false, "type": "tap", "user": 4200, "vnet_hdr": false}, "master": "pfbr4ef2", "mtu": 1500, "offload": {"generic-receive-offload": "on", "generic-segmentation-offload": "on", "rx-checksumming": "off [fixed]", "scatter-gather": "on", "tcp-segmentation-offload": "off", "tx-checksum-ip-generic": "off", "tx-checksumming": "off", "tx-udp-segmentation": "off", "udp-fragmentation-offload": "?"}, "offload_digest": "7210dc20a2ecce15", "operstate": "DOWN", "owner": "4200", "stats": {"rx_bytes": 0, "rx_dropped": 0, "rx_packets": 0, "tx_bytes": 0, "tx_dropped": 0, "tx_packets": 0}, "tun_flags": "0x1802"}
[+ 0.259409] STEP1 RESULT=PASS tap=pftap4ef2 ifindex=58837 tun_flags=0x1802 owner=4200 flags=['BROADCAST', 'MULTICAST'] master=pfbr4ef2 holders=[]
[+ 0.270213] CAPTURE capture_started_before_launch=AF_PACKET ifindex=58837 all_ethertypes=true
[+ 0.270224] STEP2 BEGIN
[+ 0.270230] STEP2 hypothesis=a separate launcher open+TUNSETIFF(0x5002) attaches to the existing persistent TAP without the creator fd
[+ 0.270232] STEP2 prediction=attach ok; fdinfo iff names the TAP; TUNSETIFF updates TUN_FEATURES (tun_flags gains 0x4000 iff requested); TAP stays down
[+ 0.270235] STEP2 falsification=attach errors, tun_flags does not track the request, or the TAP changes admin state
[+ 0.270354] STEP2 launcher_fd=50 inode=137 device=7 TUNGETIFF=name=pftap4ef2 flags=0x5802
[+ 0.270360] STEP2 launcher_fdinfo=pos:	0; flags:	02104002; mnt_id:	30; ino:	137; iff:	pftap4ef2
[+ 0.289889] STEP2 after_launcher_attach_snapshot={"address": "7a:d3:3e:07:a2:a2", "carrier": "errno=22(EINVAL) Invalid argument", "exists": true, "fdinfo_scanned": 714, "flags": ["BROADCAST", "MULTICAST"], "group": "-1", "holders": [[20210, 50, "python3"]], "ifindex": 58837, "info_data": {"multi_queue": false, "persist": true, "pi": false, "type": "tap", "user": 4200, "vnet_hdr": true}, "master": "pfbr4ef2", "mtu": 1500, "offload": {"generic-receive-offload": "on", "generic-segmentation-offload": "on", "rx-checksumming": "off [fixed]", "scatter-gather": "on", "tcp-segmentation-offload": "off", "tx-checksum-ip-generic": "off", "tx-checksumming": "off", "tx-udp-segmentation": "off", "udp-fragmentation-offload": "?"}, "offload_digest": "7210dc20a2ecce15", "operstate": "DOWN", "owner": "4200", "stats": {"rx_bytes": 0, "rx_dropped": 0, "rx_packets": 0, "tx_bytes": 0, "tx_dropped": 0, "tx_packets": 0}, "tun_flags": "0x5802"}
[+ 0.289932] STEP2 diff_vs_step1={"info_data": [{"multi_queue": false, "persist": true, "pi": false, "type": "tap", "user": 4200, "vnet_hdr": false}, {"multi_queue": false, "persist": true, "pi": false, "type": "tap", "user": 4200, "vnet_hdr": true}], "tun_flags": ["0x1802", "0x5802"]}
[+ 0.289946] FAILURE_ARM BEGIN
[+ 0.289949] FAILURE_ARM hypothesis=a failed CH launch leaves the launcher's queue fd and the persistent down TAP intact; after the launcher closes the fd the TAP persists and a fresh attach succeeds
[+ 0.289952] FAILURE_ARM prediction=CH exits non-zero; launcher fd inode/iff unchanged; TAP down, tun_flags unchanged; after close holders=[] TAP persists; reattach ok
[+ 0.289955] FAILURE_ARM falsification=TAP raised/removed, flags changed, or reattach refused
[+ 0.290062] FAILURE_ARM fd_flags_before=0x1 fd_flags_after=0x0 parent_non_cloexec_fds=[0, 1, 2, 50]
[+ 0.290205] FAILURE_ARM failure_cli=prlimit --fsize=268435456 --nofile=256 -- setpriv --reuid=4200 --regid=4200 --groups=991 --no-new-privs -- /usr/local/bin/cloud-hypervisor --cpus boot=1 --memory size=268435456 --kernel /run/overdrive/vm/pf-tap-4ef2/deliberately-missing-kernel --cmdline 'console=ttyS0 panic=1 root=/dev/vda rw overdrive.net=10.77.239.2/24,gw=10.77.239.1,dns=10.77.239.1' --disk path=/srv/vm/overdrive-testing/pf-tap-4ef2/rootfs.ext4,image_type=raw --serial file=/run/overdrive/vm/pf-tap-4ef2/fail-console.log --console off --vsock cid=3,socket=/run/overdrive/vm/pf-tap-4ef2/fail-vsock --api-socket /run/overdrive/vm/pf-tap-4ef2/fail-api --seccomp true --landlock --net 'fd=[50],mac=02:00:00:95:4e:f2,offload_tso=off,offload_ufo=off,offload_csum=off' --landlock-rules path=/sys/class/net/pftap4ef2,access=r --landlock-rules path=/run/overdrive/vm/pf-tap-4ef2,access=rw
[+ 0.321877] FAILURE_ARM failure_exit=1 failure_elapsed_seconds=0.031660
[+ 0.321968] FAILURE_ARM failure_stderr_tail=cloud-hypervisor:   0.015924s: <main> ERROR:/home/runner/work/cloud-hypervisor/cloud-hypervisor/cloud-hypervisor/src/lib.rs:24 -- Fatal error: VmBoot(VmBoot(KernelFile(Os { code: 2, kind: NotFound, message: "No such file or directory" }))) | Error: Cloud Hypervisor exited with the following chain of errors: |   0: Error booting VM |   1: The VM could not boot |   2: Cannot open kernel file |   3: No such file or directory (os error 2)
[+ 0.341542] FAILURE_ARM after_failed_launch_snapshot={"address": "7a:d3:3e:07:a2:a2", "carrier": "errno=22(EINVAL) Invalid argument", "exists": true, "fdinfo_scanned": 714, "flags": ["BROADCAST", "MULTICAST"], "group": "-1", "holders": [[20210, 50, "python3"]], "ifindex": 58837, "info_data": {"multi_queue": false, "persist": true, "pi": false, "type": "tap", "user": 4200, "vnet_hdr": true}, "master": "pfbr4ef2", "mtu": 1500, "offload": {"generic-receive-offload": "on", "generic-segmentation-offload": "on", "rx-checksumming": "off [fixed]", "scatter-gather": "on", "tcp-segmentation-offload": "off", "tx-checksum-ip-generic": "off", "tx-checksumming": "off", "tx-udp-segmentation": "off", "udp-fragmentation-offload": "?"}, "offload_digest": "7210dc20a2ecce15", "operstate": "DOWN", "owner": "4200", "stats": {"rx_bytes": 0, "rx_dropped": 0, "rx_packets": 0, "tx_bytes": 0, "tx_dropped": 0, "tx_packets": 0}, "tun_flags": "0x5802"}
[+ 0.341596] FAILURE_ARM diff_vs_launcher_attach={} launcher_fd_inode=137 launcher_TUNGETIFF=name=pftap4ef2 flags=0x5802
[+ 0.360608] FAILURE_ARM after_launcher_close_snapshot={"address": "7a:d3:3e:07:a2:a2", "carrier": "errno=22(EINVAL) Invalid argument", "exists": true, "fdinfo_scanned": 713, "flags": ["BROADCAST", "MULTICAST"], "group": "-1", "holders": [], "ifindex": 58837, "info_data": {"multi_queue": false, "persist": true, "pi": false, "type": "tap", "user": 4200, "vnet_hdr": true}, "master": "pfbr4ef2", "mtu": 1500, "offload": {"generic-receive-offload": "on", "generic-segmentation-offload": "on", "rx-checksumming": "off [fixed]", "scatter-gather": "on", "tcp-segmentation-offload": "off", "tx-checksum-ip-generic": "off", "tx-checksumming": "off", "tx-udp-segmentation": "off", "udp-fragmentation-offload": "?"}, "offload_digest": "7210dc20a2ecce15", "operstate": "DOWN", "owner": "4200", "stats": {"rx_bytes": 0, "rx_dropped": 0, "rx_packets": 0, "tx_bytes": 0, "tx_dropped": 0, "tx_packets": 0}, "tun_flags": "0x5802"}
[+ 0.381162] FAILURE_ARM subsequent_launcher_attach=ok fd=50 inode=137 TUNGETIFF=name=pftap4ef2 flags=0x5802 holders=[[20210, 50, 'python3']] tun_flags=0x5802
[+ 0.381203] FAILURE_ARM RESULT=PASS exit=1 tap_persisted_down=true tun_flags=0x5802 holders_after_close=[] reattach=ok fd=50
[+ 0.400370] STEP2 RESULT=PASS launcher_fd=50 TUNGETIFF=name=pftap4ef2 flags=0x5802 tun_flags=0x5802
[+ 0.400383] STEP3 BEGIN
[+ 0.400387] STEP3 hypothesis=CH v53 consumes the inherited queue fd without raising the persistent TAP; guest READY with zero frames
[+ 0.400389] STEP3 prediction=READY pid=1 port=1234; TAP flags lack UP; capture=0; all six counters=0; TAP state identical to post-attach
[+ 0.400392] STEP3 falsification=TAP UP at READY, any frame/counter (incl. rx_dropped) non-zero, or CH altered tun_flags/owner/offload
[+ 0.400479] STEP3 fd_flags_before=0x1 fd_flags_after=0x0 parent_non_cloexec_fds=[0, 1, 2, 50]
[+ 0.420487] STEP3 main_cli=prlimit --fsize=268435456 --nofile=256 -- setpriv --reuid=4200 --regid=4200 --groups=991 --no-new-privs -- /usr/local/bin/cloud-hypervisor --cpus boot=1 --memory size=268435456 --kernel /run/overdrive/vm/pf-tap-4ef2/kernel --cmdline 'console=ttyS0 panic=1 root=/dev/vda rw overdrive.net=10.77.239.2/24,gw=10.77.239.1,dns=10.77.239.1' --disk path=/srv/vm/overdrive-testing/pf-tap-4ef2/rootfs.ext4,image_type=raw --serial file=/run/overdrive/vm/pf-tap-4ef2/console.log --console off --vsock cid=3,socket=/run/overdrive/vm/pf-tap-4ef2/vsock --api-socket /run/overdrive/vm/pf-tap-4ef2/api --seccomp true --landlock --net 'fd=[50],mac=02:00:00:95:4e:f2,offload_tso=off,offload_ufo=off,offload_csum=off' --landlock-rules path=/sys/class/net/pftap4ef2,access=r --landlock-rules path=/run/overdrive/vm/pf-tap-4ef2,access=rw
[+ 0.425460] STEP3 exec_elapsed_seconds=0.004953 child_pid=20292
[+ 0.425508] STEP3 child_cmdline=/usr/local/bin/cloud-hypervisor --cpus boot=1 --memory size=268435456 --kernel /run/overdrive/vm/pf-tap-4ef2/kernel --cmdline console=ttyS0 panic=1 root=/dev/vda rw overdrive.net=10.77.239.2/24,gw=10.77.239.1,dns=10.77.239.1 --disk path=/srv/vm/overdrive-testing/pf-tap-4ef2/rootfs.ext4,image_type=raw --serial file=/run/overdrive/vm/pf-tap-4ef2/console.log --console off --vsock cid=3,socket=/run/overdrive/vm/pf-tap-4ef2/vsock --api-socket /run/overdrive/vm/pf-tap-4ef2/api --seccomp true --landlock --net fd=[50],mac=02:00:00:95:4e:f2,offload_tso=off,offload_ufo=off,offload_csum=off --landlock-rules path=/sys/class/net/pftap4ef2,access=r --landlock-rules path=/run/overdrive/vm/pf-tap-4ef2,access=rw 
[+ 0.425544] STEP3 child_status={"Gid": "4200\t4200\t4200\t4200", "Groups": "991", "NoNewPrivs": "1", "Seccomp": "0", "Seccomp_filters": "0", "Uid": "4200\t4200\t4200\t4200"}
[+ 0.425598] STEP3 cgroup=/sys/fs/cgroup/overdrive.slice/workloads.slice/pf-tap-4ef2.scope cgroup_procs=20292
[+ 1.565822] STEP3 ready_line=READY pid=1 port=1234 ready_elapsed_seconds=1.114602
[+ 1.565906] STEP3 at_ready_snapshot={"address": "7a:d3:3e:07:a2:a2", "carrier": "errno=22(EINVAL) Invalid argument", "exists": true, "fdinfo_scanned": 864, "flags": ["BROADCAST", "MULTICAST"], "group": "-1", "holders": [[20210, 50, "python3"], [20292, 50, "cloud-hyperviso"], [20292, 67, "cloud-hyperviso"], [20292, 120, "cloud-hyperviso"], [20292, 121, "cloud-hyperviso"], [20292, 125, "cloud-hyperviso"], [20292, 128, "cloud-hyperviso"]], "ifindex": 58837, "info_data": {"multi_queue": false, "persist": true, "pi": false, "type": "tap", "user": 4200, "vnet_hdr": true}, "master": "pfbr4ef2", "mtu": 1500, "offload": {"generic-receive-offload": "on", "generic-segmentation-offload": "on", "rx-checksumming": "off [fixed]", "scatter-gather": "on", "tcp-segmentation-offload": "off", "tx-checksum-ip-generic": "off", "tx-checksumming": "off", "tx-udp-segmentation": "off", "udp-fragmentation-offload": "?"}, "offload_digest": "7210dc20a2ecce15", "operstate": "DOWN", "owner": "4200", "stats": {"rx_bytes": 0, "rx_dropped": 0, "rx_packets": 0, "tx_bytes": 0, "tx_dropped": 0, "tx_packets": 0}, "tun_flags": "0x5802"}
[+ 1.565955] STEP3 diff_vs_pre_launch={} offload_digest_pre=7210dc20a2ecce15 offload_digest_ready=7210dc20a2ecce15
[+ 1.565986] STEP3 ch_tun_fds_at_ready=[{"fd": 50, "fdinfo_flags": "0104002", "iff": "pftap4ef2", "inode": 137}, {"fd": 67, "fdinfo_flags": "0104002", "iff": "pftap4ef2", "inode": 137}, {"fd": 120, "fdinfo_flags": "02104002", "iff": "pftap4ef2", "inode": 137}, {"fd": 121, "fdinfo_flags": "02104002", "iff": "pftap4ef2", "inode": 137}, {"fd": 125, "fdinfo_flags": "02104002", "iff": "pftap4ef2", "inode": 137}, {"fd": 128, "fdinfo_flags": "02104002", "iff": "pftap4ef2", "inode": 137}]
[+ 1.566030] STEP3 thread_security_at_ready=[{"Name": "cloud-hyperviso", "NoNewPrivs": "1", "Seccomp": "0", "Seccomp_filters": "0", "tid": 20292}, {"Name": "vmm", "NoNewPrivs": "1", "Seccomp": "2", "Seccomp_filters": "1", "tid": 20293}, {"Name": "http-server", "NoNewPrivs": "1", "Seccomp": "2", "Seccomp_filters": "1", "tid": 20294}, {"Name": "vmm_signal_hand", "NoNewPrivs": "1", "Seccomp": "2", "Seccomp_filters": "2", "tid": 20295}, {"Name": "vcpu0", "NoNewPrivs": "1", "Seccomp": "2", "Seccomp_filters": "2", "tid": 20297}, {"Name": "kvm-nx-lpage-re", "NoNewPrivs": "1", "Seccomp": "2", "Seccomp_filters": "2", "tid": 20298}, {"Name": "_disk0_q0", "NoNewPrivs": "1", "Seccomp": "2", "Seccomp_filters": "2", "tid": 20299}, {"Name": "_net1_ctrl", "NoNewPrivs": "1", "Seccomp": "2", "Seccomp_filters": "2", "tid": 20300}, {"Name": "_net1_qp0", "NoNewPrivs": "1", "Seccomp": "2", "Seccomp_filters": "2", "tid": 20301}, {"Name": "iou-wrk-20299", "NoNewPrivs": "1", "Seccomp": "2", "Seccomp_filters": "2", "tid": 20302}, {"Name": "_vsock2", "NoNewPrivs": "1", "Seccomp": "2", "Seccomp_filters": "2", "tid": 20303}]
[+ 1.566042] STEP3 pre_activation_capture_packets=0 bytes=0
[+ 1.571235] STEP3 RESULT=PASS 'READY pid=1 port=1234' at 1.115s flags=['BROADCAST', 'MULTICAST'] capture=0 stats=all-zero tap_state_unchanged=true ch_tun_fds=[50, 67, 120, 121, 125, 128]
[+ 1.571247] STEP4 BEGIN
[+ 1.571252] STEP4 hypothesis=CH's inherited fd (and its dup) are the only remaining queue holders once the launcher closes
[+ 1.571257] STEP4 prediction=holders == CH pid only; CH fdinfo iff still names the TAP; TAP exists, down, state unchanged
[+ 1.571260] STEP4 falsification=TAP disappears/changes, CH loses the iff association, or another holder remains
[+ 1.610325] STEP4 after_launcher_close_snapshot={"address": "7a:d3:3e:07:a2:a2", "carrier": "errno=22(EINVAL) Invalid argument", "exists": true, "fdinfo_scanned": 862, "flags": ["BROADCAST", "MULTICAST"], "group": "-1", "holders": [[20292, 50, "cloud-hyperviso"], [20292, 67, "cloud-hyperviso"], [20292, 120, "cloud-hyperviso"], [20292, 121, "cloud-hyperviso"], [20292, 125, "cloud-hyperviso"], [20292, 128, "cloud-hyperviso"]], "ifindex": 58837, "info_data": {"multi_queue": false, "persist": true, "pi": false, "type": "tap", "user": 4200, "vnet_hdr": true}, "master": "pfbr4ef2", "mtu": 1500, "offload": {"generic-receive-offload": "on", "generic-segmentation-offload": "on", "rx-checksumming": "off [fixed]", "scatter-gather": "on", "tcp-segmentation-offload": "off", "tx-checksum-ip-generic": "off", "tx-checksumming": "off", "tx-udp-segmentation": "off", "udp-fragmentation-offload": "?"}, "offload_digest": "7210dc20a2ecce15", "operstate": "DOWN", "owner": "4200", "stats": {"rx_bytes": 0, "rx_dropped": 0, "rx_packets": 0, "tx_bytes": 0, "tx_dropped": 0, "tx_packets": 0}, "tun_flags": "0x5802"}
[+ 1.610370] STEP4 ch_tun_fds_after_launcher_close=[{"fd": 50, "fdinfo_flags": "0104002", "iff": "pftap4ef2", "inode": 137}, {"fd": 67, "fdinfo_flags": "0104002", "iff": "pftap4ef2", "inode": 137}, {"fd": 120, "fdinfo_flags": "02104002", "iff": "pftap4ef2", "inode": 137}, {"fd": 121, "fdinfo_flags": "02104002", "iff": "pftap4ef2", "inode": 137}, {"fd": 125, "fdinfo_flags": "02104002", "iff": "pftap4ef2", "inode": 137}, {"fd": 128, "fdinfo_flags": "02104002", "iff": "pftap4ef2", "inode": 137}]
[+ 1.610430] STEP4 RESULT=PASS holders=[[20292, 50, 'cloud-hyperviso'], [20292, 67, 'cloud-hyperviso'], [20292, 120, 'cloud-hyperviso'], [20292, 121, 'cloud-hyperviso'], [20292, 125, 'cloud-hyperviso'], [20292, 128, 'cloud-hyperviso']] tap_exists=true flags=['BROADCAST', 'MULTICAST']
[+ 1.610443] STEP5 BEGIN
[+ 1.610450] STEP5 hypothesis=after guard read-back, owner-side offload disable + UP yields UP/LOWER_UP and bidirectional traffic entirely after the barrier
[+ 1.610457] STEP5 prediction=nft read-back exact; UP,LOWER_UP master=bridge forwarding; ARP+ICMP both directions; every timestamp > barrier
[+ 1.610463] STEP5 falsification=read-back mismatch, no bidirectional progress, or any capture timestamp <= barrier
[+ 1.613118] STEP5 protection_readback_begin
[+ 1.613151] STEP5   table bridge pfguard4ef2 { # handle 2758
[+ 1.613161] STEP5   	chain input { # handle 1
[+ 1.613179] STEP5   		type filter hook input priority -300; policy drop;
[+ 1.613184] STEP5   		iifname "pftap4ef2" ether type arp counter packets 0 bytes 0 accept # handle 2
[+ 1.613189] STEP5   		iifname "pftap4ef2" ip protocol icmp counter packets 0 bytes 0 accept # handle 3
[+ 1.613194] STEP5   	}
[+ 1.613200] STEP5   
[+ 1.613205] STEP5   	chain forward { # handle 4
[+ 1.613210] STEP5   		type filter hook forward priority -300; policy drop;
[+ 1.613215] STEP5   	}
[+ 1.613220] STEP5   }
[+ 1.613225] STEP5 protection_readback_end
[+ 1.614263] STEP5 owner_disable_tx_offload rc=0 stdout='' stderr=''
[+ 1.638473] STEP5 pre_up_snapshot={"address": "7a:d3:3e:07:a2:a2", "carrier": "errno=22(EINVAL) Invalid argument", "exists": true, "fdinfo_scanned": 862, "flags": ["BROADCAST", "MULTICAST"], "group": "-1", "holders": [[20292, 50, "cloud-hyperviso"], [20292, 67, "cloud-hyperviso"], [20292, 120, "cloud-hyperviso"], [20292, 121, "cloud-hyperviso"], [20292, 125, "cloud-hyperviso"], [20292, 128, "cloud-hyperviso"]], "ifindex": 58837, "info_data": {"multi_queue": false, "persist": true, "pi": false, "type": "tap", "user": 4200, "vnet_hdr": true}, "master": "pfbr4ef2", "mtu": 1500, "offload": {"generic-receive-offload": "on", "generic-segmentation-offload": "on", "rx-checksumming": "off [fixed]", "scatter-gather": "on", "tcp-segmentation-offload": "off", "tx-checksum-ip-generic": "off", "tx-checksumming": "off", "tx-udp-segmentation": "off", "udp-fragmentation-offload": "?"}, "offload_digest": "7210dc20a2ecce15", "operstate": "DOWN", "owner": "4200", "stats": {"rx_bytes": 0, "rx_dropped": 0, "rx_packets": 0, "tx_bytes": 0, "tx_dropped": 0, "tx_packets": 0}, "tun_flags": "0x5802"}
[+ 1.674324] STEP5 activation_wall_ns=1790181112006878811 activation_elapsed_seconds=0.002445
[+ 1.674388] STEP5 active_snapshot={"address": "7a:d3:3e:07:a2:a2", "carrier": "1", "exists": true, "fdinfo_scanned": 863, "flags": ["BROADCAST", "MULTICAST", "UP", "LOWER_UP"], "group": "-1", "holders": [[20292, 50, "cloud-hyperviso"], [20292, 67, "cloud-hyperviso"], [20292, 120, "cloud-hyperviso"], [20292, 121, "cloud-hyperviso"], [20292, 125, "cloud-hyperviso"], [20292, 128, "cloud-hyperviso"]], "ifindex": 58837, "info_data": {"multi_queue": false, "persist": true, "pi": false, "type": "tap", "user": 4200, "vnet_hdr": true}, "master": "pfbr4ef2", "mtu": 1500, "offload": {"generic-receive-offload": "on", "generic-segmentation-offload": "on", "rx-checksumming": "off [fixed]", "scatter-gather": "on", "tcp-segmentation-offload": "off", "tx-checksum-ip-generic": "off", "tx-checksumming": "off", "tx-udp-segmentation": "off", "udp-fragmentation-offload": "?"}, "offload_digest": "7210dc20a2ecce15", "operstate": "UP", "owner": "4200", "stats": {"rx_bytes": 0, "rx_dropped": 0, "rx_packets": 0, "tx_bytes": 200, "tx_dropped": 0, "tx_packets": 2}, "tun_flags": "0x5802"}
[+ 1.674394] STEP5 bridge_readback=58837: pftap4ef2: <BROADCAST,MULTICAST,UP,LOWER_UP> mtu 1500 master pfbr4ef2 state forwarding priority 32 cost 2 
    hairpin off guard off root_block off fastleave off learning on flood on mcast_flood on bcast_flood on mcast_router 1 mcast_to_unicast off neigh_suppress off neigh_vlan_suppress off vlan_tunnel off isolated off locked off mab off mcast_n_groups 0 mcast_max_groups 0
[+ 1.795512] STEP5 traffic_elapsed_seconds=0.020556 tap_stats={"rx_bytes": 140, "rx_dropped": 0, "rx_packets": 2, "tx_bytes": 430, "tx_dropped": 0, "tx_packets": 5}
[+ 1.795536] STEP5 post_activation_capture_packets=5 bytes=370 records_at_or_before_barrier=0 guest_originated=2 well_formed_guest=2 to_guest=2 icmp_reply_to_guest=True
[+ 1.795546] STEP5 first_frame_after_barrier_ms=40.338
[+ 1.795564] STEP5 post_activation_frame ts=1790181112047217231 pkttype=1 len=42 src=02:00:00:95:4e:f2 dst=ff:ff:ff:ff:ff:ff kind=arp-request head=ffffffffffff020000954ef2080600010800060400010200
[+ 1.795576] STEP5 post_activation_frame ts=1790181112047247086 pkttype=4 len=42 src=f6:d6:9e:51:f2:6a dst=02:00:00:95:4e:f2 kind=arp-reply head=020000954ef2f6d69e51f26a08060001080006040002f6d6
[+ 1.795584] STEP5 post_activation_frame ts=1790181112047469831 pkttype=3 len=98 src=02:00:00:95:4e:f2 dst=f6:d6:9e:51:f2:6a kind=icmp-echo-request head=f6d69e51f26a020000954ef20800450000549cd540004001
[+ 1.795592] STEP5 post_activation_frame ts=1790181112047485545 pkttype=4 len=98 src=f6:d6:9e:51:f2:6a dst=02:00:00:95:4e:f2 kind=icmp-echo-reply head=020000954ef2f6d69e51f26a080045000054bc9a00004001
[+ 1.795600] STEP5 post_activation_frame ts=1790181112101642572 pkttype=4 len=90 src=7a:d3:3e:07:a2:a2 dst=33:33:00:00:00:16 kind=ipv6 head=3333000000167ad33e07a2a286dd60000000002400010000
[+ 1.795614] STEP5 RESULT=PASS guard_readback=exact UP=['BROADCAST', 'MULTICAST', 'UP', 'LOWER_UP'] master=pfbr4ef2 rx=2 tx=5 frames=5 all_after_barrier=true icmp_reply_to_guest=true
[+ 1.795618] STEP6 BEGIN
[+ 1.795621] STEP6 hypothesis=CH exit closes its queue; the persistent TAP remains with no holder anywhere
[+ 1.795624] STEP6 prediction=TAP exists, admin UP retained, NO-CARRIER/operstate DOWN, master=bridge, tun_flags persist bit set, owner=4200, holders=[]
[+ 1.795626] STEP6 falsification=TAP disappears, a holder remains, or persistence/owner changed
[+ 2.399666] STEP6 main_exit=0 cancellation_elapsed_seconds=0.031659 ch_pid_alive=False
[+ 2.399754] STEP6 main_stderr_tail=
[+ 2.399838] STEP6 after_ch_exit_snapshot={"address": "7a:d3:3e:07:a2:a2", "carrier": "0", "exists": true, "fdinfo_scanned": 714, "flags": ["NO-CARRIER", "BROADCAST", "MULTICAST", "UP"], "group": "-1", "holders": [], "ifindex": 58837, "info_data": {"multi_queue": false, "persist": true, "pi": false, "type": "tap", "user": 4200, "vnet_hdr": true}, "master": "pfbr4ef2", "mtu": 1500, "offload": {"generic-receive-offload": "on", "generic-segmentation-offload": "on", "rx-checksumming": "off [fixed]", "scatter-gather": "on", "tcp-segmentation-offload": "off", "tx-checksum-ip-generic": "off", "tx-checksumming": "off", "tx-udp-segmentation": "off", "udp-fragmentation-offload": "?"}, "offload_digest": "7210dc20a2ecce15", "operstate": "DOWN", "owner": "4200", "stats": {"rx_bytes": 140, "rx_dropped": 0, "rx_packets": 2, "tx_bytes": 430, "tx_dropped": 1, "tx_packets": 5}, "tun_flags": "0x5802"}
[+ 2.399892] STEP6 after_ch_exit_settled_snapshot={"address": "7a:d3:3e:07:a2:a2", "carrier": "0", "exists": true, "fdinfo_scanned": 714, "flags": ["NO-CARRIER", "BROADCAST", "MULTICAST", "UP"], "group": "-1", "holders": [], "ifindex": 58837, "info_data": {"multi_queue": false, "persist": true, "pi": false, "type": "tap", "user": 4200, "vnet_hdr": true}, "master": "pfbr4ef2", "mtu": 1500, "offload": {"generic-receive-offload": "on", "generic-segmentation-offload": "on", "rx-checksumming": "off [fixed]", "scatter-gather": "on", "tcp-segmentation-offload": "off", "tx-checksum-ip-generic": "off", "tx-checksumming": "off", "tx-udp-segmentation": "off", "udp-fragmentation-offload": "?"}, "offload_digest": "7210dc20a2ecce15", "operstate": "DOWN", "owner": "4200", "stats": {"rx_bytes": 140, "rx_dropped": 0, "rx_packets": 2, "tx_bytes": 430, "tx_dropped": 3, "tx_packets": 5}, "tun_flags": "0x5802"}
[+ 2.399956] STEP6 diff_active_vs_exit={"carrier": ["1", "0"], "flags": [["BROADCAST", "MULTICAST", "UP", "LOWER_UP"], ["NO-CARRIER", "BROADCAST", "MULTICAST", "UP"]], "operstate": ["UP", "DOWN"]}
[+ 2.403623] STEP6 tap_ip_detail=58837: pftap4ef2: <NO-CARRIER,BROADCAST,MULTICAST,UP> mtu 1500 qdisc fq_codel master pfbr4ef2 state DOWN mode DEFAULT group default qlen 1000 |     link/ether 7a:d3:3e:07:a2:a2 brd ff:ff:ff:ff:ff:ff promiscuity 1 allmulti 1 minmtu 68 maxmtu 65521  |     tun type tap pi off vnet_hdr on persist on user 4200  |     bridge_slave state disabled priority 32 cost 2 hairpin off guard off root_block off fastleave off learning on flood on port_id 0x8001 port_no 0x1 designated_port 32769 designated_cost 0 designated_bridge 8000.f6:d6:9e:51:f2:6a designated_root 8000.f6:d6:9e:51:f2:6a hold_timer    0.00 message_age_timer    0.00 forward_delay_timer    0.00 topology_change_ack 0 config_pending 0 proxy_arp off proxy_arp_wifi off mcast_router 1 mcast_fast_leave off mcast_flood on bcast_flood on mcast_to_unicast off neigh_suppress off neigh_vlan_suppress off group_fwd_mask 0 group_fwd_mask_str 0x0 vlan_tunnel off isolated off locked off mab off addrgenmode eui64 numtxqueues 1 numrxqueues 1 gso_max_size 65536 gso_max_segs 65535 tso_max_size 65536 tso_max_segs 65535 gro_max_size 65536 gso_ipv4_max_size 65536 gro_ipv4_max_size 65536
[+ 2.403659] STEP6 RESULT=PASS exists=true flags=['NO-CARRIER', 'BROADCAST', 'MULTICAST', 'UP'] operstate=DOWN carrier=0 master=pfbr4ef2 tun_flags=0x5802 owner=4200 holders=[] (fdinfo scanned=714)
[+ 2.403665] STEP7 BEGIN
[+ 2.403668] STEP7 hypothesis=set-down + RTM_DELLINK removes the persistent TAP; the spike's remaining resources remove to an exact empty complement
[+ 2.403671] STEP7 prediction=down read-back; delete rc=0; TAP absent (ip link show ENODEV); holders=[]; no bridge/nft/cgroup/run-dir/staging/CH residue
[+ 2.403674] STEP7 falsification=TAP survives delete or any residue remains
[+ 2.445985] STEP7 after_set_down flags=['BROADCAST', 'MULTICAST'] operstate=DOWN holders=[]
[+ 2.477574] STEP7 rtm_dellink rc=0 stderr=''
[+ 2.477629] STEP7 ip_link_show_after rc=1 stderr='Device "pftap4ef2" does not exist.' sysfs_exists=False
[+ 2.477635] STEP7 holders_after_delete=[] fdinfo_scanned=714
[+ 2.556980] STEP7 final_readback={"bridge_exists": false, "cgroup_exists": false, "new_cloud_hypervisor_pids": [], "nft_table_exists": false, "probe_open_tun_fds": [], "run_dir_exists": false, "scratch_exists": false, "scratch_queue_holders": [], "staging_exists": false, "tap_exists": false, "tap_queue_holders": []}
[+ 2.557010] STEP7 RESULT=PASS tap deleted, exact empty complement
[+ 2.557015] SUMMARY QUEUE_IMPLICATIONS queue_fds=1 virtio_num_queues=2 IFF_MULTI_QUEUE=false
[+ 2.557021] SUMMARY PREFLIGHT: PASS native root x86_64 metal, no pre-existing exact resources
[+ 2.557025] SUMMARY SQ: PASS creator_open=errno=16(EBUSY) second_queue=errno=16(EBUSY) reissue=errno=17(EEXIST) vnet_sticky_after_detach=0x5802
[+ 2.557028] SUMMARY STAGING: PASS rootfs/kernel/run-dir/beacon/cgroup staged
[+ 2.557031] SUMMARY STEP1: PASS tap=pftap4ef2 ifindex=58837 tun_flags=0x1802 owner=4200 flags=['BROADCAST', 'MULTICAST'] master=pfbr4ef2 holders=[]
[+ 2.557034] SUMMARY FAILURE_ARM: PASS exit=1 tap_persisted_down=true tun_flags=0x5802 holders_after_close=[] reattach=ok fd=50
[+ 2.557036] SUMMARY STEP2: PASS launcher_fd=50 TUNGETIFF=name=pftap4ef2 flags=0x5802 tun_flags=0x5802
[+ 2.557039] SUMMARY STEP3: PASS 'READY pid=1 port=1234' at 1.115s flags=['BROADCAST', 'MULTICAST'] capture=0 stats=all-zero tap_state_unchanged=true ch_tun_fds=[50, 67, 120, 121, 125, 128]
[+ 2.557043] SUMMARY STEP4: PASS holders=[[20292, 50, 'cloud-hyperviso'], [20292, 67, 'cloud-hyperviso'], [20292, 120, 'cloud-hyperviso'], [20292, 121, 'cloud-hyperviso'], [20292, 125, 'cloud-hyperviso'], [20292, 128, 'cloud-hyperviso']] tap_exists=true flags=['BROADCAST', 'MULTICAST']
[+ 2.557046] SUMMARY STEP5: PASS guard_readback=exact UP=['BROADCAST', 'MULTICAST', 'UP', 'LOWER_UP'] master=pfbr4ef2 rx=2 tx=5 frames=5 all_after_barrier=true icmp_reply_to_guest=true
[+ 2.557049] SUMMARY STEP6: PASS exists=true flags=['NO-CARRIER', 'BROADCAST', 'MULTICAST', 'UP'] operstate=DOWN carrier=0 master=pfbr4ef2 tun_flags=0x5802 owner=4200 holders=[] (fdinfo scanned=714)
[+ 2.557051] SUMMARY STEP7: PASS tap deleted, exact empty complement
[+ 2.557056] SUMMARY TOTAL_ELAPSED_SECONDS=2.557054
VERDICT=WORKS
CLEANUP residue_found_by_fallback=[]
CLEANUP {"bridge_exists": false, "cgroup_exists": false, "new_cloud_hypervisor_pids": [], "nft_table_exists": false, "run_dir_exists": false, "scratch_exists": false, "staging_exists": false, "tap_exists": false, "tap_queue_holders": []}
cleanup_complete=True
exit=0
