{"ack_oob":true,"arm":true,"declare":[7300,7301,7302],"egress_ifs":[],"ev":"programs_loaded","flush":true,"intake_park":true,"pid":5196,"programs":[{"id":128,"name":"verdict","tag":"5f61753433e18fc2","verified_insns":884},{"id":129,"name":"strp_parse","tag":"22614579d5370f67","verified_insns":62},{"id":130,"name":"strp_verdict","tag":"4c631b1fcdb0e5f6","verified_insns":895},{"id":131,"name":"lo_decode(tcx lo egress)","tag":"1be1d280222d9e90","verified_insns":465},{"id":132,"name":"sent(fexit skb_send_sock)","tag":"038e16bf070d9335","verified_insns":41},{"id":133,"name":"connect4","tag":"ad52658a44f6fc01","verified_insns":234},{"id":134,"name":"sendmsg4","tag":"25313d2a991262c4","verified_insns":204},{"id":135,"name":"recvmsg4","tag":"5924dfd9424078bf","verified_insns":82},{"id":136,"name":"getpeername4","tag":"90774192d60dfced","verified_insns":127},{"id":137,"name":"sock_release","tag":"e4511879b8661ea8","verified_insns":69},{"id":138,"name":"sockops(root cgroup)","tag":"d3503b23d0e6960e","verified_insns":260},{"id":139,"name":"listen_start(fexit inet_csk_listen_start)","tag":"7f3eaacd9edf8aa0","verified_insns":76},{"id":140,"name":"listen_stop(fexit inet_csk_listen_stop)","tag":"0b1bb60807b6c4fb","verified_insns":54}],"role":"guest","tuple_from_peer":true,"udp_park":true,"unframe":"tc"}
{"ev":"park_pool","slots":256}
{"ev":"ctl_open","t_us":118042940}
{"enum_us":85,"ev":"listen_state_sent","event_to_send_us":null,"listeners":0,"listening":false,"port":7300,"reason":"session_open","seq":1,"t_us":118043042}
{"enum_us":158,"ev":"listen_state_sent","event_to_send_us":null,"listeners":0,"listening":false,"port":7301,"reason":"session_open","seq":2,"t_us":118043115}
{"enum_us":230,"ev":"listen_state_sent","event_to_send_us":null,"listeners":0,"listening":false,"port":7302,"reason":"session_open","seq":3,"t_us":118043187}
{"ev":"guest_ready","slots":64,"w":"10.99.7.2"}
{"cookie":52586,"ev":"listen_event","kind":"start","ktime_us":120072082,"port":7300}
{"enum_us":89,"ev":"listen_state_sent","event_to_send_us":272,"listeners":1,"listening":true,"port":7300,"reason":"event","seq":4,"t_us":120072354}
{"ev":"ctl_closed","t_us":120074782}
{"err":"Connection reset by peer (os error 104)","ev":"ctl_connect_failed"}
{"err":"Connection reset by peer (os error 104)","ev":"ctl_connect_failed"}
{"ev":"ctl_open","t_us":120827773}
{"enum_us":101,"ev":"listen_state_sent","event_to_send_us":null,"listeners":1,"listening":true,"port":7300,"reason":"session_open","seq":5,"t_us":120827947}
{"enum_us":262,"ev":"listen_state_sent","event_to_send_us":null,"listeners":0,"listening":false,"port":7301,"reason":"session_open","seq":6,"t_us":120828108}
{"enum_us":389,"ev":"listen_state_sent","event_to_send_us":null,"listeners":0,"listening":false,"port":7302,"reason":"session_open","seq":7,"t_us":120828235}
{"client":"<metal-address>:43966","ev":"tcp_accept","flow":2,"gport":7300}
{"client":"<metal-address>:43968","ev":"tcp_accept","flow":4,"gport":7300}
{"age_ms":1,"ev":"flow_closed","flow":2,"kind":2,"reset":true,"why":"peer_abort"}
{"age_ms":2,"ev":"flow_closed","flow":4,"kind":2,"reset":false,"why":"both_directions_done"}
