{"ack_oob":true,"arm":false,"ev":"programs_loaded","flush":false,"intake_park":false,"pid":1074561,"programs":[{"id":41886,"name":"verdict","tag":"29dea242dbfa0f6b","verified_insns":453},{"id":41887,"name":"strp_parse","tag":"22614579d5370f67","verified_insns":62},{"id":41888,"name":"strp_verdict","tag":"0c76fd5cdccd1622","verified_insns":464},{"id":41889,"name":"lo_decode(tcx lo egress)","tag":"59011738e914c2f5","verified_insns":423},{"id":41890,"name":"sent(fexit skb_send_sock)","tag":"038e16bf070d9335","verified_insns":41},{"id":41891,"name":"sockops(/sys/fs/cgroup/gvc-spike-1074561)","tag":"d3503b23d0e6960e","verified_insns":260}],"role":"host","udp_park":true}
{"ev":"park_pool","slots":256}
{"cid":58118,"ev":"host_ready","intakes":["<metal-address>:2222=22","<metal-address>:2710=7100","<metal-address>:2711=7101"]}
{"cid":58118,"ev":"hello"}
{"dst":"<metal-address>:7004","ev":"host_tcp_connect","flow":1}
{"dst":"<metal-address>:7004","ev":"host_tcp_connect","flow":3}
{"age_ms":1051,"ev":"flow_closed","flow":1,"kind":1,"reset":true,"why":"peer_abort"}
{"dst":"<metal-address>:7004","ev":"host_tcp_connect","flow":5}
{"age_ms":1024,"ev":"flow_closed","flow":3,"kind":1,"reset":true,"why":"peer_abort"}
{"dst":"<metal-address>:7004","ev":"host_tcp_connect","flow":7}
{"age_ms":1024,"ev":"flow_closed","flow":5,"kind":1,"reset":true,"why":"peer_abort"}
{"dst":"<metal-address>:7004","ev":"host_tcp_connect","flow":9}
{"age_ms":1025,"ev":"flow_closed","flow":7,"kind":1,"reset":true,"why":"peer_abort"}
{"dst":"<metal-address>:7004","ev":"host_tcp_connect","flow":11}
{"age_ms":1025,"ev":"flow_closed","flow":9,"kind":1,"reset":true,"why":"peer_abort"}
{"dst":"<metal-address>:7004","ev":"host_tcp_connect","flow":13}
{"age_ms":1025,"ev":"flow_closed","flow":11,"kind":1,"reset":true,"why":"peer_abort"}
{"dst":"<metal-address>:7004","ev":"host_tcp_connect","flow":15}
{"age_ms":1025,"ev":"flow_closed","flow":13,"kind":1,"reset":true,"why":"peer_abort"}
{"dst":"<metal-address>:7004","ev":"host_tcp_connect","flow":17}
{"age_ms":1024,"ev":"flow_closed","flow":15,"kind":1,"reset":true,"why":"peer_abort"}
{"dst":"<metal-address>:7004","ev":"host_tcp_connect","flow":19}
{"age_ms":1024,"ev":"flow_closed","flow":17,"kind":1,"reset":true,"why":"peer_abort"}
{"dst":"<metal-address>:7004","ev":"host_tcp_connect","flow":21}
{"age_ms":1025,"ev":"flow_closed","flow":19,"kind":1,"reset":true,"why":"peer_abort"}
{"dst":"<metal-address>:7004","ev":"host_tcp_connect","flow":23}
{"age_ms":1025,"ev":"flow_closed","flow":21,"kind":1,"reset":true,"why":"peer_abort"}
{"dst":"<metal-address>:7004","ev":"host_tcp_connect","flow":25}
{"age_ms":1024,"ev":"flow_closed","flow":23,"kind":1,"reset":true,"why":"peer_abort"}
{"dst":"<metal-address>:7004","ev":"host_tcp_connect","flow":27}
{"age_ms":1025,"ev":"flow_closed","flow":25,"kind":1,"reset":true,"why":"peer_abort"}
{"dst":"<metal-address>:7004","ev":"host_tcp_connect","flow":29}
{"age_ms":1025,"ev":"flow_closed","flow":27,"kind":1,"reset":true,"why":"peer_abort"}
{"dst":"<metal-address>:7004","ev":"host_tcp_connect","flow":31}
{"age_ms":1025,"ev":"flow_closed","flow":29,"kind":1,"reset":true,"why":"peer_abort"}
{"dst":"<metal-address>:7004","ev":"host_tcp_connect","flow":33}
{"age_ms":1025,"ev":"flow_closed","flow":31,"kind":1,"reset":true,"why":"peer_abort"}
{"dst":"<metal-address>:7004","ev":"host_tcp_connect","flow":35}
{"age_ms":1024,"ev":"flow_closed","flow":33,"kind":1,"reset":true,"why":"peer_abort"}
{"dst":"<metal-address>:7004","ev":"host_tcp_connect","flow":37}
{"age_ms":1025,"ev":"flow_closed","flow":35,"kind":1,"reset":true,"why":"peer_abort"}
{"dst":"<metal-address>:7004","ev":"host_tcp_connect","flow":39}
{"age_ms":1025,"ev":"flow_closed","flow":37,"kind":1,"reset":true,"why":"peer_abort"}
{"dst":"<metal-address>:7004","ev":"host_tcp_connect","flow":41}
{"age_ms":1024,"ev":"flow_closed","flow":39,"kind":1,"reset":true,"why":"peer_abort"}
{"dst":"<metal-address>:7004","ev":"host_tcp_connect","flow":43}
{"age_ms":1025,"ev":"flow_closed","flow":41,"kind":1,"reset":true,"why":"peer_abort"}
{"dst":"<metal-address>:7004","ev":"host_tcp_connect","flow":45}
{"age_ms":1025,"ev":"flow_closed","flow":43,"kind":1,"reset":true,"why":"peer_abort"}
{"dst":"<metal-address>:7004","ev":"host_tcp_connect","flow":47}
{"age_ms":1025,"ev":"flow_closed","flow":45,"kind":1,"reset":true,"why":"peer_abort"}
{"dst":"<metal-address>:7004","ev":"host_tcp_connect","flow":49}
{"age_ms":1024,"ev":"flow_closed","flow":47,"kind":1,"reset":true,"why":"peer_abort"}
{"age_ms":1025,"ev":"flow_closed","flow":49,"kind":1,"reset":true,"why":"peer_abort"}
{"age_ms":1025,"ev":"flow_closed","flow":51,"kind":1,"reset":true,"why":"peer_abort"}
{"age_ms":1025,"ev":"flow_closed","flow":53,"kind":1,"reset":true,"why":"peer_abort"}
{"age_ms":1025,"ev":"flow_closed","flow":55,"kind":1,"reset":true,"why":"peer_abort"}
{"age_ms":1024,"ev":"flow_closed","flow":57,"kind":1,"reset":true,"why":"peer_abort"}
{"age_ms":1025,"ev":"flow_closed","flow":59,"kind":1,"reset":true,"why":"peer_abort"}
{"age_ms":1025,"ev":"flow_closed","flow":61,"kind":1,"reset":true,"why":"peer_abort"}
{"age_ms":1025,"ev":"flow_closed","flow":63,"kind":1,"reset":true,"why":"peer_abort"}
{"age_ms":1025,"ev":"flow_closed","flow":65,"kind":1,"reset":true,"why":"peer_abort"}
{"age_ms":1025,"ev":"flow_closed","flow":67,"kind":1,"reset":true,"why":"peer_abort"}
{"age_ms":1025,"ev":"flow_closed","flow":69,"kind":1,"reset":true,"why":"peer_abort"}
{"age_ms":1025,"ev":"flow_closed","flow":71,"kind":1,"reset":true,"why":"peer_abort"}
{"age_ms":1025,"ev":"flow_closed","flow":73,"kind":1,"reset":true,"why":"peer_abort"}
{"age_ms":1025,"ev":"flow_closed","flow":75,"kind":1,"reset":true,"why":"peer_abort"}
{"age_ms":1024,"ev":"flow_closed","flow":77,"kind":1,"reset":true,"why":"peer_abort"}
{"age_ms":1025,"ev":"flow_closed","flow":79,"kind":1,"reset":true,"why":"peer_abort"}
{"age_ms":1024,"ev":"flow_closed","flow":81,"kind":1,"reset":true,"why":"peer_abort"}
{"age_ms":1025,"ev":"flow_closed","flow":83,"kind":1,"reset":true,"why":"peer_abort"}
{"age_ms":1025,"ev":"flow_closed","flow":85,"kind":1,"reset":true,"why":"peer_abort"}
{"age_ms":1025,"ev":"flow_closed","flow":87,"kind":1,"reset":true,"why":"peer_abort"}
{"age_ms":1025,"ev":"flow_closed","flow":89,"kind":1,"reset":true,"why":"peer_abort"}
{"age_ms":1025,"ev":"flow_closed","flow":91,"kind":1,"reset":true,"why":"peer_abort"}
{"age_ms":1025,"ev":"flow_closed","flow":93,"kind":1,"reset":true,"why":"peer_abort"}
{"age_ms":1025,"ev":"flow_closed","flow":95,"kind":1,"reset":true,"why":"peer_abort"}
{"age_ms":1025,"ev":"flow_closed","flow":97,"kind":1,"reset":true,"why":"peer_abort"}
{"age_ms":1025,"ev":"flow_closed","flow":99,"kind":1,"reset":true,"why":"peer_abort"}
{"age_ms":1025,"ev":"flow_closed","flow":101,"kind":1,"reset":true,"why":"peer_abort"}
{"age_ms":1025,"ev":"flow_closed","flow":103,"kind":1,"reset":true,"why":"peer_abort"}
{"age_ms":1026,"ev":"flow_closed","flow":105,"kind":1,"reset":true,"why":"peer_abort"}
{"age_ms":1025,"ev":"flow_closed","flow":107,"kind":1,"reset":true,"why":"peer_abort"}
{"age_ms":1025,"ev":"flow_closed","flow":109,"kind":1,"reset":true,"why":"peer_abort"}
{"age_ms":1025,"ev":"flow_closed","flow":111,"kind":1,"reset":true,"why":"peer_abort"}
{"age_ms":1025,"ev":"flow_closed","flow":113,"kind":1,"reset":true,"why":"peer_abort"}
{"age_ms":1025,"ev":"flow_closed","flow":115,"kind":1,"reset":true,"why":"peer_abort"}
{"age_ms":1025,"ev":"flow_closed","flow":117,"kind":1,"reset":true,"why":"peer_abort"}
{"age_ms":1025,"ev":"flow_closed","flow":119,"kind":1,"reset":true,"why":"peer_abort"}
{"age_ms":1025,"ev":"flow_closed","flow":121,"kind":1,"reset":true,"why":"peer_abort"}
{"age_ms":1025,"ev":"flow_closed","flow":123,"kind":1,"reset":true,"why":"peer_abort"}
{"age_ms":1024,"ev":"flow_closed","flow":125,"kind":1,"reset":true,"why":"peer_abort"}
{"age_ms":1025,"ev":"flow_closed","flow":127,"kind":1,"reset":true,"why":"peer_abort"}
{"age_ms":1025,"ev":"flow_closed","flow":129,"kind":1,"reset":true,"why":"peer_abort"}
{"age_ms":1025,"ev":"flow_closed","flow":131,"kind":1,"reset":true,"why":"peer_abort"}
{"age_ms":1025,"ev":"flow_closed","flow":133,"kind":1,"reset":true,"why":"peer_abort"}
{"age_ms":1024,"ev":"flow_closed","flow":135,"kind":1,"reset":true,"why":"peer_abort"}
{"age_ms":1024,"ev":"flow_closed","flow":137,"kind":1,"reset":true,"why":"peer_abort"}
{"age_ms":1025,"ev":"flow_closed","flow":139,"kind":1,"reset":true,"why":"peer_abort"}
{"age_ms":1025,"ev":"flow_closed","flow":141,"kind":1,"reset":true,"why":"peer_abort"}
{"age_ms":1025,"ev":"flow_closed","flow":143,"kind":1,"reset":true,"why":"peer_abort"}
{"age_ms":1025,"ev":"flow_closed","flow":145,"kind":1,"reset":true,"why":"peer_abort"}
{"age_ms":1025,"ev":"flow_closed","flow":147,"kind":1,"reset":true,"why":"peer_abort"}
{"age_ms":1025,"ev":"flow_closed","flow":149,"kind":1,"reset":true,"why":"peer_abort"}
{"age_ms":1025,"ev":"flow_closed","flow":151,"kind":1,"reset":true,"why":"peer_abort"}
{"age_ms":1025,"ev":"flow_closed","flow":153,"kind":1,"reset":true,"why":"peer_abort"}
{"age_ms":1025,"ev":"flow_closed","flow":155,"kind":1,"reset":true,"why":"peer_abort"}
{"age_ms":1025,"ev":"flow_closed","flow":157,"kind":1,"reset":true,"why":"peer_abort"}
{"age_ms":1025,"ev":"flow_closed","flow":159,"kind":1,"reset":true,"why":"peer_abort"}
{"age_ms":1025,"ev":"flow_closed","flow":161,"kind":1,"reset":true,"why":"peer_abort"}
{"age_ms":1025,"ev":"flow_closed","flow":163,"kind":1,"reset":true,"why":"peer_abort"}
{"age_ms":1025,"ev":"flow_closed","flow":165,"kind":1,"reset":true,"why":"peer_abort"}
{"age_ms":1025,"ev":"flow_closed","flow":167,"kind":1,"reset":true,"why":"peer_abort"}
{"age_ms":1025,"ev":"flow_closed","flow":169,"kind":1,"reset":true,"why":"peer_abort"}
{"age_ms":1025,"ev":"flow_closed","flow":171,"kind":1,"reset":true,"why":"peer_abort"}
{"age_ms":1025,"ev":"flow_closed","flow":173,"kind":1,"reset":true,"why":"peer_abort"}
{"age_ms":1025,"ev":"flow_closed","flow":175,"kind":1,"reset":true,"why":"peer_abort"}
{"age_ms":1024,"ev":"flow_closed","flow":177,"kind":1,"reset":true,"why":"peer_abort"}
{"age_ms":1025,"ev":"flow_closed","flow":179,"kind":1,"reset":true,"why":"peer_abort"}
{"age_ms":1025,"ev":"flow_closed","flow":181,"kind":1,"reset":true,"why":"peer_abort"}
{"age_ms":1024,"ev":"flow_closed","flow":183,"kind":1,"reset":true,"why":"peer_abort"}
{"age_ms":1024,"ev":"flow_closed","flow":187,"kind":1,"reset":true,"why":"peer_abort"}
{"age_ms":1025,"ev":"flow_closed","flow":189,"kind":1,"reset":true,"why":"peer_abort"}
{"age_ms":1025,"ev":"flow_closed","flow":191,"kind":1,"reset":true,"why":"peer_abort"}
{"age_ms":1025,"ev":"flow_closed","flow":193,"kind":1,"reset":true,"why":"peer_abort"}
{"age_ms":1024,"ev":"flow_closed","flow":195,"kind":1,"reset":true,"why":"peer_abort"}
{"age_ms":1025,"ev":"flow_closed","flow":197,"kind":1,"reset":true,"why":"peer_abort"}
{"age_ms":1024,"ev":"flow_closed","flow":199,"kind":1,"reset":true,"why":"peer_abort"}
