{"ack_oob":true,"arm":false,"ev":"programs_loaded","flush":true,"intake_park":false,"pid":1074665,"programs":[{"id":41899,"name":"verdict","tag":"29dea242dbfa0f6b","verified_insns":453},{"id":41900,"name":"strp_parse","tag":"22614579d5370f67","verified_insns":62},{"id":41901,"name":"strp_verdict","tag":"0c76fd5cdccd1622","verified_insns":464},{"id":41902,"name":"lo_decode(tcx lo egress)","tag":"59011738e914c2f5","verified_insns":423},{"id":41903,"name":"sent(fexit skb_send_sock)","tag":"038e16bf070d9335","verified_insns":41},{"id":41904,"name":"sockops(/sys/fs/cgroup/gvc-spike-1074665)","tag":"d3503b23d0e6960e","verified_insns":260}],"role":"host","udp_park":true}
{"ev":"park_pool","slots":256}
{"cid":58118,"ev":"host_ready","intakes":["<metal-address>:2222=22","<metal-address>:2710=7100","<metal-address>:2711=7101"]}
{"cid":58118,"ev":"hello"}
{"dst":"<metal-address>:7004","ev":"host_tcp_connect","flow":1}
{"age_ms":1,"ev":"flow_closed","flow":1,"kind":1,"reset":false,"why":"both_directions_done"}
{"dst":"<metal-address>:7004","ev":"host_tcp_connect","flow":3}
{"age_ms":0,"ev":"flow_closed","flow":3,"kind":1,"reset":false,"why":"both_directions_done"}
{"dst":"<metal-address>:7004","ev":"host_tcp_connect","flow":5}
{"age_ms":1,"ev":"flow_closed","flow":5,"kind":1,"reset":false,"why":"both_directions_done"}
{"dst":"<metal-address>:7004","ev":"host_tcp_connect","flow":7}
{"age_ms":0,"ev":"flow_closed","flow":7,"kind":1,"reset":false,"why":"both_directions_done"}
{"dst":"<metal-address>:7004","ev":"host_tcp_connect","flow":9}
{"age_ms":1,"ev":"flow_closed","flow":9,"kind":1,"reset":false,"why":"both_directions_done"}
{"dst":"<metal-address>:7004","ev":"host_tcp_connect","flow":11}
{"age_ms":1,"ev":"flow_closed","flow":11,"kind":1,"reset":false,"why":"both_directions_done"}
{"dst":"<metal-address>:7004","ev":"host_tcp_connect","flow":13}
{"age_ms":1,"ev":"flow_closed","flow":13,"kind":1,"reset":false,"why":"both_directions_done"}
{"dst":"<metal-address>:7004","ev":"host_tcp_connect","flow":15}
{"age_ms":2,"ev":"flow_closed","flow":15,"kind":1,"reset":false,"why":"both_directions_done"}
{"dst":"<metal-address>:7004","ev":"host_tcp_connect","flow":17}
{"age_ms":1,"ev":"flow_closed","flow":17,"kind":1,"reset":false,"why":"both_directions_done"}
{"dst":"<metal-address>:7004","ev":"host_tcp_connect","flow":19}
{"age_ms":0,"ev":"flow_closed","flow":19,"kind":1,"reset":false,"why":"both_directions_done"}
{"dst":"<metal-address>:7004","ev":"host_tcp_connect","flow":21}
{"age_ms":2,"ev":"flow_closed","flow":21,"kind":1,"reset":false,"why":"both_directions_done"}
{"dst":"<metal-address>:7004","ev":"host_tcp_connect","flow":23}
{"age_ms":1,"ev":"flow_closed","flow":23,"kind":1,"reset":false,"why":"both_directions_done"}
{"dst":"<metal-address>:7004","ev":"host_tcp_connect","flow":25}
{"age_ms":0,"ev":"flow_closed","flow":25,"kind":1,"reset":false,"why":"both_directions_done"}
{"dst":"<metal-address>:7004","ev":"host_tcp_connect","flow":27}
{"age_ms":0,"ev":"flow_closed","flow":27,"kind":1,"reset":false,"why":"both_directions_done"}
{"dst":"<metal-address>:7004","ev":"host_tcp_connect","flow":29}
{"age_ms":1,"ev":"flow_closed","flow":29,"kind":1,"reset":false,"why":"both_directions_done"}
{"dst":"<metal-address>:7004","ev":"host_tcp_connect","flow":31}
{"age_ms":1,"ev":"flow_closed","flow":31,"kind":1,"reset":false,"why":"both_directions_done"}
{"dst":"<metal-address>:7004","ev":"host_tcp_connect","flow":33}
{"age_ms":0,"ev":"flow_closed","flow":33,"kind":1,"reset":false,"why":"both_directions_done"}
{"dst":"<metal-address>:7004","ev":"host_tcp_connect","flow":35}
{"age_ms":1,"ev":"flow_closed","flow":35,"kind":1,"reset":false,"why":"both_directions_done"}
{"dst":"<metal-address>:7004","ev":"host_tcp_connect","flow":37}
{"age_ms":1,"ev":"flow_closed","flow":37,"kind":1,"reset":false,"why":"both_directions_done"}
{"dst":"<metal-address>:7004","ev":"host_tcp_connect","flow":39}
{"age_ms":1,"ev":"flow_closed","flow":39,"kind":1,"reset":false,"why":"both_directions_done"}
{"dst":"<metal-address>:7004","ev":"host_tcp_connect","flow":41}
{"age_ms":0,"ev":"flow_closed","flow":41,"kind":1,"reset":false,"why":"both_directions_done"}
{"dst":"<metal-address>:7004","ev":"host_tcp_connect","flow":43}
{"age_ms":1,"ev":"flow_closed","flow":43,"kind":1,"reset":false,"why":"both_directions_done"}
{"dst":"<metal-address>:7004","ev":"host_tcp_connect","flow":45}
{"age_ms":0,"ev":"flow_closed","flow":45,"kind":1,"reset":false,"why":"both_directions_done"}
{"dst":"<metal-address>:7004","ev":"host_tcp_connect","flow":47}
{"age_ms":1,"ev":"flow_closed","flow":47,"kind":1,"reset":false,"why":"both_directions_done"}
{"dst":"<metal-address>:7004","ev":"host_tcp_connect","flow":49}
{"age_ms":1,"ev":"flow_closed","flow":49,"kind":1,"reset":false,"why":"both_directions_done"}
