{"ack_oob":false,"arm":false,"ev":"programs_loaded","flush":true,"intake_park":false,"pid":1075668,"programs":[{"id":41912,"name":"verdict","tag":"29dea242dbfa0f6b","verified_insns":453},{"id":41913,"name":"strp_parse","tag":"22614579d5370f67","verified_insns":62},{"id":41914,"name":"strp_verdict","tag":"0c76fd5cdccd1622","verified_insns":464},{"id":41915,"name":"lo_decode(tcx lo egress)","tag":"59011738e914c2f5","verified_insns":423},{"id":41916,"name":"sent(fexit skb_send_sock)","tag":"038e16bf070d9335","verified_insns":41},{"id":41917,"name":"sockops(/sys/fs/cgroup/gvc-spike-1075668)","tag":"d3503b23d0e6960e","verified_insns":260}],"role":"host","udp_park":true}
{"ev":"park_pool","slots":256}
{"cid":58118,"ev":"host_ready","intakes":["<metal-address>:2222=22","<metal-address>:2710=7100","<metal-address>:2711=7101"]}
{"cid":58118,"ev":"hello"}
{"dst":"<metal-address>:7000","ev":"host_tcp_connect","flow":1}
{"age_ms":51,"ev":"flow_closed","flow":1,"kind":1,"reset":false,"why":"both_directions_done"}
{"dst":"<metal-address>:7000","ev":"host_tcp_connect","flow":3}
{"age_ms":51,"ev":"flow_closed","flow":3,"kind":1,"reset":false,"why":"both_directions_done"}
{"dst":"<metal-address>:7000","ev":"host_tcp_connect","flow":5}
{"age_ms":50,"ev":"flow_closed","flow":5,"kind":1,"reset":false,"why":"both_directions_done"}
{"dst":"<metal-address>:7000","ev":"host_tcp_connect","flow":7}
{"age_ms":50,"ev":"flow_closed","flow":7,"kind":1,"reset":false,"why":"both_directions_done"}
{"dst":"<metal-address>:7000","ev":"host_tcp_connect","flow":9}
{"age_ms":49,"ev":"flow_closed","flow":9,"kind":1,"reset":false,"why":"both_directions_done"}
{"dst":"<metal-address>:7000","ev":"host_tcp_connect","flow":11}
{"age_ms":50,"ev":"flow_closed","flow":11,"kind":1,"reset":false,"why":"both_directions_done"}
{"dst":"<metal-address>:7000","ev":"host_tcp_connect","flow":13}
{"age_ms":50,"ev":"flow_closed","flow":13,"kind":1,"reset":false,"why":"both_directions_done"}
{"dst":"<metal-address>:7000","ev":"host_tcp_connect","flow":15}
{"age_ms":50,"ev":"flow_closed","flow":15,"kind":1,"reset":false,"why":"both_directions_done"}
{"dst":"<metal-address>:7000","ev":"host_tcp_connect","flow":17}
{"age_ms":50,"ev":"flow_closed","flow":17,"kind":1,"reset":false,"why":"both_directions_done"}
{"dst":"<metal-address>:7000","ev":"host_tcp_connect","flow":19}
{"age_ms":50,"ev":"flow_closed","flow":19,"kind":1,"reset":false,"why":"both_directions_done"}
{"dst":"<metal-address>:7000","ev":"host_tcp_connect","flow":21}
{"age_ms":50,"ev":"flow_closed","flow":21,"kind":1,"reset":false,"why":"both_directions_done"}
{"dst":"<metal-address>:7000","ev":"host_tcp_connect","flow":23}
{"age_ms":50,"ev":"flow_closed","flow":23,"kind":1,"reset":false,"why":"both_directions_done"}
{"dst":"<metal-address>:7000","ev":"host_tcp_connect","flow":25}
{"age_ms":50,"ev":"flow_closed","flow":25,"kind":1,"reset":false,"why":"both_directions_done"}
{"dst":"<metal-address>:7000","ev":"host_tcp_connect","flow":27}
{"age_ms":50,"ev":"flow_closed","flow":27,"kind":1,"reset":false,"why":"both_directions_done"}
{"dst":"<metal-address>:7000","ev":"host_tcp_connect","flow":29}
{"age_ms":50,"ev":"flow_closed","flow":29,"kind":1,"reset":false,"why":"both_directions_done"}
{"dst":"<metal-address>:7000","ev":"host_tcp_connect","flow":31}
{"age_ms":50,"ev":"flow_closed","flow":31,"kind":1,"reset":false,"why":"both_directions_done"}
{"dst":"<metal-address>:7000","ev":"host_tcp_connect","flow":33}
{"age_ms":50,"ev":"flow_closed","flow":33,"kind":1,"reset":false,"why":"both_directions_done"}
{"dst":"<metal-address>:7000","ev":"host_tcp_connect","flow":35}
{"age_ms":50,"ev":"flow_closed","flow":35,"kind":1,"reset":false,"why":"both_directions_done"}
{"dst":"<metal-address>:7000","ev":"host_tcp_connect","flow":37}
{"age_ms":50,"ev":"flow_closed","flow":37,"kind":1,"reset":false,"why":"both_directions_done"}
{"dst":"<metal-address>:7000","ev":"host_tcp_connect","flow":39}
{"age_ms":50,"ev":"flow_closed","flow":39,"kind":1,"reset":false,"why":"both_directions_done"}
{"dst":"<metal-address>:7000","ev":"host_tcp_connect","flow":41}
{"age_ms":50,"ev":"flow_closed","flow":41,"kind":1,"reset":false,"why":"both_directions_done"}
{"dst":"<metal-address>:7000","ev":"host_tcp_connect","flow":43}
{"age_ms":50,"ev":"flow_closed","flow":43,"kind":1,"reset":false,"why":"both_directions_done"}
{"dst":"<metal-address>:7000","ev":"host_tcp_connect","flow":45}
{"age_ms":50,"ev":"flow_closed","flow":45,"kind":1,"reset":false,"why":"both_directions_done"}
{"dst":"<metal-address>:7000","ev":"host_tcp_connect","flow":47}
{"age_ms":50,"ev":"flow_closed","flow":47,"kind":1,"reset":false,"why":"both_directions_done"}
{"dst":"<metal-address>:7000","ev":"host_tcp_connect","flow":49}
{"age_ms":50,"ev":"flow_closed","flow":49,"kind":1,"reset":false,"why":"both_directions_done"}
{"client":"<metal-address>:32900","ev":"host_intake","flow":2,"gport":7101,"park":null}
{"age_ms":1,"ev":"flow_closed","flow":2,"kind":2,"reset":false,"why":"both_directions_done"}
{"client":"<metal-address>:32912","ev":"host_intake","flow":4,"gport":7101,"park":null}
{"age_ms":2,"ev":"flow_closed","flow":4,"kind":2,"reset":false,"why":"both_directions_done"}
{"client":"<metal-address>:32924","ev":"host_intake","flow":6,"gport":7101,"park":null}
{"age_ms":2,"ev":"flow_closed","flow":6,"kind":2,"reset":false,"why":"both_directions_done"}
{"client":"<metal-address>:32926","ev":"host_intake","flow":8,"gport":7101,"park":null}
{"age_ms":3,"ev":"flow_closed","flow":8,"kind":2,"reset":false,"why":"both_directions_done"}
{"client":"<metal-address>:32928","ev":"host_intake","flow":10,"gport":7101,"park":null}
{"age_ms":2,"ev":"flow_closed","flow":10,"kind":2,"reset":false,"why":"both_directions_done"}
{"client":"<metal-address>:32940","ev":"host_intake","flow":12,"gport":7101,"park":null}
{"age_ms":3,"ev":"flow_closed","flow":12,"kind":2,"reset":false,"why":"both_directions_done"}
{"client":"<metal-address>:32944","ev":"host_intake","flow":14,"gport":7101,"park":null}
{"age_ms":2,"ev":"flow_closed","flow":14,"kind":2,"reset":false,"why":"both_directions_done"}
{"client":"<metal-address>:32960","ev":"host_intake","flow":16,"gport":7101,"park":null}
{"age_ms":3,"ev":"flow_closed","flow":16,"kind":2,"reset":false,"why":"both_directions_done"}
{"client":"<metal-address>:32968","ev":"host_intake","flow":18,"gport":7101,"park":null}
{"age_ms":2,"ev":"flow_closed","flow":18,"kind":2,"reset":false,"why":"both_directions_done"}
{"client":"<metal-address>:32984","ev":"host_intake","flow":20,"gport":7101,"park":null}
{"age_ms":3,"ev":"flow_closed","flow":20,"kind":2,"reset":false,"why":"both_directions_done"}
{"client":"<metal-address>:32992","ev":"host_intake","flow":22,"gport":7101,"park":null}
{"age_ms":2,"ev":"flow_closed","flow":22,"kind":2,"reset":false,"why":"both_directions_done"}
{"client":"<metal-address>:32998","ev":"host_intake","flow":24,"gport":7101,"park":null}
{"age_ms":2,"ev":"flow_closed","flow":24,"kind":2,"reset":false,"why":"both_directions_done"}
{"client":"<metal-address>:33012","ev":"host_intake","flow":26,"gport":7101,"park":null}
{"age_ms":3,"ev":"flow_closed","flow":26,"kind":2,"reset":false,"why":"both_directions_done"}
{"client":"<metal-address>:33018","ev":"host_intake","flow":28,"gport":7101,"park":null}
{"age_ms":3,"ev":"flow_closed","flow":28,"kind":2,"reset":false,"why":"both_directions_done"}
{"client":"<metal-address>:33020","ev":"host_intake","flow":30,"gport":7101,"park":null}
{"age_ms":2,"ev":"flow_closed","flow":30,"kind":2,"reset":false,"why":"both_directions_done"}
{"client":"<metal-address>:33030","ev":"host_intake","flow":32,"gport":7101,"park":null}
{"age_ms":2,"ev":"flow_closed","flow":32,"kind":2,"reset":false,"why":"both_directions_done"}
{"client":"<metal-address>:33042","ev":"host_intake","flow":34,"gport":7101,"park":null}
{"age_ms":3,"ev":"flow_closed","flow":34,"kind":2,"reset":false,"why":"both_directions_done"}
{"client":"<metal-address>:33050","ev":"host_intake","flow":36,"gport":7101,"park":null}
{"age_ms":2,"ev":"flow_closed","flow":36,"kind":2,"reset":false,"why":"both_directions_done"}
{"client":"<metal-address>:33062","ev":"host_intake","flow":38,"gport":7101,"park":null}
{"age_ms":3,"ev":"flow_closed","flow":38,"kind":2,"reset":false,"why":"both_directions_done"}
{"client":"<metal-address>:33072","ev":"host_intake","flow":40,"gport":7101,"park":null}
{"age_ms":3,"ev":"flow_closed","flow":40,"kind":2,"reset":false,"why":"both_directions_done"}
{"client":"<metal-address>:33088","ev":"host_intake","flow":42,"gport":7101,"park":null}
{"age_ms":3,"ev":"flow_closed","flow":42,"kind":2,"reset":false,"why":"both_directions_done"}
{"client":"<metal-address>:33094","ev":"host_intake","flow":44,"gport":7101,"park":null}
{"client":"<metal-address>:51806","ev":"host_intake","flow":46,"gport":7101,"park":null}
{"age_ms":3,"ev":"flow_closed","flow":46,"kind":2,"reset":false,"why":"both_directions_done"}
{"client":"<metal-address>:51818","ev":"host_intake","flow":48,"gport":7101,"park":null}
{"age_ms":2,"ev":"flow_closed","flow":48,"kind":2,"reset":false,"why":"both_directions_done"}
