{"ack_oob":true,"arm":true,"ev":"programs_loaded","flush":true,"intake_park":true,"pid":1075975,"programs":[{"id":41925,"name":"verdict","tag":"29dea242dbfa0f6b","verified_insns":453},{"id":41926,"name":"strp_parse","tag":"22614579d5370f67","verified_insns":62},{"id":41927,"name":"strp_verdict","tag":"0c76fd5cdccd1622","verified_insns":464},{"id":41928,"name":"lo_decode(tcx lo egress)","tag":"59011738e914c2f5","verified_insns":423},{"id":41929,"name":"sent(fexit skb_send_sock)","tag":"038e16bf070d9335","verified_insns":41},{"id":41930,"name":"sockops(/sys/fs/cgroup/gvc-spike-1075975)","tag":"d3503b23d0e6960e","verified_insns":260}],"role":"host","udp_park":false}
{"ev":"park_pool","slots":256}
{"cid":58118,"ev":"host_ready","intakes":["<metal-address>:2222=22","<metal-address>:2710=7100","<metal-address>:2711=7101"]}
{"cid":58118,"ev":"hello"}
{"dst":"<metal-address>:7010","ev":"host_dg_installed","flow":1,"local":"<metal-address>:47540","waited_ms":0}
{"dst":"<metal-address>:7010","ev":"host_dg_installed","flow":3,"local":"<metal-address>:36110","waited_ms":0}
{"dst":"<metal-address>:7010","ev":"host_dg_installed","flow":5,"local":"<metal-address>:49933","waited_ms":0}
{"ev":"host_dg_teardown","flow":1}
{"dst":"<metal-address>:7010","ev":"host_dg_installed","flow":7,"local":"<metal-address>:46655","waited_ms":0}
{"dst":"<metal-address>:7010","ev":"host_dg_installed","flow":9,"local":"<metal-address>:33106","waited_ms":0}
{"ev":"host_dg_teardown","flow":3}
{"dst":"<metal-address>:7010","ev":"host_dg_installed","flow":11,"local":"<metal-address>:40189","waited_ms":0}
{"dst":"<metal-address>:7010","ev":"host_dg_installed","flow":13,"local":"<metal-address>:40287","waited_ms":0}
{"ev":"host_dg_teardown","flow":7}
{"dst":"<metal-address>:7010","ev":"host_dg_installed","flow":15,"local":"<metal-address>:52220","waited_ms":0}
{"dst":"<metal-address>:7010","ev":"host_dg_installed","flow":17,"local":"<metal-address>:52478","waited_ms":0}
{"ev":"host_dg_teardown","flow":11}
{"dst":"<metal-address>:7010","ev":"host_dg_installed","flow":19,"local":"<metal-address>:49617","waited_ms":0}
{"dst":"<metal-address>:7010","ev":"host_dg_installed","flow":21,"local":"<metal-address>:49766","waited_ms":0}
{"ev":"host_dg_teardown","flow":15}
{"dst":"<metal-address>:7010","ev":"host_dg_installed","flow":23,"local":"<metal-address>:41542","waited_ms":0}
{"dst":"<metal-address>:7010","ev":"host_dg_installed","flow":25,"local":"<metal-address>:55621","waited_ms":0}
{"ev":"host_dg_teardown","flow":19}
{"dst":"<metal-address>:7010","ev":"host_dg_installed","flow":27,"local":"<metal-address>:41074","waited_ms":1}
{"dst":"<metal-address>:7010","ev":"host_dg_installed","flow":29,"local":"<metal-address>:46604","waited_ms":1}
{"ev":"host_dg_teardown","flow":23}
{"dst":"<metal-address>:7010","ev":"host_dg_installed","flow":31,"local":"<metal-address>:59372","waited_ms":1}
{"dst":"<metal-address>:7010","ev":"host_dg_installed","flow":33,"local":"<metal-address>:55539","waited_ms":1}
{"ev":"host_dg_teardown","flow":27}
{"dst":"<metal-address>:7010","ev":"host_dg_installed","flow":35,"local":"<metal-address>:53182","waited_ms":1}
{"dst":"<metal-address>:7010","ev":"host_dg_installed","flow":37,"local":"<metal-address>:45524","waited_ms":1}
{"ev":"host_dg_teardown","flow":31}
{"dst":"<metal-address>:7010","ev":"host_dg_installed","flow":39,"local":"<metal-address>:42379","waited_ms":0}
{"dst":"<metal-address>:7010","ev":"host_dg_installed","flow":41,"local":"<metal-address>:54011","waited_ms":0}
{"ev":"host_dg_teardown","flow":35}
{"ev":"host_dg_teardown","flow":39}
{"dst":"<metal-address>:7010","ev":"host_dg_installed","flow":43,"local":"<metal-address>:51557","waited_ms":1}
{"dst":"<metal-address>:7010","ev":"host_dg_installed","flow":45,"local":"<metal-address>:41619","waited_ms":1}
{"dst":"<metal-address>:7010","ev":"host_dg_installed","flow":47,"local":"<metal-address>:40943","waited_ms":1}
{"dst":"<metal-address>:7010","ev":"host_dg_installed","flow":49,"local":"<metal-address>:58431","waited_ms":1}
{"ev":"host_dg_teardown","flow":43}
{"dst":"<metal-address>:7010","ev":"host_dg_installed","flow":51,"local":"<metal-address>:43908","waited_ms":1}
{"dst":"<metal-address>:7010","ev":"host_dg_installed","flow":53,"local":"<metal-address>:48315","waited_ms":1}
{"ev":"host_dg_teardown","flow":47}
{"dst":"<metal-address>:7010","ev":"host_dg_installed","flow":55,"local":"<metal-address>:45872","waited_ms":1}
{"dst":"<metal-address>:7010","ev":"host_dg_installed","flow":57,"local":"<metal-address>:33138","waited_ms":1}
{"ev":"host_dg_teardown","flow":51}
{"dst":"<metal-address>:7010","ev":"host_dg_installed","flow":59,"local":"<metal-address>:48266","waited_ms":1}
{"dst":"<metal-address>:7010","ev":"host_dg_installed","flow":61,"local":"<metal-address>:43165","waited_ms":1}
{"ev":"host_dg_teardown","flow":55}
{"dst":"<metal-address>:7010","ev":"host_dg_installed","flow":63,"local":"<metal-address>:36972","waited_ms":1}
{"dst":"<metal-address>:7010","ev":"host_dg_installed","flow":65,"local":"<metal-address>:53087","waited_ms":1}
{"ev":"host_dg_teardown","flow":59}
{"dst":"<metal-address>:7010","ev":"host_dg_installed","flow":67,"local":"<metal-address>:49192","waited_ms":1}
{"dst":"<metal-address>:7010","ev":"host_dg_installed","flow":69,"local":"<metal-address>:40044","waited_ms":1}
{"ev":"host_dg_teardown","flow":63}
{"dst":"<metal-address>:7010","ev":"host_dg_installed","flow":71,"local":"<metal-address>:34114","waited_ms":1}
{"dst":"<metal-address>:7010","ev":"host_dg_installed","flow":73,"local":"<metal-address>:46023","waited_ms":1}
{"ev":"host_dg_teardown","flow":67}
{"dst":"<metal-address>:7010","ev":"host_dg_installed","flow":75,"local":"<metal-address>:45309","waited_ms":1}
{"dst":"<metal-address>:7010","ev":"host_dg_installed","flow":77,"local":"<metal-address>:47071","waited_ms":1}
{"ev":"host_dg_teardown","flow":71}
{"dst":"<metal-address>:7010","ev":"host_dg_installed","flow":79,"local":"<metal-address>:58116","waited_ms":0}
{"dst":"<metal-address>:7010","ev":"host_dg_installed","flow":81,"local":"<metal-address>:60926","waited_ms":0}
{"ev":"host_dg_teardown","flow":75}
{"dst":"<metal-address>:7010","ev":"host_dg_installed","flow":83,"local":"<metal-address>:39084","waited_ms":1}
{"dst":"<metal-address>:7010","ev":"host_dg_installed","flow":85,"local":"<metal-address>:50853","waited_ms":1}
{"ev":"host_dg_teardown","flow":79}
{"dst":"<metal-address>:7010","ev":"host_dg_installed","flow":87,"local":"<metal-address>:37932","waited_ms":1}
{"dst":"<metal-address>:7010","ev":"host_dg_installed","flow":89,"local":"<metal-address>:50903","waited_ms":1}
{"ev":"host_dg_teardown","flow":83}
{"dst":"<metal-address>:7010","ev":"host_dg_installed","flow":91,"local":"<metal-address>:35550","waited_ms":1}
{"dst":"<metal-address>:7010","ev":"host_dg_installed","flow":93,"local":"<metal-address>:45818","waited_ms":1}
{"ev":"host_dg_teardown","flow":87}
{"dst":"<metal-address>:7010","ev":"host_dg_installed","flow":95,"local":"<metal-address>:54907","waited_ms":1}
{"dst":"<metal-address>:7010","ev":"host_dg_installed","flow":97,"local":"<metal-address>:57819","waited_ms":1}
{"ev":"host_dg_teardown","flow":91}
{"dst":"<metal-address>:7010","ev":"host_dg_installed","flow":99,"local":"<metal-address>:39694","waited_ms":2}
{"dst":"<metal-address>:7010","ev":"host_dg_installed","flow":101,"local":"<metal-address>:59856","waited_ms":2}
{"ev":"host_dg_teardown","flow":95}
{"dst":"<metal-address>:7010","ev":"host_dg_installed","flow":103,"local":"<metal-address>:43621","waited_ms":1}
{"dst":"<metal-address>:7010","ev":"host_dg_installed","flow":105,"local":"<metal-address>:37813","waited_ms":1}
{"ev":"host_dg_teardown","flow":99}
{"dst":"<metal-address>:7010","ev":"host_dg_installed","flow":107,"local":"<metal-address>:38693","waited_ms":1}
{"dst":"<metal-address>:7010","ev":"host_dg_installed","flow":109,"local":"<metal-address>:51130","waited_ms":1}
{"ev":"host_dg_teardown","flow":103}
{"dst":"<metal-address>:7010","ev":"host_dg_installed","flow":111,"local":"<metal-address>:55832","waited_ms":2}
{"dst":"<metal-address>:7010","ev":"host_dg_installed","flow":113,"local":"<metal-address>:36584","waited_ms":2}
{"ev":"host_dg_teardown","flow":107}
{"dst":"<metal-address>:7010","ev":"host_dg_installed","flow":115,"local":"<metal-address>:48778","waited_ms":2}
{"dst":"<metal-address>:7010","ev":"host_dg_installed","flow":117,"local":"<metal-address>:40022","waited_ms":2}
{"ev":"host_dg_teardown","flow":111}
{"ev":"host_dg_teardown","flow":115}
{"dst":"<metal-address>:7010","ev":"host_dg_installed","flow":119,"local":"<metal-address>:33398","waited_ms":0}
