cloud-hypervisor:   0.000024s: <main> INFO:cloud-hypervisor/src/main.rs:631 -- v53.0.0 starting
cloud-hypervisor:   0.000088s: <main> INFO:event_monitor/src/lib.rs:113 -- Event: source = vmm event = starting 
cloud-hypervisor:   0.001902s: <vmm> INFO:vmm/src/api/mod.rs:1278 -- API request event: VmCreate VmConfig { cpus: CpusConfig { boot_vcpus: 2, max_vcpus: 2, topology: None, kvm_hyperv: false, max_phys_bits: 46, affinity: None, features: CpuFeatures { amx: false }, nested: true, core_scheduling: Vm, profile: Host }, memory: MemoryConfig { size: 1073741824, mergeable: false, hotplug_method: Acpi, hotplug_size: None, hotplugged_size: None, shared: false, hugepages: false, hugepage_size: None, prefault: false, reserve: false, zones: None, thp: true }, payload: Some(PayloadConfig { firmware: None, kernel: Some("/srv/vm/overdrive-testing/kernel"), cmdline: Some("console=ttyS0 panic=-1 loglevel=4 vfwd_w=10.99.7.2 vfwd_owner=--ack,oob,--intake-mode,park,--arm,yes,--flush,yes,--udp,park,--park-pool,8"), initramfs: Some("/home/ubuntu/overdrive/spike-scratch/netns-density-295-guest-vsock-capture/out/initramfs.cpio.gz") }), rate_limit_groups: None, disks: None, net: None, rng: RngConfig { pci_common: PciDeviceCommonConfig { id: None, iommu: false, pci_segment: 0, pci_device_id: None }, src: "/dev/urandom" }, balloon: None, generic_vhost_user: None, fs: None, pmem: None, serial: SerialConfig { common: CommonConsoleConfig { file: Some("/home/ubuntu/overdrive/spike-scratch/netns-density-295-guest-vsock-capture/out/vm-increment-e-1791223538/serial.log"), mode: File, socket: None } }, console: ConsoleConfig { common: CommonConsoleConfig { file: None, mode: Off, socket: None }, pci_common: PciDeviceCommonConfig { id: None, iommu: false, pci_segment: 0, pci_device_id: None } }, debug_console: DebugConsoleConfig { file: None, mode: Off, iobase: Some(233) }, devices: None, user_devices: None, vdpa: None, vsock: Some(VsockConfig { pci_common: PciDeviceCommonConfig { id: None, iommu: false, pci_segment: 0, pci_device_id: None }, cid: 56333, socket: None, backend: VhostKernel }), pvpanic: false, iommu: false, numa: None, watchdog: false, rtc: None, pci_segments: None, platform: None, tpm: None, preserved_fds: None, landlock_enable: false, landlock_rules: None }
cloud-hypervisor:   0.002949s: <vmm> INFO:vmm/src/api/mod.rs:1169 -- API request event: VmBoot
cloud-hypervisor:   0.002990s: <vmm> INFO:vmm/src/lib.rs:2230 -- Booting VM
cloud-hypervisor:   0.003029s: <vmm> INFO:event_monitor/src/lib.rs:113 -- Event: source = vm event = booting 
cloud-hypervisor:   0.003438s: <vmm> INFO:vmm/src/memory_manager.rs:681 -- create ram region for zone mem0, region_start: 0x0, region_size: 0x40000000
cloud-hypervisor:   0.003512s: <vmm> INFO:vmm/src/memory_manager.rs:2154 -- RAM region mapping at 0x75acc8000000 (size = 0x40000000)
cloud-hypervisor:   0.003556s: <vmm> INFO:vmm/src/vm.rs:606 -- Booting VM from config: Mutex { data: VmConfig { cpus: CpusConfig { boot_vcpus: 2, max_vcpus: 2, topology: None, kvm_hyperv: false, max_phys_bits: 46, affinity: None, features: CpuFeatures { amx: false }, nested: true, core_scheduling: Vm, profile: Host }, memory: MemoryConfig { size: 1073741824, mergeable: false, hotplug_method: Acpi, hotplug_size: None, hotplugged_size: None, shared: false, hugepages: false, hugepage_size: None, prefault: false, reserve: false, zones: None, thp: true }, payload: Some(PayloadConfig { firmware: None, kernel: Some("/srv/vm/overdrive-testing/kernel"), cmdline: Some("console=ttyS0 panic=-1 loglevel=4 vfwd_w=10.99.7.2 vfwd_owner=--ack,oob,--intake-mode,park,--arm,yes,--flush,yes,--udp,park,--park-pool,8"), initramfs: Some("/home/ubuntu/overdrive/spike-scratch/netns-density-295-guest-vsock-capture/out/initramfs.cpio.gz") }), rate_limit_groups: None, disks: None, net: None, rng: RngConfig { pci_common: PciDeviceCommonConfig { id: None, iommu: false, pci_segment: 0, pci_device_id: None }, src: "/dev/urandom" }, balloon: None, generic_vhost_user: None, fs: None, pmem: None, serial: SerialConfig { common: CommonConsoleConfig { file: Some("/home/ubuntu/overdrive/spike-scratch/netns-density-295-guest-vsock-capture/out/vm-increment-e-1791223538/serial.log"), mode: File, socket: None } }, console: ConsoleConfig { common: CommonConsoleConfig { file: None, mode: Off, socket: None }, pci_common: PciDeviceCommonConfig { id: None, iommu: false, pci_segment: 0, pci_device_id: None } }, debug_console: DebugConsoleConfig { file: None, mode: Off, iobase: Some(233) }, devices: None, user_devices: None, vdpa: None, vsock: Some(VsockConfig { pci_common: PciDeviceCommonConfig { id: None, iommu: false, pci_segment: 0, pci_device_id: None }, cid: 56333, socket: None, backend: VhostKernel }), pvpanic: false, iommu: false, numa: None, watchdog: false, rtc: None, pci_segments: None, platform: None, tpm: None, preserved_fds: None, landlock_enable: false, landlock_rules: None }, poisoned: false, .. }
cloud-hypervisor:   0.004189s: <vmm> INFO:arch/src/x86_64/mod.rs:629 -- Generating guest CPUID with physical address size: 46
cloud-hypervisor:   0.004282s: <vmm> INFO:vmm/src/pci_segment.rs:107 -- Adding PCI segment: id=0, PCI MMIO config address: 0xe8000000, mem32 area [0xc0000000-0xe7ffffff], mem64 area [0x100000000-0x3fffffeeffff]
cloud-hypervisor:   0.004335s: <vmm> INFO:vmm/src/memory_manager.rs:2433 -- Creating userspace mapping: 0 -> 75acc8000000 40000000, slot 0
cloud-hypervisor:   0.004460s: <vmm> INFO:vmm/src/memory_manager.rs:2491 -- Created userspace mapping: 0 -> 75acc8000000 40000000
cloud-hypervisor:   0.004597s: <payload_loader> INFO:vmm/src/vm.rs:1636 -- Loading kernel
cloud-hypervisor:   0.004617s: <vmm> INFO:vmm/src/cpu.rs:1100 -- Request to create new vCPUs: desired = 2, max = 2, allocated = 0, present = 0
cloud-hypervisor:   0.005130s: <vmm> INFO:vmm/src/device_manager.rs:3099 -- Creating virtio-rng device: RngConfig { pci_common: PciDeviceCommonConfig { id: None, iommu: false, pci_segment: 0, pci_device_id: None }, src: "/dev/urandom" }
cloud-hypervisor:   0.005232s: <vmm> INFO:vmm/src/device_manager.rs:3527 -- Creating virtio-vsock device: VsockConfig { pci_common: PciDeviceCommonConfig { id: Some("_vsock0"), iommu: false, pci_segment: 0, pci_device_id: None }, cid: 56333, socket: None, backend: VhostKernel }
cloud-hypervisor:   0.007181s: <payload_loader> INFO:vmm/src/vm.rs:1666 -- bzImage kernel loaded: entry_addr = 0x100000
cloud-hypervisor:   0.013559s: <vmm> INFO:virtio-devices/src/vsock/vhost_kernel.rs:216 -- Created vhost-kernel vsock _vsock0 with guest CID 56333
cloud-hypervisor:   0.013823s: <vmm> INFO:vmm/src/acpi.rs:1166 -- Generated ACPI tables: took 129µs size = 5285
cloud-hypervisor:   0.013861s: <vmm> INFO:vmm/src/vm.rs:2739 -- Created ACPI tables: rsdp_addr = 0xa0000
cloud-hypervisor:   0.013888s: <vmm> INFO:vmm/src/cpu.rs:556 -- Configuring vCPU: cpu_id = 0
cloud-hypervisor:   0.013973s: <vmm> INFO:vmm/src/cpu.rs:556 -- Configuring vCPU: cpu_id = 1
cloud-hypervisor:   0.014048s: <vmm> INFO:vmm/src/vm.rs:1826 -- Configuring system
cloud-hypervisor:   0.017713s: <vmm> INFO:vmm/src/vm.rs:1495 -- Initramfs loaded: address = 0x3ded1000
cloud-hypervisor:   0.017773s: <vmm> INFO:vmm/src/cpu.rs:1513 -- Starting vCPUs: desired = 2, allocated = 2, present = 0, paused = false
cloud-hypervisor:   0.028851s: <vcpu0> INFO:vmm/src/cpu.rs:1314 -- vCPU 0: core scheduling cookie = 0xc1bbf0bd
cloud-hypervisor:   0.028857s: <vcpu1> INFO:vmm/src/cpu.rs:1314 -- vCPU 1: core scheduling cookie = 0xc1bbf0bd
cloud-hypervisor:   0.029113s: <vmm> INFO:event_monitor/src/lib.rs:113 -- Event: source = vm event = booted 
cloud-hypervisor:   0.365509s: <vcpu1> INFO:vmm/src/vm.rs:500 -- Guest PIO read from unregistered address 0x87
cloud-hypervisor:   0.414640s: <vcpu1> INFO:vmm/src/vm.rs:500 -- Guest PIO read from unregistered address 0x2f9
cloud-hypervisor:   0.414697s: <vcpu1> INFO:vmm/src/vm.rs:510 -- Guest PIO write to unregistered address 0x2f9
cloud-hypervisor:   0.414733s: <vcpu1> INFO:vmm/src/vm.rs:500 -- Guest PIO read from unregistered address 0x2f9
cloud-hypervisor:   0.414768s: <vcpu1> INFO:vmm/src/vm.rs:510 -- Guest PIO write to unregistered address 0x2f9
cloud-hypervisor:   0.414816s: <vcpu1> INFO:vmm/src/vm.rs:500 -- Guest PIO read from unregistered address 0x2f9
cloud-hypervisor:   0.414863s: <vcpu1> INFO:vmm/src/vm.rs:510 -- Guest PIO write to unregistered address 0x2f9
cloud-hypervisor:   0.415016s: <vcpu1> INFO:vmm/src/vm.rs:500 -- Guest PIO read from unregistered address 0x3e9
cloud-hypervisor:   0.415053s: <vcpu1> INFO:vmm/src/vm.rs:510 -- Guest PIO write to unregistered address 0x3e9
cloud-hypervisor:   0.415088s: <vcpu1> INFO:vmm/src/vm.rs:500 -- Guest PIO read from unregistered address 0x3e9
cloud-hypervisor:   0.415126s: <vcpu1> INFO:vmm/src/vm.rs:510 -- Guest PIO write to unregistered address 0x3e9
cloud-hypervisor:   0.415162s: <vcpu1> INFO:vmm/src/vm.rs:500 -- Guest PIO read from unregistered address 0x3e9
cloud-hypervisor:   0.415197s: <vcpu1> INFO:vmm/src/vm.rs:510 -- Guest PIO write to unregistered address 0x3e9
cloud-hypervisor:   0.415348s: <vcpu1> INFO:vmm/src/vm.rs:500 -- Guest PIO read from unregistered address 0x2e9
cloud-hypervisor:   0.415386s: <vcpu1> INFO:vmm/src/vm.rs:510 -- Guest PIO write to unregistered address 0x2e9
cloud-hypervisor:   0.415421s: <vcpu1> INFO:vmm/src/vm.rs:500 -- Guest PIO read from unregistered address 0x2e9
cloud-hypervisor:   0.415456s: <vcpu1> INFO:vmm/src/vm.rs:510 -- Guest PIO write to unregistered address 0x2e9
cloud-hypervisor:   0.415491s: <vcpu1> INFO:vmm/src/vm.rs:500 -- Guest PIO read from unregistered address 0x2e9
cloud-hypervisor:   0.415526s: <vcpu1> INFO:vmm/src/vm.rs:510 -- Guest PIO write to unregistered address 0x2e9
cloud-hypervisor:   0.427186s: <vcpu0> INFO:vmm/src/vm.rs:476 -- Guest MMIO read from unregistered address 0xfed803c0
cloud-hypervisor:   0.853424s: <vcpu1> INFO:virtio-devices/src/transport/pci_device.rs:1288 -- _virtio-pci-_vsock0: Needs activation; writing to activate event fd
cloud-hypervisor:   0.853475s: <vcpu1> INFO:virtio-devices/src/transport/pci_device.rs:1293 -- _virtio-pci-_vsock0: Needs activation; returning barrier
cloud-hypervisor:   0.853497s: <vcpu1> INFO:vmm/src/vm.rs:488 -- Waiting for barrier
cloud-hypervisor:   0.853510s: <vmm> INFO:vmm/src/lib.rs:2108 -- Trying to activate pending virtio devices: count = 1
cloud-hypervisor:   0.853761s: <vmm> INFO:event_monitor/src/lib.rs:113 -- Event: source = virtio-device event = activated id = _vsock0
cloud-hypervisor:   0.853797s: <vmm> INFO:virtio-devices/src/transport/pci_device.rs:347 -- _virtio-pci-_vsock0: Waiting for barrier
cloud-hypervisor:   0.853822s: <vmm> INFO:virtio-devices/src/transport/pci_device.rs:349 -- _virtio-pci-_vsock0: Barrier released
cloud-hypervisor:   0.853828s: <vcpu1> INFO:vmm/src/vm.rs:490 -- Barrier released
